
*** Running vivado
    with args -log SS12_wrapper.vds -m64 -product Vivado -mode batch -messageDb vivado.pb -notrace -source SS12_wrapper.tcl



****** Vivado v2022.1 (64-bit)
  **** SW Build 3526262 on Mon Apr 18 15:48:16 MDT 2022
  **** IP Build 3524634 on Mon Apr 18 20:55:01 MDT 2022
    ** Copyright 1986-2022 Xilinx, Inc. All Rights Reserved.

source SS12_wrapper.tcl -notrace
Command: synth_design -top SS12_wrapper -part xcku035-fbva676-1-i
Starting synth_design
Attempting to get a license for feature 'Synthesis' and/or device 'xcku035'
INFO: [Common 17-349] Got license for feature 'Synthesis' and/or device 'xcku035'
INFO: [Device 21-403] Loading part xcku035-fbva676-1-i
INFO: [Synth 8-7079] Multithreading enabled for synth_design using a maximum of 2 processes.
INFO: [Synth 8-7078] Launching helper process for spawning children vivado processes
INFO: [Synth 8-7075] Helper process launched with PID 12024
---------------------------------------------------------------------------------
Starting RTL Elaboration : Time (s): cpu = 00:00:04 ; elapsed = 00:00:04 . Memory (MB): peak = 1446.762 ; gain = 152.281
---------------------------------------------------------------------------------
INFO: [Synth 8-6157] synthesizing module 'SS12_wrapper' [C:/LRMLD/module_library/sum_select_12/sum_select_12.srcs/sources_1/new/wp_sum_select_12.sv:3]
INFO: [Synth 8-6157] synthesizing module 'sum_select_12' [C:/LRMLD/module_library/sum_select_12/sum_select_12.srcs/sources_1/new/sum_select_12.sv:4]
	Parameter METRIC_W bound to: 8 - type: integer 
	Parameter LABEL_W bound to: 8 - type: integer 
	Parameter LABEL_W1 bound to: 8 - type: integer 
INFO: [Synth 8-6157] synthesizing module 'sum_select' [C:/LRMLD/module_library/sum_select/sum_select.srcs/sources_1/new/sum_select.sv:2]
	Parameter METRIC_W bound to: 8 - type: integer 
	Parameter LABEL_W bound to: 8 - type: integer 
	Parameter LABEL_W1 bound to: 8 - type: integer 
INFO: [Synth 8-6157] synthesizing module 'comparator' [C:/LRMLD/module_library/min2_frm_5/min2_frm_5.srcs/sources_1/new/comparator.sv:1]
	Parameter DATA_W bound to: 9 - type: integer 
INFO: [Synth 8-6155] done synthesizing module 'comparator' (0#1) [C:/LRMLD/module_library/min2_frm_5/min2_frm_5.srcs/sources_1/new/comparator.sv:1]
WARNING: [Synth 8-7071] port 'o_min' of module 'comparator' is unconnected for instance 'comp1' [C:/LRMLD/module_library/sum_select/sum_select.srcs/sources_1/new/sum_select.sv:135]
WARNING: [Synth 8-7071] port 'o_max' of module 'comparator' is unconnected for instance 'comp1' [C:/LRMLD/module_library/sum_select/sum_select.srcs/sources_1/new/sum_select.sv:135]
WARNING: [Synth 8-7023] instance 'comp1' of module 'comparator' has 5 connections declared, but only 3 given [C:/LRMLD/module_library/sum_select/sum_select.srcs/sources_1/new/sum_select.sv:135]
WARNING: [Synth 8-7071] port 'o_min' of module 'comparator' is unconnected for instance 'comp2' [C:/LRMLD/module_library/sum_select/sum_select.srcs/sources_1/new/sum_select.sv:141]
WARNING: [Synth 8-7071] port 'o_max' of module 'comparator' is unconnected for instance 'comp2' [C:/LRMLD/module_library/sum_select/sum_select.srcs/sources_1/new/sum_select.sv:141]
WARNING: [Synth 8-7023] instance 'comp2' of module 'comparator' has 5 connections declared, but only 3 given [C:/LRMLD/module_library/sum_select/sum_select.srcs/sources_1/new/sum_select.sv:141]
WARNING: [Synth 8-7071] port 'o_min' of module 'comparator' is unconnected for instance 'comp3' [C:/LRMLD/module_library/sum_select/sum_select.srcs/sources_1/new/sum_select.sv:147]
WARNING: [Synth 8-7071] port 'o_max' of module 'comparator' is unconnected for instance 'comp3' [C:/LRMLD/module_library/sum_select/sum_select.srcs/sources_1/new/sum_select.sv:147]
WARNING: [Synth 8-7023] instance 'comp3' of module 'comparator' has 5 connections declared, but only 3 given [C:/LRMLD/module_library/sum_select/sum_select.srcs/sources_1/new/sum_select.sv:147]
WARNING: [Synth 8-7071] port 'o_min' of module 'comparator' is unconnected for instance 'comp4' [C:/LRMLD/module_library/sum_select/sum_select.srcs/sources_1/new/sum_select.sv:153]
WARNING: [Synth 8-7071] port 'o_max' of module 'comparator' is unconnected for instance 'comp4' [C:/LRMLD/module_library/sum_select/sum_select.srcs/sources_1/new/sum_select.sv:153]
WARNING: [Synth 8-7023] instance 'comp4' of module 'comparator' has 5 connections declared, but only 3 given [C:/LRMLD/module_library/sum_select/sum_select.srcs/sources_1/new/sum_select.sv:153]
WARNING: [Synth 8-7071] port 'o_min' of module 'comparator' is unconnected for instance 'comp5' [C:/LRMLD/module_library/sum_select/sum_select.srcs/sources_1/new/sum_select.sv:159]
WARNING: [Synth 8-7071] port 'o_max' of module 'comparator' is unconnected for instance 'comp5' [C:/LRMLD/module_library/sum_select/sum_select.srcs/sources_1/new/sum_select.sv:159]
WARNING: [Synth 8-7023] instance 'comp5' of module 'comparator' has 5 connections declared, but only 3 given [C:/LRMLD/module_library/sum_select/sum_select.srcs/sources_1/new/sum_select.sv:159]
INFO: [Synth 8-155] case statement is not full and has no default [C:/LRMLD/module_library/sum_select/sum_select.srcs/sources_1/new/sum_select.sv:325]
INFO: [Synth 8-155] case statement is not full and has no default [C:/LRMLD/module_library/sum_select/sum_select.srcs/sources_1/new/sum_select.sv:325]
INFO: [Synth 8-155] case statement is not full and has no default [C:/LRMLD/module_library/sum_select/sum_select.srcs/sources_1/new/sum_select.sv:325]
INFO: [Synth 8-6155] done synthesizing module 'sum_select' (0#1) [C:/LRMLD/module_library/sum_select/sum_select.srcs/sources_1/new/sum_select.sv:2]
INFO: [Synth 8-6157] synthesizing module 'sum_select_8' [C:/LRMLD/module_library/sum_select8/sum_select8.srcs/sources_1/new/sum_select_8.sv:2]
	Parameter METRIC_W bound to: 8 - type: integer 
	Parameter LABEL_W bound to: 8 - type: integer 
	Parameter LABEL_W1 bound to: 8 - type: integer 
INFO: [Synth 8-6157] synthesizing module 'cas' [C:/LRMLD/module_library/sum_select8/sum_select8.srcs/sources_1/new/cas.sv:1]
	Parameter METRIC_W bound to: 9 - type: integer 
	Parameter LABEL_W bound to: 3 - type: integer 
INFO: [Synth 8-6155] done synthesizing module 'cas' (0#1) [C:/LRMLD/module_library/sum_select8/sum_select8.srcs/sources_1/new/cas.sv:1]
INFO: [Synth 8-6155] done synthesizing module 'sum_select_8' (0#1) [C:/LRMLD/module_library/sum_select8/sum_select8.srcs/sources_1/new/sum_select_8.sv:2]
INFO: [Synth 8-6157] synthesizing module 'min2_frm5' [C:/LRMLD/module_library/min2_frm_5/min2_frm_5.srcs/sources_1/new/min2_frm5.sv:3]
	Parameter M_W bound to: 8 - type: integer 
INFO: [Synth 8-6157] synthesizing module 'comparator__parameterized0' [C:/LRMLD/module_library/min2_frm_5/min2_frm_5.srcs/sources_1/new/comparator.sv:1]
	Parameter DATA_W bound to: 8 - type: integer 
INFO: [Synth 8-6155] done synthesizing module 'comparator__parameterized0' (0#1) [C:/LRMLD/module_library/min2_frm_5/min2_frm_5.srcs/sources_1/new/comparator.sv:1]
WARNING: [Synth 8-7071] port 'o_min' of module 'comparator' is unconnected for instance 'cmp0' [C:/LRMLD/module_library/min2_frm_5/min2_frm_5.srcs/sources_1/new/min2_frm5.sv:24]
WARNING: [Synth 8-7071] port 'o_max' of module 'comparator' is unconnected for instance 'cmp0' [C:/LRMLD/module_library/min2_frm_5/min2_frm_5.srcs/sources_1/new/min2_frm5.sv:24]
WARNING: [Synth 8-7023] instance 'cmp0' of module 'comparator' has 5 connections declared, but only 3 given [C:/LRMLD/module_library/min2_frm_5/min2_frm_5.srcs/sources_1/new/min2_frm5.sv:24]
WARNING: [Synth 8-7071] port 'o_min' of module 'comparator' is unconnected for instance 'cmp1' [C:/LRMLD/module_library/min2_frm_5/min2_frm_5.srcs/sources_1/new/min2_frm5.sv:32]
WARNING: [Synth 8-7071] port 'o_max' of module 'comparator' is unconnected for instance 'cmp1' [C:/LRMLD/module_library/min2_frm_5/min2_frm_5.srcs/sources_1/new/min2_frm5.sv:32]
WARNING: [Synth 8-7023] instance 'cmp1' of module 'comparator' has 5 connections declared, but only 3 given [C:/LRMLD/module_library/min2_frm_5/min2_frm_5.srcs/sources_1/new/min2_frm5.sv:32]
WARNING: [Synth 8-7071] port 'o_min' of module 'comparator' is unconnected for instance 'cmp2' [C:/LRMLD/module_library/min2_frm_5/min2_frm_5.srcs/sources_1/new/min2_frm5.sv:40]
WARNING: [Synth 8-7071] port 'o_max' of module 'comparator' is unconnected for instance 'cmp2' [C:/LRMLD/module_library/min2_frm_5/min2_frm_5.srcs/sources_1/new/min2_frm5.sv:40]
WARNING: [Synth 8-7023] instance 'cmp2' of module 'comparator' has 5 connections declared, but only 3 given [C:/LRMLD/module_library/min2_frm_5/min2_frm_5.srcs/sources_1/new/min2_frm5.sv:40]
WARNING: [Synth 8-7071] port 'o_min' of module 'comparator' is unconnected for instance 'cmp3' [C:/LRMLD/module_library/min2_frm_5/min2_frm_5.srcs/sources_1/new/min2_frm5.sv:48]
WARNING: [Synth 8-7071] port 'o_max' of module 'comparator' is unconnected for instance 'cmp3' [C:/LRMLD/module_library/min2_frm_5/min2_frm_5.srcs/sources_1/new/min2_frm5.sv:48]
WARNING: [Synth 8-7023] instance 'cmp3' of module 'comparator' has 5 connections declared, but only 3 given [C:/LRMLD/module_library/min2_frm_5/min2_frm_5.srcs/sources_1/new/min2_frm5.sv:48]
WARNING: [Synth 8-7071] port 'o_min' of module 'comparator' is unconnected for instance 'cmp4' [C:/LRMLD/module_library/min2_frm_5/min2_frm_5.srcs/sources_1/new/min2_frm5.sv:56]
WARNING: [Synth 8-7071] port 'o_max' of module 'comparator' is unconnected for instance 'cmp4' [C:/LRMLD/module_library/min2_frm_5/min2_frm_5.srcs/sources_1/new/min2_frm5.sv:56]
WARNING: [Synth 8-7023] instance 'cmp4' of module 'comparator' has 5 connections declared, but only 3 given [C:/LRMLD/module_library/min2_frm_5/min2_frm_5.srcs/sources_1/new/min2_frm5.sv:56]
INFO: [Synth 8-6155] done synthesizing module 'min2_frm5' (0#1) [C:/LRMLD/module_library/min2_frm_5/min2_frm_5.srcs/sources_1/new/min2_frm5.sv:3]
WARNING: [Synth 8-324] index 2 out of range [C:/LRMLD/module_library/sum_select_12/sum_select_12.srcs/sources_1/new/sum_select_12.sv:236]
WARNING: [Synth 8-324] index 2 out of range [C:/LRMLD/module_library/sum_select_12/sum_select_12.srcs/sources_1/new/sum_select_12.sv:236]
INFO: [Synth 8-155] case statement is not full and has no default [C:/LRMLD/module_library/sum_select_12/sum_select_12.srcs/sources_1/new/sum_select_12.sv:243]
INFO: [Synth 8-155] case statement is not full and has no default [C:/LRMLD/module_library/sum_select_12/sum_select_12.srcs/sources_1/new/sum_select_12.sv:276]
INFO: [Synth 8-6157] synthesizing module 'bitonic_merge_4_4' [C:/LRMLD/module_library/sum_select_16/sum_select_16.srcs/sources_1/new/bitonic_merge_4_4.sv:4]
	Parameter M_W bound to: 8 - type: integer 
	Parameter L_W bound to: 16 - type: integer 
INFO: [Synth 8-6157] synthesizing module 'cas__parameterized0' [C:/LRMLD/module_library/sum_select8/sum_select8.srcs/sources_1/new/cas.sv:1]
	Parameter METRIC_W bound to: 8 - type: integer 
	Parameter LABEL_W bound to: 3 - type: integer 
INFO: [Synth 8-6155] done synthesizing module 'cas__parameterized0' (0#1) [C:/LRMLD/module_library/sum_select8/sum_select8.srcs/sources_1/new/cas.sv:1]
INFO: [Synth 8-6155] done synthesizing module 'bitonic_merge_4_4' (0#1) [C:/LRMLD/module_library/sum_select_16/sum_select_16.srcs/sources_1/new/bitonic_merge_4_4.sv:4]
INFO: [Synth 8-6155] done synthesizing module 'sum_select_12' (0#1) [C:/LRMLD/module_library/sum_select_12/sum_select_12.srcs/sources_1/new/sum_select_12.sv:4]
INFO: [Synth 8-6155] done synthesizing module 'SS12_wrapper' (0#1) [C:/LRMLD/module_library/sum_select_12/sum_select_12.srcs/sources_1/new/wp_sum_select_12.sv:3]
WARNING: [Synth 8-5856] 3D RAM conc_d_reg  for this pattern/configuration is not supported. This will most likely be implemented in registers
WARNING: [Synth 8-10225] Potential Runtime issue for 3D-RAM or RAM from Record/Structs for RAM  conc_d_reg 
WARNING: [Synth 8-6014] Unused sequential element idx_l_r_reg[0] was removed.  [C:/LRMLD/module_library/sum_select/sum_select.srcs/sources_1/new/sum_select.sv:128]
WARNING: [Synth 8-3936] Found unconnected internal register 'summ0_d_reg[1]' and it is trimmed from '9' to '8' bits. [C:/LRMLD/module_library/sum_select/sum_select.srcs/sources_1/new/sum_select.sv:131]
WARNING: [Synth 8-3936] Found unconnected internal register 'summ0_d_reg[0]' and it is trimmed from '9' to '8' bits. [C:/LRMLD/module_library/sum_select/sum_select.srcs/sources_1/new/sum_select.sv:131]
WARNING: [Synth 8-3936] Found unconnected internal register 'sig_summ_r_reg[0]' and it is trimmed from '9' to '8' bits. [C:/LRMLD/module_library/sum_select/sum_select.srcs/sources_1/new/sum_select.sv:127]
WARNING: [Synth 8-3936] Found unconnected internal register 'sig_summ_reg[0]' and it is trimmed from '9' to '8' bits. [C:/LRMLD/module_library/sum_select/sum_select.srcs/sources_1/new/sum_select.sv:76]
WARNING: [Synth 8-87] always_comb on 'o_labels_reg[1]' did not result in combinational logic [C:/LRMLD/module_library/sum_select/sum_select.srcs/sources_1/new/sum_select.sv:323]
WARNING: [Synth 8-87] always_comb on 'o_labels_reg[2]' did not result in combinational logic [C:/LRMLD/module_library/sum_select/sum_select.srcs/sources_1/new/sum_select.sv:323]
WARNING: [Synth 8-87] always_comb on 'o_labels_reg[3]' did not result in combinational logic [C:/LRMLD/module_library/sum_select/sum_select.srcs/sources_1/new/sum_select.sv:323]
WARNING: [Synth 8-5856] 3D RAM conc_d_reg  for this pattern/configuration is not supported. This will most likely be implemented in registers
WARNING: [Synth 8-10225] Potential Runtime issue for 3D-RAM or RAM from Record/Structs for RAM  conc_d_reg 
WARNING: [Synth 8-5856] 3D RAM m_p_reg  for this pattern/configuration is not supported. This will most likely be implemented in registers
WARNING: [Synth 8-10225] Potential Runtime issue for 3D-RAM or RAM from Record/Structs for RAM  m_p_reg 
WARNING: [Synth 8-5856] 3D RAM idx_p_reg  for this pattern/configuration is not supported. This will most likely be implemented in registers
WARNING: [Synth 8-10225] Potential Runtime issue for 3D-RAM or RAM from Record/Structs for RAM  idx_p_reg 
WARNING: [Synth 8-6014] Unused sequential element m_p_reg[3][0] was removed.  [C:/LRMLD/module_library/sum_select8/sum_select8.srcs/sources_1/new/sum_select_8.sv:64]
WARNING: [Synth 8-6014] Unused sequential element m_p_reg[4][0] was removed.  [C:/LRMLD/module_library/sum_select8/sum_select8.srcs/sources_1/new/sum_select_8.sv:64]
WARNING: [Synth 8-6014] Unused sequential element m_p_reg[5][0] was removed.  [C:/LRMLD/module_library/sum_select8/sum_select8.srcs/sources_1/new/sum_select_8.sv:64]
WARNING: [Synth 8-6014] Unused sequential element idx_p_reg[3][0] was removed.  [C:/LRMLD/module_library/sum_select8/sum_select8.srcs/sources_1/new/sum_select_8.sv:64]
WARNING: [Synth 8-6014] Unused sequential element idx_p_reg[4][0] was removed.  [C:/LRMLD/module_library/sum_select8/sum_select8.srcs/sources_1/new/sum_select_8.sv:64]
WARNING: [Synth 8-6014] Unused sequential element idx_p_reg[5][0] was removed.  [C:/LRMLD/module_library/sum_select8/sum_select8.srcs/sources_1/new/sum_select_8.sv:64]
WARNING: [Synth 8-6014] Unused sequential element conc_d_reg[0][0] was removed.  [C:/LRMLD/module_library/sum_select8/sum_select8.srcs/sources_1/new/sum_select_8.sv:62]
WARNING: [Synth 8-6014] Unused sequential element conc_d_reg[1][0] was removed.  [C:/LRMLD/module_library/sum_select8/sum_select8.srcs/sources_1/new/sum_select_8.sv:62]
WARNING: [Synth 8-6014] Unused sequential element conc_d_reg[2][0] was removed.  [C:/LRMLD/module_library/sum_select8/sum_select8.srcs/sources_1/new/sum_select_8.sv:62]
WARNING: [Synth 8-6014] Unused sequential element conc_d_reg[3][0] was removed.  [C:/LRMLD/module_library/sum_select8/sum_select8.srcs/sources_1/new/sum_select_8.sv:62]
WARNING: [Synth 8-6014] Unused sequential element conc_d_reg[4][0] was removed.  [C:/LRMLD/module_library/sum_select8/sum_select8.srcs/sources_1/new/sum_select_8.sv:62]
WARNING: [Synth 8-6014] Unused sequential element conc_d_reg[5][0] was removed.  [C:/LRMLD/module_library/sum_select8/sum_select8.srcs/sources_1/new/sum_select_8.sv:62]
WARNING: [Synth 8-5856] 3D RAM AB_m_0b_r_reg  for this pattern/configuration is not supported. This will most likely be implemented in registers
WARNING: [Synth 8-10225] Potential Runtime issue for 3D-RAM or RAM from Record/Structs for RAM  AB_m_0b_r_reg 
WARNING: [Synth 8-5856] 3D RAM AB_l_0b_r_reg  for this pattern/configuration is not supported. This will most likely be implemented in registers
WARNING: [Synth 8-10225] Potential Runtime issue for 3D-RAM or RAM from Record/Structs for RAM  AB_l_0b_r_reg 
WARNING: [Synth 8-5856] 3D RAM AB_m_0b_d_reg  for this pattern/configuration is not supported. This will most likely be implemented in registers
WARNING: [Synth 8-10225] Potential Runtime issue for 3D-RAM or RAM from Record/Structs for RAM  AB_m_0b_d_reg 
WARNING: [Synth 8-5856] 3D RAM AB_l_0b_d_reg  for this pattern/configuration is not supported. This will most likely be implemented in registers
WARNING: [Synth 8-10225] Potential Runtime issue for 3D-RAM or RAM from Record/Structs for RAM  AB_l_0b_d_reg 
WARNING: [Synth 8-5856] 3D RAM AB_m_a0_r_reg  for this pattern/configuration is not supported. This will most likely be implemented in registers
WARNING: [Synth 8-10225] Potential Runtime issue for 3D-RAM or RAM from Record/Structs for RAM  AB_m_a0_r_reg 
WARNING: [Synth 8-5856] 3D RAM AB_l_a0_r_reg  for this pattern/configuration is not supported. This will most likely be implemented in registers
WARNING: [Synth 8-10225] Potential Runtime issue for 3D-RAM or RAM from Record/Structs for RAM  AB_l_a0_r_reg 
WARNING: [Synth 8-5856] 3D RAM AB_m_a0_d_reg  for this pattern/configuration is not supported. This will most likely be implemented in registers
WARNING: [Synth 8-10225] Potential Runtime issue for 3D-RAM or RAM from Record/Structs for RAM  AB_m_a0_d_reg 
WARNING: [Synth 8-5856] 3D RAM AB_l_a0_d_reg  for this pattern/configuration is not supported. This will most likely be implemented in registers
WARNING: [Synth 8-10225] Potential Runtime issue for 3D-RAM or RAM from Record/Structs for RAM  AB_l_a0_d_reg 
---------------------------------------------------------------------------------
Finished RTL Elaboration : Time (s): cpu = 00:00:06 ; elapsed = 00:00:06 . Memory (MB): peak = 1546.387 ; gain = 251.906
---------------------------------------------------------------------------------
---------------------------------------------------------------------------------
Start Handling Custom Attributes
---------------------------------------------------------------------------------
---------------------------------------------------------------------------------
Finished Handling Custom Attributes : Time (s): cpu = 00:00:06 ; elapsed = 00:00:06 . Memory (MB): peak = 1546.387 ; gain = 251.906
---------------------------------------------------------------------------------
---------------------------------------------------------------------------------
Finished RTL Optimization Phase 1 : Time (s): cpu = 00:00:06 ; elapsed = 00:00:06 . Memory (MB): peak = 1546.387 ; gain = 251.906
---------------------------------------------------------------------------------
Netlist sorting complete. Time (s): cpu = 00:00:00 ; elapsed = 00:00:00.068 . Memory (MB): peak = 1546.387 ; gain = 0.000
INFO: [Project 1-570] Preparing netlist for logic optimization

Processing XDC Constraints
Initializing timing engine
Parsing XDC File [C:/QW/bitonic_sort/bitonic_sort.srcs/constrs_1/new/constraints.xdc]
Finished Parsing XDC File [C:/QW/bitonic_sort/bitonic_sort.srcs/constrs_1/new/constraints.xdc]
INFO: [Project 1-236] Implementation specific constraints were found while reading constraint file [C:/QW/bitonic_sort/bitonic_sort.srcs/constrs_1/new/constraints.xdc]. These constraints will be ignored for synthesis but will be used in implementation. Impacted constraints are listed in the file [.Xil/SS12_wrapper_propImpl.xdc].
Resolution: To avoid this warning, move constraints listed in [.Xil/SS12_wrapper_propImpl.xdc] to another XDC file and exclude this new file from synthesis with the used_in_synthesis property (File Properties dialog in GUI) and re-run elaboration/synthesis.
Completed Processing XDC Constraints

Netlist sorting complete. Time (s): cpu = 00:00:00 ; elapsed = 00:00:00.001 . Memory (MB): peak = 1626.590 ; gain = 0.000
INFO: [Project 1-111] Unisim Transformation Summary:
No Unisim elements were transformed.

Constraint Validation Runtime : Time (s): cpu = 00:00:00 ; elapsed = 00:00:00.027 . Memory (MB): peak = 1626.590 ; gain = 0.000
---------------------------------------------------------------------------------
Finished Constraint Validation : Time (s): cpu = 00:00:12 ; elapsed = 00:00:13 . Memory (MB): peak = 1626.590 ; gain = 332.109
---------------------------------------------------------------------------------
---------------------------------------------------------------------------------
Start Loading Part and Timing Information
---------------------------------------------------------------------------------
Loading part: xcku035-fbva676-1-i
INFO: [Synth 8-6742] Reading net delay rules and data
---------------------------------------------------------------------------------
Finished Loading Part and Timing Information : Time (s): cpu = 00:00:12 ; elapsed = 00:00:13 . Memory (MB): peak = 1626.590 ; gain = 332.109
---------------------------------------------------------------------------------
---------------------------------------------------------------------------------
Start Applying 'set_property' XDC Constraints
---------------------------------------------------------------------------------
---------------------------------------------------------------------------------
Finished applying 'set_property' XDC Constraints : Time (s): cpu = 00:00:12 ; elapsed = 00:00:13 . Memory (MB): peak = 1626.590 ; gain = 332.109
---------------------------------------------------------------------------------
WARNING: [Synth 8-327] inferring latch for variable 'o_labels_reg[1]' [C:/LRMLD/module_library/sum_select/sum_select.srcs/sources_1/new/sum_select.sv:323]
WARNING: [Synth 8-327] inferring latch for variable 'o_labels_reg[2]' [C:/LRMLD/module_library/sum_select/sum_select.srcs/sources_1/new/sum_select.sv:323]
WARNING: [Synth 8-327] inferring latch for variable 'o_labels_reg[3]' [C:/LRMLD/module_library/sum_select/sum_select.srcs/sources_1/new/sum_select.sv:323]
---------------------------------------------------------------------------------
Finished RTL Optimization Phase 2 : Time (s): cpu = 00:00:13 ; elapsed = 00:00:13 . Memory (MB): peak = 1626.590 ; gain = 332.109
---------------------------------------------------------------------------------
---------------------------------------------------------------------------------
Start RTL Component Statistics 
---------------------------------------------------------------------------------
Detailed RTL Component Info : 
+---Adders : 
	   2 Input   32 Bit       Adders := 1     
	   2 Input    9 Bit       Adders := 43    
	   2 Input    8 Bit       Adders := 5     
	   2 Input    4 Bit       Adders := 2     
+---Registers : 
	               96 Bit    Registers := 4     
	               32 Bit    Registers := 12    
	               16 Bit    Registers := 245   
	                9 Bit    Registers := 117   
	                8 Bit    Registers := 92    
	                4 Bit    Registers := 2     
	                3 Bit    Registers := 128   
	                1 Bit    Registers := 3     
+---Muxes : 
	   2 Input   96 Bit        Muxes := 1     
	   2 Input    9 Bit        Muxes := 168   
	   2 Input    8 Bit        Muxes := 81    
	   2 Input    4 Bit        Muxes := 1     
	   2 Input    3 Bit        Muxes := 166   
	   6 Input    3 Bit        Muxes := 1     
	   4 Input    2 Bit        Muxes := 1     
	   2 Input    1 Bit        Muxes := 11    
	   8 Input    1 Bit        Muxes := 15    
	   6 Input    1 Bit        Muxes := 2     
---------------------------------------------------------------------------------
Finished RTL Component Statistics 
---------------------------------------------------------------------------------
---------------------------------------------------------------------------------
Start Part Resource Summary
---------------------------------------------------------------------------------
Part Resources:
DSPs: 1700 (col length:120)
BRAMs: 1080 (col length: RAMB18 120 RAMB36 60)
---------------------------------------------------------------------------------
Finished Part Resource Summary
---------------------------------------------------------------------------------
---------------------------------------------------------------------------------
Start Cross Boundary and Area Optimization
---------------------------------------------------------------------------------
WARNING: [Synth 8-7080] Parallel synthesis criteria is not met
---------------------------------------------------------------------------------
Finished Cross Boundary and Area Optimization : Time (s): cpu = 00:00:24 ; elapsed = 00:00:24 . Memory (MB): peak = 1626.590 ; gain = 332.109
---------------------------------------------------------------------------------
---------------------------------------------------------------------------------
Start Applying XDC Timing Constraints
---------------------------------------------------------------------------------
---------------------------------------------------------------------------------
Finished Applying XDC Timing Constraints : Time (s): cpu = 00:00:28 ; elapsed = 00:00:30 . Memory (MB): peak = 1687.176 ; gain = 392.695
---------------------------------------------------------------------------------
---------------------------------------------------------------------------------
Start Timing Optimization
---------------------------------------------------------------------------------
---------------------------------------------------------------------------------
Finished Timing Optimization : Time (s): cpu = 00:00:29 ; elapsed = 00:00:31 . Memory (MB): peak = 1741.277 ; gain = 446.797
---------------------------------------------------------------------------------
---------------------------------------------------------------------------------
Start Technology Mapping
---------------------------------------------------------------------------------
---------------------------------------------------------------------------------
Finished Technology Mapping : Time (s): cpu = 00:00:31 ; elapsed = 00:00:33 . Memory (MB): peak = 1746.145 ; gain = 451.664
---------------------------------------------------------------------------------
---------------------------------------------------------------------------------
Start IO Insertion
---------------------------------------------------------------------------------
---------------------------------------------------------------------------------
Start Flattening Before IO Insertion
---------------------------------------------------------------------------------
---------------------------------------------------------------------------------
Finished Flattening Before IO Insertion
---------------------------------------------------------------------------------
---------------------------------------------------------------------------------
Start Final Netlist Cleanup
---------------------------------------------------------------------------------
---------------------------------------------------------------------------------
Finished Final Netlist Cleanup
---------------------------------------------------------------------------------
---------------------------------------------------------------------------------
Finished IO Insertion : Time (s): cpu = 00:00:34 ; elapsed = 00:00:37 . Memory (MB): peak = 1760.723 ; gain = 466.242
---------------------------------------------------------------------------------
---------------------------------------------------------------------------------
Start Renaming Generated Instances
---------------------------------------------------------------------------------
---------------------------------------------------------------------------------
Finished Renaming Generated Instances : Time (s): cpu = 00:00:34 ; elapsed = 00:00:37 . Memory (MB): peak = 1760.723 ; gain = 466.242
---------------------------------------------------------------------------------
---------------------------------------------------------------------------------
Start Rebuilding User Hierarchy
---------------------------------------------------------------------------------
---------------------------------------------------------------------------------
Finished Rebuilding User Hierarchy : Time (s): cpu = 00:00:35 ; elapsed = 00:00:37 . Memory (MB): peak = 1760.723 ; gain = 466.242
---------------------------------------------------------------------------------
---------------------------------------------------------------------------------
Start Renaming Generated Ports
---------------------------------------------------------------------------------
---------------------------------------------------------------------------------
Finished Renaming Generated Ports : Time (s): cpu = 00:00:35 ; elapsed = 00:00:37 . Memory (MB): peak = 1760.723 ; gain = 466.242
---------------------------------------------------------------------------------
---------------------------------------------------------------------------------
Start Handling Custom Attributes
---------------------------------------------------------------------------------
---------------------------------------------------------------------------------
Finished Handling Custom Attributes : Time (s): cpu = 00:00:35 ; elapsed = 00:00:37 . Memory (MB): peak = 1760.723 ; gain = 466.242
---------------------------------------------------------------------------------
---------------------------------------------------------------------------------
Start Renaming Generated Nets
---------------------------------------------------------------------------------
---------------------------------------------------------------------------------
Finished Renaming Generated Nets : Time (s): cpu = 00:00:35 ; elapsed = 00:00:37 . Memory (MB): peak = 1760.723 ; gain = 466.242
---------------------------------------------------------------------------------
---------------------------------------------------------------------------------
Start ROM, RAM, DSP, Shift Register and Retiming Reporting
---------------------------------------------------------------------------------

Static Shift Register Report:
+-------------+-------------------------------------+--------+-------+--------------+--------------------+-------------------+--------+---------+
|Module Name  | RTL Name                            | Length | Width | Reset Signal | Pull out first Reg | Pull out last Reg | SRL16E | SRLC32E | 
+-------------+-------------------------------------+--------+-------+--------------+--------------------+-------------------+--------+---------+
|SS12_wrapper | dut/A0Bb[2].SS/conc_d_reg[2][4][7]  | 4      | 64    | NO           | NO                 | YES               | 64     | 0       | 
|SS12_wrapper | dut/AaB0[2].SS/conc_d_reg[2][6][15] | 4      | 64    | NO           | NO                 | YES               | 64     | 0       | 
|SS12_wrapper | dut/SS_00/s0_d_reg[5][8]            | 6      | 1     | NO           | NO                 | YES               | 1      | 0       | 
|SS12_wrapper | dut/SS_00/s0_d_reg[5][7]            | 6      | 8     | NO           | NO                 | NO                | 8      | 0       | 
|SS12_wrapper | dut/SS_00/m_p_reg[5][7][8]          | 3      | 1     | NO           | NO                 | YES               | 1      | 0       | 
|SS12_wrapper | dut/SS_00/m_p_reg[5][7][7]          | 3      | 8     | NO           | NO                 | NO                | 8      | 0       | 
|SS12_wrapper | dut/SS_00/conc_d_reg[5][4][7]       | 3      | 48    | NO           | NO                 | YES               | 48     | 0       | 
|SS12_wrapper | dut/SS_00/idx_p_reg[5][7][2]        | 3      | 3     | NO           | NO                 | YES               | 3      | 0       | 
|SS12_wrapper | dut/valid_d_reg[8]                  | 9      | 1     | NO           | NO                 | YES               | 1      | 0       | 
|SS12_wrapper | dut/AB_m_0b_r_reg[0][0][7]          | 4      | 16    | NO           | YES                | YES               | 16     | 0       | 
|SS12_wrapper | dut/AB_m_a0_r_reg[0][0][7]          | 4      | 16    | NO           | YES                | YES               | 16     | 0       | 
|SS12_wrapper | dut/AB_m_11_r_reg[0][7]             | 4      | 8     | NO           | YES                | YES               | 8      | 0       | 
|SS12_wrapper | dut/SS_00/conc_d_reg[2][5][0]       | 4      | 48    | NO           | NO                 | YES               | 48     | 0       | 
|SS12_wrapper | dut/SS_00/l0_d_reg[2][0]            | 4      | 16    | NO           | NO                 | YES               | 16     | 0       | 
+-------------+-------------------------------------+--------+-------+--------------+--------------------+-------------------+--------+---------+

---------------------------------------------------------------------------------
Finished ROM, RAM, DSP, Shift Register and Retiming Reporting
---------------------------------------------------------------------------------
---------------------------------------------------------------------------------
Start Writing Synthesis Report
---------------------------------------------------------------------------------

Report BlackBoxes: 
+-+--------------+----------+
| |BlackBox name |Instances |
+-+--------------+----------+
+-+--------------+----------+

Report Cell Usage: 
+------+-------+------+
|      |Cell   |Count |
+------+-------+------+
|1     |BUFG   |     1|
|2     |CARRY8 |   159|
|3     |LUT1   |    13|
|4     |LUT2   |   440|
|5     |LUT3   |   963|
|6     |LUT4   |   643|
|7     |LUT5   |   937|
|8     |LUT6   |   918|
|9     |MUXF7  |   141|
|10    |SRL16E |   302|
|11    |FDRE   |  3623|
|12    |FDSE   |   184|
|13    |LD     |   240|
|14    |IBUF   |    35|
|15    |OBUF   |    25|
+------+-------+------+
---------------------------------------------------------------------------------
Finished Writing Synthesis Report : Time (s): cpu = 00:00:35 ; elapsed = 00:00:37 . Memory (MB): peak = 1760.723 ; gain = 466.242
---------------------------------------------------------------------------------
Synthesis finished with 0 errors, 0 critical warnings and 4 warnings.
Synthesis Optimization Runtime : Time (s): cpu = 00:00:28 ; elapsed = 00:00:36 . Memory (MB): peak = 1760.723 ; gain = 386.039
Synthesis Optimization Complete : Time (s): cpu = 00:00:35 ; elapsed = 00:00:37 . Memory (MB): peak = 1760.723 ; gain = 466.242
INFO: [Project 1-571] Translating synthesized netlist
Netlist sorting complete. Time (s): cpu = 00:00:01 ; elapsed = 00:00:00.076 . Memory (MB): peak = 1772.770 ; gain = 0.000
INFO: [Netlist 29-17] Analyzing 576 Unisim elements for replacement
INFO: [Netlist 29-28] Unisim Transformation completed in 0 CPU seconds
INFO: [Project 1-570] Preparing netlist for logic optimization
INFO: [Opt 31-138] Pushed 0 inverter(s) to 0 load pin(s).
Netlist sorting complete. Time (s): cpu = 00:00:00 ; elapsed = 00:00:00.001 . Memory (MB): peak = 1790.984 ; gain = 0.000
INFO: [Project 1-111] Unisim Transformation Summary:
  A total of 276 instances were transformed.
  BUFG => BUFGCE: 1 instance 
  IBUF => IBUF (IBUFCTRL, INBUF): 35 instances
  LD => LDCE: 240 instances

Synth Design complete, checksum: 3601aaab
INFO: [Common 17-83] Releasing license: Synthesis
41 Infos, 80 Warnings, 0 Critical Warnings and 0 Errors encountered.
synth_design completed successfully
synth_design: Time (s): cpu = 00:00:40 ; elapsed = 00:00:50 . Memory (MB): peak = 1790.984 ; gain = 496.504
INFO: [Common 17-1381] The checkpoint 'C:/LRMLD/module_library/sum_select_12/sum_select_12.runs/synth_1/SS12_wrapper.dcp' has been generated.
INFO: [runtcl-4] Executing : report_utilization -file SS12_wrapper_utilization_synth.rpt -pb SS12_wrapper_utilization_synth.pb
INFO: [Common 17-206] Exiting Vivado at Mon Apr 27 15:46:18 2026...
