Copyright 1986-2022 Xilinx, Inc. All Rights Reserved.
-------------------------------------------------------------------------------------------------------------------
| Tool Version : Vivado v.2022.1 (win64) Build 3526262 Mon Apr 18 15:48:16 MDT 2022
| Date         : Mon Apr 27 15:46:18 2026
| Host         : feduuk running 64-bit major release  (build 9200)
| Command      : report_utilization -file SS12_wrapper_utilization_synth.rpt -pb SS12_wrapper_utilization_synth.pb
| Design       : SS12_wrapper
| Device       : xcku035-fbva676-1-i
| Speed File   : -1
| Design State : Synthesized
-------------------------------------------------------------------------------------------------------------------

Utilization Design Information

Table of Contents
-----------------
1. CLB Logic
1.1 Summary of Registers by Type
2. BLOCKRAM
3. ARITHMETIC
4. I/O
5. CLOCK
6. ADVANCED
7. CONFIGURATION
8. Primitives
9. Black Boxes
10. Instantiated Netlists

1. CLB Logic
------------

+----------------------------+------+-------+------------+-----------+-------+
|          Site Type         | Used | Fixed | Prohibited | Available | Util% |
+----------------------------+------+-------+------------+-----------+-------+
| CLB LUTs*                  | 3816 |     0 |          0 |    203128 |  1.88 |
|   LUT as Logic             | 3514 |     0 |          0 |    203128 |  1.73 |
|   LUT as Memory            |  302 |     0 |          0 |    112800 |  0.27 |
|     LUT as Distributed RAM |    0 |     0 |            |           |       |
|     LUT as Shift Register  |  302 |     0 |            |           |       |
| CLB Registers              | 4047 |     0 |          0 |    406256 |  1.00 |
|   Register as Flip Flop    | 3807 |     0 |          0 |    406256 |  0.94 |
|   Register as Latch        |  240 |     0 |          0 |    406256 |  0.06 |
| CARRY8                     |  159 |     0 |          0 |     30300 |  0.52 |
| F7 Muxes                   |  141 |     0 |          0 |    121200 |  0.12 |
| F8 Muxes                   |    0 |     0 |          0 |     60600 |  0.00 |
| F9 Muxes                   |    0 |     0 |          0 |     30300 |  0.00 |
+----------------------------+------+-------+------------+-----------+-------+
* Warning! The Final LUT count, after physical optimizations and full implementation, is typically lower. Run opt_design after synthesis, if not already completed, for a more realistic count.


1.1 Summary of Registers by Type
--------------------------------

+-------+--------------+-------------+--------------+
| Total | Clock Enable | Synchronous | Asynchronous |
+-------+--------------+-------------+--------------+
| 0     |            _ |           - |            - |
| 0     |            _ |           - |          Set |
| 0     |            _ |           - |        Reset |
| 0     |            _ |         Set |            - |
| 0     |            _ |       Reset |            - |
| 0     |          Yes |           - |            - |
| 0     |          Yes |           - |          Set |
| 240   |          Yes |           - |        Reset |
| 184   |          Yes |         Set |            - |
| 3623  |          Yes |       Reset |            - |
+-------+--------------+-------------+--------------+


2. BLOCKRAM
-----------

+----------------+------+-------+------------+-----------+-------+
|    Site Type   | Used | Fixed | Prohibited | Available | Util% |
+----------------+------+-------+------------+-----------+-------+
| Block RAM Tile |    0 |     0 |          0 |       540 |  0.00 |
|   RAMB36/FIFO* |    0 |     0 |          0 |       540 |  0.00 |
|   RAMB18       |    0 |     0 |          0 |      1080 |  0.00 |
+----------------+------+-------+------------+-----------+-------+
* Note: Each Block RAM Tile only has one FIFO logic available and therefore can accommodate only one FIFO36E2 or one FIFO18E2. However, if a FIFO18E2 occupies a Block RAM Tile, that tile can still accommodate a RAMB18E2


3. ARITHMETIC
-------------

+-----------+------+-------+------------+-----------+-------+
| Site Type | Used | Fixed | Prohibited | Available | Util% |
+-----------+------+-------+------------+-----------+-------+
| DSPs      |    0 |     0 |          0 |      1700 |  0.00 |
+-----------+------+-------+------------+-----------+-------+


4. I/O
------

+------------+------+-------+------------+-----------+-------+
|  Site Type | Used | Fixed | Prohibited | Available | Util% |
+------------+------+-------+------------+-----------+-------+
| Bonded IOB |   60 |     0 |          0 |       312 | 19.23 |
+------------+------+-------+------------+-----------+-------+


5. CLOCK
--------

+----------------------+------+-------+------------+-----------+-------+
|       Site Type      | Used | Fixed | Prohibited | Available | Util% |
+----------------------+------+-------+------------+-----------+-------+
| GLOBAL CLOCK BUFFERs |    1 |     0 |          0 |       480 |  0.21 |
|   BUFGCE             |    1 |     0 |          0 |       240 |  0.42 |
|   BUFGCE_DIV         |    0 |     0 |          0 |        40 |  0.00 |
|   BUFG_GT            |    0 |     0 |          0 |       120 |  0.00 |
|   BUFGCTRL*          |    0 |     0 |          0 |        80 |  0.00 |
| PLLE3_ADV            |    0 |     0 |          0 |        20 |  0.00 |
| MMCME3_ADV           |    0 |     0 |          0 |        10 |  0.00 |
+----------------------+------+-------+------------+-----------+-------+
* Note: Each used BUFGCTRL counts as two GLOBAL CLOCK BUFFERs. This table does not include global clocking resources, only buffer cell usage. See the Clock Utilization Report (report_clock_utilization) for detailed accounting of global clocking resource availability.


6. ADVANCED
-----------

+-----------------+------+-------+------------+-----------+-------+
|    Site Type    | Used | Fixed | Prohibited | Available | Util% |
+-----------------+------+-------+------------+-----------+-------+
| GTHE3_CHANNEL   |    0 |     0 |          0 |        16 |  0.00 |
| GTHE3_COMMON    |    0 |     0 |          0 |         4 |  0.00 |
| IBUFDS_GTE3     |    0 |     0 |          0 |         8 |  0.00 |
| OBUFDS_GTE3     |    0 |     0 |          0 |         8 |  0.00 |
| OBUFDS_GTE3_ADV |    0 |     0 |          0 |         8 |  0.00 |
| PCIE_3_1        |    0 |     0 |          0 |         2 |  0.00 |
| SYSMONE1        |    0 |     0 |          0 |         1 |  0.00 |
+-----------------+------+-------+------------+-----------+-------+


7. CONFIGURATION
----------------

+-------------+------+-------+------------+-----------+-------+
|  Site Type  | Used | Fixed | Prohibited | Available | Util% |
+-------------+------+-------+------------+-----------+-------+
| BSCANE2     |    0 |     0 |          0 |         4 |  0.00 |
| DNA_PORTE2  |    0 |     0 |          0 |         1 |  0.00 |
| EFUSE_USR   |    0 |     0 |          0 |         1 |  0.00 |
| FRAME_ECCE3 |    0 |     0 |          0 |         1 |  0.00 |
| ICAPE3      |    0 |     0 |          0 |         2 |  0.00 |
| MASTER_JTAG |    0 |     0 |          0 |         1 |  0.00 |
| STARTUPE3   |    0 |     0 |          0 |         1 |  0.00 |
+-------------+------+-------+------------+-----------+-------+


8. Primitives
-------------

+----------+------+---------------------+
| Ref Name | Used | Functional Category |
+----------+------+---------------------+
| FDRE     | 3623 |            Register |
| LUT3     |  963 |                 CLB |
| LUT5     |  937 |                 CLB |
| LUT6     |  918 |                 CLB |
| LUT4     |  643 |                 CLB |
| LUT2     |  440 |                 CLB |
| SRL16E   |  302 |                 CLB |
| LDCE     |  240 |            Register |
| FDSE     |  184 |            Register |
| CARRY8   |  159 |                 CLB |
| MUXF7    |  141 |                 CLB |
| INBUF    |   35 |                 I/O |
| IBUFCTRL |   35 |              Others |
| OBUF     |   25 |                 I/O |
| LUT1     |   13 |                 CLB |
| BUFGCE   |    1 |               Clock |
+----------+------+---------------------+


9. Black Boxes
--------------

+----------+------+
| Ref Name | Used |
+----------+------+


10. Instantiated Netlists
-------------------------

+----------+------+
| Ref Name | Used |
+----------+------+


