
*** Running vivado
    with args -log wp_top.vdi -applog -m64 -product Vivado -messageDb vivado.pb -mode batch -source wp_top.tcl -notrace



****** Vivado v2022.1 (64-bit)
  **** SW Build 3526262 on Mon Apr 18 15:48:16 MDT 2022
  **** IP Build 3524634 on Mon Apr 18 20:55:01 MDT 2022
    ** Copyright 1986-2022 Xilinx, Inc. All Rights Reserved.

source wp_top.tcl -notrace
Command: link_design -top wp_top -part xcku035-fbva676-1-i
Design is defaulting to srcset: sources_1
Design is defaulting to constrset: constrs_1
INFO: [Device 21-403] Loading part xcku035-fbva676-1-i
Netlist sorting complete. Time (s): cpu = 00:00:01 ; elapsed = 00:00:00.443 . Memory (MB): peak = 1294.832 ; gain = 0.000
INFO: [Netlist 29-17] Analyzing 2288 Unisim elements for replacement
INFO: [Netlist 29-28] Unisim Transformation completed in 0 CPU seconds
INFO: [Project 1-479] Netlist was created with Vivado 2022.1
INFO: [Project 1-570] Preparing netlist for logic optimization
Parsing XDC File [C:/LRMLD/module_library/all_modules/constraints.xdc]
Finished Parsing XDC File [C:/LRMLD/module_library/all_modules/constraints.xdc]
INFO: [Opt 31-138] Pushed 0 inverter(s) to 0 load pin(s).
Netlist sorting complete. Time (s): cpu = 00:00:00 ; elapsed = 00:00:00.010 . Memory (MB): peak = 1294.832 ; gain = 0.000
INFO: [Project 1-111] Unisim Transformation Summary:
  A total of 9 instances were transformed.
  IBUF => IBUF (IBUFCTRL, INBUF): 9 instances

7 Infos, 0 Warnings, 0 Critical Warnings and 0 Errors encountered.
link_design completed successfully
link_design: Time (s): cpu = 00:00:09 ; elapsed = 00:00:10 . Memory (MB): peak = 1294.832 ; gain = 0.000
Command: opt_design
Attempting to get a license for feature 'Implementation' and/or device 'xcku035'
INFO: [Common 17-349] Got license for feature 'Implementation' and/or device 'xcku035'
Running DRC as a precondition to command opt_design

Starting DRC Task
INFO: [DRC 23-27] Running DRC with 2 threads
INFO: [Project 1-461] DRC finished with 0 Errors
INFO: [Project 1-462] Please refer to the DRC report (report_drc) for more information.

Time (s): cpu = 00:00:02 ; elapsed = 00:00:01 . Memory (MB): peak = 1294.832 ; gain = 0.000

Starting Cache Timing Information Task
INFO: [Timing 38-35] Done setting XDC timing constraints.
Ending Cache Timing Information Task | Checksum: bf687d26

Time (s): cpu = 00:00:03 ; elapsed = 00:00:03 . Memory (MB): peak = 1507.254 ; gain = 212.422

Starting Logic Optimization Task

Phase 1 Retarget
INFO: [Opt 31-138] Pushed 32 inverter(s) to 192 load pin(s).
INFO: [Opt 31-49] Retargeted 0 cell(s).
Phase 1 Retarget | Checksum: 226c7db01

Time (s): cpu = 00:00:02 ; elapsed = 00:00:02 . Memory (MB): peak = 1833.676 ; gain = 0.133
INFO: [Opt 31-389] Phase Retarget created 0 cells and removed 33 cells

Phase 2 Constant propagation
INFO: [Opt 31-138] Pushed 0 inverter(s) to 0 load pin(s).
Phase 2 Constant propagation | Checksum: 226c7db01

Time (s): cpu = 00:00:02 ; elapsed = 00:00:02 . Memory (MB): peak = 1833.676 ; gain = 0.133
INFO: [Opt 31-389] Phase Constant propagation created 0 cells and removed 0 cells

Phase 3 Sweep
Phase 3 Sweep | Checksum: 21b7283bb

Time (s): cpu = 00:00:02 ; elapsed = 00:00:02 . Memory (MB): peak = 1833.676 ; gain = 0.133
INFO: [Opt 31-389] Phase Sweep created 0 cells and removed 0 cells

Phase 4 BUFG optimization
INFO: [Opt 31-1077] Phase BUFG optimization inserted 0 global clock buffer(s) for CLOCK_LOW_FANOUT.
Phase 4 BUFG optimization | Checksum: 21b7283bb

Time (s): cpu = 00:00:03 ; elapsed = 00:00:03 . Memory (MB): peak = 1833.676 ; gain = 0.133
INFO: [Opt 31-662] Phase BUFG optimization created 0 cells of which 0 are BUFGs and removed 0 cells.

Phase 5 Shift Register Optimization
INFO: [Opt 31-1064] SRL Remap converted 0 SRLs to 0 registers and converted 0 registers of register chains to 0 SRLs
Phase 5 Shift Register Optimization | Checksum: 215625286

Time (s): cpu = 00:00:03 ; elapsed = 00:00:03 . Memory (MB): peak = 1833.676 ; gain = 0.133
INFO: [Opt 31-389] Phase Shift Register Optimization created 2 cells and removed 0 cells

Phase 6 Post Processing Netlist
Phase 6 Post Processing Netlist | Checksum: 215625286

Time (s): cpu = 00:00:03 ; elapsed = 00:00:03 . Memory (MB): peak = 1833.676 ; gain = 0.133
INFO: [Opt 31-389] Phase Post Processing Netlist created 0 cells and removed 0 cells
Opt_design Change Summary
=========================


-------------------------------------------------------------------------------------------------------------------------
|  Phase                        |  #Cells created  |  #Cells Removed  |  #Constrained objects preventing optimizations  |
-------------------------------------------------------------------------------------------------------------------------
|  Retarget                     |               0  |              33  |                                              0  |
|  Constant propagation         |               0  |               0  |                                              0  |
|  Sweep                        |               0  |               0  |                                              0  |
|  BUFG optimization            |               0  |               0  |                                              0  |
|  Shift Register Optimization  |               2  |               0  |                                              0  |
|  Post Processing Netlist      |               0  |               0  |                                              0  |
-------------------------------------------------------------------------------------------------------------------------



Starting Connectivity Check Task

Time (s): cpu = 00:00:00 ; elapsed = 00:00:00.068 . Memory (MB): peak = 1833.676 ; gain = 0.000
Ending Logic Optimization Task | Checksum: 18e390516

Time (s): cpu = 00:00:04 ; elapsed = 00:00:04 . Memory (MB): peak = 1833.676 ; gain = 0.133

Starting Power Optimization Task
INFO: [Pwropt 34-132] Skipping clock gating for clocks with a period < 2.00 ns.
Ending Power Optimization Task | Checksum: 18e390516

Time (s): cpu = 00:00:00 ; elapsed = 00:00:00.035 . Memory (MB): peak = 1833.676 ; gain = 0.000

Starting Final Cleanup Task
Ending Final Cleanup Task | Checksum: 18e390516

Time (s): cpu = 00:00:00 ; elapsed = 00:00:00.004 . Memory (MB): peak = 1833.676 ; gain = 0.000

Starting Netlist Obfuscation Task
Netlist sorting complete. Time (s): cpu = 00:00:00 ; elapsed = 00:00:00.010 . Memory (MB): peak = 1833.676 ; gain = 0.000
Ending Netlist Obfuscation Task | Checksum: 18e390516

Time (s): cpu = 00:00:00 ; elapsed = 00:00:00.015 . Memory (MB): peak = 1833.676 ; gain = 0.000
INFO: [Common 17-83] Releasing license: Implementation
25 Infos, 0 Warnings, 0 Critical Warnings and 0 Errors encountered.
opt_design completed successfully
opt_design: Time (s): cpu = 00:00:11 ; elapsed = 00:00:10 . Memory (MB): peak = 1833.676 ; gain = 538.844
INFO: [Timing 38-480] Writing timing data to binary archive.
Writing XDEF routing.
Writing XDEF routing logical nets.
Writing XDEF routing special nets.
Write XDEF Complete: Time (s): cpu = 00:00:01 ; elapsed = 00:00:00.086 . Memory (MB): peak = 1833.676 ; gain = 0.000
INFO: [Common 17-1381] The checkpoint 'C:/LRMLD/decoders/RM_16_11/RM_16_11.runs/impl_1/wp_top_opt.dcp' has been generated.
INFO: [runtcl-4] Executing : report_drc -file wp_top_drc_opted.rpt -pb wp_top_drc_opted.pb -rpx wp_top_drc_opted.rpx
Command: report_drc -file wp_top_drc_opted.rpt -pb wp_top_drc_opted.pb -rpx wp_top_drc_opted.rpx
INFO: [IP_Flow 19-234] Refreshing IP repositories
INFO: [IP_Flow 19-1704] No user IP repositories specified
INFO: [IP_Flow 19-2313] Loaded Vivado IP repository 'C:/Xilinx/Vivado/2022.1/data/ip'.
INFO: [Timing 38-35] Done setting XDC timing constraints.
INFO: [DRC 23-27] Running DRC with 2 threads
INFO: [Vivado_Tcl 2-168] The results of DRC are in file C:/LRMLD/decoders/RM_16_11/RM_16_11.runs/impl_1/wp_top_drc_opted.rpt.
report_drc completed successfully
report_drc: Time (s): cpu = 00:00:31 ; elapsed = 00:00:28 . Memory (MB): peak = 3275.566 ; gain = 1441.891
Command: place_design
Attempting to get a license for feature 'Implementation' and/or device 'xcku035'
INFO: [Common 17-349] Got license for feature 'Implementation' and/or device 'xcku035'
INFO: [DRC 23-27] Running DRC with 2 threads
INFO: [Vivado_Tcl 4-198] DRC finished with 0 Errors
INFO: [Vivado_Tcl 4-199] Please refer to the DRC report (report_drc) for more information.
Running DRC as a precondition to command place_design
INFO: [DRC 23-27] Running DRC with 2 threads
INFO: [Vivado_Tcl 4-198] DRC finished with 0 Errors
INFO: [Vivado_Tcl 4-199] Please refer to the DRC report (report_drc) for more information.

Starting Placer Task
INFO: [Place 30-611] Multithreading enabled for place_design using a maximum of 2 CPUs

Phase 1 Placer Initialization

Phase 1.1 Placer Initialization Netlist Sorting
Netlist sorting complete. Time (s): cpu = 00:00:00 ; elapsed = 00:00:00.011 . Memory (MB): peak = 3275.566 ; gain = 0.000
Phase 1.1 Placer Initialization Netlist Sorting | Checksum: c84869ec

Time (s): cpu = 00:00:00 ; elapsed = 00:00:00.032 . Memory (MB): peak = 3275.566 ; gain = 0.000
Netlist sorting complete. Time (s): cpu = 00:00:00 ; elapsed = 00:00:00.009 . Memory (MB): peak = 3275.566 ; gain = 0.000

Phase 1.2 IO Placement/ Clock Placement/ Build Placer Device
Phase 1.2 IO Placement/ Clock Placement/ Build Placer Device | Checksum: 163425495

Time (s): cpu = 00:00:02 ; elapsed = 00:00:02 . Memory (MB): peak = 3275.566 ; gain = 0.000

Phase 1.3 Build Placer Netlist Model
Phase 1.3 Build Placer Netlist Model | Checksum: 1cfe24509

Time (s): cpu = 00:00:10 ; elapsed = 00:00:08 . Memory (MB): peak = 3275.566 ; gain = 0.000

Phase 1.4 Constrain Clocks/Macros
Phase 1.4 Constrain Clocks/Macros | Checksum: 1cfe24509

Time (s): cpu = 00:00:10 ; elapsed = 00:00:08 . Memory (MB): peak = 3275.566 ; gain = 0.000
Phase 1 Placer Initialization | Checksum: 1cfe24509

Time (s): cpu = 00:00:10 ; elapsed = 00:00:08 . Memory (MB): peak = 3275.566 ; gain = 0.000

Phase 2 Global Placement

Phase 2.1 Floorplanning
Phase 2.1 Floorplanning | Checksum: 20bebc743

Time (s): cpu = 00:00:12 ; elapsed = 00:00:09 . Memory (MB): peak = 3275.566 ; gain = 0.000

Phase 2.2 Update Timing before SLR Path Opt
Phase 2.2 Update Timing before SLR Path Opt | Checksum: 1b06b48d6

Time (s): cpu = 00:00:14 ; elapsed = 00:00:10 . Memory (MB): peak = 3275.566 ; gain = 0.000

Phase 2.3 Post-Processing in Floorplanning
Phase 2.3 Post-Processing in Floorplanning | Checksum: 1b06b48d6

Time (s): cpu = 00:00:14 ; elapsed = 00:00:10 . Memory (MB): peak = 3275.566 ; gain = 0.000

Phase 2.4 Global Placement Core

Phase 2.4.1 Physical Synthesis In Placer
INFO: [Physopt 32-1044] Break lutnm for timing: one critical 0, two critical 0, total 0, new lutff created 0
INFO: [Physopt 32-1138] End 1 Pass. Optimized 0 net or LUT. Breaked 0 LUT, combined 0 existing LUT and moved 0 existing LUT
INFO: [Physopt 32-76] Pass 1. Identified 1 candidate net for fanout optimization.
INFO: [Physopt 32-81] Processed net dut/comb_0/SEQUANTIAL.COSSET[2].UNATION[1].unite_lists/genblk1.valid_d_reg[2]_0. Replicated 7 times.
INFO: [Physopt 32-232] Optimized 1 net. Created 7 new instances.
INFO: [Physopt 32-775] End 1 Pass. Optimized 1 net or cell. Created 7 new cells, deleted 0 existing cell and moved 0 existing cell
Netlist sorting complete. Time (s): cpu = 00:00:00 ; elapsed = 00:00:00.154 . Memory (MB): peak = 3275.566 ; gain = 0.000
INFO: [Physopt 32-456] No candidate cells for DSP register optimization found in the design.
INFO: [Physopt 32-775] End 2 Pass. Optimized 0 net or cell. Created 0 new cell, deleted 0 existing cell and moved 0 existing cell
INFO: [Physopt 32-1123] No candidate cells found for Shift Register to Pipeline optimization
INFO: [Physopt 32-775] End 1 Pass. Optimized 0 net or cell. Created 0 new cell, deleted 0 existing cell and moved 0 existing cell
INFO: [Physopt 32-775] End 1 Pass. Optimized 98 nets or cells. Created 132 new cells, deleted 0 existing cell and moved 0 existing cell
Netlist sorting complete. Time (s): cpu = 00:00:00 ; elapsed = 00:00:00.102 . Memory (MB): peak = 3275.566 ; gain = 0.000
INFO: [Physopt 32-526] No candidate cells for BRAM register optimization found in the design
INFO: [Physopt 32-775] End 1 Pass. Optimized 0 net or cell. Created 0 new cell, deleted 0 existing cell and moved 0 existing cell
INFO: [Physopt 32-846] No candidate cells for URAM register optimization found in the design
INFO: [Physopt 32-775] End 2 Pass. Optimized 0 net or cell. Created 0 new cell, deleted 0 existing cell and moved 0 existing cell
INFO: [Physopt 32-949] No candidate nets found for dynamic/static region interface net replication
INFO: [Physopt 32-775] End 1 Pass. Optimized 0 net or cell. Created 0 new cell, deleted 0 existing cell and moved 0 existing cell
Netlist sorting complete. Time (s): cpu = 00:00:00 ; elapsed = 00:00:00.016 . Memory (MB): peak = 3275.566 ; gain = 0.000
INFO: [Physopt 32-46] Identified 1 candidate net for critical-cell optimization.
INFO: [Physopt 32-81] Processed net dut/comb_0/SEQUANTIAL.COSSET[2].UNATION[1].unite_lists/genblk1.valid_d_reg[1]_srl8_n_0. Replicated 3 times.
INFO: [Physopt 32-232] Optimized 1 net. Created 3 new instances.
INFO: [Physopt 32-775] End 1 Pass. Optimized 1 net or cell. Created 3 new cells, deleted 0 existing cell and moved 0 existing cell
Netlist sorting complete. Time (s): cpu = 00:00:00 ; elapsed = 00:00:00.020 . Memory (MB): peak = 3275.566 ; gain = 0.000
Netlist sorting complete. Time (s): cpu = 00:00:00 ; elapsed = 00:00:00.016 . Memory (MB): peak = 3275.566 ; gain = 0.000

Summary of Physical Synthesis Optimizations
============================================


-----------------------------------------------------------------------------------------------------------------------------------------------------------
|  Optimization                                     |  Added Cells  |  Removed Cells  |  Optimized Cells/Nets  |  Dont Touch  |  Iterations  |  Elapsed   |
-----------------------------------------------------------------------------------------------------------------------------------------------------------
|  LUT Combining                                    |            0  |              0  |                     0  |           0  |           1  |  00:00:00  |
|  Retime                                           |            0  |              0  |                     0  |           0  |           1  |  00:00:00  |
|  Very High Fanout                                 |            7  |              0  |                     1  |           0  |           1  |  00:00:00  |
|  DSP Register                                     |            0  |              0  |                     0  |           0  |           1  |  00:00:00  |
|  Shift Register to Pipeline                       |            0  |              0  |                     0  |           0  |           1  |  00:00:00  |
|  Shift Register                                   |          132  |              0  |                    98  |           0  |           1  |  00:00:01  |
|  BRAM Register                                    |            0  |              0  |                     0  |           0  |           1  |  00:00:00  |
|  URAM Register                                    |            0  |              0  |                     0  |           0  |           1  |  00:00:00  |
|  Dynamic/Static Region Interface Net Replication  |            0  |              0  |                     0  |           0  |           1  |  00:00:00  |
|  Critical Cell                                    |            3  |              0  |                     1  |           0  |           1  |  00:00:00  |
|  Total                                            |          142  |              0  |                   100  |           0  |          10  |  00:00:01  |
-----------------------------------------------------------------------------------------------------------------------------------------------------------


Phase 2.4.1 Physical Synthesis In Placer | Checksum: 16e86bdc6

Time (s): cpu = 00:00:45 ; elapsed = 00:00:31 . Memory (MB): peak = 3275.566 ; gain = 0.000
Phase 2.4 Global Placement Core | Checksum: 18f082cf5

Time (s): cpu = 00:00:46 ; elapsed = 00:00:31 . Memory (MB): peak = 3275.566 ; gain = 0.000
Phase 2 Global Placement | Checksum: 18f082cf5

Time (s): cpu = 00:00:46 ; elapsed = 00:00:31 . Memory (MB): peak = 3275.566 ; gain = 0.000

Phase 3 Detail Placement

Phase 3.1 Commit Multi Column Macros
Phase 3.1 Commit Multi Column Macros | Checksum: 257e19486

Time (s): cpu = 00:00:48 ; elapsed = 00:00:33 . Memory (MB): peak = 3275.566 ; gain = 0.000

Phase 3.2 Commit Most Macros & LUTRAMs
Phase 3.2 Commit Most Macros & LUTRAMs | Checksum: 1ae61aae2

Time (s): cpu = 00:00:52 ; elapsed = 00:00:36 . Memory (MB): peak = 3275.566 ; gain = 0.000

Phase 3.3 Small Shape DP

Phase 3.3.1 Small Shape Clustering
Phase 3.3.1 Small Shape Clustering | Checksum: 1509f4bda

Time (s): cpu = 00:01:03 ; elapsed = 00:00:44 . Memory (MB): peak = 3275.566 ; gain = 0.000

Phase 3.3.2 DP Optimization
Phase 3.3.2 DP Optimization | Checksum: 1dcc523fb

Time (s): cpu = 00:01:11 ; elapsed = 00:00:49 . Memory (MB): peak = 3275.566 ; gain = 0.000

Phase 3.3.3 Flow Legalize Slice Clusters
Phase 3.3.3 Flow Legalize Slice Clusters | Checksum: 1ae0d425b

Time (s): cpu = 00:01:11 ; elapsed = 00:00:49 . Memory (MB): peak = 3275.566 ; gain = 0.000

Phase 3.3.4 Slice Area Swap

Phase 3.3.4.1 Slice Area Swap Initial
Phase 3.3.4.1 Slice Area Swap Initial | Checksum: 1c2c140bc

Time (s): cpu = 00:01:13 ; elapsed = 00:00:52 . Memory (MB): peak = 3275.566 ; gain = 0.000
Phase 3.3.4 Slice Area Swap | Checksum: 1c2c140bc

Time (s): cpu = 00:01:13 ; elapsed = 00:00:52 . Memory (MB): peak = 3275.566 ; gain = 0.000
Phase 3.3 Small Shape DP | Checksum: cddb9588

Time (s): cpu = 00:01:18 ; elapsed = 00:00:55 . Memory (MB): peak = 3275.566 ; gain = 0.000

Phase 3.4 Re-assign LUT pins
Phase 3.4 Re-assign LUT pins | Checksum: 1657e8070

Time (s): cpu = 00:01:20 ; elapsed = 00:00:57 . Memory (MB): peak = 3275.566 ; gain = 0.000

Phase 3.5 Pipeline Register Optimization
Phase 3.5 Pipeline Register Optimization | Checksum: 1c94bd27f

Time (s): cpu = 00:01:20 ; elapsed = 00:00:57 . Memory (MB): peak = 3275.566 ; gain = 0.000

Phase 3.6 Fast Optimization
Phase 3.6 Fast Optimization | Checksum: 1abf0362e

Time (s): cpu = 00:01:37 ; elapsed = 00:01:11 . Memory (MB): peak = 3275.566 ; gain = 0.000
Phase 3 Detail Placement | Checksum: 1abf0362e

Time (s): cpu = 00:01:37 ; elapsed = 00:01:11 . Memory (MB): peak = 3275.566 ; gain = 0.000

Phase 4 Post Placement Optimization and Clean-Up

Phase 4.1 Post Commit Optimization
INFO: [Timing 38-35] Done setting XDC timing constraints.

Phase 4.1.1 Post Placement Optimization
Post Placement Optimization Initialization | Checksum: 1dc7e020c

Phase 4.1.1.1 BUFG Insertion

Starting Physical Synthesis Task

Phase 1 Physical Synthesis Initialization
INFO: [Physopt 32-721] Multithreading enabled for phys_opt_design using a maximum of 2 CPUs
INFO: [Physopt 32-619] Estimated Timing Summary | WNS=-1.582 | TNS=-11300.826 |
Phase 1 Physical Synthesis Initialization | Checksum: 2095789c2

Time (s): cpu = 00:00:02 ; elapsed = 00:00:00.700 . Memory (MB): peak = 3275.566 ; gain = 0.000
INFO: [Place 46-56] BUFG insertion identified 0 candidate nets. Inserted BUFG: 0, Replicated BUFG Driver: 0, Skipped due to Placement/Routing Conflicts: 0, Skipped due to Timing Degradation: 0, Skipped due to Illegal Netlist: 0.
Ending Physical Synthesis Task | Checksum: 1b676295c

Time (s): cpu = 00:00:02 ; elapsed = 00:00:00.939 . Memory (MB): peak = 3275.566 ; gain = 0.000
Phase 4.1.1.1 BUFG Insertion | Checksum: 1dc7e020c

Time (s): cpu = 00:01:51 ; elapsed = 00:01:20 . Memory (MB): peak = 3275.566 ; gain = 0.000

Phase 4.1.1.2 Post Placement Timing Optimization
INFO: [Place 30-746] Post Placement Timing Summary WNS=-1.297. For the most accurate timing information please run report_timing.
Phase 4.1.1.2 Post Placement Timing Optimization | Checksum: 1e45a59c6

Time (s): cpu = 00:02:36 ; elapsed = 00:02:09 . Memory (MB): peak = 3275.566 ; gain = 0.000

Time (s): cpu = 00:02:36 ; elapsed = 00:02:09 . Memory (MB): peak = 3275.566 ; gain = 0.000
Phase 4.1 Post Commit Optimization | Checksum: 1e45a59c6

Time (s): cpu = 00:02:37 ; elapsed = 00:02:09 . Memory (MB): peak = 3275.566 ; gain = 0.000
Netlist sorting complete. Time (s): cpu = 00:00:00 ; elapsed = 00:00:00.011 . Memory (MB): peak = 3275.566 ; gain = 0.000

Phase 4.2 Post Placement Cleanup
Phase 4.2 Post Placement Cleanup | Checksum: 24719c0b0

Time (s): cpu = 00:02:40 ; elapsed = 00:02:12 . Memory (MB): peak = 3275.566 ; gain = 0.000

Phase 4.3 Placer Reporting

Phase 4.3.1 Print Estimated Congestion
INFO: [Place 30-612] Post-Placement Estimated Congestion 
 ____________________________________________________
|           | Global Congestion | Short Congestion  |
| Direction | Region Size       | Region Size       |
|___________|___________________|___________________|
|      North|                1x1|                8x8|
|___________|___________________|___________________|
|      South|                1x1|                4x4|
|___________|___________________|___________________|
|       East|                1x1|                4x4|
|___________|___________________|___________________|
|       West|                1x1|                4x4|
|___________|___________________|___________________|

Phase 4.3.1 Print Estimated Congestion | Checksum: 24719c0b0

Time (s): cpu = 00:02:40 ; elapsed = 00:02:12 . Memory (MB): peak = 3275.566 ; gain = 0.000
Phase 4.3 Placer Reporting | Checksum: 24719c0b0

Time (s): cpu = 00:02:40 ; elapsed = 00:02:12 . Memory (MB): peak = 3275.566 ; gain = 0.000

Phase 4.4 Final Placement Cleanup
Netlist sorting complete. Time (s): cpu = 00:00:00 ; elapsed = 00:00:00.011 . Memory (MB): peak = 3275.566 ; gain = 0.000

Time (s): cpu = 00:02:40 ; elapsed = 00:02:12 . Memory (MB): peak = 3275.566 ; gain = 0.000
Phase 4 Post Placement Optimization and Clean-Up | Checksum: 2464ad0fe

Time (s): cpu = 00:02:40 ; elapsed = 00:02:12 . Memory (MB): peak = 3275.566 ; gain = 0.000
Ending Placer Task | Checksum: 17a0b6c89

Time (s): cpu = 00:02:41 ; elapsed = 00:02:13 . Memory (MB): peak = 3275.566 ; gain = 0.000
INFO: [Common 17-83] Releasing license: Implementation
70 Infos, 0 Warnings, 0 Critical Warnings and 0 Errors encountered.
place_design completed successfully
place_design: Time (s): cpu = 00:02:44 ; elapsed = 00:02:14 . Memory (MB): peak = 3275.566 ; gain = 0.000
INFO: [Timing 38-480] Writing timing data to binary archive.
Writing XDEF routing.
Writing XDEF routing logical nets.
Writing XDEF routing special nets.
Write XDEF Complete: Time (s): cpu = 00:00:04 ; elapsed = 00:00:01 . Memory (MB): peak = 3275.566 ; gain = 0.000
INFO: [Common 17-1381] The checkpoint 'C:/LRMLD/decoders/RM_16_11/RM_16_11.runs/impl_1/wp_top_placed.dcp' has been generated.
INFO: [runtcl-4] Executing : report_io -file wp_top_io_placed.rpt
report_io: Time (s): cpu = 00:00:00 ; elapsed = 00:00:00.082 . Memory (MB): peak = 3275.566 ; gain = 0.000
INFO: [runtcl-4] Executing : report_utilization -file wp_top_utilization_placed.rpt -pb wp_top_utilization_placed.pb
INFO: [runtcl-4] Executing : report_control_sets -verbose -file wp_top_control_sets_placed.rpt
report_control_sets: Time (s): cpu = 00:00:00 ; elapsed = 00:00:00.070 . Memory (MB): peak = 3275.566 ; gain = 0.000
Command: phys_opt_design
Attempting to get a license for feature 'Implementation' and/or device 'xcku035'
INFO: [Common 17-349] Got license for feature 'Implementation' and/or device 'xcku035'
INFO: [Vivado_Tcl 4-1435] PhysOpt_Tcl_Interface Runtime Before Starting Physical Synthesis Task | CPU: 10.00s |  WALL: 5.58s
Netlist sorting complete. Time (s): cpu = 00:00:00 ; elapsed = 00:00:00.009 . Memory (MB): peak = 3275.566 ; gain = 0.000

Starting Physical Synthesis Task

Phase 1 Physical Synthesis Initialization
INFO: [Physopt 32-721] Multithreading enabled for phys_opt_design using a maximum of 2 CPUs
INFO: [Physopt 32-619] Estimated Timing Summary | WNS=-1.292 | TNS=-11160.783 |
Phase 1 Physical Synthesis Initialization | Checksum: 1aaea31ae

Time (s): cpu = 00:00:05 ; elapsed = 00:00:03 . Memory (MB): peak = 3275.566 ; gain = 0.000
INFO: [Physopt 32-619] Estimated Timing Summary | WNS=-1.292 | TNS=-11160.783 |

Phase 2 DSP Register Optimization
INFO: [Physopt 32-456] No candidate cells for DSP register optimization found in the design.
INFO: [Physopt 32-775] End 2 Pass. Optimized 0 net or cell. Created 0 new cell, deleted 0 existing cell and moved 0 existing cell
Phase 2 DSP Register Optimization | Checksum: 1aaea31ae

Time (s): cpu = 00:00:05 ; elapsed = 00:00:03 . Memory (MB): peak = 3275.566 ; gain = 0.000

Phase 3 Critical Path Optimization
INFO: [Physopt 32-619] Estimated Timing Summary | WNS=-1.292 | TNS=-11160.783 |
INFO: [Physopt 32-702] Processed net dut/comb_8/SEQUANTIAL.COSSET[6].UNATION[3].unite_lists/genblk1.dut/c_slots_r_reg[1]_1553[0]. Optimizations did not improve timing on the net.
INFO: [Physopt 32-663] Processed net dut/comb_8/SEQUANTIAL.COSSET[6].UNATION[3].unite_lists/genblk1.dut/sig_summ_r_reg[4]_1551[2].  Re-placed instance dut/comb_8/SEQUANTIAL.COSSET[6].UNATION[3].unite_lists/genblk1.dut/sig_summ_r_reg[4][2]
INFO: [Physopt 32-735] Processed net dut/comb_8/SEQUANTIAL.COSSET[6].UNATION[3].unite_lists/genblk1.dut/sig_summ_r_reg[4]_1551[2]. Optimization improves timing on the net.
INFO: [Physopt 32-619] Estimated Timing Summary | WNS=-1.292 | TNS=-11161.200 |
INFO: [Physopt 32-702] Processed net dut/top_comb/COSSET[7].unite_lists/genblk1.dut/conc_d_reg[1][2][10]_srl4_n_0. Optimizations did not improve timing on the net.
INFO: [Physopt 32-663] Processed net dut/comb_0/SEQUANTIAL.COSSET[7].merge_tree/gen_layer[1].gen_node[0].merge_inst/genblk2[2].genblk2[0].genblk1[0].cas_l_dut/Q[6].  Re-placed instance dut/comb_0/SEQUANTIAL.COSSET[7].merge_tree/gen_layer[1].gen_node[0].merge_inst/genblk2[2].genblk2[0].genblk1[0].cas_l_dut/o_max_reg[6]
INFO: [Physopt 32-735] Processed net dut/comb_0/SEQUANTIAL.COSSET[7].merge_tree/gen_layer[1].gen_node[0].merge_inst/genblk2[2].genblk2[0].genblk1[0].cas_l_dut/Q[6]. Optimization improves timing on the net.
INFO: [Physopt 32-619] Estimated Timing Summary | WNS=-1.292 | TNS=-11161.589 |
INFO: [Physopt 32-702] Processed net dut/comb_8/SEQUANTIAL.COSSET[1].UNATION[1].unite_lists/genblk1.dut/c_slots_r_reg[2]_2474[0]. Optimizations did not improve timing on the net.
INFO: [Physopt 32-81] Processed net dut/comb_8/SEQUANTIAL.COSSET[1].UNATION[1].unite_lists/genblk1.dut/sig_summ_r_reg[7][1]_0. Replicated 2 times.
INFO: [Physopt 32-735] Processed net dut/comb_8/SEQUANTIAL.COSSET[1].UNATION[1].unite_lists/genblk1.dut/sig_summ_r_reg[7][1]_0. Optimization improves timing on the net.
INFO: [Physopt 32-619] Estimated Timing Summary | WNS=-1.291 | TNS=-11162.494 |
INFO: [Physopt 32-702] Processed net dut/comb_8/SEQUANTIAL.COSSET[0].merge_tree/gen_layer[1].gen_node[0].merge_inst/genblk2[1].genblk1[0].delay_line_dut/dreg_reg[9]. Optimizations did not improve timing on the net.
INFO: [Physopt 32-663] Processed net dut/comb_8/SEQUANTIAL.COSSET[0].merge_tree/gen_layer[0].gen_node[1].merge_inst/genblk2[1].genblk1[0].delay_line_dut/Q[8].  Re-placed instance dut/comb_8/SEQUANTIAL.COSSET[0].merge_tree/gen_layer[0].gen_node[1].merge_inst/genblk2[1].genblk1[0].delay_line_dut/dreg_reg[8]
INFO: [Physopt 32-735] Processed net dut/comb_8/SEQUANTIAL.COSSET[0].merge_tree/gen_layer[0].gen_node[1].merge_inst/genblk2[1].genblk1[0].delay_line_dut/Q[8]. Optimization improves timing on the net.
INFO: [Physopt 32-619] Estimated Timing Summary | WNS=-1.290 | TNS=-11162.372 |
INFO: [Physopt 32-663] Processed net dut/comb_0/SEQUANTIAL.COSSET[7].merge_tree/gen_layer[1].gen_node[0].merge_inst/genblk2[2].genblk2[0].genblk1[0].cas_l_dut/Q[3].  Re-placed instance dut/comb_0/SEQUANTIAL.COSSET[7].merge_tree/gen_layer[1].gen_node[0].merge_inst/genblk2[2].genblk2[0].genblk1[0].cas_l_dut/o_max_reg[3]
INFO: [Physopt 32-735] Processed net dut/comb_0/SEQUANTIAL.COSSET[7].merge_tree/gen_layer[1].gen_node[0].merge_inst/genblk2[2].genblk2[0].genblk1[0].cas_l_dut/Q[3]. Optimization improves timing on the net.
INFO: [Physopt 32-619] Estimated Timing Summary | WNS=-1.289 | TNS=-11162.649 |
INFO: [Physopt 32-702] Processed net dut/comb_8/SEQUANTIAL.COSSET[4].UNATION[0].unite_lists/genblk1.dut/l_slots_r_reg_n_0_[2][1]. Optimizations did not improve timing on the net.
INFO: [Physopt 32-81] Processed net dut/comb_8/SEQUANTIAL.COSSET[0].UNATION[3].unite_lists/genblk1.dut/sig_summ_r_reg[4][0]_0. Replicated 1 times.
INFO: [Physopt 32-735] Processed net dut/comb_8/SEQUANTIAL.COSSET[0].UNATION[3].unite_lists/genblk1.dut/sig_summ_r_reg[4][0]_0. Optimization improves timing on the net.
INFO: [Physopt 32-619] Estimated Timing Summary | WNS=-1.288 | TNS=-11155.597 |
INFO: [Physopt 32-663] Processed net dut/comb_8/SEQUANTIAL.COSSET[7].merge_tree/i_m_r_reg[2][1]_2303[3].  Re-placed instance dut/comb_8/SEQUANTIAL.COSSET[7].merge_tree/i_m_r_reg[2][1][3]
INFO: [Physopt 32-735] Processed net dut/comb_8/SEQUANTIAL.COSSET[7].merge_tree/i_m_r_reg[2][1]_2303[3]. Optimization improves timing on the net.
INFO: [Physopt 32-619] Estimated Timing Summary | WNS=-1.288 | TNS=-11155.716 |
INFO: [Physopt 32-663] Processed net dut/comb_8/SEQUANTIAL.COSSET[7].merge_tree/i_m_r_reg[2][1]_2303[6].  Re-placed instance dut/comb_8/SEQUANTIAL.COSSET[7].merge_tree/i_m_r_reg[2][1][6]
INFO: [Physopt 32-735] Processed net dut/comb_8/SEQUANTIAL.COSSET[7].merge_tree/i_m_r_reg[2][1]_2303[6]. Optimization improves timing on the net.
INFO: [Physopt 32-619] Estimated Timing Summary | WNS=-1.288 | TNS=-11155.982 |
INFO: [Physopt 32-702] Processed net dut/comb_8/SEQUANTIAL.COSSET[4].UNATION[2].unite_lists/genblk1.dut/c_slots_r_reg[2]_1871[6]. Optimizations did not improve timing on the net.
INFO: [Physopt 32-81] Processed net dut/comb_8/SEQUANTIAL.COSSET[0].UNATION[2].unite_lists/genblk1.dut/sig_summ_r_reg[4][0]_0. Replicated 2 times.
INFO: [Physopt 32-735] Processed net dut/comb_8/SEQUANTIAL.COSSET[0].UNATION[2].unite_lists/genblk1.dut/sig_summ_r_reg[4][0]_0. Optimization improves timing on the net.
INFO: [Physopt 32-619] Estimated Timing Summary | WNS=-1.288 | TNS=-11148.652 |
INFO: [Physopt 32-702] Processed net dut/top_comb/COSSET[1].unite_lists/genblk1.dut/conc_d_reg[1][2][14]_srl4_n_0. Optimizations did not improve timing on the net.
INFO: [Physopt 32-663] Processed net dut/comb_0/SEQUANTIAL.COSSET[1].merge_tree/gen_layer[1].gen_node[0].merge_inst/genblk2[2].genblk2[0].genblk1[0].cas_l_dut/Q[0].  Re-placed instance dut/comb_0/SEQUANTIAL.COSSET[1].merge_tree/gen_layer[1].gen_node[0].merge_inst/genblk2[2].genblk2[0].genblk1[0].cas_l_dut/o_max_reg[0]
INFO: [Physopt 32-735] Processed net dut/comb_0/SEQUANTIAL.COSSET[1].merge_tree/gen_layer[1].gen_node[0].merge_inst/genblk2[2].genblk2[0].genblk1[0].cas_l_dut/Q[0]. Optimization improves timing on the net.
INFO: [Physopt 32-619] Estimated Timing Summary | WNS=-1.288 | TNS=-11148.980 |
INFO: [Physopt 32-702] Processed net dut/comb_8/SEQUANTIAL.COSSET[6].merge_tree/gen_layer[1].gen_node[0].merge_inst/genblk2[1].genblk1[0].delay_line_dut/dreg_reg[13]. Optimizations did not improve timing on the net.
INFO: [Physopt 32-663] Processed net dut/comb_8/SEQUANTIAL.COSSET[6].merge_tree/gen_layer[0].gen_node[1].merge_inst/genblk2[1].genblk1[0].delay_line_dut/dreg_reg[15]_0[12].  Re-placed instance dut/comb_8/SEQUANTIAL.COSSET[6].merge_tree/gen_layer[0].gen_node[1].merge_inst/genblk2[1].genblk1[0].delay_line_dut/dreg_reg[14]
INFO: [Physopt 32-735] Processed net dut/comb_8/SEQUANTIAL.COSSET[6].merge_tree/gen_layer[0].gen_node[1].merge_inst/genblk2[1].genblk1[0].delay_line_dut/dreg_reg[15]_0[12]. Optimization improves timing on the net.
INFO: [Physopt 32-619] Estimated Timing Summary | WNS=-1.286 | TNS=-11148.900 |
INFO: [Physopt 32-702] Processed net dut/comb_8/SEQUANTIAL.COSSET[4].UNATION[3].unite_lists/genblk1.dut/c_slots_r_reg[0]_1757[2]. Optimizations did not improve timing on the net.
INFO: [Physopt 32-702] Processed net dut/comb_8/SEQUANTIAL.COSSET[0].UNATION[0].unite_lists/genblk1.dut/sig_summ_r_reg[4][0]_0. Optimizations did not improve timing on the net.
INFO: [Physopt 32-702] Processed net dut/comb_8/SEQUANTIAL.COSSET[4].UNATION[3].unite_lists/genblk1.dut/comp3/sig_summ_r_reg[6][8][0]. Optimizations did not improve timing on the net.
INFO: [Physopt 32-608] Optimized 1 net.  Swapped 52 pins.
INFO: [Physopt 32-735] Processed net dut/comb_8/SEQUANTIAL.COSSET[4].UNATION[3].unite_lists/genblk1.dut/comp3/o_flag0_carry_i_5__295_n_0. Optimization improves timing on the net.
INFO: [Physopt 32-619] Estimated Timing Summary | WNS=-1.286 | TNS=-11147.042 |
INFO: [Physopt 32-702] Processed net dut/comb_8/SEQUANTIAL.COSSET[6].UNATION[0].unite_lists/genblk1.dut/c_slots_r_reg[2]_1517[7]. Optimizations did not improve timing on the net.
INFO: [Physopt 32-663] Processed net dut/comb_8/SEQUANTIAL.COSSET[0].UNATION[2].unite_lists/genblk1.dut/sig_summ_r_reg[6][0]_0.  Re-placed instance dut/comb_8/SEQUANTIAL.COSSET[0].UNATION[2].unite_lists/genblk1.dut/sig_summ_r_reg[6][0]
INFO: [Physopt 32-735] Processed net dut/comb_8/SEQUANTIAL.COSSET[0].UNATION[2].unite_lists/genblk1.dut/sig_summ_r_reg[6][0]_0. Optimization improves timing on the net.
INFO: [Physopt 32-619] Estimated Timing Summary | WNS=-1.286 | TNS=-11146.246 |
INFO: [Physopt 32-663] Processed net dut/comb_8/SEQUANTIAL.COSSET[1].merge_tree/i_m_r_reg[0][1]_2390[2].  Re-placed instance dut/comb_8/SEQUANTIAL.COSSET[1].merge_tree/i_m_r_reg[0][1][2]
INFO: [Physopt 32-735] Processed net dut/comb_8/SEQUANTIAL.COSSET[1].merge_tree/i_m_r_reg[0][1]_2390[2]. Optimization improves timing on the net.
INFO: [Physopt 32-619] Estimated Timing Summary | WNS=-1.286 | TNS=-11146.586 |
INFO: [Physopt 32-702] Processed net dut/comb_8/SEQUANTIAL.COSSET[1].merge_tree/i_m_r_reg[0][1]_2390[3]. Optimizations did not improve timing on the net.
INFO: [Physopt 32-663] Processed net dut/comb_8/SEQUANTIAL.COSSET[1].UNATION[0].unite_lists/genblk1.dut/c_m1_r_reg[1]_2511[3].  Re-placed instance dut/comb_8/SEQUANTIAL.COSSET[1].UNATION[0].unite_lists/genblk1.dut/c_m1_r_reg[1][3]
INFO: [Physopt 32-735] Processed net dut/comb_8/SEQUANTIAL.COSSET[1].UNATION[0].unite_lists/genblk1.dut/c_m1_r_reg[1]_2511[3]. Optimization improves timing on the net.
INFO: [Physopt 32-619] Estimated Timing Summary | WNS=-1.286 | TNS=-11145.577 |
INFO: [Physopt 32-663] Processed net dut/comb_8/SEQUANTIAL.COSSET[5].merge_tree/i_m_r_reg[2][1]_2082[1].  Re-placed instance dut/comb_8/SEQUANTIAL.COSSET[5].merge_tree/i_m_r_reg[2][1][1]
INFO: [Physopt 32-735] Processed net dut/comb_8/SEQUANTIAL.COSSET[5].merge_tree/i_m_r_reg[2][1]_2082[1]. Optimization improves timing on the net.
INFO: [Physopt 32-619] Estimated Timing Summary | WNS=-1.286 | TNS=-11145.614 |
INFO: [Physopt 32-663] Processed net dut/comb_8/SEQUANTIAL.COSSET[5].merge_tree/i_m_r_reg[2][1]_2082[3].  Re-placed instance dut/comb_8/SEQUANTIAL.COSSET[5].merge_tree/i_m_r_reg[2][1][3]
INFO: [Physopt 32-735] Processed net dut/comb_8/SEQUANTIAL.COSSET[5].merge_tree/i_m_r_reg[2][1]_2082[3]. Optimization improves timing on the net.
INFO: [Physopt 32-619] Estimated Timing Summary | WNS=-1.286 | TNS=-11145.645 |
INFO: [Physopt 32-663] Processed net dut/comb_8/SEQUANTIAL.COSSET[5].merge_tree/i_m_r_reg[2][1]_2082[4].  Re-placed instance dut/comb_8/SEQUANTIAL.COSSET[5].merge_tree/i_m_r_reg[2][1][4]
INFO: [Physopt 32-735] Processed net dut/comb_8/SEQUANTIAL.COSSET[5].merge_tree/i_m_r_reg[2][1]_2082[4]. Optimization improves timing on the net.
INFO: [Physopt 32-619] Estimated Timing Summary | WNS=-1.286 | TNS=-11145.742 |
INFO: [Physopt 32-663] Processed net dut/comb_8/SEQUANTIAL.COSSET[5].merge_tree/i_m_r_reg[2][1]_2082[5].  Re-placed instance dut/comb_8/SEQUANTIAL.COSSET[5].merge_tree/i_m_r_reg[2][1][5]
INFO: [Physopt 32-735] Processed net dut/comb_8/SEQUANTIAL.COSSET[5].merge_tree/i_m_r_reg[2][1]_2082[5]. Optimization improves timing on the net.
INFO: [Physopt 32-619] Estimated Timing Summary | WNS=-1.286 | TNS=-11145.774 |
INFO: [Physopt 32-702] Processed net dut/top_comb/COSSET[7].unite_lists/genblk1.dut/conc_d_reg[1][0][14]_srl5_n_0. Optimizations did not improve timing on the net.
INFO: [Physopt 32-663] Processed net dut/comb_0/SEQUANTIAL.COSSET[7].merge_tree/gen_layer[0].gen_node[1].merge_inst/genblk2[1].genblk1[0].delay_line_dut/dreg_reg[15]_0[10].  Re-placed instance dut/comb_0/SEQUANTIAL.COSSET[7].merge_tree/gen_layer[0].gen_node[1].merge_inst/genblk2[1].genblk1[0].delay_line_dut/dreg_reg[12]
INFO: [Physopt 32-735] Processed net dut/comb_0/SEQUANTIAL.COSSET[7].merge_tree/gen_layer[0].gen_node[1].merge_inst/genblk2[1].genblk1[0].delay_line_dut/dreg_reg[15]_0[10]. Optimization improves timing on the net.
INFO: [Physopt 32-619] Estimated Timing Summary | WNS=-1.285 | TNS=-11145.615 |
INFO: [Physopt 32-619] Estimated Timing Summary | WNS=-1.285 | TNS=-11145.615 |
Phase 3 Critical Path Optimization | Checksum: 1aaea31ae

Time (s): cpu = 00:00:12 ; elapsed = 00:00:09 . Memory (MB): peak = 3275.566 ; gain = 0.000

Phase 4 Critical Path Optimization
INFO: [Physopt 32-619] Estimated Timing Summary | WNS=-1.285 | TNS=-11145.615 |
INFO: [Physopt 32-702] Processed net dut/comb_0/SEQUANTIAL.COSSET[4].UNATION[2].unite_lists/genblk1.dut/c_slots_r_reg[2]_655[6]. Optimizations did not improve timing on the net.
INFO: [Physopt 32-81] Processed net dut/comb_0/SEQUANTIAL.COSSET[0].UNATION[2].unite_lists/genblk1.dut/sig_summ_r_reg[4][0]_0. Replicated 1 times.
INFO: [Physopt 32-735] Processed net dut/comb_0/SEQUANTIAL.COSSET[0].UNATION[2].unite_lists/genblk1.dut/sig_summ_r_reg[4][0]_0. Optimization improves timing on the net.
INFO: [Physopt 32-619] Estimated Timing Summary | WNS=-1.284 | TNS=-11144.004 |
INFO: [Physopt 32-702] Processed net dut/comb_8/SEQUANTIAL.COSSET[6].UNATION[3].unite_lists/genblk1.dut/c_slots_r_reg[1]_1553[0]. Optimizations did not improve timing on the net.
INFO: [Physopt 32-663] Processed net dut/comb_8/SEQUANTIAL.COSSET[6].UNATION[3].unite_lists/genblk1.dut/sig_summ_r_reg[4]_1551[4].  Re-placed instance dut/comb_8/SEQUANTIAL.COSSET[6].UNATION[3].unite_lists/genblk1.dut/sig_summ_r_reg[4][4]
INFO: [Physopt 32-735] Processed net dut/comb_8/SEQUANTIAL.COSSET[6].UNATION[3].unite_lists/genblk1.dut/sig_summ_r_reg[4]_1551[4]. Optimization improves timing on the net.
INFO: [Physopt 32-619] Estimated Timing Summary | WNS=-1.284 | TNS=-11144.299 |
INFO: [Physopt 32-702] Processed net dut/comb_0/SEQUANTIAL.COSSET[7].UNATION[0].unite_lists/genblk1.dut/c_slots_r_reg[2]_690[8]. Optimizations did not improve timing on the net.
INFO: [Physopt 32-81] Processed net dut/comb_0/SEQUANTIAL.COSSET[1].UNATION[2].unite_lists/genblk1.dut/sig_summ_r_reg[6][0]_0. Replicated 1 times.
INFO: [Physopt 32-735] Processed net dut/comb_0/SEQUANTIAL.COSSET[1].UNATION[2].unite_lists/genblk1.dut/sig_summ_r_reg[6][0]_0. Optimization improves timing on the net.
INFO: [Physopt 32-619] Estimated Timing Summary | WNS=-1.283 | TNS=-11142.918 |
INFO: [Physopt 32-702] Processed net dut/top_comb/COSSET[2].unite_lists/genblk1.dut/c_slots_r_reg[2]_2675[2]. Optimizations did not improve timing on the net.
INFO: [Physopt 32-663] Processed net dut/top_comb/COSSET[2].unite_lists/genblk1.dut/sig_summ_r_reg[6]_2672[0].  Re-placed instance dut/top_comb/COSSET[2].unite_lists/genblk1.dut/sig_summ_r_reg[6][0]
INFO: [Physopt 32-735] Processed net dut/top_comb/COSSET[2].unite_lists/genblk1.dut/sig_summ_r_reg[6]_2672[0]. Optimization improves timing on the net.
INFO: [Physopt 32-619] Estimated Timing Summary | WNS=-1.283 | TNS=-11139.190 |
INFO: [Physopt 32-702] Processed net dut/top_comb/COSSET[5].unite_lists/genblk1.dut/conc_d_reg[1][3][5]_srl4_n_0. Optimizations did not improve timing on the net.
INFO: [Physopt 32-663] Processed net dut/comb_8/SEQUANTIAL.COSSET[5].merge_tree/gen_layer[1].gen_node[0].merge_inst/genblk2[2].genblk2[0].genblk1[1].cas_l_dut/Q[4].  Re-placed instance dut/comb_8/SEQUANTIAL.COSSET[5].merge_tree/gen_layer[1].gen_node[0].merge_inst/genblk2[2].genblk2[0].genblk1[1].cas_l_dut/o_min_reg[4]
INFO: [Physopt 32-735] Processed net dut/comb_8/SEQUANTIAL.COSSET[5].merge_tree/gen_layer[1].gen_node[0].merge_inst/genblk2[2].genblk2[0].genblk1[1].cas_l_dut/Q[4]. Optimization improves timing on the net.
INFO: [Physopt 32-619] Estimated Timing Summary | WNS=-1.283 | TNS=-11138.703 |
INFO: [Physopt 32-702] Processed net dut/comb_8/SEQUANTIAL.COSSET[7].UNATION[3].unite_lists/genblk1.dut/c_slots_r_reg[0]_2272[4]. Optimizations did not improve timing on the net.
INFO: [Physopt 32-81] Processed net dut/comb_8/SEQUANTIAL.COSSET[1].UNATION[1].unite_lists/genblk1.dut/sig_summ_r_reg[6][0]_0. Replicated 2 times.
INFO: [Physopt 32-735] Processed net dut/comb_8/SEQUANTIAL.COSSET[1].UNATION[1].unite_lists/genblk1.dut/sig_summ_r_reg[6][0]_0. Optimization improves timing on the net.
INFO: [Physopt 32-619] Estimated Timing Summary | WNS=-1.283 | TNS=-11129.844 |
INFO: [Physopt 32-702] Processed net dut/comb_8/SEQUANTIAL.COSSET[0].merge_tree/gen_layer[1].gen_node[0].merge_inst/genblk2[1].genblk1[0].delay_line_dut/dreg_reg[9]. Optimizations did not improve timing on the net.
INFO: [Physopt 32-663] Processed net dut/comb_8/SEQUANTIAL.COSSET[0].merge_tree/gen_layer[0].gen_node[1].merge_inst/genblk2[1].genblk1[0].delay_line_dut/Q[12].  Re-placed instance dut/comb_8/SEQUANTIAL.COSSET[0].merge_tree/gen_layer[0].gen_node[1].merge_inst/genblk2[1].genblk1[0].delay_line_dut/dreg_reg[12]
INFO: [Physopt 32-735] Processed net dut/comb_8/SEQUANTIAL.COSSET[0].merge_tree/gen_layer[0].gen_node[1].merge_inst/genblk2[1].genblk1[0].delay_line_dut/Q[12]. Optimization improves timing on the net.
INFO: [Physopt 32-619] Estimated Timing Summary | WNS=-1.283 | TNS=-11129.106 |
INFO: [Physopt 32-702] Processed net dut/comb_8/SEQUANTIAL.COSSET[6].merge_tree/gen_layer[1].gen_node[0].merge_inst/genblk2[1].genblk1[0].delay_line_dut/dreg_reg[13]. Optimizations did not improve timing on the net.
INFO: [Physopt 32-663] Processed net dut/comb_8/SEQUANTIAL.COSSET[6].merge_tree/gen_layer[0].gen_node[0].merge_inst/genblk2[1].genblk1[0].delay_line_dut/Q[7].  Re-placed instance dut/comb_8/SEQUANTIAL.COSSET[6].merge_tree/gen_layer[0].gen_node[0].merge_inst/genblk2[1].genblk1[0].delay_line_dut/dreg_reg[9]
INFO: [Physopt 32-735] Processed net dut/comb_8/SEQUANTIAL.COSSET[6].merge_tree/gen_layer[0].gen_node[0].merge_inst/genblk2[1].genblk1[0].delay_line_dut/Q[7]. Optimization improves timing on the net.
INFO: [Physopt 32-619] Estimated Timing Summary | WNS=-1.282 | TNS=-11128.739 |
INFO: [Physopt 32-702] Processed net dut/top_comb/COSSET[7].unite_lists/genblk1.dut/conc_d_reg[1][0][6]_srl5_n_0. Optimizations did not improve timing on the net.
INFO: [Physopt 32-663] Processed net dut/comb_8/SEQUANTIAL.COSSET[7].merge_tree/gen_layer[0].gen_node[1].merge_inst/genblk2[1].genblk1[0].delay_line_dut/dreg_reg[15]_0[9].  Re-placed instance dut/comb_8/SEQUANTIAL.COSSET[7].merge_tree/gen_layer[0].gen_node[1].merge_inst/genblk2[1].genblk1[0].delay_line_dut/dreg_reg[11]
INFO: [Physopt 32-735] Processed net dut/comb_8/SEQUANTIAL.COSSET[7].merge_tree/gen_layer[0].gen_node[1].merge_inst/genblk2[1].genblk1[0].delay_line_dut/dreg_reg[15]_0[9]. Optimization improves timing on the net.
INFO: [Physopt 32-619] Estimated Timing Summary | WNS=-1.282 | TNS=-11128.579 |
INFO: [Physopt 32-702] Processed net dut/comb_8/SEQUANTIAL.COSSET[3].UNATION[2].unite_lists/genblk1.dut/sig_summ_r_reg[1]_2192[8]. Optimizations did not improve timing on the net.
INFO: [Physopt 32-81] Processed net dut/comb_8/SEQUANTIAL.COSSET[1].UNATION[1].unite_lists/p_1_in7_in[0]. Replicated 2 times.
INFO: [Physopt 32-735] Processed net dut/comb_8/SEQUANTIAL.COSSET[1].UNATION[1].unite_lists/p_1_in7_in[0]. Optimization improves timing on the net.
INFO: [Physopt 32-619] Estimated Timing Summary | WNS=-1.281 | TNS=-11124.122 |
INFO: [Physopt 32-702] Processed net dut/top_comb/COSSET[7].unite_lists/genblk1.dut/conc_d_reg[1][0][14]_srl5_n_0. Optimizations did not improve timing on the net.
INFO: [Physopt 32-663] Processed net dut/comb_0/SEQUANTIAL.COSSET[7].merge_tree/gen_layer[0].gen_node[1].merge_inst/genblk2[1].genblk1[0].delay_line_dut/dreg_reg[15]_0[6].  Re-placed instance dut/comb_0/SEQUANTIAL.COSSET[7].merge_tree/gen_layer[0].gen_node[1].merge_inst/genblk2[1].genblk1[0].delay_line_dut/dreg_reg[8]
INFO: [Physopt 32-735] Processed net dut/comb_0/SEQUANTIAL.COSSET[7].merge_tree/gen_layer[0].gen_node[1].merge_inst/genblk2[1].genblk1[0].delay_line_dut/dreg_reg[15]_0[6]. Optimization improves timing on the net.
INFO: [Physopt 32-619] Estimated Timing Summary | WNS=-1.279 | TNS=-11122.105 |
INFO: [Physopt 32-702] Processed net dut/top_comb/COSSET[7].unite_lists/genblk1.dut/sig_summ_r_reg[1]_2843[8]. Optimizations did not improve timing on the net.
INFO: [Physopt 32-663] Processed net dut/top_comb/COSSET[7].unite_lists/p_0_in4_in[1].  Re-placed instance dut/top_comb/COSSET[7].unite_lists/metrics1_reg[17]
INFO: [Physopt 32-735] Processed net dut/top_comb/COSSET[7].unite_lists/p_0_in4_in[1]. Optimization improves timing on the net.
INFO: [Physopt 32-619] Estimated Timing Summary | WNS=-1.279 | TNS=-11122.088 |
INFO: [Physopt 32-702] Processed net dut/comb_0/SEQUANTIAL.COSSET[2].UNATION[2].unite_lists/genblk1.dut/c_slots_r_reg[2]_441[0]. Optimizations did not improve timing on the net.
INFO: [Physopt 32-663] Processed net dut/comb_0/SEQUANTIAL.COSSET[0].UNATION[1].unite_lists/genblk1.dut/sig_summ_r_reg[5][1]_0.  Re-placed instance dut/comb_0/SEQUANTIAL.COSSET[0].UNATION[1].unite_lists/genblk1.dut/sig_summ_r_reg[5][1]
INFO: [Physopt 32-735] Processed net dut/comb_0/SEQUANTIAL.COSSET[0].UNATION[1].unite_lists/genblk1.dut/sig_summ_r_reg[5][1]_0. Optimization improves timing on the net.
INFO: [Physopt 32-619] Estimated Timing Summary | WNS=-1.278 | TNS=-11121.859 |
INFO: [Physopt 32-702] Processed net dut/top_comb/COSSET[5].unite_lists/genblk1.dut/conc_d_reg[1][0][7]_srl5_n_0. Optimizations did not improve timing on the net.
INFO: [Physopt 32-663] Processed net dut/comb_8/SEQUANTIAL.COSSET[5].merge_tree/gen_layer[0].gen_node[1].merge_inst/genblk2[1].genblk1[0].delay_line_dut/dreg_reg[15]_0[8].  Re-placed instance dut/comb_8/SEQUANTIAL.COSSET[5].merge_tree/gen_layer[0].gen_node[1].merge_inst/genblk2[1].genblk1[0].delay_line_dut/dreg_reg[10]
INFO: [Physopt 32-735] Processed net dut/comb_8/SEQUANTIAL.COSSET[5].merge_tree/gen_layer[0].gen_node[1].merge_inst/genblk2[1].genblk1[0].delay_line_dut/dreg_reg[15]_0[8]. Optimization improves timing on the net.
INFO: [Physopt 32-619] Estimated Timing Summary | WNS=-1.278 | TNS=-11119.971 |
INFO: [Physopt 32-663] Processed net dut/comb_8/SEQUANTIAL.COSSET[1].merge_tree/i_m_r_reg[3][1]_2387[3].  Re-placed instance dut/comb_8/SEQUANTIAL.COSSET[1].merge_tree/i_m_r_reg[3][1][3]
INFO: [Physopt 32-735] Processed net dut/comb_8/SEQUANTIAL.COSSET[1].merge_tree/i_m_r_reg[3][1]_2387[3]. Optimization improves timing on the net.
INFO: [Physopt 32-619] Estimated Timing Summary | WNS=-1.278 | TNS=-11120.141 |
INFO: [Physopt 32-663] Processed net dut/comb_8/SEQUANTIAL.COSSET[1].merge_tree/i_m_r_reg[3][1]_2387[6].  Re-placed instance dut/comb_8/SEQUANTIAL.COSSET[1].merge_tree/i_m_r_reg[3][1][6]
INFO: [Physopt 32-735] Processed net dut/comb_8/SEQUANTIAL.COSSET[1].merge_tree/i_m_r_reg[3][1]_2387[6]. Optimization improves timing on the net.
INFO: [Physopt 32-619] Estimated Timing Summary | WNS=-1.278 | TNS=-11120.321 |
INFO: [Physopt 32-663] Processed net dut/comb_8/SEQUANTIAL.COSSET[1].merge_tree/i_m_r_reg[3][1]_2387[7].  Re-placed instance dut/comb_8/SEQUANTIAL.COSSET[1].merge_tree/i_m_r_reg[3][1][7]
INFO: [Physopt 32-735] Processed net dut/comb_8/SEQUANTIAL.COSSET[1].merge_tree/i_m_r_reg[3][1]_2387[7]. Optimization improves timing on the net.
INFO: [Physopt 32-619] Estimated Timing Summary | WNS=-1.278 | TNS=-11120.502 |
INFO: [Physopt 32-702] Processed net dut/comb_0/SEQUANTIAL.COSSET[7].UNATION[1].unite_lists/genblk1.dut/c_slots_r_reg[0]_729[8]. Optimizations did not improve timing on the net.
INFO: [Physopt 32-663] Processed net dut/comb_0/SEQUANTIAL.COSSET[1].UNATION[3].unite_lists/genblk1.dut/sig_summ_r_reg[6][0]_0.  Re-placed instance dut/comb_0/SEQUANTIAL.COSSET[1].UNATION[3].unite_lists/genblk1.dut/sig_summ_r_reg[6][0]
INFO: [Physopt 32-735] Processed net dut/comb_0/SEQUANTIAL.COSSET[1].UNATION[3].unite_lists/genblk1.dut/sig_summ_r_reg[6][0]_0. Optimization improves timing on the net.
INFO: [Physopt 32-619] Estimated Timing Summary | WNS=-1.277 | TNS=-11119.453 |
INFO: [Physopt 32-702] Processed net dut/top_comb/COSSET[7].unite_lists/genblk1.dut/conc_d_reg[1][0][6]_srl5_n_0. Optimizations did not improve timing on the net.
INFO: [Physopt 32-663] Processed net dut/comb_8/SEQUANTIAL.COSSET[7].merge_tree/gen_layer[0].gen_node[1].merge_inst/genblk2[1].genblk1[0].delay_line_dut/dreg_reg[15]_0[7].  Re-placed instance dut/comb_8/SEQUANTIAL.COSSET[7].merge_tree/gen_layer[0].gen_node[1].merge_inst/genblk2[1].genblk1[0].delay_line_dut/dreg_reg[9]
INFO: [Physopt 32-735] Processed net dut/comb_8/SEQUANTIAL.COSSET[7].merge_tree/gen_layer[0].gen_node[1].merge_inst/genblk2[1].genblk1[0].delay_line_dut/dreg_reg[15]_0[7]. Optimization improves timing on the net.
INFO: [Physopt 32-619] Estimated Timing Summary | WNS=-1.277 | TNS=-11118.268 |
INFO: [Physopt 32-702] Processed net dut/comb_8/SEQUANTIAL.COSSET[3].UNATION[2].unite_lists/genblk1.dut/c_slots_r_reg[2]_2199[0]. Optimizations did not improve timing on the net.
INFO: [Physopt 32-663] Processed net dut/comb_8/SEQUANTIAL.COSSET[1].UNATION[1].unite_lists/genblk1.dut/sig_summ_r_reg[4][0]_0.  Re-placed instance dut/comb_8/SEQUANTIAL.COSSET[1].UNATION[1].unite_lists/genblk1.dut/sig_summ_r_reg[4][0]
INFO: [Physopt 32-735] Processed net dut/comb_8/SEQUANTIAL.COSSET[1].UNATION[1].unite_lists/genblk1.dut/sig_summ_r_reg[4][0]_0. Optimization improves timing on the net.
INFO: [Physopt 32-619] Estimated Timing Summary | WNS=-1.277 | TNS=-11117.599 |
INFO: [Physopt 32-619] Estimated Timing Summary | WNS=-1.277 | TNS=-11117.599 |
Phase 4 Critical Path Optimization | Checksum: 1aaea31ae

Time (s): cpu = 00:00:18 ; elapsed = 00:00:14 . Memory (MB): peak = 3275.566 ; gain = 0.000
Netlist sorting complete. Time (s): cpu = 00:00:00 ; elapsed = 00:00:00.090 . Memory (MB): peak = 3275.566 ; gain = 0.000
Netlist sorting complete. Time (s): cpu = 00:00:00 ; elapsed = 00:00:00.011 . Memory (MB): peak = 3275.566 ; gain = 0.000
INFO: [Physopt 32-603] Post Physical Optimization Timing Summary | WNS=-1.277 | TNS=-11117.599 |

Summary of Physical Synthesis Optimizations
============================================


-------------------------------------------------------------------------------------------------------------------------------------------------------------
|  Optimization   |  WNS Gain (ns)  |  TNS Gain (ns)  |  Added Cells  |  Removed Cells  |  Optimized Cells/Nets  |  Dont Touch  |  Iterations  |  Elapsed   |
-------------------------------------------------------------------------------------------------------------------------------------------------------------
|  DSP Register   |          0.000  |          0.000  |            0  |              0  |                     0  |           0  |           1  |  00:00:00  |
|  Critical Path  |          0.015  |         43.185  |           11  |              0  |                    40  |           0  |           2  |  00:00:11  |
|  Total          |          0.015  |         43.185  |           11  |              0  |                    40  |           0  |           3  |  00:00:11  |
-------------------------------------------------------------------------------------------------------------------------------------------------------------


Netlist sorting complete. Time (s): cpu = 00:00:00 ; elapsed = 00:00:00.012 . Memory (MB): peak = 3275.566 ; gain = 0.000
Ending Physical Synthesis Task | Checksum: 2938e1270

Time (s): cpu = 00:00:19 ; elapsed = 00:00:14 . Memory (MB): peak = 3275.566 ; gain = 0.000
INFO: [Common 17-83] Releasing license: Implementation
239 Infos, 0 Warnings, 0 Critical Warnings and 0 Errors encountered.
phys_opt_design completed successfully
phys_opt_design: Time (s): cpu = 00:00:29 ; elapsed = 00:00:20 . Memory (MB): peak = 3275.566 ; gain = 0.000
INFO: [Timing 38-480] Writing timing data to binary archive.
Writing XDEF routing.
Writing XDEF routing logical nets.
Writing XDEF routing special nets.
Write XDEF Complete: Time (s): cpu = 00:00:04 ; elapsed = 00:00:01 . Memory (MB): peak = 3275.566 ; gain = 0.000
INFO: [Common 17-1381] The checkpoint 'C:/LRMLD/decoders/RM_16_11/RM_16_11.runs/impl_1/wp_top_physopt.dcp' has been generated.
Command: route_design
Attempting to get a license for feature 'Implementation' and/or device 'xcku035'
INFO: [Common 17-349] Got license for feature 'Implementation' and/or device 'xcku035'
INFO: [DRC 23-27] Running DRC with 2 threads
INFO: [Vivado_Tcl 4-198] DRC finished with 0 Errors
INFO: [Vivado_Tcl 4-199] Please refer to the DRC report (report_drc) for more information.
Running DRC as a precondition to command route_design
INFO: [DRC 23-27] Running DRC with 2 threads
INFO: [Vivado_Tcl 4-198] DRC finished with 0 Errors
INFO: [Vivado_Tcl 4-199] Please refer to the DRC report (report_drc) for more information.


Starting Routing Task
INFO: [Route 35-254] Multithreading enabled for route_design using a maximum of 2 CPUs

Phase 1 Build RT Design
Checksum: PlaceDB: 68c4ed07 ConstDB: 0 ShapeSum: c9972469 RouteDB: da21f9de
Post Restoration Checksum: NetGraph: 28f03a63 NumContArr: 33c27628 Constraints: 8f6cf686 Timing: 0
Phase 1 Build RT Design | Checksum: ec1fa711

Time (s): cpu = 00:01:16 ; elapsed = 00:01:04 . Memory (MB): peak = 3275.566 ; gain = 0.000

Phase 2 Router Initialization

Phase 2.1 Fix Topology Constraints
Phase 2.1 Fix Topology Constraints | Checksum: ec1fa711

Time (s): cpu = 00:01:17 ; elapsed = 00:01:05 . Memory (MB): peak = 3275.566 ; gain = 0.000

Phase 2.2 Pre Route Cleanup
Phase 2.2 Pre Route Cleanup | Checksum: ec1fa711

Time (s): cpu = 00:01:17 ; elapsed = 00:01:05 . Memory (MB): peak = 3275.566 ; gain = 0.000

Phase 2.3 Global Clock Net Routing
 Number of Nodes with overlaps = 0
Phase 2.3 Global Clock Net Routing | Checksum: 137b78ab1

Time (s): cpu = 00:01:19 ; elapsed = 00:01:06 . Memory (MB): peak = 3275.566 ; gain = 0.000

Phase 2.4 Update Timing
Phase 2.4 Update Timing | Checksum: 2918e9594

Time (s): cpu = 00:01:25 ; elapsed = 00:01:10 . Memory (MB): peak = 3275.566 ; gain = 0.000
INFO: [Route 35-416] Intermediate Timing Summary | WNS=-1.219 | TNS=-9847.013| WHS=-0.156 | THS=-7.988 |


Router Utilization Summary
  Global Vertical Routing Utilization    = 0.0104015 %
  Global Horizontal Routing Utilization  = 0.00555067 %
  Routable Net Status*
  *Does not include unroutable nets such as driverless and loadless.
  Run report_route_status for detailed report.
  Number of Failed Nets               = 19743
    (Failed Nets is the sum of unrouted and partially routed nets)
  Number of Unrouted Nets             = 18929
  Number of Partially Routed Nets     = 814
  Number of Node Overlaps             = 34

Phase 2 Router Initialization | Checksum: 26cb6ec5e

Time (s): cpu = 00:01:35 ; elapsed = 00:01:16 . Memory (MB): peak = 3275.566 ; gain = 0.000

Phase 3 Initial Routing

Phase 3.1 Global Routing
Phase 3.1 Global Routing | Checksum: 26cb6ec5e

Time (s): cpu = 00:01:35 ; elapsed = 00:01:16 . Memory (MB): peak = 3275.566 ; gain = 0.000
Phase 3 Initial Routing | Checksum: 21b60837c

Time (s): cpu = 00:01:42 ; elapsed = 00:01:20 . Memory (MB): peak = 3275.566 ; gain = 0.000
INFO: [Route 35-580] Design has 113 pins with tight setup and hold constraints.

The top 5 pins with tight setup and hold constraints:

+====================+===================+===========================================================================================================================================+
| Launch Setup Clock | Launch Hold Clock | Pin                                                                                                                                       |
+====================+===================+===========================================================================================================================================+
| sys_clk_pin        | sys_clk_pin       | dut/comb_8/SEQUANTIAL.COSSET[2].merge_tree/gen_layer[0].gen_node[0].merge_inst/genblk2[2].genblk2[0].genblk1[1].cas_l_dut/o_min_reg[3]/D  |
| sys_clk_pin        | sys_clk_pin       | dut/comb_8/SEQUANTIAL.COSSET[4].merge_tree/gen_layer[0].gen_node[1].merge_inst/genblk2[2].genblk2[0].genblk1[1].cas_l_dut/o_lmin_reg[0]/D |
| sys_clk_pin        | sys_clk_pin       | dut/comb_8/SEQUANTIAL.COSSET[2].merge_tree/i_m_r_reg[2][1][1]/D                                                                           |
| sys_clk_pin        | sys_clk_pin       | dut/top_comb/COSSET[2].unite_lists/genblk1.dut/c_slots_r_reg[1][0]/D                                                                      |
| sys_clk_pin        | sys_clk_pin       | dut/comb_8/SEQUANTIAL.COSSET[4].UNATION[2].unite_lists/genblk1.dut/c_slots_r_reg[2][5]/D                                                  |
+--------------------+-------------------+-------------------------------------------------------------------------------------------------------------------------------------------+

File with complete list of pins: tight_setup_hold_pins.txt


Phase 4 Rip-up And Reroute

Phase 4.1 Global Iteration 0
 Number of Nodes with overlaps = 3125
 Number of Nodes with overlaps = 289
 Number of Nodes with overlaps = 24
 Number of Nodes with overlaps = 5
 Number of Nodes with overlaps = 5
 Number of Nodes with overlaps = 2
 Number of Nodes with overlaps = 0
INFO: [Route 35-416] Intermediate Timing Summary | WNS=-1.464 | TNS=-12664.523| WHS=0.007  | THS=0.000  |

Phase 4.1 Global Iteration 0 | Checksum: 17fab7e38

Time (s): cpu = 00:02:06 ; elapsed = 00:01:35 . Memory (MB): peak = 3275.566 ; gain = 0.000

Phase 4.2 Global Iteration 1
 Number of Nodes with overlaps = 80
 Number of Nodes with overlaps = 20
 Number of Nodes with overlaps = 9
 Number of Nodes with overlaps = 3
 Number of Nodes with overlaps = 1
 Number of Nodes with overlaps = 0
INFO: [Route 35-416] Intermediate Timing Summary | WNS=-1.401 | TNS=-12627.732| WHS=N/A    | THS=N/A    |

Phase 4.2 Global Iteration 1 | Checksum: 264924c9f

Time (s): cpu = 00:02:11 ; elapsed = 00:01:40 . Memory (MB): peak = 3275.566 ; gain = 0.000

Phase 4.3 Global Iteration 2
 Number of Nodes with overlaps = 69
 Number of Nodes with overlaps = 10
 Number of Nodes with overlaps = 1
 Number of Nodes with overlaps = 0
INFO: [Route 35-416] Intermediate Timing Summary | WNS=-1.441 | TNS=-12624.581| WHS=N/A    | THS=N/A    |

Phase 4.3 Global Iteration 2 | Checksum: 26c5f89d5

Time (s): cpu = 00:02:13 ; elapsed = 00:01:42 . Memory (MB): peak = 3275.566 ; gain = 0.000
Phase 4 Rip-up And Reroute | Checksum: 26c5f89d5

Time (s): cpu = 00:02:13 ; elapsed = 00:01:42 . Memory (MB): peak = 3275.566 ; gain = 0.000

Phase 5 Delay and Skew Optimization

Phase 5.1 Delay CleanUp

Phase 5.1.1 Update Timing
Phase 5.1.1 Update Timing | Checksum: 1a32c427d

Time (s): cpu = 00:02:18 ; elapsed = 00:01:45 . Memory (MB): peak = 3275.566 ; gain = 0.000
INFO: [Route 35-416] Intermediate Timing Summary | WNS=-1.401 | TNS=-12627.732| WHS=0.007  | THS=0.000  |

 Number of Nodes with overlaps = 0
Phase 5.1 Delay CleanUp | Checksum: 2902b0b84

Time (s): cpu = 00:02:21 ; elapsed = 00:01:47 . Memory (MB): peak = 3275.566 ; gain = 0.000

Phase 5.2 Clock Skew Optimization
Phase 5.2 Clock Skew Optimization | Checksum: 2902b0b84

Time (s): cpu = 00:02:21 ; elapsed = 00:01:47 . Memory (MB): peak = 3275.566 ; gain = 0.000
Phase 5 Delay and Skew Optimization | Checksum: 2902b0b84

Time (s): cpu = 00:02:21 ; elapsed = 00:01:47 . Memory (MB): peak = 3275.566 ; gain = 0.000

Phase 6 Post Hold Fix

Phase 6.1 Hold Fix Iter

Phase 6.1.1 Update Timing
Phase 6.1.1 Update Timing | Checksum: 265b8058f

Time (s): cpu = 00:02:26 ; elapsed = 00:01:50 . Memory (MB): peak = 3275.566 ; gain = 0.000
INFO: [Route 35-416] Intermediate Timing Summary | WNS=-1.401 | TNS=-12613.650| WHS=0.007  | THS=0.000  |

Phase 6.1 Hold Fix Iter | Checksum: 1a7b1e503

Time (s): cpu = 00:02:27 ; elapsed = 00:01:50 . Memory (MB): peak = 3275.566 ; gain = 0.000
Phase 6 Post Hold Fix | Checksum: 1a7b1e503

Time (s): cpu = 00:02:27 ; elapsed = 00:01:50 . Memory (MB): peak = 3275.566 ; gain = 0.000

Phase 7 Route finalize

Router Utilization Summary
  Global Vertical Routing Utilization    = 1.46672 %
  Global Horizontal Routing Utilization  = 1.15994 %
  Routable Net Status*
  *Does not include unroutable nets such as driverless and loadless.
  Run report_route_status for detailed report.
  Number of Failed Nets               = 0
    (Failed Nets is the sum of unrouted and partially routed nets)
  Number of Unrouted Nets             = 0
  Number of Partially Routed Nets     = 0
  Number of Node Overlaps             = 0

Congestion Report
North Dir 1x1 Area, Max Cong = 63.9831%, No Congested Regions.
South Dir 1x1 Area, Max Cong = 69.1983%, No Congested Regions.
East Dir 1x1 Area, Max Cong = 29.8077%, No Congested Regions.
West Dir 1x1 Area, Max Cong = 65.3846%, No Congested Regions.

------------------------------
Reporting congestion hotspots
------------------------------
Direction: North
----------------
Congested clusters found at Level 0
Effective congestion level: 0 Aspect Ratio: 1 Sparse Ratio: 0
Direction: South
----------------
Congested clusters found at Level 0
Effective congestion level: 0 Aspect Ratio: 1 Sparse Ratio: 0
Direction: East
----------------
Congested clusters found at Level 0
Effective congestion level: 0 Aspect Ratio: 1 Sparse Ratio: 0
Direction: West
----------------
Congested clusters found at Level 0
Effective congestion level: 0 Aspect Ratio: 1 Sparse Ratio: 0

Phase 7 Route finalize | Checksum: 25c681f73

Time (s): cpu = 00:02:28 ; elapsed = 00:01:51 . Memory (MB): peak = 3275.566 ; gain = 0.000

Phase 8 Verifying routed nets

 Verification completed successfully
Phase 8 Verifying routed nets | Checksum: 25c681f73

Time (s): cpu = 00:02:29 ; elapsed = 00:01:51 . Memory (MB): peak = 3275.566 ; gain = 0.000

Phase 9 Depositing Routes
Phase 9 Depositing Routes | Checksum: 25c681f73

Time (s): cpu = 00:02:30 ; elapsed = 00:01:54 . Memory (MB): peak = 3275.566 ; gain = 0.000

Phase 10 Post Router Timing

Phase 10.1 Update Timing
Phase 10.1 Update Timing | Checksum: 1a89b94cf

Time (s): cpu = 00:02:35 ; elapsed = 00:01:57 . Memory (MB): peak = 3275.566 ; gain = 0.000
INFO: [Route 35-57] Estimated Timing Summary | WNS=-1.401 | TNS=-12614.959| WHS=0.030  | THS=0.000  |

WARNING: [Route 35-328] Router estimated timing not met.
Resolution: For a complete and accurate timing signoff, report_timing_summary must be run after route_design. Alternatively, route_design can be run with the -timing_summary option to enable a complete timing signoff at the end of route_design.
Phase 10 Post Router Timing | Checksum: 1a89b94cf

Time (s): cpu = 00:02:35 ; elapsed = 00:01:57 . Memory (MB): peak = 3275.566 ; gain = 0.000
INFO: [Route 35-16] Router Completed Successfully

Time (s): cpu = 00:02:35 ; elapsed = 00:01:57 . Memory (MB): peak = 3275.566 ; gain = 0.000

Routing Is Done.
INFO: [Common 17-83] Releasing license: Implementation
259 Infos, 1 Warnings, 0 Critical Warnings and 0 Errors encountered.
route_design completed successfully
route_design: Time (s): cpu = 00:02:42 ; elapsed = 00:02:01 . Memory (MB): peak = 3275.566 ; gain = 0.000
INFO: [Timing 38-480] Writing timing data to binary archive.
Writing XDEF routing.
Writing XDEF routing logical nets.
Writing XDEF routing special nets.
Write XDEF Complete: Time (s): cpu = 00:00:05 ; elapsed = 00:00:02 . Memory (MB): peak = 3275.566 ; gain = 0.000
INFO: [Common 17-1381] The checkpoint 'C:/LRMLD/decoders/RM_16_11/RM_16_11.runs/impl_1/wp_top_routed.dcp' has been generated.
write_checkpoint: Time (s): cpu = 00:00:09 ; elapsed = 00:00:06 . Memory (MB): peak = 3275.566 ; gain = 0.000
INFO: [runtcl-4] Executing : report_drc -file wp_top_drc_routed.rpt -pb wp_top_drc_routed.pb -rpx wp_top_drc_routed.rpx
Command: report_drc -file wp_top_drc_routed.rpt -pb wp_top_drc_routed.pb -rpx wp_top_drc_routed.rpx
INFO: [IP_Flow 19-1839] IP Catalog is up to date.
INFO: [DRC 23-27] Running DRC with 2 threads
INFO: [Vivado_Tcl 2-168] The results of DRC are in file C:/LRMLD/decoders/RM_16_11/RM_16_11.runs/impl_1/wp_top_drc_routed.rpt.
report_drc completed successfully
report_drc: Time (s): cpu = 00:00:14 ; elapsed = 00:00:07 . Memory (MB): peak = 3275.566 ; gain = 0.000
INFO: [runtcl-4] Executing : report_methodology -file wp_top_methodology_drc_routed.rpt -pb wp_top_methodology_drc_routed.pb -rpx wp_top_methodology_drc_routed.rpx
Command: report_methodology -file wp_top_methodology_drc_routed.rpt -pb wp_top_methodology_drc_routed.pb -rpx wp_top_methodology_drc_routed.rpx
INFO: [Timing 38-35] Done setting XDC timing constraints.
INFO: [DRC 23-133] Running Methodology with 2 threads
INFO: [Vivado_Tcl 2-1520] The results of Report Methodology are in file C:/LRMLD/decoders/RM_16_11/RM_16_11.runs/impl_1/wp_top_methodology_drc_routed.rpt.
report_methodology completed successfully
report_methodology: Time (s): cpu = 00:00:10 ; elapsed = 00:00:06 . Memory (MB): peak = 3275.566 ; gain = 0.000
INFO: [runtcl-4] Executing : report_power -file wp_top_power_routed.rpt -pb wp_top_power_summary_routed.pb -rpx wp_top_power_routed.rpx
Command: report_power -file wp_top_power_routed.rpt -pb wp_top_power_summary_routed.pb -rpx wp_top_power_routed.rpx
INFO: [Timing 38-35] Done setting XDC timing constraints.
Running Vector-less Activity Propagation...

Finished Running Vector-less Activity Propagation
271 Infos, 1 Warnings, 0 Critical Warnings and 0 Errors encountered.
report_power completed successfully
report_power: Time (s): cpu = 00:00:10 ; elapsed = 00:00:06 . Memory (MB): peak = 3275.566 ; gain = 0.000
INFO: [runtcl-4] Executing : report_route_status -file wp_top_route_status.rpt -pb wp_top_route_status.pb
INFO: [runtcl-4] Executing : report_timing_summary -max_paths 10 -report_unconstrained -file wp_top_timing_summary_routed.rpt -pb wp_top_timing_summary_routed.pb -rpx wp_top_timing_summary_routed.rpx -warn_on_violation 
INFO: [Timing 38-91] UpdateTimingParams: Speed grade: -1, Temperature grade: I, Delay Type: min_max.
INFO: [Timing 38-191] Multithreading enabled for timing update using a maximum of 2 CPUs
CRITICAL WARNING: [Timing 38-282] The design failed to meet the timing requirements. Please see the timing summary report for details on the timing violations.
INFO: [runtcl-4] Executing : report_incremental_reuse -file wp_top_incremental_reuse_routed.rpt
INFO: [Vivado_Tcl 4-1062] Incremental flow is disabled. No incremental reuse Info to report.
INFO: [runtcl-4] Executing : report_clock_utilization -file wp_top_clock_utilization_routed.rpt
INFO: [runtcl-4] Executing : report_bus_skew -warn_on_violation -file wp_top_bus_skew_routed.rpt -pb wp_top_bus_skew_routed.pb -rpx wp_top_bus_skew_routed.rpx
INFO: [Timing 38-91] UpdateTimingParams: Speed grade: -1, Temperature grade: I, Delay Type: min_max.
INFO: [Timing 38-191] Multithreading enabled for timing update using a maximum of 2 CPUs
INFO: [Common 17-206] Exiting Vivado at Tue May  5 02:14:46 2026...
