Copyright 1986-2022 Xilinx, Inc. All Rights Reserved.
------------------------------------------------------------------------------------
| Tool Version : Vivado v.2022.1 (win64) Build 3526262 Mon Apr 18 15:48:16 MDT 2022
| Date         : Tue May  5 02:11:51 2026
| Host         : feduuk running 64-bit major release  (build 9200)
| Command      : report_control_sets -verbose -file wp_top_control_sets_placed.rpt
| Design       : wp_top
| Device       : xcku035
------------------------------------------------------------------------------------

Control Set Information

Table of Contents
-----------------
1. Summary
2. Histogram
3. Flip-Flop Distribution
4. Detailed Control Set Information

1. Summary
----------

+----------------------------------------------------------+-------+
|                          Status                          | Count |
+----------------------------------------------------------+-------+
| Total control sets                                       |   200 |
|    Minimum number of control sets                        |   158 |
|    Addition due to synthesis replication                 |     0 |
|    Addition due to physical synthesis replication        |    42 |
| Unused register locations in slices containing registers |   164 |
+----------------------------------------------------------+-------+
* Control sets can be merged at opt_design using control_set_merge or merge_equivalent_drivers
** Run report_qor_suggestions for automated merging and remapping suggestions


2. Histogram
------------

+--------------------+-------+
|       Fanout       | Count |
+--------------------+-------+
| Total control sets |   200 |
| >= 0 to < 4        |    16 |
| >= 4 to < 6        |    49 |
| >= 6 to < 8        |    65 |
| >= 8 to < 10       |    49 |
| >= 10 to < 12      |     0 |
| >= 12 to < 14      |     0 |
| >= 14 to < 16      |     0 |
| >= 16              |    21 |
+--------------------+-------+
* Control sets can be remapped at either synth_design or opt_design


3. Flip-Flop Distribution
-------------------------

+--------------+-----------------------+------------------------+-----------------+--------------+
| Clock Enable | Synchronous Set/Reset | Asynchronous Set/Reset | Total Registers | Total Slices |
+--------------+-----------------------+------------------------+-----------------+--------------+
| No           | No                    | No                     |           15920 |         2516 |
| No           | No                    | Yes                    |               0 |            0 |
| No           | Yes                   | No                     |             291 |           59 |
| Yes          | No                    | No                     |            1316 |          414 |
| Yes          | No                    | Yes                    |               0 |            0 |
| Yes          | Yes                   | No                     |             541 |          141 |
+--------------+-----------------------+------------------------+-----------------+--------------+


4. Detailed Control Set Information
-----------------------------------

+--------------------------------------------------------------------------------+-----------------------------------------------------------------------------------------------+-------------------------------------------------------------------------------------------------+------------------+----------------+--------------+
|                                  Clock Signal                                  |                                         Enable Signal                                         |                                         Set/Reset Signal                                        | Slice Load Count | Bel Load Count | Bels / Slice |
+--------------------------------------------------------------------------------+-----------------------------------------------------------------------------------------------+-------------------------------------------------------------------------------------------------+------------------+----------------+--------------+
|  dut/comb_0/SEQUANTIAL.COSSET[0].UNATION[0].unite_lists/genblk1.dut/sort2/E[0] |                                                                                               |                                                                                                 |                2 |              2 |         1.00 |
|  dut/comb_8/SEQUANTIAL.COSSET[0].UNATION[0].unite_lists/genblk1.dut/sort2/E[0] |                                                                                               |                                                                                                 |                1 |              2 |         2.00 |
|  clk_IBUF_BUFG                                                                 | dut/comb_0/SEQUANTIAL.COSSET[2].UNATION[1].unite_lists/genblk1.valid_d_reg[2]_0_repN_3        | dut/comb_8/SEQUANTIAL.COSSET[1].UNATION[2].unite_lists/genblk1.dut/sort2/genblk1.valid_d_reg[2] |                1 |              2 |         2.00 |
|  dut/comb_8/SEQUANTIAL.COSSET[6].UNATION[2].unite_lists/genblk1.dut/sort2/E[0] |                                                                                               |                                                                                                 |                1 |              3 |         3.00 |
|  dut/comb_0/SEQUANTIAL.COSSET[4].UNATION[3].unite_lists/genblk1.dut/sort2/E[0] |                                                                                               |                                                                                                 |                1 |              3 |         3.00 |
|  dut/comb_0/SEQUANTIAL.COSSET[2].UNATION[2].unite_lists/genblk1.dut/sort2/E[0] |                                                                                               |                                                                                                 |                1 |              3 |         3.00 |
|  dut/comb_0/SEQUANTIAL.COSSET[6].UNATION[2].unite_lists/genblk1.dut/sort2/E[0] |                                                                                               |                                                                                                 |                1 |              3 |         3.00 |
|  dut/comb_0/SEQUANTIAL.COSSET[6].UNATION[0].unite_lists/genblk1.dut/sort2/E[0] |                                                                                               |                                                                                                 |                1 |              3 |         3.00 |
|  dut/comb_0/SEQUANTIAL.COSSET[2].UNATION[3].unite_lists/genblk1.dut/sort2/E[0] |                                                                                               |                                                                                                 |                1 |              3 |         3.00 |
|  dut/comb_0/SEQUANTIAL.COSSET[4].UNATION[0].unite_lists/genblk1.dut/sort2/E[0] |                                                                                               |                                                                                                 |                1 |              3 |         3.00 |
|  dut/comb_8/SEQUANTIAL.COSSET[4].UNATION[3].unite_lists/genblk1.dut/sort2/E[0] |                                                                                               |                                                                                                 |                1 |              3 |         3.00 |
|  dut/comb_8/SEQUANTIAL.COSSET[6].UNATION[0].unite_lists/genblk1.dut/sort2/E[0] |                                                                                               |                                                                                                 |                1 |              3 |         3.00 |
|  dut/comb_8/SEQUANTIAL.COSSET[2].UNATION[2].unite_lists/genblk1.dut/sort2/E[0] |                                                                                               |                                                                                                 |                2 |              3 |         1.50 |
|  dut/comb_8/SEQUANTIAL.COSSET[2].UNATION[3].unite_lists/genblk1.dut/sort2/E[0] |                                                                                               |                                                                                                 |                1 |              3 |         3.00 |
|  dut/comb_8/SEQUANTIAL.COSSET[4].UNATION[0].unite_lists/genblk1.dut/sort2/E[0] |                                                                                               |                                                                                                 |                1 |              3 |         3.00 |
|  clk_IBUF_BUFG                                                                 |                                                                                               | rst_IBUF_inst/O                                                                                 |                3 |              3 |         1.00 |
|  dut/comb_0/SEQUANTIAL.COSSET[2].UNATION[0].unite_lists/genblk1.dut/sort2/E[0] |                                                                                               |                                                                                                 |                2 |              4 |         2.00 |
|  dut/comb_0/SEQUANTIAL.COSSET[2].UNATION[1].unite_lists/genblk1.dut/sort2/E[0] |                                                                                               |                                                                                                 |                1 |              4 |         4.00 |
|  dut/comb_0/SEQUANTIAL.COSSET[3].UNATION[0].unite_lists/genblk1.dut/sort2/E[0] |                                                                                               |                                                                                                 |                1 |              4 |         4.00 |
|  dut/comb_0/SEQUANTIAL.COSSET[3].UNATION[1].unite_lists/genblk1.dut/sort2/E[0] |                                                                                               |                                                                                                 |                2 |              4 |         2.00 |
|  dut/comb_0/SEQUANTIAL.COSSET[3].UNATION[2].unite_lists/genblk1.dut/sort2/E[0] |                                                                                               |                                                                                                 |                2 |              4 |         2.00 |
|  dut/comb_0/SEQUANTIAL.COSSET[3].UNATION[3].unite_lists/genblk1.dut/sort2/E[0] |                                                                                               |                                                                                                 |                1 |              4 |         4.00 |
|  dut/comb_0/SEQUANTIAL.COSSET[4].UNATION[2].unite_lists/genblk1.dut/sort2/E[0] |                                                                                               |                                                                                                 |                1 |              4 |         4.00 |
|  dut/comb_0/SEQUANTIAL.COSSET[4].UNATION[1].unite_lists/genblk1.dut/sort2/E[0] |                                                                                               |                                                                                                 |                2 |              4 |         2.00 |
|  dut/comb_0/SEQUANTIAL.COSSET[5].UNATION[0].unite_lists/genblk1.dut/sort2/E[0] |                                                                                               |                                                                                                 |                2 |              4 |         2.00 |
|  dut/comb_0/SEQUANTIAL.COSSET[5].UNATION[1].unite_lists/genblk1.dut/sort2/E[0] |                                                                                               |                                                                                                 |                1 |              4 |         4.00 |
|  dut/comb_8/SEQUANTIAL.COSSET[3].UNATION[1].unite_lists/genblk1.dut/sort2/E[0] |                                                                                               |                                                                                                 |                1 |              4 |         4.00 |
|  dut/comb_0/SEQUANTIAL.COSSET[6].UNATION[3].unite_lists/genblk1.dut/sort2/E[0] |                                                                                               |                                                                                                 |                3 |              4 |         1.33 |
|  dut/comb_0/SEQUANTIAL.COSSET[7].UNATION[0].unite_lists/genblk1.dut/sort2/E[0] |                                                                                               |                                                                                                 |                1 |              4 |         4.00 |
|  dut/comb_0/SEQUANTIAL.COSSET[7].UNATION[1].unite_lists/genblk1.dut/sort2/E[0] |                                                                                               |                                                                                                 |                1 |              4 |         4.00 |
|  dut/comb_0/SEQUANTIAL.COSSET[7].UNATION[2].unite_lists/genblk1.dut/sort2/E[0] |                                                                                               |                                                                                                 |                2 |              4 |         2.00 |
|  dut/comb_0/SEQUANTIAL.COSSET[7].UNATION[3].unite_lists/genblk1.dut/sort2/E[0] |                                                                                               |                                                                                                 |                1 |              4 |         4.00 |
|  dut/comb_0/SEQUANTIAL.COSSET[1].UNATION[2].unite_lists/genblk1.dut/sort2/E[0] |                                                                                               |                                                                                                 |                2 |              4 |         2.00 |
|  dut/comb_8/SEQUANTIAL.COSSET[7].UNATION[0].unite_lists/genblk1.dut/sort2/E[0] |                                                                                               |                                                                                                 |                1 |              4 |         4.00 |
|  dut/comb_0/SEQUANTIAL.COSSET[5].UNATION[3].unite_lists/genblk1.dut/sort2/E[0] |                                                                                               |                                                                                                 |                1 |              4 |         4.00 |
|  dut/comb_8/SEQUANTIAL.COSSET[5].UNATION[3].unite_lists/genblk1.dut/sort2/E[0] |                                                                                               |                                                                                                 |                1 |              4 |         4.00 |
|  dut/comb_0/SEQUANTIAL.COSSET[0].UNATION[1].unite_lists/genblk1.dut/sort2/E[0] |                                                                                               |                                                                                                 |                1 |              4 |         4.00 |
|  dut/comb_8/SEQUANTIAL.COSSET[0].UNATION[1].unite_lists/genblk1.dut/sort2/E[0] |                                                                                               |                                                                                                 |                1 |              4 |         4.00 |
|  dut/comb_8/SEQUANTIAL.COSSET[6].UNATION[3].unite_lists/genblk1.dut/sort2/E[0] |                                                                                               |                                                                                                 |                1 |              4 |         4.00 |
|  dut/comb_8/SEQUANTIAL.COSSET[0].UNATION[2].unite_lists/genblk1.dut/sort2/E[0] |                                                                                               |                                                                                                 |                1 |              4 |         4.00 |
|  dut/comb_8/SEQUANTIAL.COSSET[1].UNATION[1].unite_lists/genblk1.dut/sort2/E[0] |                                                                                               |                                                                                                 |                2 |              4 |         2.00 |
|  dut/comb_8/SEQUANTIAL.COSSET[0].UNATION[3].unite_lists/genblk1.dut/sort2/E[0] |                                                                                               |                                                                                                 |                2 |              4 |         2.00 |
|  dut/comb_8/SEQUANTIAL.COSSET[1].UNATION[0].unite_lists/genblk1.dut/sort2/E[0] |                                                                                               |                                                                                                 |                2 |              4 |         2.00 |
|  dut/comb_8/SEQUANTIAL.COSSET[2].UNATION[0].unite_lists/genblk1.dut/sort2/E[0] |                                                                                               |                                                                                                 |                1 |              4 |         4.00 |
|  dut/comb_8/SEQUANTIAL.COSSET[1].UNATION[2].unite_lists/genblk1.dut/sort2/E[0] |                                                                                               |                                                                                                 |                3 |              4 |         1.33 |
|  dut/comb_8/SEQUANTIAL.COSSET[1].UNATION[3].unite_lists/genblk1.dut/sort2/E[0] |                                                                                               |                                                                                                 |                2 |              4 |         2.00 |
|  dut/comb_8/SEQUANTIAL.COSSET[2].UNATION[1].unite_lists/genblk1.dut/sort2/E[0] |                                                                                               |                                                                                                 |                1 |              4 |         4.00 |
|  dut/comb_0/SEQUANTIAL.COSSET[0].UNATION[3].unite_lists/genblk1.dut/sort2/E[0] |                                                                                               |                                                                                                 |                2 |              4 |         2.00 |
|  dut/comb_0/SEQUANTIAL.COSSET[1].UNATION[0].unite_lists/genblk1.dut/sort2/E[0] |                                                                                               |                                                                                                 |                1 |              4 |         4.00 |
|  dut/comb_8/SEQUANTIAL.COSSET[3].UNATION[0].unite_lists/genblk1.dut/sort2/E[0] |                                                                                               |                                                                                                 |                2 |              4 |         2.00 |
|  dut/comb_0/SEQUANTIAL.COSSET[0].UNATION[2].unite_lists/genblk1.dut/sort2/E[0] |                                                                                               |                                                                                                 |                1 |              4 |         4.00 |
|  dut/comb_8/SEQUANTIAL.COSSET[3].UNATION[2].unite_lists/genblk1.dut/sort2/E[0] |                                                                                               |                                                                                                 |                1 |              4 |         4.00 |
|  dut/comb_8/SEQUANTIAL.COSSET[3].UNATION[3].unite_lists/genblk1.dut/sort2/E[0] |                                                                                               |                                                                                                 |                1 |              4 |         4.00 |
|  dut/comb_0/SEQUANTIAL.COSSET[1].UNATION[1].unite_lists/genblk1.dut/sort2/E[0] |                                                                                               |                                                                                                 |                1 |              4 |         4.00 |
|  dut/comb_8/SEQUANTIAL.COSSET[4].UNATION[1].unite_lists/genblk1.dut/sort2/E[0] |                                                                                               |                                                                                                 |                2 |              4 |         2.00 |
|  dut/comb_8/SEQUANTIAL.COSSET[4].UNATION[2].unite_lists/genblk1.dut/sort2/E[0] |                                                                                               |                                                                                                 |                2 |              4 |         2.00 |
|  dut/comb_0/SEQUANTIAL.COSSET[5].UNATION[2].unite_lists/genblk1.dut/sort2/E[0] |                                                                                               |                                                                                                 |                1 |              4 |         4.00 |
|  dut/comb_8/SEQUANTIAL.COSSET[5].UNATION[0].unite_lists/genblk1.dut/sort2/E[0] |                                                                                               |                                                                                                 |                2 |              4 |         2.00 |
|  dut/comb_8/SEQUANTIAL.COSSET[5].UNATION[1].unite_lists/genblk1.dut/sort2/E[0] |                                                                                               |                                                                                                 |                1 |              4 |         4.00 |
|  dut/comb_8/SEQUANTIAL.COSSET[5].UNATION[2].unite_lists/genblk1.dut/sort2/E[0] |                                                                                               |                                                                                                 |                1 |              4 |         4.00 |
|  dut/comb_0/SEQUANTIAL.COSSET[1].UNATION[3].unite_lists/genblk1.dut/sort2/E[0] |                                                                                               |                                                                                                 |                2 |              4 |         2.00 |
|  dut/comb_8/SEQUANTIAL.COSSET[7].UNATION[1].unite_lists/genblk1.dut/sort2/E[0] |                                                                                               |                                                                                                 |                1 |              4 |         4.00 |
|  dut/comb_8/SEQUANTIAL.COSSET[7].UNATION[2].unite_lists/genblk1.dut/sort2/E[0] |                                                                                               |                                                                                                 |                2 |              4 |         2.00 |
|  dut/comb_8/SEQUANTIAL.COSSET[7].UNATION[3].unite_lists/genblk1.dut/sort2/E[0] |                                                                                               |                                                                                                 |                1 |              4 |         4.00 |
|  clk_IBUF_BUFG                                                                 | i_v_IBUF_inst/O                                                                               | rst_IBUF_inst/O                                                                                 |                1 |              5 |         5.00 |
|  clk_IBUF_BUFG                                                                 |                                                                                               | dut/make_0/abs_llr_n_0                                                                          |                2 |              6 |         3.00 |
|  clk_IBUF_BUFG                                                                 |                                                                                               | dut/make_0/mismath_reg_n_0_[0][1][2]                                                            |                2 |              6 |         3.00 |
|  clk_IBUF_BUFG                                                                 |                                                                                               | dut/make_0/mismath_reg_n_0_[0][1][0]                                                            |                1 |              6 |         6.00 |
|  clk_IBUF_BUFG                                                                 |                                                                                               | dut/make_0/mismath_reg_n_0_[0][1][3]                                                            |                1 |              6 |         6.00 |
|  clk_IBUF_BUFG                                                                 |                                                                                               | dut/make_0/p_0_in                                                                               |                1 |              6 |         6.00 |
|  clk_IBUF_BUFG                                                                 |                                                                                               | dut/make_0/mismath_reg_n_0_[0][0][2]                                                            |                2 |              6 |         3.00 |
|  clk_IBUF_BUFG                                                                 |                                                                                               | dut/make_0/mismath_reg_n_0_[0][0][0]                                                            |                1 |              6 |         6.00 |
|  clk_IBUF_BUFG                                                                 |                                                                                               | dut/make_0/mismath_reg_n_0_[0][1][1]                                                            |                1 |              6 |         6.00 |
|  clk_IBUF_BUFG                                                                 |                                                                                               | dut/make_0/mismath_reg_n_0_[0][0][1]                                                            |                2 |              6 |         3.00 |
|  clk_IBUF_BUFG                                                                 |                                                                                               | dut/make_12/abs_llr_n_0                                                                         |                2 |              6 |         3.00 |
|  clk_IBUF_BUFG                                                                 |                                                                                               | dut/make_12/abs_llr_inferred__0/i__n_0                                                          |                2 |              6 |         3.00 |
|  clk_IBUF_BUFG                                                                 |                                                                                               | dut/make_12/abs_llr_inferred__2/i__n_0                                                          |                2 |              6 |         3.00 |
|  clk_IBUF_BUFG                                                                 |                                                                                               | dut/make_12/abs_llr_inferred__1/i__n_0                                                          |                2 |              6 |         3.00 |
|  clk_IBUF_BUFG                                                                 |                                                                                               | dut/make_12/p_0_in                                                                              |                1 |              6 |         6.00 |
|  clk_IBUF_BUFG                                                                 |                                                                                               | dut/make_12/mismath_reg_n_0_[0][0][2]                                                           |                2 |              6 |         3.00 |
|  clk_IBUF_BUFG                                                                 |                                                                                               | dut/make_12/mismath_reg_n_0_[0][0][1]                                                           |                2 |              6 |         3.00 |
|  clk_IBUF_BUFG                                                                 |                                                                                               | dut/make_12/mismath_reg_n_0_[0][1][2]                                                           |                1 |              6 |         6.00 |
|  clk_IBUF_BUFG                                                                 |                                                                                               | dut/make_12/mismath_reg_n_0_[0][1][3]                                                           |                1 |              6 |         6.00 |
|  clk_IBUF_BUFG                                                                 |                                                                                               | dut/make_12/mismath_reg_n_0_[0][0][0]                                                           |                2 |              6 |         3.00 |
|  clk_IBUF_BUFG                                                                 |                                                                                               | dut/make_12/mismath_reg_n_0_[0][1][0]                                                           |                2 |              6 |         3.00 |
|  clk_IBUF_BUFG                                                                 |                                                                                               | dut/make_12/mismath_reg_n_0_[0][1][1]                                                           |                1 |              6 |         6.00 |
|  clk_IBUF_BUFG                                                                 |                                                                                               | dut/make_4/abs_llr_n_0                                                                          |                2 |              6 |         3.00 |
|  clk_IBUF_BUFG                                                                 |                                                                                               | dut/make_4/abs_llr_inferred__1/i__n_0                                                           |                2 |              6 |         3.00 |
|  clk_IBUF_BUFG                                                                 |                                                                                               | dut/make_4/abs_llr_inferred__2/i__n_0                                                           |                1 |              6 |         6.00 |
|  clk_IBUF_BUFG                                                                 |                                                                                               | dut/make_4/abs_llr_inferred__0/i__n_0                                                           |                2 |              6 |         3.00 |
|  clk_IBUF_BUFG                                                                 |                                                                                               | dut/make_4/mismath_reg_n_0_[0][1][3]                                                            |                2 |              6 |         3.00 |
|  clk_IBUF_BUFG                                                                 |                                                                                               | dut/make_4/p_0_in                                                                               |                1 |              6 |         6.00 |
|  clk_IBUF_BUFG                                                                 |                                                                                               | dut/make_4/mismath_reg_n_0_[0][0][0]                                                            |                1 |              6 |         6.00 |
|  clk_IBUF_BUFG                                                                 |                                                                                               | dut/make_4/mismath_reg_n_0_[0][1][2]                                                            |                2 |              6 |         3.00 |
|  clk_IBUF_BUFG                                                                 |                                                                                               | dut/make_4/mismath_reg_n_0_[0][1][1]                                                            |                1 |              6 |         6.00 |
|  clk_IBUF_BUFG                                                                 |                                                                                               | dut/make_4/mismath_reg_n_0_[0][0][1]                                                            |                1 |              6 |         6.00 |
|  clk_IBUF_BUFG                                                                 |                                                                                               | dut/make_4/mismath_reg_n_0_[0][0][2]                                                            |                2 |              6 |         3.00 |
|  clk_IBUF_BUFG                                                                 |                                                                                               | dut/make_4/mismath_reg_n_0_[0][1][0]                                                            |                1 |              6 |         6.00 |
|  clk_IBUF_BUFG                                                                 |                                                                                               | dut/make_8/abs_llr_n_0                                                                          |                2 |              6 |         3.00 |
|  clk_IBUF_BUFG                                                                 |                                                                                               | dut/make_8/abs_llr_inferred__2/i__n_0                                                           |                2 |              6 |         3.00 |
|  clk_IBUF_BUFG                                                                 |                                                                                               | dut/make_8/abs_llr_inferred__0/i__n_0                                                           |                2 |              6 |         3.00 |
|  clk_IBUF_BUFG                                                                 |                                                                                               | dut/make_8/abs_llr_inferred__1/i__n_0                                                           |                2 |              6 |         3.00 |
|  clk_IBUF_BUFG                                                                 |                                                                                               | dut/make_8/mismath_reg_n_0_[0][0][0]                                                            |                2 |              6 |         3.00 |
|  clk_IBUF_BUFG                                                                 |                                                                                               | dut/make_8/mismath_reg_n_0_[0][0][2]                                                            |                2 |              6 |         3.00 |
|  clk_IBUF_BUFG                                                                 |                                                                                               | dut/make_8/mismath_reg_n_0_[0][1][0]                                                            |                1 |              6 |         6.00 |
|  clk_IBUF_BUFG                                                                 |                                                                                               | dut/make_8/mismath_reg_n_0_[0][1][1]                                                            |                1 |              6 |         6.00 |
|  clk_IBUF_BUFG                                                                 |                                                                                               | dut/make_8/mismath_reg_n_0_[0][1][3]                                                            |                2 |              6 |         3.00 |
|  clk_IBUF_BUFG                                                                 |                                                                                               | dut/make_8/p_0_in                                                                               |                2 |              6 |         3.00 |
|  clk_IBUF_BUFG                                                                 |                                                                                               | dut/make_8/mismath_reg_n_0_[0][0][1]                                                            |                1 |              6 |         6.00 |
|  clk_IBUF_BUFG                                                                 |                                                                                               | dut/make_8/mismath_reg_n_0_[0][1][2]                                                            |                1 |              6 |         6.00 |
|  clk_IBUF_BUFG                                                                 | dut/comb_0/SEQUANTIAL.COSSET[2].UNATION[1].unite_lists/genblk1.valid_d_reg[2]_0               | dut/comb_8/SEQUANTIAL.COSSET[1].UNATION[2].unite_lists/genblk1.dut/sort2/genblk1.valid_d_reg[2] |                2 |              6 |         3.00 |
|  clk_IBUF_BUFG                                                                 | in_buf[9][5]_i_1_n_0                                                                          | rst_IBUF_inst/O                                                                                 |                1 |              6 |         6.00 |
|  clk_IBUF_BUFG                                                                 | in_buf[13][5]_i_1_n_0                                                                         | rst_IBUF_inst/O                                                                                 |                2 |              6 |         3.00 |
|  clk_IBUF_BUFG                                                                 | in_buf[14][5]_i_1_n_0                                                                         | rst_IBUF_inst/O                                                                                 |                1 |              6 |         6.00 |
|  clk_IBUF_BUFG                                                                 | in_buf[12][5]_i_1_n_0                                                                         | rst_IBUF_inst/O                                                                                 |                1 |              6 |         6.00 |
|  clk_IBUF_BUFG                                                                 | in_buf[1][5]_i_1_n_0                                                                          | rst_IBUF_inst/O                                                                                 |                1 |              6 |         6.00 |
|  clk_IBUF_BUFG                                                                 | in_buf                                                                                        | rst_IBUF_inst/O                                                                                 |                1 |              6 |         6.00 |
|  clk_IBUF_BUFG                                                                 | in_buf[5][5]_i_1_n_0                                                                          | rst_IBUF_inst/O                                                                                 |                1 |              6 |         6.00 |
|  clk_IBUF_BUFG                                                                 | in_buf[8][5]_i_1_n_0                                                                          | rst_IBUF_inst/O                                                                                 |                1 |              6 |         6.00 |
|  clk_IBUF_BUFG                                                                 | in_buf[3][5]_i_1_n_0                                                                          | rst_IBUF_inst/O                                                                                 |                1 |              6 |         6.00 |
|  clk_IBUF_BUFG                                                                 | in_buf[11][5]_i_1_n_0                                                                         | rst_IBUF_inst/O                                                                                 |                1 |              6 |         6.00 |
|  clk_IBUF_BUFG                                                                 | in_buf[6][5]_i_1_n_0                                                                          | rst_IBUF_inst/O                                                                                 |                1 |              6 |         6.00 |
|  clk_IBUF_BUFG                                                                 | in_buf[2][5]_i_1_n_0                                                                          | rst_IBUF_inst/O                                                                                 |                1 |              6 |         6.00 |
|  clk_IBUF_BUFG                                                                 | in_buf[4][5]_i_1_n_0                                                                          | rst_IBUF_inst/O                                                                                 |                1 |              6 |         6.00 |
|  clk_IBUF_BUFG                                                                 | in_buf[10][5]_i_1_n_0                                                                         | rst_IBUF_inst/O                                                                                 |                1 |              6 |         6.00 |
|  clk_IBUF_BUFG                                                                 | in_buf[7][5]_i_1_n_0                                                                          | rst_IBUF_inst/O                                                                                 |                1 |              6 |         6.00 |
|  clk_IBUF_BUFG                                                                 | trigger                                                                                       | rst_IBUF_inst/O                                                                                 |                1 |              6 |         6.00 |
|  clk_IBUF_BUFG                                                                 |                                                                                               | dut/make_0/abs_llr_inferred__0/i__n_0                                                           |                2 |              6 |         3.00 |
|  clk_IBUF_BUFG                                                                 |                                                                                               | dut/make_0/abs_llr_inferred__1/i__n_0                                                           |                2 |              6 |         3.00 |
|  clk_IBUF_BUFG                                                                 |                                                                                               | dut/make_0/abs_llr_inferred__2/i__n_0                                                           |                1 |              6 |         6.00 |
|  clk_IBUF_BUFG                                                                 | dut/top_comb/COSSET[2].unite_lists/E[0]                                                       | dut/top_comb/COSSET[2].unite_lists/genblk1.dut/sort2/genblk1.valid_d_reg[2]                     |                2 |              8 |         4.00 |
|  clk_IBUF_BUFG                                                                 | dut/comb_0/SEQUANTIAL.COSSET[2].UNATION[1].unite_lists/genblk1.valid_d_reg[2]_0               | dut/comb_8/SEQUANTIAL.COSSET[1].UNATION[0].unite_lists/genblk1.dut/sort2/genblk1.valid_d_reg[2] |                2 |              8 |         4.00 |
|  clk_IBUF_BUFG                                                                 | dut/comb_0/SEQUANTIAL.COSSET[2].UNATION[1].unite_lists/genblk1.valid_d_reg[2]_0_repN_6        | dut/comb_0/SEQUANTIAL.COSSET[1].UNATION[2].unite_lists/genblk1.dut/sort2/genblk1.valid_d_reg[2] |                2 |              8 |         4.00 |
|  clk_IBUF_BUFG                                                                 | dut/comb_0/SEQUANTIAL.COSSET[2].UNATION[1].unite_lists/genblk1.valid_d_reg[2]_0_repN_6        | dut/comb_0/SEQUANTIAL.COSSET[1].UNATION[0].unite_lists/genblk1.dut/sort2/genblk1.valid_d_reg[2] |                2 |              8 |         4.00 |
|  clk_IBUF_BUFG                                                                 | dut/comb_0/SEQUANTIAL.COSSET[2].UNATION[1].unite_lists/genblk1.valid_d_reg[2]_0               | dut/comb_8/SEQUANTIAL.COSSET[1].UNATION[3].unite_lists/genblk1.dut/sort2/genblk1.valid_d_reg[2] |                2 |              8 |         4.00 |
|  clk_IBUF_BUFG                                                                 | dut/comb_0/SEQUANTIAL.COSSET[2].UNATION[1].unite_lists/genblk1.valid_d_reg[2]_0               | dut/comb_8/SEQUANTIAL.COSSET[3].UNATION[0].unite_lists/genblk1.dut/sort2/genblk1.valid_d_reg[2] |                2 |              8 |         4.00 |
|  clk_IBUF_BUFG                                                                 | dut/comb_0/SEQUANTIAL.COSSET[2].UNATION[1].unite_lists/genblk1.valid_d_reg[2]_0               | dut/comb_8/SEQUANTIAL.COSSET[5].UNATION[1].unite_lists/genblk1.dut/sort2/genblk1.valid_d_reg[2] |                2 |              8 |         4.00 |
|  clk_IBUF_BUFG                                                                 | dut/comb_0/SEQUANTIAL.COSSET[2].UNATION[1].unite_lists/genblk1.valid_d_reg[2]_0_repN_3        | dut/comb_8/SEQUANTIAL.COSSET[6].UNATION[0].unite_lists/genblk1.dut/sort2/genblk1.valid_d_reg[2] |                1 |              8 |         8.00 |
|  clk_IBUF_BUFG                                                                 | dut/comb_0/SEQUANTIAL.COSSET[2].UNATION[1].unite_lists/genblk1.valid_d_reg[2]_0_repN_3        | dut/comb_8/SEQUANTIAL.COSSET[2].UNATION[1].unite_lists/genblk1.dut/sort2/genblk1.valid_d_reg[2] |                2 |              8 |         4.00 |
|  clk_IBUF_BUFG                                                                 | dut/comb_0/SEQUANTIAL.COSSET[2].UNATION[1].unite_lists/genblk1.valid_d_reg[2]_0_repN_5        | dut/comb_0/SEQUANTIAL.COSSET[5].UNATION[1].unite_lists/genblk1.dut/sort2/genblk1.valid_d_reg[2] |                4 |              8 |         2.00 |
|  clk_IBUF_BUFG                                                                 | dut/top_comb/COSSET[2].unite_lists/E[0]                                                       | dut/top_comb/COSSET[0].unite_lists/genblk1.dut/sort2/genblk1.valid_d_reg[2]                     |                3 |              8 |         2.67 |
|  clk_IBUF_BUFG                                                                 | dut/top_comb/COSSET[2].unite_lists/E[0]                                                       | dut/top_comb/COSSET[6].unite_lists/genblk1.dut/sort2/genblk1.valid_d_reg[2]                     |                2 |              8 |         4.00 |
|  clk_IBUF_BUFG                                                                 | dut/top_comb/COSSET[2].unite_lists/E[0]                                                       | dut/top_comb/COSSET[5].unite_lists/genblk1.dut/sort2/genblk1.valid_d_reg[2]                     |                3 |              8 |         2.67 |
|  clk_IBUF_BUFG                                                                 | dut/top_comb/COSSET[2].unite_lists/E[0]                                                       | dut/top_comb/COSSET[4].unite_lists/genblk1.dut/sort2/genblk1.valid_d_reg[2]                     |                2 |              8 |         4.00 |
|  clk_IBUF_BUFG                                                                 | dut/top_comb/COSSET[2].unite_lists/E[0]                                                       | dut/top_comb/COSSET[7].unite_lists/genblk1.dut/sort2/genblk1.valid_d_reg[2]                     |                2 |              8 |         4.00 |
|  clk_IBUF_BUFG                                                                 | dut/top_comb/COSSET[2].unite_lists/E[0]                                                       | dut/top_comb/COSSET[1].unite_lists/genblk1.dut/sort2/genblk1.valid_d_reg[2]                     |                2 |              8 |         4.00 |
|  clk_IBUF_BUFG                                                                 | dut/comb_0/SEQUANTIAL.COSSET[2].UNATION[1].unite_lists/genblk1.valid_d_reg[2]_0_repN_3        | dut/comb_8/SEQUANTIAL.COSSET[4].UNATION[3].unite_lists/genblk1.dut/sort2/genblk1.valid_d_reg[2] |                2 |              8 |         4.00 |
|  clk_IBUF_BUFG                                                                 | dut/top_comb/COSSET[2].unite_lists/E[0]                                                       | dut/top_comb/COSSET[3].unite_lists/genblk1.dut/sort2/genblk1.valid_d_reg[2]                     |                2 |              8 |         4.00 |
|  clk_IBUF_BUFG                                                                 | dut/comb_0/SEQUANTIAL.COSSET[2].UNATION[1].unite_lists/genblk1.valid_d_reg[2]_0_repN_3        | dut/comb_8/SEQUANTIAL.COSSET[2].UNATION[0].unite_lists/genblk1.dut/sort2/genblk1.valid_d_reg[2] |                1 |              8 |         8.00 |
|  clk_IBUF_BUFG                                                                 | dut/comb_0/SEQUANTIAL.COSSET[2].UNATION[1].unite_lists/genblk1.valid_d_reg[2]_0_repN_6        | dut/comb_0/SEQUANTIAL.COSSET[1].UNATION[1].unite_lists/genblk1.dut/sort2/genblk1.valid_d_reg[2] |                2 |              8 |         4.00 |
|  clk_IBUF_BUFG                                                                 | dut/comb_0/SEQUANTIAL.COSSET[2].UNATION[1].unite_lists/genblk1.valid_d_reg[2]_0_repN_1        | dut/comb_8/SEQUANTIAL.COSSET[6].UNATION[3].unite_lists/genblk1.dut/sort2/genblk1.valid_d_reg[2] |                2 |              8 |         4.00 |
|  clk_IBUF_BUFG                                                                 | dut/comb_0/SEQUANTIAL.COSSET[2].UNATION[1].unite_lists/genblk1.valid_d_reg[2]_0_repN_3        | dut/comb_8/SEQUANTIAL.COSSET[4].UNATION[2].unite_lists/genblk1.dut/sort2/genblk1.valid_d_reg[2] |                2 |              8 |         4.00 |
|  clk_IBUF_BUFG                                                                 | dut/comb_0/SEQUANTIAL.COSSET[2].UNATION[1].unite_lists/genblk1.valid_d_reg[2]_0_repN          | dut/comb_0/SEQUANTIAL.COSSET[2].UNATION[0].unite_lists/genblk1.dut/sort2/genblk1.valid_d_reg[2] |                2 |              8 |         4.00 |
|  clk_IBUF_BUFG                                                                 | dut/comb_0/SEQUANTIAL.COSSET[2].UNATION[1].unite_lists/genblk1.valid_d_reg[2]_0_repN          | dut/comb_0/SEQUANTIAL.COSSET[2].UNATION[1].unite_lists/genblk1.dut/sort2/genblk1.valid_d_reg[2] |                2 |              8 |         4.00 |
|  clk_IBUF_BUFG                                                                 | dut/comb_0/SEQUANTIAL.COSSET[2].UNATION[1].unite_lists/genblk1.valid_d_reg[2]_0_repN          | dut/comb_0/SEQUANTIAL.COSSET[6].UNATION[0].unite_lists/genblk1.dut/sort2/genblk1.valid_d_reg[2] |                2 |              8 |         4.00 |
|  clk_IBUF_BUFG                                                                 | dut/comb_0/SEQUANTIAL.COSSET[2].UNATION[1].unite_lists/genblk1.valid_d_reg[2]_0_repN          | dut/comb_0/SEQUANTIAL.COSSET[6].UNATION[3].unite_lists/genblk1.dut/sort2/genblk1.valid_d_reg[2] |                4 |              8 |         2.00 |
|  clk_IBUF_BUFG                                                                 | dut/comb_0/SEQUANTIAL.COSSET[2].UNATION[1].unite_lists/genblk1.valid_d_reg[2]_0_repN_3        | dut/comb_8/SEQUANTIAL.COSSET[4].UNATION[1].unite_lists/genblk1.dut/sort2/genblk1.valid_d_reg[2] |                3 |              8 |         2.67 |
|  clk_IBUF_BUFG                                                                 | dut/comb_0/SEQUANTIAL.COSSET[2].UNATION[1].unite_lists/genblk1.valid_d_reg[2]_0_repN_2        | dut/comb_0/SEQUANTIAL.COSSET[2].UNATION[3].unite_lists/genblk1.dut/sort2/genblk1.valid_d_reg[2] |                2 |              8 |         4.00 |
|  clk_IBUF_BUFG                                                                 | dut/comb_0/SEQUANTIAL.COSSET[2].UNATION[1].unite_lists/genblk1.valid_d_reg[2]_0_repN_2        | dut/comb_0/SEQUANTIAL.COSSET[4].UNATION[2].unite_lists/genblk1.dut/sort2/genblk1.valid_d_reg[2] |                2 |              8 |         4.00 |
|  clk_IBUF_BUFG                                                                 | dut/comb_0/SEQUANTIAL.COSSET[2].UNATION[1].unite_lists/genblk1.valid_d_reg[2]_0_repN_2        | dut/comb_0/SEQUANTIAL.COSSET[4].UNATION[3].unite_lists/genblk1.dut/sort2/genblk1.valid_d_reg[2] |                2 |              8 |         4.00 |
|  clk_IBUF_BUFG                                                                 | dut/comb_0/SEQUANTIAL.COSSET[2].UNATION[1].unite_lists/genblk1.valid_d_reg[2]_0_repN_2        | dut/comb_0/SEQUANTIAL.COSSET[4].UNATION[1].unite_lists/genblk1.dut/sort2/genblk1.valid_d_reg[2] |                1 |              8 |         8.00 |
|  clk_IBUF_BUFG                                                                 | dut/comb_0/SEQUANTIAL.COSSET[2].UNATION[1].unite_lists/genblk1.valid_d_reg[2]_0_repN_3        | dut/comb_8/SEQUANTIAL.COSSET[2].UNATION[3].unite_lists/genblk1.dut/sort2/genblk1.valid_d_reg[2] |                2 |              8 |         4.00 |
|  clk_IBUF_BUFG                                                                 | dut/comb_0/SEQUANTIAL.COSSET[2].UNATION[1].unite_lists/genblk1.valid_d_reg[2]_0_repN_6        | dut/comb_0/SEQUANTIAL.COSSET[1].UNATION[3].unite_lists/genblk1.dut/sort2/genblk1.valid_d_reg[2] |                2 |              8 |         4.00 |
|  clk_IBUF_BUFG                                                                 | dut/comb_0/SEQUANTIAL.COSSET[2].UNATION[1].unite_lists/genblk1.valid_d_reg[2]_0_repN_6        | dut/comb_0/SEQUANTIAL.COSSET[3].UNATION[0].unite_lists/genblk1.dut/sort2/genblk1.valid_d_reg[2] |                2 |              8 |         4.00 |
|  clk_IBUF_BUFG                                                                 | dut/comb_0/SEQUANTIAL.COSSET[2].UNATION[1].unite_lists/genblk1.valid_d_reg[2]_0_repN_6        | dut/comb_0/SEQUANTIAL.COSSET[3].UNATION[1].unite_lists/genblk1.dut/sort2/genblk1.valid_d_reg[2] |                2 |              8 |         4.00 |
|  clk_IBUF_BUFG                                                                 | dut/comb_0/SEQUANTIAL.COSSET[2].UNATION[1].unite_lists/genblk1.valid_d_reg[2]_0_repN_6        | dut/comb_0/SEQUANTIAL.COSSET[3].UNATION[2].unite_lists/genblk1.dut/sort2/genblk1.valid_d_reg[2] |                3 |              8 |         2.67 |
|  clk_IBUF_BUFG                                                                 | dut/comb_0/SEQUANTIAL.COSSET[2].UNATION[1].unite_lists/genblk1.valid_d_reg[2]_0_repN_6        | dut/comb_0/SEQUANTIAL.COSSET[3].UNATION[3].unite_lists/genblk1.dut/sort2/genblk1.valid_d_reg[2] |                3 |              8 |         2.67 |
|  clk_IBUF_BUFG                                                                 | dut/comb_0/SEQUANTIAL.COSSET[2].UNATION[1].unite_lists/genblk1.valid_d_reg[2]_0_repN_6        | dut/comb_0/SEQUANTIAL.COSSET[5].UNATION[2].unite_lists/genblk1.dut/sort2/genblk1.valid_d_reg[2] |                2 |              8 |         4.00 |
|  clk_IBUF_BUFG                                                                 | dut/comb_0/SEQUANTIAL.COSSET[2].UNATION[1].unite_lists/genblk1.valid_d_reg[2]_0_repN_6        | dut/comb_0/SEQUANTIAL.COSSET[5].UNATION[3].unite_lists/genblk1.dut/sort2/genblk1.valid_d_reg[2] |                3 |              8 |         2.67 |
|  clk_IBUF_BUFG                                                                 | dut/comb_0/SEQUANTIAL.COSSET[2].UNATION[1].unite_lists/genblk1.valid_d_reg[2]_0_repN_6        | dut/comb_0/SEQUANTIAL.COSSET[7].UNATION[2].unite_lists/genblk1.dut/sort2/genblk1.valid_d_reg[2] |                4 |              8 |         2.00 |
|  clk_IBUF_BUFG                                                                 | dut/comb_0/SEQUANTIAL.COSSET[2].UNATION[1].unite_lists/genblk1.valid_d_reg[2]_0_repN_6        | dut/comb_0/SEQUANTIAL.COSSET[7].UNATION[3].unite_lists/genblk1.dut/sort2/genblk1.valid_d_reg[2] |                2 |              8 |         4.00 |
|  clk_IBUF_BUFG                                                                 | dut/comb_0/SEQUANTIAL.COSSET[2].UNATION[1].unite_lists/genblk1.valid_d_reg[2]_0_repN_6        | dut/comb_8/SEQUANTIAL.COSSET[1].UNATION[1].unite_lists/genblk1.dut/sort2/genblk1.valid_d_reg[2] |                2 |              8 |         4.00 |
|  clk_IBUF_BUFG                                                                 | dut/comb_0/SEQUANTIAL.COSSET[2].UNATION[1].unite_lists/genblk1.valid_d_reg[2]_0_repN_6        | dut/comb_8/SEQUANTIAL.COSSET[3].UNATION[1].unite_lists/genblk1.dut/sort2/genblk1.valid_d_reg[2] |                2 |              8 |         4.00 |
|  clk_IBUF_BUFG                                                                 | dut/comb_0/SEQUANTIAL.COSSET[2].UNATION[1].unite_lists/genblk1.valid_d_reg[2]_0_repN_4        | dut/comb_8/SEQUANTIAL.COSSET[5].UNATION[3].unite_lists/genblk1.dut/sort2/genblk1.valid_d_reg[2] |                2 |              8 |         4.00 |
|  clk_IBUF_BUFG                                                                 | dut/comb_0/SEQUANTIAL.COSSET[2].UNATION[1].unite_lists/genblk1.valid_d_reg[2]_0_repN_4        | dut/comb_8/SEQUANTIAL.COSSET[3].UNATION[3].unite_lists/genblk1.dut/sort2/genblk1.valid_d_reg[2] |                2 |              8 |         4.00 |
|  clk_IBUF_BUFG                                                                 | dut/comb_0/SEQUANTIAL.COSSET[2].UNATION[1].unite_lists/genblk1.valid_d_reg[2]_0_repN_4        | dut/comb_8/SEQUANTIAL.COSSET[3].UNATION[2].unite_lists/genblk1.dut/sort2/genblk1.valid_d_reg[2] |                1 |              8 |         8.00 |
|  clk_IBUF_BUFG                                                                 | dut/comb_0/SEQUANTIAL.COSSET[2].UNATION[1].unite_lists/genblk1.valid_d_reg[2]_0               | dut/comb_8/SEQUANTIAL.COSSET[5].UNATION[2].unite_lists/genblk1.dut/sort2/genblk1.valid_d_reg[2] |                2 |              8 |         4.00 |
|  clk_IBUF_BUFG                                                                 | dut/comb_0/SEQUANTIAL.COSSET[2].UNATION[1].unite_lists/genblk1.valid_d_reg[2]_0               | dut/comb_8/SEQUANTIAL.COSSET[7].UNATION[2].unite_lists/genblk1.dut/sort2/genblk1.valid_d_reg[2] |                3 |              8 |         2.67 |
|  clk_IBUF_BUFG                                                                 | dut/comb_0/SEQUANTIAL.COSSET[2].UNATION[1].unite_lists/genblk1.valid_d_reg[2]_0               | dut/comb_8/SEQUANTIAL.COSSET[7].UNATION[3].unite_lists/genblk1.dut/sort2/genblk1.valid_d_reg[2] |                2 |              8 |         4.00 |
|  dut/top_comb/COSSET[4].unite_lists/genblk1.dut/sort2/l_m1_r_reg[1][1][0]      |                                                                                               |                                                                                                 |                4 |             16 |         4.00 |
|  dut/top_comb/COSSET[5].unite_lists/genblk1.dut/sort2/l_m1_r_reg[1][1][0]      |                                                                                               |                                                                                                 |                5 |             16 |         3.20 |
|  dut/top_comb/COSSET[0].unite_lists/genblk1.dut/sort2/l_m1_r_reg[1][1][0]      |                                                                                               |                                                                                                 |                4 |             16 |         4.00 |
|  dut/top_comb/COSSET[3].unite_lists/genblk1.dut/sort2/l_m1_r_reg[1][1][0]      |                                                                                               |                                                                                                 |               11 |             16 |         1.45 |
|  clk_IBUF_BUFG                                                                 | dut/top_comb/merge_tree/gen_layer[2].gen_node[0].merge_inst/active_reg[0]                     | rst_IBUF_inst/O                                                                                 |                5 |             16 |         3.20 |
|  dut/top_comb/COSSET[6].unite_lists/genblk1.dut/sort2/l_m1_r_reg[1][1][0]      |                                                                                               |                                                                                                 |                7 |             16 |         2.29 |
|  dut/top_comb/COSSET[7].unite_lists/genblk1.dut/sort2/l_m1_r_reg[1][1][0]      |                                                                                               |                                                                                                 |                6 |             16 |         2.67 |
|  dut/top_comb/COSSET[1].unite_lists/genblk1.dut/sort2/l_m1_r_reg[1][1][0]      |                                                                                               |                                                                                                 |                5 |             16 |         3.20 |
|  dut/top_comb/COSSET[2].unite_lists/genblk1.dut/sort2/l_m1_r_reg[1][1][0]      |                                                                                               |                                                                                                 |                6 |             16 |         2.67 |
|  clk_IBUF_BUFG                                                                 | dut/comb_0/SEQUANTIAL.COSSET[2].UNATION[1].unite_lists/genblk1.valid_d_reg[2]_0_repN_6        |                                                                                                 |               10 |             19 |         1.90 |
|  clk_IBUF_BUFG                                                                 | active_reg_n_0                                                                                | rst_IBUF_inst/O                                                                                 |                8 |             24 |         3.00 |
|  clk_IBUF_BUFG                                                                 | dut/comb_0/SEQUANTIAL.COSSET[2].UNATION[1].unite_lists/genblk1.valid_d_reg[2]_0               |                                                                                                 |               19 |             36 |         1.89 |
|  clk_IBUF_BUFG                                                                 | dut/top_comb/merge_tree/gen_layer[2].gen_node[0].merge_inst/genblk2[1].valid_pipe_reg[2]_0[0] |                                                                                                 |               23 |             48 |         2.09 |
|  clk_IBUF_BUFG                                                                 | dut/comb_0/SEQUANTIAL.COSSET[2].UNATION[1].unite_lists/genblk1.valid_d_reg[2]_0_repN_1        |                                                                                                 |               23 |             81 |         3.52 |
|  clk_IBUF_BUFG                                                                 | dut/comb_0/SEQUANTIAL.COSSET[2].UNATION[1].unite_lists/genblk1.valid_d_reg[2]_0_repN_2        |                                                                                                 |               19 |             98 |         5.16 |
|  clk_IBUF_BUFG                                                                 | dut/comb_0/SEQUANTIAL.COSSET[2].UNATION[1].unite_lists/genblk1.valid_d_reg[2]_0_repN_3        |                                                                                                 |               33 |            116 |         3.52 |
|  clk_IBUF_BUFG                                                                 | dut/comb_0/SEQUANTIAL.COSSET[2].UNATION[1].unite_lists/genblk1.valid_d_reg[2]_0_repN          |                                                                                                 |               45 |            173 |         3.84 |
|  clk_IBUF_BUFG                                                                 | dut/comb_0/SEQUANTIAL.COSSET[2].UNATION[1].unite_lists/genblk1.valid_d_reg[2]_0_repN_4        |                                                                                                 |               47 |            205 |         4.36 |
|  clk_IBUF_BUFG                                                                 | dut/comb_0/SEQUANTIAL.COSSET[2].UNATION[1].unite_lists/genblk1.valid_d_reg[2]_0_repN_5        |                                                                                                 |               60 |            220 |         3.67 |
|  clk_IBUF_BUFG                                                                 | dut/top_comb/COSSET[2].unite_lists/E[0]                                                       |                                                                                                 |              145 |            320 |         2.21 |
|  clk_IBUF_BUFG                                                                 |                                                                                               |                                                                                                 |             2534 |          16587 |         6.55 |
+--------------------------------------------------------------------------------+-----------------------------------------------------------------------------------------------+-------------------------------------------------------------------------------------------------+------------------+----------------+--------------+


