Copyright 1986-2022 Xilinx, Inc. All Rights Reserved.
----------------------------------------------------------------------------------------------------------------------------------------
| Tool Version     : Vivado v.2022.1 (win64) Build 3526262 Mon Apr 18 15:48:16 MDT 2022
| Date             : Tue May  5 02:14:42 2026
| Host             : feduuk running 64-bit major release  (build 9200)
| Command          : report_power -file wp_top_power_routed.rpt -pb wp_top_power_summary_routed.pb -rpx wp_top_power_routed.rpx
| Design           : wp_top
| Device           : xcku035-fbva676-1-i
| Design State     : routed
| Grade            : industrial
| Process          : typical
| Characterization : Production
----------------------------------------------------------------------------------------------------------------------------------------

Power Report

Table of Contents
-----------------
1. Summary
1.1 On-Chip Components
1.2 Power Supply Summary
1.3 Confidence Level
2. Settings
2.1 Environment
2.2 Clock Constraints
3. Detailed Reports
3.1 By Hierarchy

1. Summary
----------

+--------------------------+--------------+
| Total On-Chip Power (W)  | 3.717        |
| Design Power Budget (W)  | Unspecified* |
| Power Budget Margin (W)  | NA           |
| Dynamic (W)              | 3.203        |
| Device Static (W)        | 0.514        |
| Effective TJA (C/W)      | 1.9          |
| Max Ambient (C)          | 93.1         |
| Junction Temperature (C) | 31.9         |
| Confidence Level         | Low          |
| Setting File             | ---          |
| Simulation Activity File | ---          |
| Design Nets Matched      | NA           |
+--------------------------+--------------+
* Specify Design Power Budget using, set_operating_conditions -design_power_budget <value in Watts>


1.1 On-Chip Components
----------------------

+-------------------------+-----------+----------+-----------+-----------------+
| On-Chip                 | Power (W) | Used     | Available | Utilization (%) |
+-------------------------+-----------+----------+-----------+-----------------+
| Clocks                  |     0.512 |        3 |       --- |             --- |
| CLB Logic               |     1.348 |    44916 |       --- |             --- |
|   LUT as Logic          |     1.000 |    17914 |    203128 |            8.82 |
|   LUT as Shift Register |     0.202 |      963 |    112800 |            0.85 |
|   Register              |     0.128 |    18079 |    406256 |            4.45 |
|   CARRY8                |     0.018 |     1649 |     30300 |            5.44 |
|   F7/F8 Muxes           |    <0.001 |      630 |    242400 |            0.26 |
|   Others                |     0.000 |     2299 |       --- |             --- |
| Signals                 |     1.266 |    19811 |       --- |             --- |
| I/O                     |     0.077 |       34 |       312 |           10.90 |
| Static Power            |     0.514 |          |           |                 |
| Total                   |     3.717 |          |           |                 |
+-------------------------+-----------+----------+-----------+-----------------+


1.2 Power Supply Summary
------------------------

+------------+-------------+-----------+-------------+------------+-------------+-------------+------------+
| Source     | Voltage (V) | Total (A) | Dynamic (A) | Static (A) | Powerup (A) | Budget (A)  | Margin (A) |
+------------+-------------+-----------+-------------+------------+-------------+-------------+------------+
| Vccint     |       0.950 |     3.466 |       3.290 |      0.176 |       NA    | Unspecified | NA         |
| Vccaux     |       1.800 |     0.098 |       0.000 |      0.098 |       NA    | Unspecified | NA         |
| Vccaux_io  |       1.800 |     0.076 |       0.011 |      0.065 |       NA    | Unspecified | NA         |
| Vccint_io  |       0.950 |     0.022 |       0.004 |      0.019 |       NA    | Unspecified | NA         |
| Vcco33     |       3.300 |     0.003 |       0.003 |      0.000 |       NA    | Unspecified | NA         |
| Vcco25     |       2.500 |     0.000 |       0.000 |      0.000 |       NA    | Unspecified | NA         |
| Vcco18     |       1.800 |     0.025 |       0.025 |      0.000 |       NA    | Unspecified | NA         |
| Vcco15     |       1.500 |     0.000 |       0.000 |      0.000 |       NA    | Unspecified | NA         |
| Vcco135    |       1.350 |     0.000 |       0.000 |      0.000 |       NA    | Unspecified | NA         |
| Vcco12     |       1.200 |     0.000 |       0.000 |      0.000 |       NA    | Unspecified | NA         |
| Vcco10     |       1.000 |     0.000 |       0.000 |      0.000 |       NA    | Unspecified | NA         |
| Vccbram    |       0.950 |     0.012 |       0.000 |      0.012 |       NA    | Unspecified | NA         |
| MGTAVcc    |       1.000 |     0.000 |       0.000 |      0.000 |       NA    | Unspecified | NA         |
| MGTAVtt    |       1.200 |     0.000 |       0.000 |      0.000 |       NA    | Unspecified | NA         |
| MGTVccaux  |       1.800 |     0.000 |       0.000 |      0.000 |       NA    | Unspecified | NA         |
| Vccadc     |       1.800 |     0.014 |       0.000 |      0.014 |       NA    | Unspecified | NA         |
| MGTYVccaux |       1.800 |     0.000 |       0.000 |      0.000 |       NA    | Unspecified | NA         |
| MGTYAVcc   |       1.000 |     0.000 |       0.000 |      0.000 |       NA    | Unspecified | NA         |
| MGTYAVtt   |       1.200 |     0.000 |       0.000 |      0.000 |       NA    | Unspecified | NA         |
+------------+-------------+-----------+-------------+------------+-------------+-------------+------------+


1.3 Confidence Level
--------------------

+-----------------------------+------------+--------------------------------------------------------+------------------------------------------------------------------------------------------------------------+
| User Input Data             | Confidence | Details                                                | Action                                                                                                     |
+-----------------------------+------------+--------------------------------------------------------+------------------------------------------------------------------------------------------------------------+
| Design implementation state | High       | Design is routed                                       |                                                                                                            |
| Clock nodes activity        | High       | User specified more than 95% of clocks                 |                                                                                                            |
| I/O nodes activity          | Low        | More than 75% of inputs are missing user specification | Provide missing input activity with simulation results or by editing the "By Resource Type -> I/Os" view   |
| Internal nodes activity     | Medium     | User specified less than 25% of internal nodes         | Provide missing internal nodes activity with simulation results or by editing the "By Resource Type" views |
| Device models               | High       | Device models are Production                           |                                                                                                            |
|                             |            |                                                        |                                                                                                            |
| Overall confidence level    | Low        |                                                        |                                                                                                            |
+-----------------------------+------------+--------------------------------------------------------+------------------------------------------------------------------------------------------------------------+


2. Settings
-----------

2.1 Environment
---------------

+-----------------------+--------------------------+
| Ambient Temp (C)      | 25.0                     |
| ThetaJA (C/W)         | 1.9                      |
| Airflow (LFM)         | 250                      |
| Heat Sink             | medium (Medium Profile)  |
| ThetaSA (C/W)         | 3.4                      |
| Board Selection       | medium (10"x10")         |
| # of Board Layers     | 12to15 (12 to 15 Layers) |
| Board Temperature (C) | 25.0                     |
+-----------------------+--------------------------+


2.2 Clock Constraints
---------------------

+-------------+--------+-----------------+
| Clock       | Domain | Constraint (ns) |
+-------------+--------+-----------------+
| sys_clk_pin | clk    |             1.0 |
+-------------+--------+-----------------+


3. Detailed Reports
-------------------

3.1 By Hierarchy
----------------

+---------------------------------------------------+-----------+
| Name                                              | Power (W) |
+---------------------------------------------------+-----------+
| wp_top                                            |     3.203 |
|   clk_IBUF_inst                                   |     0.011 |
|   dut                                             |     3.112 |
|     comb_0                                        |     1.282 |
|       SEQUANTIAL.COSSET[0].UNATION[0].unite_lists |     0.063 |
|       SEQUANTIAL.COSSET[0].UNATION[1].unite_lists |     0.058 |
|       SEQUANTIAL.COSSET[0].UNATION[2].unite_lists |     0.062 |
|       SEQUANTIAL.COSSET[0].UNATION[3].unite_lists |     0.062 |
|       SEQUANTIAL.COSSET[0].merge_tree             |     0.015 |
|       SEQUANTIAL.COSSET[1].UNATION[0].unite_lists |     0.065 |
|       SEQUANTIAL.COSSET[1].UNATION[1].unite_lists |     0.064 |
|       SEQUANTIAL.COSSET[1].UNATION[2].unite_lists |     0.066 |
|       SEQUANTIAL.COSSET[1].UNATION[3].unite_lists |     0.065 |
|       SEQUANTIAL.COSSET[1].merge_tree             |     0.015 |
|       SEQUANTIAL.COSSET[2].UNATION[0].unite_lists |     0.028 |
|       SEQUANTIAL.COSSET[2].UNATION[1].unite_lists |     0.033 |
|       SEQUANTIAL.COSSET[2].UNATION[2].unite_lists |     0.028 |
|       SEQUANTIAL.COSSET[2].UNATION[3].unite_lists |     0.028 |
|       SEQUANTIAL.COSSET[2].merge_tree             |     0.014 |
|       SEQUANTIAL.COSSET[3].UNATION[0].unite_lists |     0.031 |
|       SEQUANTIAL.COSSET[3].UNATION[1].unite_lists |     0.029 |
|       SEQUANTIAL.COSSET[3].UNATION[2].unite_lists |     0.028 |
|       SEQUANTIAL.COSSET[3].UNATION[3].unite_lists |     0.030 |
|       SEQUANTIAL.COSSET[3].merge_tree             |     0.014 |
|       SEQUANTIAL.COSSET[4].UNATION[0].unite_lists |     0.027 |
|       SEQUANTIAL.COSSET[4].UNATION[1].unite_lists |     0.030 |
|       SEQUANTIAL.COSSET[4].UNATION[2].unite_lists |     0.029 |
|       SEQUANTIAL.COSSET[4].UNATION[3].unite_lists |     0.028 |
|       SEQUANTIAL.COSSET[4].merge_tree             |     0.014 |
|       SEQUANTIAL.COSSET[5].UNATION[0].unite_lists |     0.029 |
|       SEQUANTIAL.COSSET[5].UNATION[1].unite_lists |     0.029 |
|       SEQUANTIAL.COSSET[5].UNATION[2].unite_lists |     0.029 |
|       SEQUANTIAL.COSSET[5].UNATION[3].unite_lists |     0.028 |
|       SEQUANTIAL.COSSET[5].merge_tree             |     0.014 |
|       SEQUANTIAL.COSSET[6].UNATION[0].unite_lists |     0.028 |
|       SEQUANTIAL.COSSET[6].UNATION[2].unite_lists |     0.027 |
|       SEQUANTIAL.COSSET[6].UNATION[3].unite_lists |     0.029 |
|       SEQUANTIAL.COSSET[6].merge_tree             |     0.013 |
|       SEQUANTIAL.COSSET[7].UNATION[0].unite_lists |     0.029 |
|       SEQUANTIAL.COSSET[7].UNATION[1].unite_lists |     0.029 |
|       SEQUANTIAL.COSSET[7].UNATION[2].unite_lists |     0.029 |
|       SEQUANTIAL.COSSET[7].UNATION[3].unite_lists |     0.028 |
|       SEQUANTIAL.COSSET[7].merge_tree             |     0.014 |
|     comb_8                                        |     1.275 |
|       SEQUANTIAL.COSSET[0].UNATION[0].unite_lists |     0.061 |
|       SEQUANTIAL.COSSET[0].UNATION[1].unite_lists |     0.059 |
|       SEQUANTIAL.COSSET[0].UNATION[2].unite_lists |     0.063 |
|       SEQUANTIAL.COSSET[0].UNATION[3].unite_lists |     0.062 |
|       SEQUANTIAL.COSSET[0].merge_tree             |     0.015 |
|       SEQUANTIAL.COSSET[1].UNATION[0].unite_lists |     0.065 |
|       SEQUANTIAL.COSSET[1].UNATION[1].unite_lists |     0.066 |
|       SEQUANTIAL.COSSET[1].UNATION[2].unite_lists |     0.063 |
|       SEQUANTIAL.COSSET[1].UNATION[3].unite_lists |     0.062 |
|       SEQUANTIAL.COSSET[1].merge_tree             |     0.015 |
|       SEQUANTIAL.COSSET[2].UNATION[0].unite_lists |     0.028 |
|       SEQUANTIAL.COSSET[2].UNATION[1].unite_lists |     0.029 |
|       SEQUANTIAL.COSSET[2].UNATION[2].unite_lists |     0.030 |
|       SEQUANTIAL.COSSET[2].UNATION[3].unite_lists |     0.029 |
|       SEQUANTIAL.COSSET[2].merge_tree             |     0.014 |
|       SEQUANTIAL.COSSET[3].UNATION[0].unite_lists |     0.028 |
|       SEQUANTIAL.COSSET[3].UNATION[1].unite_lists |     0.028 |
|       SEQUANTIAL.COSSET[3].UNATION[2].unite_lists |     0.029 |
|       SEQUANTIAL.COSSET[3].UNATION[3].unite_lists |     0.028 |
|       SEQUANTIAL.COSSET[3].merge_tree             |     0.015 |
|       SEQUANTIAL.COSSET[4].UNATION[0].unite_lists |     0.028 |
|       SEQUANTIAL.COSSET[4].UNATION[1].unite_lists |     0.031 |
|       SEQUANTIAL.COSSET[4].UNATION[2].unite_lists |     0.029 |
|       SEQUANTIAL.COSSET[4].UNATION[3].unite_lists |     0.028 |
|       SEQUANTIAL.COSSET[4].merge_tree             |     0.014 |
|       SEQUANTIAL.COSSET[5].UNATION[0].unite_lists |     0.028 |
|       SEQUANTIAL.COSSET[5].UNATION[1].unite_lists |     0.028 |
|       SEQUANTIAL.COSSET[5].UNATION[2].unite_lists |     0.028 |
|       SEQUANTIAL.COSSET[5].UNATION[3].unite_lists |     0.028 |
|       SEQUANTIAL.COSSET[5].merge_tree             |     0.014 |
|       SEQUANTIAL.COSSET[6].UNATION[0].unite_lists |     0.029 |
|       SEQUANTIAL.COSSET[6].UNATION[2].unite_lists |     0.028 |
|       SEQUANTIAL.COSSET[6].UNATION[3].unite_lists |     0.029 |
|       SEQUANTIAL.COSSET[6].merge_tree             |     0.013 |
|       SEQUANTIAL.COSSET[7].UNATION[0].unite_lists |     0.029 |
|       SEQUANTIAL.COSSET[7].UNATION[1].unite_lists |     0.030 |
|       SEQUANTIAL.COSSET[7].UNATION[2].unite_lists |     0.029 |
|       SEQUANTIAL.COSSET[7].UNATION[3].unite_lists |     0.029 |
|       SEQUANTIAL.COSSET[7].merge_tree             |     0.014 |
|     make_0                                        |     0.055 |
|       coset[0].codeword[0].n_adder                |     0.004 |
|       coset[0].codeword[1].n_adder                |     0.004 |
|       coset[1].codeword[0].n_adder                |     0.001 |
|       coset[1].codeword[1].n_adder                |     0.002 |
|       coset[2].codeword[0].n_adder                |     0.002 |
|       coset[2].codeword[1].n_adder                |     0.001 |
|       coset[3].codeword[0].n_adder                |     0.001 |
|       coset[3].codeword[1].n_adder                |     0.001 |
|       coset[4].codeword[0].n_adder                |     0.002 |
|       coset[4].codeword[1].n_adder                |     0.002 |
|       coset[5].codeword[0].n_adder                |     0.001 |
|       coset[5].codeword[1].n_adder                |     0.001 |
|       coset[6].codeword[0].n_adder                |     0.001 |
|       coset[6].codeword[1].n_adder                |     0.001 |
|       coset[7].codeword[0].n_adder                |     0.002 |
|       coset[7].codeword[1].n_adder                |     0.002 |
|       dut                                         |     0.017 |
|     make_12                                       |     0.053 |
|       coset[0].codeword[0].n_adder                |     0.004 |
|       coset[0].codeword[1].n_adder                |     0.005 |
|       coset[1].codeword[0].n_adder                |     0.001 |
|       coset[1].codeword[1].n_adder                |     0.001 |
|       coset[2].codeword[0].n_adder                |     0.001 |
|       coset[2].codeword[1].n_adder                |     0.001 |
|       coset[3].codeword[0].n_adder                |     0.001 |
|       coset[3].codeword[1].n_adder                |     0.001 |
|       coset[4].codeword[0].n_adder                |     0.001 |
|       coset[4].codeword[1].n_adder                |     0.002 |
|       coset[5].codeword[0].n_adder                |     0.001 |
|       coset[5].codeword[1].n_adder                |     0.001 |
|       coset[6].codeword[0].n_adder                |     0.001 |
|       coset[6].codeword[1].n_adder                |     0.001 |
|       coset[7].codeword[0].n_adder                |     0.001 |
|       coset[7].codeword[1].n_adder                |     0.001 |
|       dut                                         |     0.016 |
|     make_4                                        |     0.054 |
|       coset[0].codeword[0].n_adder                |     0.005 |
|       coset[0].codeword[1].n_adder                |     0.005 |
|       coset[1].codeword[0].n_adder                |     0.002 |
|       coset[1].codeword[1].n_adder                |     0.002 |
|       coset[2].codeword[0].n_adder                |     0.001 |
|       coset[2].codeword[1].n_adder                |     0.001 |
|       coset[3].codeword[0].n_adder                |     0.001 |
|       coset[3].codeword[1].n_adder                |     0.001 |
|       coset[4].codeword[0].n_adder                |     0.001 |
|       coset[4].codeword[1].n_adder                |     0.001 |
|       coset[5].codeword[0].n_adder                |     0.001 |
|       coset[5].codeword[1].n_adder                |     0.001 |
|       coset[6].codeword[0].n_adder                |     0.001 |
|       coset[6].codeword[1].n_adder                |     0.001 |
|       coset[7].codeword[0].n_adder                |     0.001 |
|       coset[7].codeword[1].n_adder                |     0.001 |
|       dut                                         |     0.017 |
|     make_8                                        |     0.053 |
|       coset[0].codeword[0].n_adder                |     0.005 |
|       coset[0].codeword[1].n_adder                |     0.005 |
|       coset[1].codeword[0].n_adder                |     0.001 |
|       coset[1].codeword[1].n_adder                |     0.001 |
|       coset[2].codeword[0].n_adder                |     0.001 |
|       coset[2].codeword[1].n_adder                |     0.001 |
|       coset[3].codeword[0].n_adder                |     0.001 |
|       coset[3].codeword[1].n_adder                |     0.001 |
|       coset[4].codeword[0].n_adder                |     0.001 |
|       coset[4].codeword[1].n_adder                |     0.001 |
|       coset[5].codeword[0].n_adder                |     0.001 |
|       coset[5].codeword[1].n_adder                |     0.001 |
|       coset[6].codeword[0].n_adder                |     0.001 |
|       coset[6].codeword[1].n_adder                |     0.001 |
|       coset[7].codeword[0].n_adder                |     0.001 |
|       coset[7].codeword[1].n_adder                |     0.001 |
|       dut                                         |     0.016 |
|     top_comb                                      |     0.341 |
|       COSSET[0].unite_lists                       |     0.037 |
|       COSSET[1].unite_lists                       |     0.038 |
|       COSSET[2].unite_lists                       |     0.037 |
|       COSSET[3].unite_lists                       |     0.041 |
|       COSSET[4].unite_lists                       |     0.037 |
|       COSSET[5].unite_lists                       |     0.040 |
|       COSSET[6].unite_lists                       |     0.039 |
|       COSSET[7].unite_lists                       |     0.039 |
|       merge_tree                                  |     0.034 |
+---------------------------------------------------+-----------+


