Copyright 1986-2022 Xilinx, Inc. All Rights Reserved.
----------------------------------------------------------------------------------------------------------------------------------------
| Tool Version     : Vivado v.2022.1 (win64) Build 3526262 Mon Apr 18 15:48:16 MDT 2022
| Date             : Tue May  5 23:23:10 2026
| Host             : feduuk running 64-bit major release  (build 9200)
| Command          : report_power -file wp_top_power_routed.rpt -pb wp_top_power_summary_routed.pb -rpx wp_top_power_routed.rpx
| Design           : wp_top
| Device           : xcku035-fbva676-1-i
| Design State     : routed
| Grade            : industrial
| Process          : typical
| Characterization : Production
----------------------------------------------------------------------------------------------------------------------------------------

Power Report

Table of Contents
-----------------
1. Summary
1.1 On-Chip Components
1.2 Power Supply Summary
1.3 Confidence Level
2. Settings
2.1 Environment
2.2 Clock Constraints
3. Detailed Reports
3.1 By Hierarchy

1. Summary
----------

+--------------------------+--------------+
| Total On-Chip Power (W)  | 10.222       |
| Design Power Budget (W)  | Unspecified* |
| Power Budget Margin (W)  | NA           |
| Dynamic (W)              | 9.610        |
| Device Static (W)        | 0.612        |
| Effective TJA (C/W)      | 1.9          |
| Max Ambient (C)          | 81.0         |
| Junction Temperature (C) | 44.0         |
| Confidence Level         | Low          |
| Setting File             | ---          |
| Simulation Activity File | ---          |
| Design Nets Matched      | NA           |
+--------------------------+--------------+
* Specify Design Power Budget using, set_operating_conditions -design_power_budget <value in Watts>


1.1 On-Chip Components
----------------------

+-------------------------+-----------+----------+-----------+-----------------+
| On-Chip                 | Power (W) | Used     | Available | Utilization (%) |
+-------------------------+-----------+----------+-----------+-----------------+
| Clocks                  |     1.944 |        3 |       --- |             --- |
| CLB Logic               |     3.663 |   149067 |       --- |             --- |
|   LUT as Logic          |     2.934 |    55554 |    203128 |           27.35 |
|   Register              |     0.517 |    75192 |    406256 |           18.51 |
|   LUT as Shift Register |     0.205 |     1445 |    112800 |            1.28 |
|   CARRY8                |     0.008 |     1956 |     30300 |            6.46 |
|   F7/F8 Muxes           |    <0.001 |       72 |    242400 |            0.03 |
|   Others                |     0.000 |     3726 |       --- |             --- |
| Signals                 |     3.924 |    80956 |       --- |             --- |
| I/O                     |     0.079 |       34 |       312 |           10.90 |
| Static Power            |     0.612 |          |           |                 |
| Total                   |    10.222 |          |           |                 |
+-------------------------+-----------+----------+-----------+-----------------+


1.2 Power Supply Summary
------------------------

+------------+-------------+-----------+-------------+------------+-------------+-------------+------------+
| Source     | Voltage (V) | Total (A) | Dynamic (A) | Static (A) | Powerup (A) | Budget (A)  | Margin (A) |
+------------+-------------+-----------+-------------+------------+-------------+-------------+------------+
| Vccint     |       0.950 |    10.291 |      10.033 |      0.258 |       NA    | Unspecified | NA         |
| Vccaux     |       1.800 |     0.102 |       0.000 |      0.102 |       NA    | Unspecified | NA         |
| Vccaux_io  |       1.800 |     0.076 |       0.011 |      0.065 |       NA    | Unspecified | NA         |
| Vccint_io  |       0.950 |     0.031 |       0.004 |      0.027 |       NA    | Unspecified | NA         |
| Vcco33     |       3.300 |     0.003 |       0.003 |      0.000 |       NA    | Unspecified | NA         |
| Vcco25     |       2.500 |     0.000 |       0.000 |      0.000 |       NA    | Unspecified | NA         |
| Vcco18     |       1.800 |     0.026 |       0.026 |      0.000 |       NA    | Unspecified | NA         |
| Vcco15     |       1.500 |     0.000 |       0.000 |      0.000 |       NA    | Unspecified | NA         |
| Vcco135    |       1.350 |     0.000 |       0.000 |      0.000 |       NA    | Unspecified | NA         |
| Vcco12     |       1.200 |     0.000 |       0.000 |      0.000 |       NA    | Unspecified | NA         |
| Vcco10     |       1.000 |     0.000 |       0.000 |      0.000 |       NA    | Unspecified | NA         |
| Vccbram    |       0.950 |     0.015 |       0.000 |      0.015 |       NA    | Unspecified | NA         |
| MGTAVcc    |       1.000 |     0.000 |       0.000 |      0.000 |       NA    | Unspecified | NA         |
| MGTAVtt    |       1.200 |     0.000 |       0.000 |      0.000 |       NA    | Unspecified | NA         |
| MGTVccaux  |       1.800 |     0.000 |       0.000 |      0.000 |       NA    | Unspecified | NA         |
| Vccadc     |       1.800 |     0.014 |       0.000 |      0.014 |       NA    | Unspecified | NA         |
| MGTYVccaux |       1.800 |     0.000 |       0.000 |      0.000 |       NA    | Unspecified | NA         |
| MGTYAVcc   |       1.000 |     0.000 |       0.000 |      0.000 |       NA    | Unspecified | NA         |
| MGTYAVtt   |       1.200 |     0.000 |       0.000 |      0.000 |       NA    | Unspecified | NA         |
+------------+-------------+-----------+-------------+------------+-------------+-------------+------------+


1.3 Confidence Level
--------------------

+-----------------------------+------------+--------------------------------------------------------+------------------------------------------------------------------------------------------------------------+
| User Input Data             | Confidence | Details                                                | Action                                                                                                     |
+-----------------------------+------------+--------------------------------------------------------+------------------------------------------------------------------------------------------------------------+
| Design implementation state | High       | Design is routed                                       |                                                                                                            |
| Clock nodes activity        | High       | User specified more than 95% of clocks                 |                                                                                                            |
| I/O nodes activity          | Low        | More than 75% of inputs are missing user specification | Provide missing input activity with simulation results or by editing the "By Resource Type -> I/Os" view   |
| Internal nodes activity     | Medium     | User specified less than 25% of internal nodes         | Provide missing internal nodes activity with simulation results or by editing the "By Resource Type" views |
| Device models               | High       | Device models are Production                           |                                                                                                            |
|                             |            |                                                        |                                                                                                            |
| Overall confidence level    | Low        |                                                        |                                                                                                            |
+-----------------------------+------------+--------------------------------------------------------+------------------------------------------------------------------------------------------------------------+


2. Settings
-----------

2.1 Environment
---------------

+-----------------------+--------------------------+
| Ambient Temp (C)      | 25.0                     |
| ThetaJA (C/W)         | 1.9                      |
| Airflow (LFM)         | 250                      |
| Heat Sink             | medium (Medium Profile)  |
| ThetaSA (C/W)         | 3.4                      |
| Board Selection       | medium (10"x10")         |
| # of Board Layers     | 12to15 (12 to 15 Layers) |
| Board Temperature (C) | 25.0                     |
+-----------------------+--------------------------+


2.2 Clock Constraints
---------------------

+-------------+--------+-----------------+
| Clock       | Domain | Constraint (ns) |
+-------------+--------+-----------------+
| sys_clk_pin | clk    |             1.0 |
+-------------+--------+-----------------+


3. Detailed Reports
-------------------

3.1 By Hierarchy
----------------

+---------------------------------------------------+-----------+
| Name                                              | Power (W) |
+---------------------------------------------------+-----------+
| wp_top                                            |     9.610 |
|   clk_IBUF_inst                                   |     0.011 |
|   dut                                             |     9.504 |
|     comb_0                                        |     1.943 |
|       SEQUANTIAL.COSSET[0].UNATION[0].unite_lists |     0.050 |
|       SEQUANTIAL.COSSET[0].UNATION[1].unite_lists |     0.061 |
|       SEQUANTIAL.COSSET[0].UNATION[2].unite_lists |     0.045 |
|       SEQUANTIAL.COSSET[0].UNATION[3].unite_lists |     0.047 |
|       SEQUANTIAL.COSSET[0].merge_tree             |     0.071 |
|       SEQUANTIAL.COSSET[1].UNATION[0].unite_lists |     0.049 |
|       SEQUANTIAL.COSSET[1].UNATION[1].unite_lists |     0.050 |
|       SEQUANTIAL.COSSET[1].UNATION[2].unite_lists |     0.049 |
|       SEQUANTIAL.COSSET[1].UNATION[3].unite_lists |     0.047 |
|       SEQUANTIAL.COSSET[1].merge_tree             |     0.066 |
|       SEQUANTIAL.COSSET[2].UNATION[0].unite_lists |     0.041 |
|       SEQUANTIAL.COSSET[2].UNATION[1].unite_lists |     0.042 |
|       SEQUANTIAL.COSSET[2].UNATION[2].unite_lists |     0.041 |
|       SEQUANTIAL.COSSET[2].UNATION[3].unite_lists |     0.044 |
|       SEQUANTIAL.COSSET[2].merge_tree             |     0.063 |
|       SEQUANTIAL.COSSET[3].UNATION[0].unite_lists |     0.046 |
|       SEQUANTIAL.COSSET[3].UNATION[1].unite_lists |     0.046 |
|       SEQUANTIAL.COSSET[3].UNATION[2].unite_lists |     0.045 |
|       SEQUANTIAL.COSSET[3].UNATION[3].unite_lists |     0.047 |
|       SEQUANTIAL.COSSET[3].merge_tree             |     0.062 |
|       SEQUANTIAL.COSSET[4].UNATION[0].unite_lists |     0.044 |
|       SEQUANTIAL.COSSET[4].UNATION[1].unite_lists |     0.047 |
|       SEQUANTIAL.COSSET[4].UNATION[2].unite_lists |     0.044 |
|       SEQUANTIAL.COSSET[4].UNATION[3].unite_lists |     0.045 |
|       SEQUANTIAL.COSSET[4].merge_tree             |     0.066 |
|       SEQUANTIAL.COSSET[5].UNATION[0].unite_lists |     0.045 |
|       SEQUANTIAL.COSSET[5].UNATION[1].unite_lists |     0.041 |
|       SEQUANTIAL.COSSET[5].UNATION[2].unite_lists |     0.044 |
|       SEQUANTIAL.COSSET[5].UNATION[3].unite_lists |     0.043 |
|       SEQUANTIAL.COSSET[5].merge_tree             |     0.067 |
|       SEQUANTIAL.COSSET[6].UNATION[0].unite_lists |     0.046 |
|       SEQUANTIAL.COSSET[6].UNATION[2].unite_lists |     0.047 |
|       SEQUANTIAL.COSSET[6].UNATION[3].unite_lists |     0.047 |
|       SEQUANTIAL.COSSET[6].merge_tree             |     0.065 |
|       SEQUANTIAL.COSSET[7].UNATION[0].unite_lists |     0.042 |
|       SEQUANTIAL.COSSET[7].UNATION[1].unite_lists |     0.043 |
|       SEQUANTIAL.COSSET[7].UNATION[2].unite_lists |     0.043 |
|       SEQUANTIAL.COSSET[7].UNATION[3].unite_lists |     0.043 |
|       SEQUANTIAL.COSSET[7].merge_tree             |     0.067 |
|     comb_8                                        |     1.940 |
|       SEQUANTIAL.COSSET[0].UNATION[0].unite_lists |     0.048 |
|       SEQUANTIAL.COSSET[0].UNATION[1].unite_lists |     0.047 |
|       SEQUANTIAL.COSSET[0].UNATION[2].unite_lists |     0.047 |
|       SEQUANTIAL.COSSET[0].UNATION[3].unite_lists |     0.045 |
|       SEQUANTIAL.COSSET[0].merge_tree             |     0.066 |
|       SEQUANTIAL.COSSET[1].UNATION[0].unite_lists |     0.047 |
|       SEQUANTIAL.COSSET[1].UNATION[1].unite_lists |     0.049 |
|       SEQUANTIAL.COSSET[1].UNATION[2].unite_lists |     0.046 |
|       SEQUANTIAL.COSSET[1].UNATION[3].unite_lists |     0.048 |
|       SEQUANTIAL.COSSET[1].merge_tree             |     0.063 |
|       SEQUANTIAL.COSSET[2].UNATION[0].unite_lists |     0.042 |
|       SEQUANTIAL.COSSET[2].UNATION[1].unite_lists |     0.042 |
|       SEQUANTIAL.COSSET[2].UNATION[2].unite_lists |     0.044 |
|       SEQUANTIAL.COSSET[2].UNATION[3].unite_lists |     0.044 |
|       SEQUANTIAL.COSSET[2].merge_tree             |     0.071 |
|       SEQUANTIAL.COSSET[3].UNATION[0].unite_lists |     0.049 |
|       SEQUANTIAL.COSSET[3].UNATION[1].unite_lists |     0.043 |
|       SEQUANTIAL.COSSET[3].UNATION[2].unite_lists |     0.047 |
|       SEQUANTIAL.COSSET[3].UNATION[3].unite_lists |     0.048 |
|       SEQUANTIAL.COSSET[3].merge_tree             |     0.061 |
|       SEQUANTIAL.COSSET[4].UNATION[0].unite_lists |     0.044 |
|       SEQUANTIAL.COSSET[4].UNATION[1].unite_lists |     0.042 |
|       SEQUANTIAL.COSSET[4].UNATION[2].unite_lists |     0.043 |
|       SEQUANTIAL.COSSET[4].UNATION[3].unite_lists |     0.045 |
|       SEQUANTIAL.COSSET[4].merge_tree             |     0.066 |
|       SEQUANTIAL.COSSET[5].UNATION[0].unite_lists |     0.045 |
|       SEQUANTIAL.COSSET[5].UNATION[1].unite_lists |     0.047 |
|       SEQUANTIAL.COSSET[5].UNATION[2].unite_lists |     0.045 |
|       SEQUANTIAL.COSSET[5].UNATION[3].unite_lists |     0.045 |
|       SEQUANTIAL.COSSET[5].merge_tree             |     0.065 |
|       SEQUANTIAL.COSSET[6].UNATION[0].unite_lists |     0.046 |
|       SEQUANTIAL.COSSET[6].UNATION[2].unite_lists |     0.043 |
|       SEQUANTIAL.COSSET[6].UNATION[3].unite_lists |     0.044 |
|       SEQUANTIAL.COSSET[6].merge_tree             |     0.064 |
|       SEQUANTIAL.COSSET[7].UNATION[0].unite_lists |     0.049 |
|       SEQUANTIAL.COSSET[7].UNATION[1].unite_lists |     0.049 |
|       SEQUANTIAL.COSSET[7].UNATION[2].unite_lists |     0.047 |
|       SEQUANTIAL.COSSET[7].UNATION[3].unite_lists |     0.050 |
|       SEQUANTIAL.COSSET[7].merge_tree             |     0.063 |
|     make_0                                        |     0.164 |
|       coset[0].codeword[0].n_adder                |     0.006 |
|       coset[0].codeword[1].n_adder                |     0.005 |
|       coset[1].codeword[0].n_adder                |     0.001 |
|       coset[1].codeword[1].n_adder                |     0.001 |
|       coset[2].codeword[0].n_adder                |     0.001 |
|       coset[2].codeword[1].n_adder                |     0.002 |
|       coset[3].codeword[0].n_adder                |     0.001 |
|       coset[3].codeword[1].n_adder                |     0.001 |
|       coset[4].codeword[0].n_adder                |     0.002 |
|       coset[4].codeword[1].n_adder                |     0.001 |
|       coset[5].codeword[0].n_adder                |     0.002 |
|       coset[5].codeword[1].n_adder                |     0.001 |
|       coset[6].codeword[0].n_adder                |     0.001 |
|       coset[6].codeword[1].n_adder                |     0.001 |
|       coset[7].codeword[0].n_adder                |     0.002 |
|       coset[7].codeword[1].n_adder                |     0.002 |
|       dut                                         |     0.130 |
|     make_12                                       |     0.156 |
|       coset[0].codeword[0].n_adder                |     0.005 |
|       coset[0].codeword[1].n_adder                |     0.005 |
|       coset[1].codeword[0].n_adder                |     0.002 |
|       coset[1].codeword[1].n_adder                |     0.002 |
|       coset[2].codeword[0].n_adder                |     0.001 |
|       coset[2].codeword[1].n_adder                |     0.001 |
|       coset[3].codeword[0].n_adder                |     0.001 |
|       coset[3].codeword[1].n_adder                |     0.001 |
|       coset[4].codeword[0].n_adder                |     0.002 |
|       coset[4].codeword[1].n_adder                |     0.002 |
|       coset[5].codeword[0].n_adder                |     0.002 |
|       coset[5].codeword[1].n_adder                |     0.002 |
|       coset[6].codeword[0].n_adder                |     0.001 |
|       coset[6].codeword[1].n_adder                |     0.001 |
|       coset[7].codeword[0].n_adder                |     0.002 |
|       coset[7].codeword[1].n_adder                |     0.002 |
|       dut                                         |     0.123 |
|     make_4                                        |     0.145 |
|       coset[0].codeword[0].n_adder                |     0.005 |
|       coset[0].codeword[1].n_adder                |     0.005 |
|       coset[1].codeword[0].n_adder                |     0.001 |
|       coset[1].codeword[1].n_adder                |     0.001 |
|       coset[2].codeword[0].n_adder                |     0.002 |
|       coset[2].codeword[1].n_adder                |     0.002 |
|       coset[3].codeword[0].n_adder                |     0.001 |
|       coset[3].codeword[1].n_adder                |     0.001 |
|       coset[4].codeword[0].n_adder                |     0.002 |
|       coset[4].codeword[1].n_adder                |     0.002 |
|       coset[5].codeword[0].n_adder                |     0.002 |
|       coset[5].codeword[1].n_adder                |     0.002 |
|       coset[6].codeword[0].n_adder                |     0.001 |
|       coset[6].codeword[1].n_adder                |     0.002 |
|       coset[7].codeword[0].n_adder                |     0.002 |
|       coset[7].codeword[1].n_adder                |     0.002 |
|       dut                                         |     0.111 |
|     make_8                                        |     0.159 |
|       coset[0].codeword[0].n_adder                |     0.005 |
|       coset[0].codeword[1].n_adder                |     0.005 |
|       coset[1].codeword[0].n_adder                |     0.002 |
|       coset[1].codeword[1].n_adder                |     0.002 |
|       coset[2].codeword[0].n_adder                |     0.002 |
|       coset[2].codeword[1].n_adder                |     0.002 |
|       coset[3].codeword[0].n_adder                |     0.002 |
|       coset[3].codeword[1].n_adder                |     0.001 |
|       coset[4].codeword[0].n_adder                |     0.001 |
|       coset[4].codeword[1].n_adder                |     0.001 |
|       coset[5].codeword[0].n_adder                |     0.001 |
|       coset[5].codeword[1].n_adder                |     0.001 |
|       coset[6].codeword[0].n_adder                |     0.001 |
|       coset[6].codeword[1].n_adder                |     0.002 |
|       coset[7].codeword[0].n_adder                |     0.002 |
|       coset[7].codeword[1].n_adder                |     0.002 |
|       dut                                         |     0.126 |
|     top_comb                                      |     4.302 |
|       COSSET[0].unite_lists                       |     0.476 |
|       COSSET[1].unite_lists                       |     0.461 |
|       COSSET[2].unite_lists                       |     0.499 |
|       COSSET[3].unite_lists                       |     0.468 |
|       COSSET[4].unite_lists                       |     0.463 |
|       COSSET[5].unite_lists                       |     0.487 |
|       COSSET[6].unite_lists                       |     0.460 |
|       COSSET[7].unite_lists                       |     0.492 |
|       merge_tree                                  |     0.497 |
+---------------------------------------------------+-----------+


