Copyright 1986-2022 Xilinx, Inc. All Rights Reserved.
----------------------------------------------------------------------------------------
| Tool Version : Vivado v.2022.1 (win64) Build 3526262 Mon Apr 18 15:48:16 MDT 2022
| Date         : Tue Apr 28 10:56:13 2026
| Host         : feduuk running 64-bit major release  (build 9200)
| Command      : report_control_sets -verbose -file SS8_wrapper_control_sets_placed.rpt
| Design       : SS8_wrapper
| Device       : xcku035
----------------------------------------------------------------------------------------

Control Set Information

Table of Contents
-----------------
1. Summary
2. Histogram
3. Flip-Flop Distribution
4. Detailed Control Set Information

1. Summary
----------

+----------------------------------------------------------+-------+
|                          Status                          | Count |
+----------------------------------------------------------+-------+
| Total control sets                                       |    29 |
|    Minimum number of control sets                        |    29 |
|    Addition due to synthesis replication                 |     0 |
|    Addition due to physical synthesis replication        |     0 |
| Unused register locations in slices containing registers |     4 |
+----------------------------------------------------------+-------+
* Control sets can be merged at opt_design using control_set_merge or merge_equivalent_drivers
** Run report_qor_suggestions for automated merging and remapping suggestions


2. Histogram
------------

+--------------------+-------+
|       Fanout       | Count |
+--------------------+-------+
| Total control sets |    29 |
| >= 0 to < 4        |     2 |
| >= 4 to < 6        |    21 |
| >= 6 to < 8        |     0 |
| >= 8 to < 10       |     0 |
| >= 10 to < 12      |     0 |
| >= 12 to < 14      |     0 |
| >= 14 to < 16      |     0 |
| >= 16              |     6 |
+--------------------+-------+
* Control sets can be remapped at either synth_design or opt_design


3. Flip-Flop Distribution
-------------------------

+--------------+-----------------------+------------------------+-----------------+--------------+
| Clock Enable | Synchronous Set/Reset | Asynchronous Set/Reset | Total Registers | Total Slices |
+--------------+-----------------------+------------------------+-----------------+--------------+
| No           | No                    | No                     |            1016 |          217 |
| No           | No                    | Yes                    |               0 |            0 |
| No           | Yes                   | No                     |               3 |            3 |
| Yes          | No                    | No                     |             410 |          121 |
| Yes          | No                    | Yes                    |               0 |            0 |
| Yes          | Yes                   | No                     |               7 |            3 |
+--------------+-----------------------+------------------------+-----------------+--------------+


4. Detailed Control Set Information
-----------------------------------

+----------------+---------------------+------------------+------------------+----------------+--------------+
|  Clock Signal  |    Enable Signal    | Set/Reset Signal | Slice Load Count | Bel Load Count | Bels / Slice |
+----------------+---------------------+------------------+------------------+----------------+--------------+
|  clk_IBUF_BUFG |                     | rst_IBUF_inst/O  |                3 |              3 |         1.00 |
|  clk_IBUF_BUFG | i_valid_IBUF_inst/O | rst_IBUF_inst/O  |                1 |              3 |         3.00 |
|  clk_IBUF_BUFG | busy                | dut/SR[0]        |                2 |              4 |         2.00 |
|  clk_IBUF_BUFG | i_metrics_buf[61]   |                  |                1 |              4 |         4.00 |
|  clk_IBUF_BUFG | i_metrics_buf[53]   |                  |                1 |              4 |         4.00 |
|  clk_IBUF_BUFG | i_metrics_buf[57]   |                  |                1 |              4 |         4.00 |
|  clk_IBUF_BUFG | i_metrics_buf[63]   |                  |                1 |              4 |         4.00 |
|  clk_IBUF_BUFG | i_metrics_buf[73]   |                  |                1 |              4 |         4.00 |
|  clk_IBUF_BUFG | i_metrics_buf[71]   |                  |                4 |              4 |         1.00 |
|  clk_IBUF_BUFG | i_metrics_buf[65]   |                  |                1 |              4 |         4.00 |
|  clk_IBUF_BUFG | i_metrics_buf[77]   |                  |                1 |              4 |         4.00 |
|  clk_IBUF_BUFG | i_metrics_buf[78]   |                  |                1 |              4 |         4.00 |
|  clk_IBUF_BUFG | i_metrics_buf[47]   |                  |                1 |              4 |         4.00 |
|  clk_IBUF_BUFG | i_metrics_buf[55]   |                  |                2 |              4 |         2.00 |
|  clk_IBUF_BUFG | i_metrics_buf[41]   |                  |                2 |              4 |         2.00 |
|  clk_IBUF_BUFG | i_metrics_buf[67]   |                  |                2 |              4 |         2.00 |
|  clk_IBUF_BUFG | i_metrics_buf[75]   |                  |                1 |              4 |         4.00 |
|  clk_IBUF_BUFG | i_metrics_buf[43]   |                  |                1 |              4 |         4.00 |
|  clk_IBUF_BUFG | i_metrics_buf[51]   |                  |                1 |              4 |         4.00 |
|  clk_IBUF_BUFG | i_metrics_buf[59]   |                  |                1 |              4 |         4.00 |
|  clk_IBUF_BUFG | i_metrics_buf[69]   |                  |                1 |              4 |         4.00 |
|  clk_IBUF_BUFG | i_metrics_buf[45]   |                  |                1 |              4 |         4.00 |
|  clk_IBUF_BUFG | i_metrics_buf[49]   |                  |                2 |              4 |         2.00 |
|  clk_IBUF_BUFG | i_labels_buf[223]   |                  |               21 |             64 |         3.05 |
|  clk_IBUF_BUFG | i_labels_buf[191]   |                  |               23 |             64 |         2.78 |
|  clk_IBUF_BUFG | i_labels_buf[255]   |                  |               19 |             64 |         3.37 |
|  clk_IBUF_BUFG | i_labels_buf[159]   |                  |               23 |             64 |         2.78 |
|  clk_IBUF_BUFG | o_metric[9]_i_1_n_0 |                  |               68 |             74 |         1.09 |
|  clk_IBUF_BUFG |                     |                  |              217 |           1298 |         5.98 |
+----------------+---------------------+------------------+------------------+----------------+--------------+


