Copyright 1986-2022 Xilinx, Inc. All Rights Reserved.
----------------------------------------------------------------------------------------------
| Tool Version : Vivado v.2022.1 (win64) Build 3526262 Mon Apr 18 15:48:16 MDT 2022
| Date         : Sat May  2 18:31:22 2026
| Host         : feduuk running 64-bit major release  (build 9200)
| Command      : report_control_sets -verbose -file wp_full_sum_lists_control_sets_placed.rpt
| Design       : wp_full_sum_lists
| Device       : xcku035
----------------------------------------------------------------------------------------------

Control Set Information

Table of Contents
-----------------
1. Summary
2. Histogram
3. Flip-Flop Distribution
4. Detailed Control Set Information

1. Summary
----------

+----------------------------------------------------------+-------+
|                          Status                          | Count |
+----------------------------------------------------------+-------+
| Total control sets                                       |    44 |
|    Minimum number of control sets                        |    44 |
|    Addition due to synthesis replication                 |     0 |
|    Addition due to physical synthesis replication        |     0 |
| Unused register locations in slices containing registers |    38 |
+----------------------------------------------------------+-------+
* Control sets can be merged at opt_design using control_set_merge or merge_equivalent_drivers
** Run report_qor_suggestions for automated merging and remapping suggestions


2. Histogram
------------

+--------------------+-------+
|       Fanout       | Count |
+--------------------+-------+
| Total control sets |    44 |
| >= 0 to < 4        |     0 |
| >= 4 to < 6        |    21 |
| >= 6 to < 8        |     0 |
| >= 8 to < 10       |     1 |
| >= 10 to < 12      |    16 |
| >= 12 to < 14      |     0 |
| >= 14 to < 16      |     0 |
| >= 16              |     6 |
+--------------------+-------+
* Control sets can be remapped at either synth_design or opt_design


3. Flip-Flop Distribution
-------------------------

+--------------+-----------------------+------------------------+-----------------+--------------+
| Clock Enable | Synchronous Set/Reset | Asynchronous Set/Reset | Total Registers | Total Slices |
+--------------+-----------------------+------------------------+-----------------+--------------+
| No           | No                    | No                     |            2724 |          450 |
| No           | No                    | Yes                    |               0 |            0 |
| No           | Yes                   | No                     |             160 |           32 |
| Yes          | No                    | No                     |             885 |          183 |
| Yes          | No                    | Yes                    |               0 |            0 |
| Yes          | Yes                   | No                     |               9 |            3 |
+--------------+-----------------------+------------------------+-----------------+--------------+


4. Detailed Control Set Information
-----------------------------------

+----------------+--------------------------------+---------------------------+------------------+----------------+--------------+
|  Clock Signal  |          Enable Signal         |      Set/Reset Signal     | Slice Load Count | Bel Load Count | Bels / Slice |
+----------------+--------------------------------+---------------------------+------------------+----------------+--------------+
|  clk_IBUF_BUFG | buf_metrics0[1]                |                           |                1 |              4 |         4.00 |
|  clk_IBUF_BUFG | buf_metrics0[9]                |                           |                3 |              4 |         1.33 |
|  clk_IBUF_BUFG | buf_metrics0[13]               |                           |                2 |              4 |         2.00 |
|  clk_IBUF_BUFG | buf_metrics0[11]               |                           |                3 |              4 |         1.33 |
|  clk_IBUF_BUFG | buf_metrics0[19]               |                           |                3 |              4 |         1.33 |
|  clk_IBUF_BUFG | buf_metrics0[5]                |                           |                2 |              4 |         2.00 |
|  clk_IBUF_BUFG | buf_metrics0[3]                |                           |                1 |              4 |         4.00 |
|  clk_IBUF_BUFG | buf_metrics0[15]               |                           |                3 |              4 |         1.33 |
|  clk_IBUF_BUFG | buf_metrics0[21]               |                           |                2 |              4 |         2.00 |
|  clk_IBUF_BUFG | buf_metrics0[23]               |                           |                3 |              4 |         1.33 |
|  clk_IBUF_BUFG | buf_metrics0[27]               |                           |                4 |              4 |         1.00 |
|  clk_IBUF_BUFG | buf_metrics0[29]               |                           |                2 |              4 |         2.00 |
|  clk_IBUF_BUFG | buf_metrics0[31]               |                           |                2 |              4 |         2.00 |
|  clk_IBUF_BUFG | buf_metrics0[37]               |                           |                2 |              4 |         2.00 |
|  clk_IBUF_BUFG | buf_metrics0[25]               |                           |                4 |              4 |         1.00 |
|  clk_IBUF_BUFG | buf_metrics0[17]               |                           |                2 |              4 |         2.00 |
|  clk_IBUF_BUFG | buf_metrics0[7]                |                           |                3 |              4 |         1.33 |
|  clk_IBUF_BUFG | buf_metrics0[35]               |                           |                2 |              4 |         2.00 |
|  clk_IBUF_BUFG | buf_metrics0[33]               |                           |                2 |              4 |         2.00 |
|  clk_IBUF_BUFG | buf_metrics0[39]               |                           |                2 |              4 |         2.00 |
|  clk_IBUF_BUFG | i_valid_IBUF_inst/O            |                           |                1 |              5 |         5.00 |
|  clk_IBUF_BUFG | is_busy_reg_n_0                | dut/sort_inst/SR[0]       |                3 |              9 |         3.00 |
|  clk_IBUF_BUFG |                                | dut/sum_packed035_out[10] |                2 |             10 |         5.00 |
|  clk_IBUF_BUFG |                                | dut/sum_packed026_out[10] |                2 |             10 |         5.00 |
|  clk_IBUF_BUFG |                                | dut/sum_packed014_out[10] |                2 |             10 |         5.00 |
|  clk_IBUF_BUFG |                                | dut/sum_packed011_out[10] |                2 |             10 |         5.00 |
|  clk_IBUF_BUFG |                                | dut/sum_packed02_out[10]  |                2 |             10 |         5.00 |
|  clk_IBUF_BUFG |                                | dut/sum_packed020_out[10] |                2 |             10 |         5.00 |
|  clk_IBUF_BUFG |                                | dut/sum_packed017_out[10] |                2 |             10 |         5.00 |
|  clk_IBUF_BUFG |                                | dut/sum_packed023_out[10] |                2 |             10 |         5.00 |
|  clk_IBUF_BUFG |                                | dut/sum_packed029_out[10] |                2 |             10 |         5.00 |
|  clk_IBUF_BUFG |                                | dut/sum_packed032_out[10] |                2 |             10 |         5.00 |
|  clk_IBUF_BUFG |                                | dut/sum_packed038_out[10] |                2 |             10 |         5.00 |
|  clk_IBUF_BUFG |                                | dut/sum_packed044_out[10] |                2 |             10 |         5.00 |
|  clk_IBUF_BUFG |                                | dut/sum_packed041_out[10] |                2 |             10 |         5.00 |
|  clk_IBUF_BUFG |                                | dut/sum_packed05_out[10]  |                2 |             10 |         5.00 |
|  clk_IBUF_BUFG |                                | dut/sum_packed08_out[10]  |                2 |             10 |         5.00 |
|  clk_IBUF_BUFG |                                | dut/p_0_in0               |                2 |             10 |         5.00 |
|  clk_IBUF_BUFG | buf_labels0[47]                |                           |                7 |             32 |         4.57 |
|  clk_IBUF_BUFG | buf_labels0[63]                |                           |                9 |             32 |         3.56 |
|  clk_IBUF_BUFG | buf_labels0[31]                |                           |                4 |             32 |         8.00 |
|  clk_IBUF_BUFG | dut/sort_inst/start_processing |                           |                5 |             32 |         6.40 |
|  clk_IBUF_BUFG | dut/sort_inst/SR[0]            |                           |              156 |            672 |         4.31 |
|  clk_IBUF_BUFG |                                |                           |              458 |           2853 |         6.23 |
+----------------+--------------------------------+---------------------------+------------------+----------------+--------------+


