Vivado Simulator v2022.1
Copyright 1986-1999, 2001-2022 Xilinx, Inc. All Rights Reserved.
Running: C:/Xilinx/Vivado/2022.1/bin/unwrapped/win64.o/xelab.exe --incr --debug typical --relax --mt 2 -L xil_defaultlib -L uvm -L unisims_ver -L unimacro_ver -L secureip --snapshot tb_make_behav xil_defaultlib.tb_make xil_defaultlib.glbl -log elaborate.log 
Using 2 slave threads.
Starting static elaboration
Pass Through NonSizing Optimizer
Completed static elaboration
Starting simulation data flow analysis
WARNING: [XSIM 43-4099] "C:/LRMLD/module_library/merge_tree/merge_tree.srcs/sources_1/new/cas_l.sv" Line 5. Module cas_l(LABEL_W=4,USE_FF=0) doesn't have a timescale but at least one module in design has a timescale.
WARNING: [XSIM 43-4099] "C:/LRMLD/module_library/merge_tree/merge_tree.srcs/sources_1/new/cas_l.sv" Line 5. Module cas_l(LABEL_W=4,USE_FF=0) doesn't have a timescale but at least one module in design has a timescale.
WARNING: [XSIM 43-4099] "C:/LRMLD/module_library/merge_tree/merge_tree.srcs/sources_1/new/cas_l.sv" Line 5. Module cas_l(LABEL_W=4,USE_FF=0) doesn't have a timescale but at least one module in design has a timescale.
WARNING: [XSIM 43-4099] "C:/LRMLD/module_library/merge_tree/merge_tree.srcs/sources_1/new/cas_l.sv" Line 5. Module cas_l(LABEL_W=4,USE_FF=0) doesn't have a timescale but at least one module in design has a timescale.
WARNING: [XSIM 43-4099] "C:/LRMLD/module_library/merge_tree/merge_tree.srcs/sources_1/new/cas_l.sv" Line 5. Module cas_l(LABEL_W=4,USE_FF=0) doesn't have a timescale but at least one module in design has a timescale.
WARNING: [XSIM 43-4099] "C:/LRMLD/module_library/merge_tree/merge_tree.srcs/sources_1/new/cas_l.sv" Line 5. Module cas_l(LABEL_W=4,USE_FF=0) doesn't have a timescale but at least one module in design has a timescale.
WARNING: [XSIM 43-4099] "C:/LRMLD/module_library/merge_tree/merge_tree.srcs/sources_1/new/cas_l.sv" Line 5. Module cas_l(LABEL_W=4,USE_FF=0) doesn't have a timescale but at least one module in design has a timescale.
WARNING: [XSIM 43-4099] "C:/LRMLD/module_library/merge_tree/merge_tree.srcs/sources_1/new/cas_l.sv" Line 5. Module cas_l(LABEL_W=4,USE_FF=0) doesn't have a timescale but at least one module in design has a timescale.
WARNING: [XSIM 43-4099] "C:/LRMLD/module_library/merge_tree/merge_tree.srcs/sources_1/new/cas_l.sv" Line 5. Module cas_l(LABEL_W=4,USE_FF=0) doesn't have a timescale but at least one module in design has a timescale.
WARNING: [XSIM 43-4099] "C:/LRMLD/module_library/merge_tree/merge_tree.srcs/sources_1/new/cas_l.sv" Line 5. Module cas_l(LABEL_W=4,USE_FF=0) doesn't have a timescale but at least one module in design has a timescale.
WARNING: [XSIM 43-4099] "C:/LRMLD/module_library/merge_tree/merge_tree.srcs/sources_1/new/cas_l.sv" Line 5. Module cas_l(LABEL_W=4,USE_FF=0) doesn't have a timescale but at least one module in design has a timescale.
WARNING: [XSIM 43-4099] "C:/LRMLD/module_library/merge_tree/merge_tree.srcs/sources_1/new/cas_l.sv" Line 5. Module cas_l(LABEL_W=4,USE_FF=0) doesn't have a timescale but at least one module in design has a timescale.
WARNING: [XSIM 43-4099] "C:/LRMLD/module_library/merge_tree/merge_tree.srcs/sources_1/new/cas_l.sv" Line 5. Module cas_l(LABEL_W=4,USE_FF=0) doesn't have a timescale but at least one module in design has a timescale.
WARNING: [XSIM 43-4099] "C:/LRMLD/module_library/merge_tree/merge_tree.srcs/sources_1/new/cas_l.sv" Line 5. Module cas_l(LABEL_W=4,USE_FF=0) doesn't have a timescale but at least one module in design has a timescale.
WARNING: [XSIM 43-4099] "C:/LRMLD/module_library/merge_tree/merge_tree.srcs/sources_1/new/cas_l.sv" Line 5. Module cas_l(LABEL_W=4,USE_FF=0) doesn't have a timescale but at least one module in design has a timescale.
WARNING: [XSIM 43-4099] "C:/LRMLD/module_library/merge_tree/merge_tree.srcs/sources_1/new/cas_l.sv" Line 5. Module cas_l(LABEL_W=4,USE_FF=0) doesn't have a timescale but at least one module in design has a timescale.
Completed simulation data flow analysis
Time Resolution for simulation is 1ps
Compiling module xil_defaultlib.n_adder(N=4,I_W=6,O_W=8)
Compiling module xil_defaultlib.cas_l(LABEL_W=4,USE_FF=0)
Compiling module xil_defaultlib.sort_2(METRIC_W=8,LABEL_W=4)
Compiling module xil_defaultlib.sml_list_sort(METRIC_W=8,LABEL_W...
Compiling module xil_defaultlib.table_sort(METRIC_W=8,N=2)
Compiling module xil_defaultlib.make_default
Compiling module xil_defaultlib.tb_make
Compiling module xil_defaultlib.glbl
Built simulation snapshot tb_make_behav
