INFO: [VRFC 10-2263] Analyzing SystemVerilog file "C:/LRMLD/module_library/unite_lists/unite_lists.srcs/sources_1/imports/module_library/sum_select_12/sum_select_12.srcs/sources_1/new/bitonic_merge_4_4_ir.sv" into library xil_defaultlib
INFO: [VRFC 10-311] analyzing module bitonic_merge_4_4_ir
INFO: [VRFC 10-2263] Analyzing SystemVerilog file "C:/LRMLD/module_library/unite_lists/unite_lists.srcs/sources_1/imports/module_library/sum_select_16/sum_select_16.srcs/sources_1/new/bitonic_merge_8_8_ir.sv" into library xil_defaultlib
INFO: [VRFC 10-311] analyzing module bitonic_merge_8_8_ir
INFO: [VRFC 10-2263] Analyzing SystemVerilog file "C:/LRMLD/module_library/unite_lists/unite_lists.srcs/sources_1/imports/module_library/bitonic_sort/bitonic_sort.srcs/sources_1/new/bitonic_sort_fp.sv" into library xil_defaultlib
INFO: [VRFC 10-311] analyzing module bitonic_sort_fp
WARNING: [VRFC 10-3824] variable 'pair' must explicitly be declared as automatic or static [C:/LRMLD/module_library/unite_lists/unite_lists.srcs/sources_1/imports/module_library/bitonic_sort/bitonic_sort.srcs/sources_1/new/bitonic_sort_fp.sv:57]
INFO: [VRFC 10-2263] Analyzing SystemVerilog file "C:/LRMLD/module_library/unite_lists/unite_lists.srcs/sources_1/imports/module_library/sum_select8/sum_select8.srcs/sources_1/new/cas.sv" into library xil_defaultlib
INFO: [VRFC 10-311] analyzing module cas
INFO: [VRFC 10-2263] Analyzing SystemVerilog file "C:/LRMLD/module_library/merge_tree/merge_tree.srcs/sources_1/new/cas_l.sv" into library xil_defaultlib
INFO: [VRFC 10-311] analyzing module cas_l
INFO: [VRFC 10-2263] Analyzing SystemVerilog file "C:/LRMLD/module_library/comb/comb.srcs/sources_1/new/comb.sv" into library xil_defaultlib
INFO: [VRFC 10-311] analyzing module comb
WARNING: [VRFC 10-3467] initial value of parameter 'TBL' is omitted [C:/LRMLD/module_library/comb/comb.srcs/sources_1/new/comb.sv:17]
INFO: [VRFC 10-2263] Analyzing SystemVerilog file "C:/LRMLD/module_library/unite_lists/unite_lists.srcs/sources_1/imports/module_library/sum_select8/sum_select8.srcs/sources_1/new/comparator.sv" into library xil_defaultlib
INFO: [VRFC 10-311] analyzing module comparator
INFO: [VRFC 10-2263] Analyzing SystemVerilog file "C:/LRMLD/module_library/merge_tree/merge_tree.srcs/sources_1/new/delay_line.sv" into library xil_defaultlib
INFO: [VRFC 10-311] analyzing module delay_line
INFO: [VRFC 10-2263] Analyzing SystemVerilog file "C:/LRMLD/module_library/unite_lists/unite_lists.srcs/sources_1/imports/module_library/full_sum_lists/full_sum_lists.srcs/sources_1/new/full_sum_lists.sv" into library xil_defaultlib
INFO: [VRFC 10-311] analyzing module full_sum_lists
INFO: [VRFC 10-2263] Analyzing SystemVerilog file "C:/LRMLD/module_library/merge_tree/merge_tree.srcs/sources_1/new/merge_2n_n.sv" into library xil_defaultlib
INFO: [VRFC 10-311] analyzing module merge_2n_n
WARNING: [VRFC 10-9024] illegal argument of type logic [packed dim count:1] in math function 'floor()'; expected real type [C:/LRMLD/module_library/merge_tree/merge_tree.srcs/sources_1/new/merge_2n_n.sv:48]
INFO: [VRFC 10-2263] Analyzing SystemVerilog file "C:/LRMLD/module_library/merge_tree/merge_tree.srcs/sources_1/new/merge_tree.sv" into library xil_defaultlib
INFO: [VRFC 10-311] analyzing module merge_tree
INFO: [VRFC 10-2263] Analyzing SystemVerilog file "C:/LRMLD/module_library/unite_lists/unite_lists.srcs/sources_1/imports/module_library/min2_frm_5/min2_frm_5.srcs/sources_1/new/min2_frm5.sv" into library xil_defaultlib
INFO: [VRFC 10-311] analyzing module min2_frm5
INFO: [VRFC 10-2263] Analyzing SystemVerilog file "C:/LRMLD/module_library/unite_lists/unite_lists.srcs/sources_1/imports/module_library/min_3_frm_7/min_3_frm_7.srcs/sources_1/new/min_3_frm_7.sv" into library xil_defaultlib
INFO: [VRFC 10-311] analyzing module min3_frm7
INFO: [VRFC 10-2263] Analyzing SystemVerilog file "C:/LRMLD/module_library/unite_lists/unite_lists.srcs/sources_1/imports/module_library/sum_select/sum_select.srcs/sources_1/new/sum_select.sv" into library xil_defaultlib
INFO: [VRFC 10-311] analyzing module sum_select
INFO: [VRFC 10-2263] Analyzing SystemVerilog file "C:/LRMLD/module_library/unite_lists/unite_lists.srcs/sources_1/imports/module_library/sum_select_8/sum_select_8.srcs/sources_1/new/sum_select8.sv" into library xil_defaultlib
INFO: [VRFC 10-311] analyzing module sum_select8
INFO: [VRFC 10-2263] Analyzing SystemVerilog file "C:/LRMLD/module_library/unite_lists/unite_lists.srcs/sources_1/imports/module_library/sum_select_12/sum_select_12.srcs/sources_1/new/sum_select_12_bm_ir.sv" into library xil_defaultlib
INFO: [VRFC 10-311] analyzing module sum_select_12_bm_ir
INFO: [VRFC 10-2263] Analyzing SystemVerilog file "C:/LRMLD/module_library/unite_lists/unite_lists.srcs/sources_1/imports/module_library/sum_select_16/sum_select_16.srcs/sources_1/new/sum_select_16_bm_ir.sv" into library xil_defaultlib
INFO: [VRFC 10-311] analyzing module sum_select_16_bm_ir
INFO: [VRFC 10-2263] Analyzing SystemVerilog file "C:/LRMLD/module_library/unite_lists/unite_lists.srcs/sources_1/imports/module_library/sum_select8/sum_select8.srcs/sources_1/new/sum_select_8.sv" into library xil_defaultlib
INFO: [VRFC 10-311] analyzing module sum_select_8
INFO: [VRFC 10-2263] Analyzing SystemVerilog file "C:/LRMLD/module_library/unite_lists/unite_lists.srcs/sources_1/new/unite_lists.sv" into library xil_defaultlib
INFO: [VRFC 10-311] analyzing module unite_lists
INFO: [VRFC 10-2263] Analyzing SystemVerilog file "C:/LRMLD/module_library/comb/comb.srcs/sim_1/new/tb_comb.sv" into library xil_defaultlib
INFO: [VRFC 10-311] analyzing module tb_comb
INFO: [VRFC 10-2263] Analyzing Verilog file "C:/LRMLD/module_library/comb/comb.sim/sim_1/behav/xsim/glbl.v" into library xil_defaultlib
INFO: [VRFC 10-311] analyzing module glbl
