INFO: [VRFC 10-2263] Analyzing SystemVerilog file "C:/LRMLD/module_library/unite_lists/unite_lists.srcs/sources_1/imports/module_library/sum_select_12/sum_select_12.srcs/sources_1/new/bitonic_merge_4_4_ir.sv" into library xil_defaultlib
INFO: [VRFC 10-311] analyzing module bitonic_merge_4_4_ir
INFO: [VRFC 10-2263] Analyzing SystemVerilog file "C:/LRMLD/module_library/unite_lists/unite_lists.srcs/sources_1/imports/module_library/sum_select_16/sum_select_16.srcs/sources_1/new/bitonic_merge_8_8_ir.sv" into library xil_defaultlib
INFO: [VRFC 10-311] analyzing module bitonic_merge_8_8_ir
INFO: [VRFC 10-2263] Analyzing SystemVerilog file "C:/LRMLD/module_library/unite_lists/unite_lists.srcs/sources_1/imports/module_library/bitonic_sort/bitonic_sort.srcs/sources_1/new/bitonic_sort_fp.sv" into library xil_defaultlib
INFO: [VRFC 10-311] analyzing module bitonic_sort_fp
WARNING: [VRFC 10-3824] variable 'pair' must explicitly be declared as automatic or static [C:/LRMLD/module_library/unite_lists/unite_lists.srcs/sources_1/imports/module_library/bitonic_sort/bitonic_sort.srcs/sources_1/new/bitonic_sort_fp.sv:57]
INFO: [VRFC 10-2263] Analyzing SystemVerilog file "C:/LRMLD/module_library/unite_lists/unite_lists.srcs/sources_1/imports/module_library/sum_select8/sum_select8.srcs/sources_1/new/cas.sv" into library xil_defaultlib
INFO: [VRFC 10-311] analyzing module cas
INFO: [VRFC 10-2263] Analyzing SystemVerilog file "C:/LRMLD/module_library/merge_tree/merge_tree.srcs/sources_1/new/cas_l.sv" into library xil_defaultlib
INFO: [VRFC 10-311] analyzing module cas_l
INFO: [VRFC 10-2263] Analyzing SystemVerilog file "C:/LRMLD/module_library/comb/comb.srcs/sources_1/new/comb.sv" into library xil_defaultlib
INFO: [VRFC 10-311] analyzing module comb
WARNING: [VRFC 10-3467] initial value of parameter 'TBL' is omitted [C:/LRMLD/module_library/comb/comb.srcs/sources_1/new/comb.sv:17]
INFO: [VRFC 10-2263] Analyzing SystemVerilog file "C:/LRMLD/module_library/unite_lists/unite_lists.srcs/sources_1/imports/module_library/sum_select8/sum_select8.srcs/sources_1/new/comparator.sv" into library xil_defaultlib
INFO: [VRFC 10-311] analyzing module comparator
INFO: [VRFC 10-2263] Analyzing SystemVerilog file "C:/LRMLD/module_library/merge_tree/merge_tree.srcs/sources_1/new/delay_line.sv" into library xil_defaultlib
INFO: [VRFC 10-311] analyzing module delay_line
INFO: [VRFC 10-2263] Analyzing SystemVerilog file "C:/LRMLD/module_library/unite_lists/unite_lists.srcs/sources_1/imports/module_library/full_sum_lists/full_sum_lists.srcs/sources_1/new/full_sum_lists.sv" into library xil_defaultlib
INFO: [VRFC 10-311] analyzing module full_sum_lists
INFO: [VRFC 10-2263] Analyzing SystemVerilog file "C:/LRMLD/module_library/comb/comb.srcs/sources_1/new/list_delay.sv" into library xil_defaultlib
INFO: [VRFC 10-311] analyzing module list_delay
WARNING: [VRFC 10-1103] net type must be explicitly specified for 'clk' when default_nettype is none [C:/LRMLD/module_library/comb/comb.srcs/sources_1/new/list_delay.sv:8]
WARNING: [VRFC 10-1103] net type must be explicitly specified for 'i_data' when default_nettype is none [C:/LRMLD/module_library/comb/comb.srcs/sources_1/new/list_delay.sv:9]
INFO: [VRFC 10-2263] Analyzing SystemVerilog file "C:/LRMLD/module_library/merge_tree/merge_tree.srcs/sources_1/new/merge_2n_n.sv" into library xil_defaultlib
INFO: [VRFC 10-311] analyzing module merge_2n_n
WARNING: [VRFC 10-1103] net type must be explicitly specified for 'clk' when default_nettype is none [C:/LRMLD/module_library/merge_tree/merge_tree.srcs/sources_1/new/merge_2n_n.sv:8]
WARNING: [VRFC 10-1103] net type must be explicitly specified for 'i_valid' when default_nettype is none [C:/LRMLD/module_library/merge_tree/merge_tree.srcs/sources_1/new/merge_2n_n.sv:9]
WARNING: [VRFC 10-1103] net type must be explicitly specified for 'i_m0' when default_nettype is none [C:/LRMLD/module_library/merge_tree/merge_tree.srcs/sources_1/new/merge_2n_n.sv:10]
WARNING: [VRFC 10-1103] net type must be explicitly specified for 'i_l0' when default_nettype is none [C:/LRMLD/module_library/merge_tree/merge_tree.srcs/sources_1/new/merge_2n_n.sv:11]
WARNING: [VRFC 10-1103] net type must be explicitly specified for 'i_m1' when default_nettype is none [C:/LRMLD/module_library/merge_tree/merge_tree.srcs/sources_1/new/merge_2n_n.sv:12]
WARNING: [VRFC 10-1103] net type must be explicitly specified for 'i_l1' when default_nettype is none [C:/LRMLD/module_library/merge_tree/merge_tree.srcs/sources_1/new/merge_2n_n.sv:13]
WARNING: [VRFC 10-9024] illegal argument of type logic [packed dim count:1] in math function 'floor()'; expected real type [C:/LRMLD/module_library/merge_tree/merge_tree.srcs/sources_1/new/merge_2n_n.sv:48]
INFO: [VRFC 10-2263] Analyzing SystemVerilog file "C:/LRMLD/module_library/merge_tree/merge_tree.srcs/sources_1/new/merge_tree.sv" into library xil_defaultlib
INFO: [VRFC 10-311] analyzing module merge_tree
WARNING: [VRFC 10-1103] net type must be explicitly specified for 'clk' when default_nettype is none [C:/LRMLD/module_library/merge_tree/merge_tree.srcs/sources_1/new/merge_tree.sv:9]
WARNING: [VRFC 10-1103] net type must be explicitly specified for 'i_valid' when default_nettype is none [C:/LRMLD/module_library/merge_tree/merge_tree.srcs/sources_1/new/merge_tree.sv:10]
WARNING: [VRFC 10-1103] net type must be explicitly specified for 'i_m' when default_nettype is none [C:/LRMLD/module_library/merge_tree/merge_tree.srcs/sources_1/new/merge_tree.sv:11]
WARNING: [VRFC 10-1103] net type must be explicitly specified for 'i_l' when default_nettype is none [C:/LRMLD/module_library/merge_tree/merge_tree.srcs/sources_1/new/merge_tree.sv:12]
INFO: [VRFC 10-2263] Analyzing SystemVerilog file "C:/LRMLD/module_library/unite_lists/unite_lists.srcs/sources_1/imports/module_library/min2_frm_5/min2_frm_5.srcs/sources_1/new/min2_frm5.sv" into library xil_defaultlib
INFO: [VRFC 10-311] analyzing module min2_frm5
WARNING: [VRFC 10-1103] net type must be explicitly specified for 'i_m' when default_nettype is none [C:/LRMLD/module_library/unite_lists/unite_lists.srcs/sources_1/imports/module_library/min2_frm_5/min2_frm_5.srcs/sources_1/new/min2_frm5.sv:6]
INFO: [VRFC 10-2263] Analyzing SystemVerilog file "C:/LRMLD/module_library/unite_lists/unite_lists.srcs/sources_1/imports/module_library/min_3_frm_7/min_3_frm_7.srcs/sources_1/new/min_3_frm_7.sv" into library xil_defaultlib
INFO: [VRFC 10-311] analyzing module min3_frm7
WARNING: [VRFC 10-1103] net type must be explicitly specified for 'i_m' when default_nettype is none [C:/LRMLD/module_library/unite_lists/unite_lists.srcs/sources_1/imports/module_library/min_3_frm_7/min_3_frm_7.srcs/sources_1/new/min_3_frm_7.sv:6]
INFO: [VRFC 10-2263] Analyzing SystemVerilog file "C:/LRMLD/module_library/unite_lists/unite_lists.srcs/sources_1/imports/module_library/sum_select/sum_select.srcs/sources_1/new/sum_select.sv" into library xil_defaultlib
INFO: [VRFC 10-311] analyzing module sum_select
WARNING: [VRFC 10-1103] net type must be explicitly specified for 'clk' when default_nettype is none [C:/LRMLD/module_library/unite_lists/unite_lists.srcs/sources_1/imports/module_library/sum_select/sum_select.srcs/sources_1/new/sum_select.sv:9]
WARNING: [VRFC 10-1103] net type must be explicitly specified for 'i_metrics' when default_nettype is none [C:/LRMLD/module_library/unite_lists/unite_lists.srcs/sources_1/imports/module_library/sum_select/sum_select.srcs/sources_1/new/sum_select.sv:10]
WARNING: [VRFC 10-1103] net type must be explicitly specified for 'i_labels' when default_nettype is none [C:/LRMLD/module_library/unite_lists/unite_lists.srcs/sources_1/imports/module_library/sum_select/sum_select.srcs/sources_1/new/sum_select.sv:11]
WARNING: [VRFC 10-1103] net type must be explicitly specified for 'i_metrics1' when default_nettype is none [C:/LRMLD/module_library/unite_lists/unite_lists.srcs/sources_1/imports/module_library/sum_select/sum_select.srcs/sources_1/new/sum_select.sv:12]
WARNING: [VRFC 10-1103] net type must be explicitly specified for 'i_labels1' when default_nettype is none [C:/LRMLD/module_library/unite_lists/unite_lists.srcs/sources_1/imports/module_library/sum_select/sum_select.srcs/sources_1/new/sum_select.sv:13]
INFO: [VRFC 10-2263] Analyzing SystemVerilog file "C:/LRMLD/module_library/unite_lists/unite_lists.srcs/sources_1/imports/module_library/sum_select_8/sum_select_8.srcs/sources_1/new/sum_select8.sv" into library xil_defaultlib
INFO: [VRFC 10-311] analyzing module sum_select8
WARNING: [VRFC 10-1103] net type must be explicitly specified for 'clk' when default_nettype is none [C:/LRMLD/module_library/unite_lists/unite_lists.srcs/sources_1/imports/module_library/sum_select_8/sum_select_8.srcs/sources_1/new/sum_select8.sv:9]
WARNING: [VRFC 10-1103] net type must be explicitly specified for 'i_valid' when default_nettype is none [C:/LRMLD/module_library/unite_lists/unite_lists.srcs/sources_1/imports/module_library/sum_select_8/sum_select_8.srcs/sources_1/new/sum_select8.sv:10]
WARNING: [VRFC 10-1103] net type must be explicitly specified for 'i_metrics' when default_nettype is none [C:/LRMLD/module_library/unite_lists/unite_lists.srcs/sources_1/imports/module_library/sum_select_8/sum_select_8.srcs/sources_1/new/sum_select8.sv:12]
WARNING: [VRFC 10-1103] net type must be explicitly specified for 'i_labels' when default_nettype is none [C:/LRMLD/module_library/unite_lists/unite_lists.srcs/sources_1/imports/module_library/sum_select_8/sum_select_8.srcs/sources_1/new/sum_select8.sv:13]
WARNING: [VRFC 10-1103] net type must be explicitly specified for 'i_metrics1' when default_nettype is none [C:/LRMLD/module_library/unite_lists/unite_lists.srcs/sources_1/imports/module_library/sum_select_8/sum_select_8.srcs/sources_1/new/sum_select8.sv:15]
WARNING: [VRFC 10-1103] net type must be explicitly specified for 'i_labels1' when default_nettype is none [C:/LRMLD/module_library/unite_lists/unite_lists.srcs/sources_1/imports/module_library/sum_select_8/sum_select_8.srcs/sources_1/new/sum_select8.sv:16]
INFO: [VRFC 10-2263] Analyzing SystemVerilog file "C:/LRMLD/module_library/unite_lists/unite_lists.srcs/sources_1/imports/module_library/sum_select_12/sum_select_12.srcs/sources_1/new/sum_select_12_bm_ir.sv" into library xil_defaultlib
INFO: [VRFC 10-311] analyzing module sum_select_12_bm_ir
WARNING: [VRFC 10-1103] net type must be explicitly specified for 'clk' when default_nettype is none [C:/LRMLD/module_library/unite_lists/unite_lists.srcs/sources_1/imports/module_library/sum_select_12/sum_select_12.srcs/sources_1/new/sum_select_12_bm_ir.sv:10]
WARNING: [VRFC 10-1103] net type must be explicitly specified for 'i_valid' when default_nettype is none [C:/LRMLD/module_library/unite_lists/unite_lists.srcs/sources_1/imports/module_library/sum_select_12/sum_select_12.srcs/sources_1/new/sum_select_12_bm_ir.sv:11]
WARNING: [VRFC 10-1103] net type must be explicitly specified for 'i_metrics' when default_nettype is none [C:/LRMLD/module_library/unite_lists/unite_lists.srcs/sources_1/imports/module_library/sum_select_12/sum_select_12.srcs/sources_1/new/sum_select_12_bm_ir.sv:13]
WARNING: [VRFC 10-1103] net type must be explicitly specified for 'i_labels' when default_nettype is none [C:/LRMLD/module_library/unite_lists/unite_lists.srcs/sources_1/imports/module_library/sum_select_12/sum_select_12.srcs/sources_1/new/sum_select_12_bm_ir.sv:14]
WARNING: [VRFC 10-1103] net type must be explicitly specified for 'i_metrics1' when default_nettype is none [C:/LRMLD/module_library/unite_lists/unite_lists.srcs/sources_1/imports/module_library/sum_select_12/sum_select_12.srcs/sources_1/new/sum_select_12_bm_ir.sv:16]
WARNING: [VRFC 10-1103] net type must be explicitly specified for 'i_labels1' when default_nettype is none [C:/LRMLD/module_library/unite_lists/unite_lists.srcs/sources_1/imports/module_library/sum_select_12/sum_select_12.srcs/sources_1/new/sum_select_12_bm_ir.sv:17]
INFO: [VRFC 10-2263] Analyzing SystemVerilog file "C:/LRMLD/module_library/unite_lists/unite_lists.srcs/sources_1/imports/module_library/sum_select_16/sum_select_16.srcs/sources_1/new/sum_select_16_bm_ir.sv" into library xil_defaultlib
INFO: [VRFC 10-311] analyzing module sum_select_16_bm_ir
WARNING: [VRFC 10-1103] net type must be explicitly specified for 'clk' when default_nettype is none [C:/LRMLD/module_library/unite_lists/unite_lists.srcs/sources_1/imports/module_library/sum_select_16/sum_select_16.srcs/sources_1/new/sum_select_16_bm_ir.sv:10]
WARNING: [VRFC 10-1103] net type must be explicitly specified for 'i_valid' when default_nettype is none [C:/LRMLD/module_library/unite_lists/unite_lists.srcs/sources_1/imports/module_library/sum_select_16/sum_select_16.srcs/sources_1/new/sum_select_16_bm_ir.sv:11]
WARNING: [VRFC 10-1103] net type must be explicitly specified for 'i_metrics' when default_nettype is none [C:/LRMLD/module_library/unite_lists/unite_lists.srcs/sources_1/imports/module_library/sum_select_16/sum_select_16.srcs/sources_1/new/sum_select_16_bm_ir.sv:13]
WARNING: [VRFC 10-1103] net type must be explicitly specified for 'i_labels' when default_nettype is none [C:/LRMLD/module_library/unite_lists/unite_lists.srcs/sources_1/imports/module_library/sum_select_16/sum_select_16.srcs/sources_1/new/sum_select_16_bm_ir.sv:14]
WARNING: [VRFC 10-1103] net type must be explicitly specified for 'i_metrics1' when default_nettype is none [C:/LRMLD/module_library/unite_lists/unite_lists.srcs/sources_1/imports/module_library/sum_select_16/sum_select_16.srcs/sources_1/new/sum_select_16_bm_ir.sv:16]
WARNING: [VRFC 10-1103] net type must be explicitly specified for 'i_labels1' when default_nettype is none [C:/LRMLD/module_library/unite_lists/unite_lists.srcs/sources_1/imports/module_library/sum_select_16/sum_select_16.srcs/sources_1/new/sum_select_16_bm_ir.sv:17]
INFO: [VRFC 10-2263] Analyzing SystemVerilog file "C:/LRMLD/module_library/unite_lists/unite_lists.srcs/sources_1/imports/module_library/sum_select8/sum_select8.srcs/sources_1/new/sum_select_8.sv" into library xil_defaultlib
INFO: [VRFC 10-311] analyzing module sum_select_8
WARNING: [VRFC 10-1103] net type must be explicitly specified for 'clk' when default_nettype is none [C:/LRMLD/module_library/unite_lists/unite_lists.srcs/sources_1/imports/module_library/sum_select8/sum_select8.srcs/sources_1/new/sum_select_8.sv:10]
WARNING: [VRFC 10-1103] net type must be explicitly specified for 'i_metrics' when default_nettype is none [C:/LRMLD/module_library/unite_lists/unite_lists.srcs/sources_1/imports/module_library/sum_select8/sum_select8.srcs/sources_1/new/sum_select_8.sv:11]
WARNING: [VRFC 10-1103] net type must be explicitly specified for 'i_labels' when default_nettype is none [C:/LRMLD/module_library/unite_lists/unite_lists.srcs/sources_1/imports/module_library/sum_select8/sum_select8.srcs/sources_1/new/sum_select_8.sv:12]
WARNING: [VRFC 10-1103] net type must be explicitly specified for 'i_metrics1' when default_nettype is none [C:/LRMLD/module_library/unite_lists/unite_lists.srcs/sources_1/imports/module_library/sum_select8/sum_select8.srcs/sources_1/new/sum_select_8.sv:13]
WARNING: [VRFC 10-1103] net type must be explicitly specified for 'i_labels1' when default_nettype is none [C:/LRMLD/module_library/unite_lists/unite_lists.srcs/sources_1/imports/module_library/sum_select8/sum_select8.srcs/sources_1/new/sum_select_8.sv:14]
INFO: [VRFC 10-2263] Analyzing SystemVerilog file "C:/LRMLD/module_library/unite_lists/unite_lists.srcs/sources_1/new/unite_lists.sv" into library xil_defaultlib
INFO: [VRFC 10-311] analyzing module unite_lists
WARNING: [VRFC 10-1103] net type must be explicitly specified for 'clk' when default_nettype is none [C:/LRMLD/module_library/unite_lists/unite_lists.srcs/sources_1/new/unite_lists.sv:17]
WARNING: [VRFC 10-1103] net type must be explicitly specified for 'i_valid' when default_nettype is none [C:/LRMLD/module_library/unite_lists/unite_lists.srcs/sources_1/new/unite_lists.sv:18]
WARNING: [VRFC 10-1103] net type must be explicitly specified for 'i_metrics' when default_nettype is none [C:/LRMLD/module_library/unite_lists/unite_lists.srcs/sources_1/new/unite_lists.sv:20]
WARNING: [VRFC 10-1103] net type must be explicitly specified for 'i_labels' when default_nettype is none [C:/LRMLD/module_library/unite_lists/unite_lists.srcs/sources_1/new/unite_lists.sv:21]
WARNING: [VRFC 10-1103] net type must be explicitly specified for 'i_metrics1' when default_nettype is none [C:/LRMLD/module_library/unite_lists/unite_lists.srcs/sources_1/new/unite_lists.sv:23]
WARNING: [VRFC 10-1103] net type must be explicitly specified for 'i_labels1' when default_nettype is none [C:/LRMLD/module_library/unite_lists/unite_lists.srcs/sources_1/new/unite_lists.sv:24]
INFO: [VRFC 10-2263] Analyzing SystemVerilog file "C:/LRMLD/module_library/comb/comb.srcs/sim_1/new/tb_comb.sv" into library xil_defaultlib
INFO: [VRFC 10-311] analyzing module tb_comb
