Vivado Simulator v2022.1
Copyright 1986-1999, 2001-2022 Xilinx, Inc. All Rights Reserved.
Running: C:/Xilinx/Vivado/2022.1/bin/unwrapped/win64.o/xelab.exe --incr --debug typical --relax --mt 2 -L xil_defaultlib -L uvm -L unisims_ver -L unimacro_ver -L secureip --snapshot tb_table_sort_behav xil_defaultlib.tb_table_sort xil_defaultlib.glbl -log elaborate.log 
Using 2 slave threads.
Starting static elaboration
Pass Through NonSizing Optimizer
Completed static elaboration
Starting simulation data flow analysis
WARNING: [XSIM 43-4099] "C:/LRMLD/module_library/merge_tree/merge_tree.srcs/sources_1/new/cas_l.sv" Line 5. Module cas_l(METRIC_W=10,LABEL_W=8,USE_FF=0) doesn't have a timescale but at least one module in design has a timescale.
WARNING: [XSIM 43-4099] "C:/LRMLD/module_library/merge_tree/merge_tree.srcs/sources_1/new/cas_l.sv" Line 5. Module cas_l(METRIC_W=10,LABEL_W=8,USE_FF=0) doesn't have a timescale but at least one module in design has a timescale.
WARNING: [XSIM 43-4099] "C:/LRMLD/module_library/merge_tree/merge_tree.srcs/sources_1/new/cas_l.sv" Line 5. Module cas_l(METRIC_W=10,LABEL_W=8,USE_FF=0) doesn't have a timescale but at least one module in design has a timescale.
WARNING: [XSIM 43-4099] "C:/LRMLD/module_library/merge_tree/merge_tree.srcs/sources_1/new/cas_l.sv" Line 5. Module cas_l(METRIC_W=10,LABEL_W=8,USE_FF=0) doesn't have a timescale but at least one module in design has a timescale.
WARNING: [XSIM 43-4099] "C:/LRMLD/module_library/merge_tree/merge_tree.srcs/sources_1/new/cas_l.sv" Line 5. Module cas_l(METRIC_W=10,LABEL_W=8,USE_FF=0) doesn't have a timescale but at least one module in design has a timescale.
WARNING: [XSIM 43-4099] "C:/LRMLD/module_library/merge_tree/merge_tree.srcs/sources_1/new/cas_l.sv" Line 5. Module cas_l(METRIC_W=10,LABEL_W=8,USE_FF=0) doesn't have a timescale but at least one module in design has a timescale.
WARNING: [XSIM 43-4099] "C:/LRMLD/module_library/merge_tree/merge_tree.srcs/sources_1/new/cas_l.sv" Line 5. Module cas_l(METRIC_W=10,LABEL_W=8,USE_FF=0) doesn't have a timescale but at least one module in design has a timescale.
WARNING: [XSIM 43-4099] "C:/LRMLD/module_library/merge_tree/merge_tree.srcs/sources_1/new/cas_l.sv" Line 5. Module cas_l(METRIC_W=10,LABEL_W=8,USE_FF=0) doesn't have a timescale but at least one module in design has a timescale.
WARNING: [XSIM 43-4099] "C:/LRMLD/module_library/merge_tree/merge_tree.srcs/sources_1/new/cas_l.sv" Line 5. Module cas_l(METRIC_W=10,LABEL_W=8,USE_FF=0) doesn't have a timescale but at least one module in design has a timescale.
WARNING: [XSIM 43-4099] "C:/LRMLD/module_library/merge_tree/merge_tree.srcs/sources_1/new/cas_l.sv" Line 5. Module cas_l(METRIC_W=10,LABEL_W=8,USE_FF=0) doesn't have a timescale but at least one module in design has a timescale.
WARNING: [XSIM 43-4099] "C:/LRMLD/module_library/merge_tree/merge_tree.srcs/sources_1/new/cas_l.sv" Line 5. Module cas_l(METRIC_W=10,LABEL_W=8,USE_FF=0) doesn't have a timescale but at least one module in design has a timescale.
WARNING: [XSIM 43-4099] "C:/LRMLD/module_library/merge_tree/merge_tree.srcs/sources_1/new/cas_l.sv" Line 5. Module cas_l(METRIC_W=10,LABEL_W=8,USE_FF=0) doesn't have a timescale but at least one module in design has a timescale.
WARNING: [XSIM 43-4099] "C:/LRMLD/module_library/merge_tree/merge_tree.srcs/sources_1/new/cas_l.sv" Line 5. Module cas_l(METRIC_W=10,LABEL_W=8,USE_FF=0) doesn't have a timescale but at least one module in design has a timescale.
WARNING: [XSIM 43-4099] "C:/LRMLD/module_library/merge_tree/merge_tree.srcs/sources_1/new/cas_l.sv" Line 5. Module cas_l(METRIC_W=10,LABEL_W=8,USE_FF=0) doesn't have a timescale but at least one module in design has a timescale.
WARNING: [XSIM 43-4099] "C:/LRMLD/module_library/merge_tree/merge_tree.srcs/sources_1/new/cas_l.sv" Line 5. Module cas_l(METRIC_W=10,LABEL_W=8,USE_FF=0) doesn't have a timescale but at least one module in design has a timescale.
WARNING: [XSIM 43-4099] "C:/LRMLD/module_library/merge_tree/merge_tree.srcs/sources_1/new/cas_l.sv" Line 5. Module cas_l(METRIC_W=10,LABEL_W=8,USE_FF=0) doesn't have a timescale but at least one module in design has a timescale.
WARNING: [XSIM 43-4099] "C:/LRMLD/module_library/merge_tree/merge_tree.srcs/sources_1/new/cas_l.sv" Line 5. Module cas_l(METRIC_W=10,LABEL_W=8,USE_FF=0) doesn't have a timescale but at least one module in design has a timescale.
WARNING: [XSIM 43-4099] "C:/LRMLD/module_library/merge_tree/merge_tree.srcs/sources_1/new/cas_l.sv" Line 5. Module cas_l(METRIC_W=10,LABEL_W=8,USE_FF=0) doesn't have a timescale but at least one module in design has a timescale.
WARNING: [XSIM 43-4099] "C:/LRMLD/module_library/merge_tree/merge_tree.srcs/sources_1/new/cas_l.sv" Line 5. Module cas_l(METRIC_W=10,LABEL_W=8,USE_FF=0) doesn't have a timescale but at least one module in design has a timescale.
WARNING: [XSIM 43-4099] "C:/LRMLD/module_library/merge_tree/merge_tree.srcs/sources_1/new/cas_l.sv" Line 5. Module cas_l(METRIC_W=10,LABEL_W=8,USE_FF=0) doesn't have a timescale but at least one module in design has a timescale.
WARNING: [XSIM 43-4099] "C:/LRMLD/module_library/merge_tree/merge_tree.srcs/sources_1/new/cas_l.sv" Line 5. Module cas_l(METRIC_W=10,LABEL_W=8,USE_FF=0) doesn't have a timescale but at least one module in design has a timescale.
WARNING: [XSIM 43-4099] "C:/LRMLD/module_library/merge_tree/merge_tree.srcs/sources_1/new/cas_l.sv" Line 5. Module cas_l(METRIC_W=10,LABEL_W=8,USE_FF=0) doesn't have a timescale but at least one module in design has a timescale.
WARNING: [XSIM 43-4099] "C:/LRMLD/module_library/merge_tree/merge_tree.srcs/sources_1/new/cas_l.sv" Line 5. Module cas_l(METRIC_W=10,LABEL_W=8,USE_FF=0) doesn't have a timescale but at least one module in design has a timescale.
WARNING: [XSIM 43-4099] "C:/LRMLD/module_library/merge_tree/merge_tree.srcs/sources_1/new/cas_l.sv" Line 5. Module cas_l(METRIC_W=10,LABEL_W=8,USE_FF=0) doesn't have a timescale but at least one module in design has a timescale.
WARNING: [XSIM 43-4099] "C:/LRMLD/module_library/merge_tree/merge_tree.srcs/sources_1/new/cas_l.sv" Line 5. Module cas_l(METRIC_W=10,LABEL_W=8,USE_FF=0) doesn't have a timescale but at least one module in design has a timescale.
WARNING: [XSIM 43-4099] "C:/LRMLD/module_library/merge_tree/merge_tree.srcs/sources_1/new/cas_l.sv" Line 5. Module cas_l(METRIC_W=10,LABEL_W=8,USE_FF=0) doesn't have a timescale but at least one module in design has a timescale.
WARNING: [XSIM 43-4099] "C:/LRMLD/module_library/merge_tree/merge_tree.srcs/sources_1/new/cas_l.sv" Line 5. Module cas_l(METRIC_W=10,LABEL_W=8,USE_FF=0) doesn't have a timescale but at least one module in design has a timescale.
WARNING: [XSIM 43-4099] "C:/LRMLD/module_library/merge_tree/merge_tree.srcs/sources_1/new/cas_l.sv" Line 5. Module cas_l(METRIC_W=10,LABEL_W=8,USE_FF=0) doesn't have a timescale but at least one module in design has a timescale.
WARNING: [XSIM 43-4099] "C:/LRMLD/module_library/merge_tree/merge_tree.srcs/sources_1/new/cas_l.sv" Line 5. Module cas_l(METRIC_W=10,LABEL_W=8,USE_FF=0) doesn't have a timescale but at least one module in design has a timescale.
WARNING: [XSIM 43-4099] "C:/LRMLD/module_library/merge_tree/merge_tree.srcs/sources_1/new/cas_l.sv" Line 5. Module cas_l(METRIC_W=10,LABEL_W=8,USE_FF=0) doesn't have a timescale but at least one module in design has a timescale.
WARNING: [XSIM 43-4099] "C:/LRMLD/module_library/merge_tree/merge_tree.srcs/sources_1/new/cas_l.sv" Line 5. Module cas_l(METRIC_W=10,LABEL_W=8,USE_FF=0) doesn't have a timescale but at least one module in design has a timescale.
WARNING: [XSIM 43-4099] "C:/LRMLD/module_library/merge_tree/merge_tree.srcs/sources_1/new/cas_l.sv" Line 5. Module cas_l(METRIC_W=10,LABEL_W=8,USE_FF=0) doesn't have a timescale but at least one module in design has a timescale.
WARNING: [XSIM 43-4099] "C:/LRMLD/module_library/merge_tree/merge_tree.srcs/sources_1/new/cas_l.sv" Line 5. Module cas_l(METRIC_W=10,LABEL_W=8,USE_FF=0) doesn't have a timescale but at least one module in design has a timescale.
WARNING: [XSIM 43-4099] "C:/LRMLD/module_library/merge_tree/merge_tree.srcs/sources_1/new/cas_l.sv" Line 5. Module cas_l(METRIC_W=10,LABEL_W=8,USE_FF=0) doesn't have a timescale but at least one module in design has a timescale.
WARNING: [XSIM 43-4099] "C:/LRMLD/module_library/merge_tree/merge_tree.srcs/sources_1/new/cas_l.sv" Line 5. Module cas_l(METRIC_W=10,LABEL_W=8,USE_FF=0) doesn't have a timescale but at least one module in design has a timescale.
WARNING: [XSIM 43-4099] "C:/LRMLD/module_library/merge_tree/merge_tree.srcs/sources_1/new/cas_l.sv" Line 5. Module cas_l(METRIC_W=10,LABEL_W=8,USE_FF=0) doesn't have a timescale but at least one module in design has a timescale.
WARNING: [XSIM 43-4099] "C:/LRMLD/module_library/merge_tree/merge_tree.srcs/sources_1/new/cas_l.sv" Line 5. Module cas_l(METRIC_W=10,LABEL_W=8,USE_FF=0) doesn't have a timescale but at least one module in design has a timescale.
WARNING: [XSIM 43-4099] "C:/LRMLD/module_library/merge_tree/merge_tree.srcs/sources_1/new/cas_l.sv" Line 5. Module cas_l(METRIC_W=10,LABEL_W=8,USE_FF=0) doesn't have a timescale but at least one module in design has a timescale.
WARNING: [XSIM 43-4099] "C:/LRMLD/module_library/merge_tree/merge_tree.srcs/sources_1/new/cas_l.sv" Line 5. Module cas_l(METRIC_W=10,LABEL_W=8,USE_FF=0) doesn't have a timescale but at least one module in design has a timescale.
WARNING: [XSIM 43-4099] "C:/LRMLD/module_library/merge_tree/merge_tree.srcs/sources_1/new/cas_l.sv" Line 5. Module cas_l(METRIC_W=10,LABEL_W=8,USE_FF=0) doesn't have a timescale but at least one module in design has a timescale.
WARNING: [XSIM 43-4099] "C:/LRMLD/module_library/merge_tree/merge_tree.srcs/sources_1/new/cas_l.sv" Line 5. Module cas_l(METRIC_W=10,LABEL_W=8,USE_FF=0) doesn't have a timescale but at least one module in design has a timescale.
WARNING: [XSIM 43-4099] "C:/LRMLD/module_library/merge_tree/merge_tree.srcs/sources_1/new/cas_l.sv" Line 5. Module cas_l(METRIC_W=10,LABEL_W=8,USE_FF=0) doesn't have a timescale but at least one module in design has a timescale.
WARNING: [XSIM 43-4099] "C:/LRMLD/module_library/merge_tree/merge_tree.srcs/sources_1/new/cas_l.sv" Line 5. Module cas_l(METRIC_W=10,LABEL_W=8,USE_FF=0) doesn't have a timescale but at least one module in design has a timescale.
WARNING: [XSIM 43-4099] "C:/LRMLD/module_library/merge_tree/merge_tree.srcs/sources_1/new/cas_l.sv" Line 5. Module cas_l(METRIC_W=10,LABEL_W=8,USE_FF=0) doesn't have a timescale but at least one module in design has a timescale.
WARNING: [XSIM 43-4099] "C:/LRMLD/module_library/merge_tree/merge_tree.srcs/sources_1/new/cas_l.sv" Line 5. Module cas_l(METRIC_W=10,LABEL_W=8,USE_FF=0) doesn't have a timescale but at least one module in design has a timescale.
WARNING: [XSIM 43-4099] "C:/LRMLD/module_library/merge_tree/merge_tree.srcs/sources_1/new/cas_l.sv" Line 5. Module cas_l(METRIC_W=10,LABEL_W=8,USE_FF=0) doesn't have a timescale but at least one module in design has a timescale.
WARNING: [XSIM 43-4099] "C:/LRMLD/module_library/merge_tree/merge_tree.srcs/sources_1/new/cas_l.sv" Line 5. Module cas_l(METRIC_W=10,LABEL_W=8,USE_FF=0) doesn't have a timescale but at least one module in design has a timescale.
WARNING: [XSIM 43-4099] "C:/LRMLD/module_library/merge_tree/merge_tree.srcs/sources_1/new/cas_l.sv" Line 5. Module cas_l(METRIC_W=10,LABEL_W=8,USE_FF=0) doesn't have a timescale but at least one module in design has a timescale.
WARNING: [XSIM 43-4099] "C:/LRMLD/module_library/merge_tree/merge_tree.srcs/sources_1/new/cas_l.sv" Line 5. Module cas_l(METRIC_W=10,LABEL_W=8,USE_FF=0) doesn't have a timescale but at least one module in design has a timescale.
WARNING: [XSIM 43-4099] "C:/LRMLD/module_library/merge_tree/merge_tree.srcs/sources_1/new/cas_l.sv" Line 5. Module cas_l(METRIC_W=10,LABEL_W=8,USE_FF=0) doesn't have a timescale but at least one module in design has a timescale.
WARNING: [XSIM 43-4099] "C:/LRMLD/module_library/merge_tree/merge_tree.srcs/sources_1/new/cas_l.sv" Line 5. Module cas_l(METRIC_W=10,LABEL_W=8,USE_FF=0) doesn't have a timescale but at least one module in design has a timescale.
WARNING: [XSIM 43-4099] "C:/LRMLD/module_library/merge_tree/merge_tree.srcs/sources_1/new/cas_l.sv" Line 5. Module cas_l(METRIC_W=10,LABEL_W=8,USE_FF=0) doesn't have a timescale but at least one module in design has a timescale.
WARNING: [XSIM 43-4099] "C:/LRMLD/module_library/merge_tree/merge_tree.srcs/sources_1/new/cas_l.sv" Line 5. Module cas_l(METRIC_W=10,LABEL_W=8,USE_FF=0) doesn't have a timescale but at least one module in design has a timescale.
WARNING: [XSIM 43-4099] "C:/LRMLD/module_library/merge_tree/merge_tree.srcs/sources_1/new/cas_l.sv" Line 5. Module cas_l(METRIC_W=10,LABEL_W=8,USE_FF=0) doesn't have a timescale but at least one module in design has a timescale.
WARNING: [XSIM 43-4099] "C:/LRMLD/module_library/merge_tree/merge_tree.srcs/sources_1/new/cas_l.sv" Line 5. Module cas_l(METRIC_W=10,LABEL_W=8,USE_FF=0) doesn't have a timescale but at least one module in design has a timescale.
WARNING: [XSIM 43-4099] "C:/LRMLD/module_library/merge_tree/merge_tree.srcs/sources_1/new/cas_l.sv" Line 5. Module cas_l(METRIC_W=10,LABEL_W=8,USE_FF=0) doesn't have a timescale but at least one module in design has a timescale.
WARNING: [XSIM 43-4099] "C:/LRMLD/module_library/merge_tree/merge_tree.srcs/sources_1/new/cas_l.sv" Line 5. Module cas_l(METRIC_W=10,LABEL_W=8,USE_FF=0) doesn't have a timescale but at least one module in design has a timescale.
WARNING: [XSIM 43-4099] "C:/LRMLD/module_library/merge_tree/merge_tree.srcs/sources_1/new/cas_l.sv" Line 5. Module cas_l(METRIC_W=10,LABEL_W=8,USE_FF=0) doesn't have a timescale but at least one module in design has a timescale.
WARNING: [XSIM 43-4099] "C:/LRMLD/module_library/merge_tree/merge_tree.srcs/sources_1/new/cas_l.sv" Line 5. Module cas_l(METRIC_W=10,LABEL_W=8,USE_FF=0) doesn't have a timescale but at least one module in design has a timescale.
WARNING: [XSIM 43-4099] "C:/LRMLD/module_library/merge_tree/merge_tree.srcs/sources_1/new/cas_l.sv" Line 5. Module cas_l(METRIC_W=10,LABEL_W=8,USE_FF=0) doesn't have a timescale but at least one module in design has a timescale.
WARNING: [XSIM 43-4099] "C:/LRMLD/module_library/merge_tree/merge_tree.srcs/sources_1/new/cas_l.sv" Line 5. Module cas_l(METRIC_W=10,LABEL_W=8,USE_FF=0) doesn't have a timescale but at least one module in design has a timescale.
WARNING: [XSIM 43-4099] "C:/LRMLD/module_library/merge_tree/merge_tree.srcs/sources_1/new/cas_l.sv" Line 5. Module cas_l(METRIC_W=10,LABEL_W=8,USE_FF=0) doesn't have a timescale but at least one module in design has a timescale.
WARNING: [XSIM 43-4099] "C:/LRMLD/module_library/merge_tree/merge_tree.srcs/sources_1/new/cas_l.sv" Line 5. Module cas_l(METRIC_W=10,LABEL_W=8,USE_FF=0) doesn't have a timescale but at least one module in design has a timescale.
WARNING: [XSIM 43-4099] "C:/LRMLD/module_library/merge_tree/merge_tree.srcs/sources_1/new/cas_l.sv" Line 5. Module cas_l(METRIC_W=10,LABEL_W=8,USE_FF=0) doesn't have a timescale but at least one module in design has a timescale.
WARNING: [XSIM 43-4099] "C:/LRMLD/module_library/merge_tree/merge_tree.srcs/sources_1/new/cas_l.sv" Line 5. Module cas_l(METRIC_W=10,LABEL_W=8,USE_FF=0) doesn't have a timescale but at least one module in design has a timescale.
WARNING: [XSIM 43-4099] "C:/LRMLD/module_library/merge_tree/merge_tree.srcs/sources_1/new/cas_l.sv" Line 5. Module cas_l(METRIC_W=10,LABEL_W=8,USE_FF=0) doesn't have a timescale but at least one module in design has a timescale.
WARNING: [XSIM 43-4099] "C:/LRMLD/module_library/merge_tree/merge_tree.srcs/sources_1/new/cas_l.sv" Line 5. Module cas_l(METRIC_W=10,LABEL_W=8,USE_FF=0) doesn't have a timescale but at least one module in design has a timescale.
WARNING: [XSIM 43-4099] "C:/LRMLD/module_library/merge_tree/merge_tree.srcs/sources_1/new/cas_l.sv" Line 5. Module cas_l(METRIC_W=10,LABEL_W=8,USE_FF=0) doesn't have a timescale but at least one module in design has a timescale.
WARNING: [XSIM 43-4099] "C:/LRMLD/module_library/merge_tree/merge_tree.srcs/sources_1/new/cas_l.sv" Line 5. Module cas_l(METRIC_W=10,LABEL_W=8,USE_FF=0) doesn't have a timescale but at least one module in design has a timescale.
WARNING: [XSIM 43-4099] "C:/LRMLD/module_library/merge_tree/merge_tree.srcs/sources_1/new/cas_l.sv" Line 5. Module cas_l(METRIC_W=10,LABEL_W=8,USE_FF=0) doesn't have a timescale but at least one module in design has a timescale.
WARNING: [XSIM 43-4099] "C:/LRMLD/module_library/merge_tree/merge_tree.srcs/sources_1/new/cas_l.sv" Line 5. Module cas_l(METRIC_W=10,LABEL_W=8,USE_FF=0) doesn't have a timescale but at least one module in design has a timescale.
WARNING: [XSIM 43-4099] "C:/LRMLD/module_library/merge_tree/merge_tree.srcs/sources_1/new/cas_l.sv" Line 5. Module cas_l(METRIC_W=10,LABEL_W=8,USE_FF=0) doesn't have a timescale but at least one module in design has a timescale.
WARNING: [XSIM 43-4099] "C:/LRMLD/module_library/merge_tree/merge_tree.srcs/sources_1/new/cas_l.sv" Line 5. Module cas_l(METRIC_W=10,LABEL_W=8,USE_FF=0) doesn't have a timescale but at least one module in design has a timescale.
WARNING: [XSIM 43-4099] "C:/LRMLD/module_library/merge_tree/merge_tree.srcs/sources_1/new/cas_l.sv" Line 5. Module cas_l(METRIC_W=10,LABEL_W=8,USE_FF=0) doesn't have a timescale but at least one module in design has a timescale.
WARNING: [XSIM 43-4099] "C:/LRMLD/module_library/merge_tree/merge_tree.srcs/sources_1/new/cas_l.sv" Line 5. Module cas_l(METRIC_W=10,LABEL_W=8,USE_FF=0) doesn't have a timescale but at least one module in design has a timescale.
WARNING: [XSIM 43-4099] "C:/LRMLD/module_library/merge_tree/merge_tree.srcs/sources_1/new/cas_l.sv" Line 5. Module cas_l(METRIC_W=10,LABEL_W=8,USE_FF=0) doesn't have a timescale but at least one module in design has a timescale.
WARNING: [XSIM 43-4099] "C:/LRMLD/module_library/merge_tree/merge_tree.srcs/sources_1/new/cas_l.sv" Line 5. Module cas_l(METRIC_W=10,LABEL_W=8,USE_FF=0) doesn't have a timescale but at least one module in design has a timescale.
WARNING: [XSIM 43-4099] "C:/LRMLD/module_library/merge_tree/merge_tree.srcs/sources_1/new/cas_l.sv" Line 5. Module cas_l(METRIC_W=10,LABEL_W=8,USE_FF=0) doesn't have a timescale but at least one module in design has a timescale.
WARNING: [XSIM 43-4099] "C:/LRMLD/module_library/merge_tree/merge_tree.srcs/sources_1/new/cas_l.sv" Line 5. Module cas_l(METRIC_W=10,LABEL_W=8,USE_FF=0) doesn't have a timescale but at least one module in design has a timescale.
WARNING: [XSIM 43-4099] "C:/LRMLD/module_library/merge_tree/merge_tree.srcs/sources_1/new/cas_l.sv" Line 5. Module cas_l(METRIC_W=10,LABEL_W=8,USE_FF=0) doesn't have a timescale but at least one module in design has a timescale.
WARNING: [XSIM 43-4099] "C:/LRMLD/module_library/merge_tree/merge_tree.srcs/sources_1/new/cas_l.sv" Line 5. Module cas_l(METRIC_W=10,LABEL_W=8,USE_FF=0) doesn't have a timescale but at least one module in design has a timescale.
WARNING: [XSIM 43-4099] "C:/LRMLD/module_library/merge_tree/merge_tree.srcs/sources_1/new/cas_l.sv" Line 5. Module cas_l(METRIC_W=10,LABEL_W=8,USE_FF=0) doesn't have a timescale but at least one module in design has a timescale.
WARNING: [XSIM 43-4099] "C:/LRMLD/module_library/merge_tree/merge_tree.srcs/sources_1/new/cas_l.sv" Line 5. Module cas_l(METRIC_W=10,LABEL_W=8,USE_FF=0) doesn't have a timescale but at least one module in design has a timescale.
WARNING: [XSIM 43-4099] "C:/LRMLD/module_library/merge_tree/merge_tree.srcs/sources_1/new/cas_l.sv" Line 5. Module cas_l(METRIC_W=10,LABEL_W=8,USE_FF=0) doesn't have a timescale but at least one module in design has a timescale.
WARNING: [XSIM 43-4099] "C:/LRMLD/module_library/merge_tree/merge_tree.srcs/sources_1/new/cas_l.sv" Line 5. Module cas_l(METRIC_W=10,LABEL_W=8,USE_FF=0) doesn't have a timescale but at least one module in design has a timescale.
WARNING: [XSIM 43-4099] "C:/LRMLD/module_library/merge_tree/merge_tree.srcs/sources_1/new/cas_l.sv" Line 5. Module cas_l(METRIC_W=10,LABEL_W=8,USE_FF=0) doesn't have a timescale but at least one module in design has a timescale.
WARNING: [XSIM 43-4099] "C:/LRMLD/module_library/merge_tree/merge_tree.srcs/sources_1/new/cas_l.sv" Line 5. Module cas_l(METRIC_W=10,LABEL_W=8,USE_FF=0) doesn't have a timescale but at least one module in design has a timescale.
WARNING: [XSIM 43-4099] "C:/LRMLD/module_library/merge_tree/merge_tree.srcs/sources_1/new/cas_l.sv" Line 5. Module cas_l(METRIC_W=10,LABEL_W=8,USE_FF=0) doesn't have a timescale but at least one module in design has a timescale.
WARNING: [XSIM 43-4099] "C:/LRMLD/module_library/merge_tree/merge_tree.srcs/sources_1/new/cas_l.sv" Line 5. Module cas_l(METRIC_W=10,LABEL_W=8,USE_FF=0) doesn't have a timescale but at least one module in design has a timescale.
WARNING: [XSIM 43-4099] "C:/LRMLD/module_library/merge_tree/merge_tree.srcs/sources_1/new/cas_l.sv" Line 5. Module cas_l(METRIC_W=10,LABEL_W=8,USE_FF=0) doesn't have a timescale but at least one module in design has a timescale.
WARNING: [XSIM 43-4099] "C:/LRMLD/module_library/merge_tree/merge_tree.srcs/sources_1/new/cas_l.sv" Line 5. Module cas_l(METRIC_W=10,LABEL_W=8,USE_FF=0) doesn't have a timescale but at least one module in design has a timescale.
WARNING: [XSIM 43-4099] "C:/LRMLD/module_library/merge_tree/merge_tree.srcs/sources_1/new/cas_l.sv" Line 5. Module cas_l(METRIC_W=10,LABEL_W=8,USE_FF=0) doesn't have a timescale but at least one module in design has a timescale.
WARNING: [XSIM 43-4099] "C:/LRMLD/module_library/merge_tree/merge_tree.srcs/sources_1/new/cas_l.sv" Line 5. Module cas_l(METRIC_W=10,LABEL_W=8,USE_FF=0) doesn't have a timescale but at least one module in design has a timescale.
WARNING: [XSIM 43-4099] "C:/LRMLD/module_library/merge_tree/merge_tree.srcs/sources_1/new/cas_l.sv" Line 5. Module cas_l(METRIC_W=10,LABEL_W=8,USE_FF=0) doesn't have a timescale but at least one module in design has a timescale.
WARNING: [XSIM 43-4099] "C:/LRMLD/module_library/merge_tree/merge_tree.srcs/sources_1/new/cas_l.sv" Line 5. Module cas_l(METRIC_W=10,LABEL_W=8,USE_FF=0) doesn't have a timescale but at least one module in design has a timescale.
WARNING: [XSIM 43-4099] "C:/LRMLD/module_library/merge_tree/merge_tree.srcs/sources_1/new/cas_l.sv" Line 5. Module cas_l(METRIC_W=10,LABEL_W=8,USE_FF=0) doesn't have a timescale but at least one module in design has a timescale.
WARNING: [XSIM 43-4099] "C:/LRMLD/module_library/merge_tree/merge_tree.srcs/sources_1/new/cas_l.sv" Line 5. Module cas_l(METRIC_W=10,LABEL_W=8,USE_FF=0) doesn't have a timescale but at least one module in design has a timescale.
WARNING: [XSIM 43-4099] "C:/LRMLD/module_library/merge_tree/merge_tree.srcs/sources_1/new/cas_l.sv" Line 5. Module cas_l(METRIC_W=10,LABEL_W=8,USE_FF=0) doesn't have a timescale but at least one module in design has a timescale.
WARNING: [XSIM 43-4099] "C:/LRMLD/module_library/merge_tree/merge_tree.srcs/sources_1/new/cas_l.sv" Line 5. Module cas_l(METRIC_W=10,LABEL_W=8,USE_FF=0) doesn't have a timescale but at least one module in design has a timescale.
WARNING: [XSIM 43-4099] "C:/LRMLD/module_library/merge_tree/merge_tree.srcs/sources_1/new/cas_l.sv" Line 5. Module cas_l(METRIC_W=10,LABEL_W=8,USE_FF=0) doesn't have a timescale but at least one module in design has a timescale.
INFO: [Common 17-14] Message 'XSIM 43-4099' appears 100 times and further instances of the messages will be disabled. Use the Tcl command set_msg_config to change the current settings.
Completed simulation data flow analysis
Time Resolution for simulation is 1ps
Compiling module xil_defaultlib.cas_l(METRIC_W=10,LABEL_W=8,USE_...
Compiling module xil_defaultlib.sort_8
Compiling module xil_defaultlib.sml_list_sort_default
Compiling module xil_defaultlib.table_sort_default
Compiling module xil_defaultlib.tb_table_sort
Compiling module xil_defaultlib.glbl
Built simulation snapshot tb_table_sort_behav
