Vivado Simulator v2022.1
Copyright 1986-1999, 2001-2022 Xilinx, Inc. All Rights Reserved.
Running: C:/Xilinx/Vivado/2022.1/bin/unwrapped/win64.o/xelab.exe --incr --debug typical --relax --mt 2 -L xil_defaultlib -L uvm -L unisims_ver -L unimacro_ver -L secureip --snapshot tb_find_behav xil_defaultlib.tb_find xil_defaultlib.glbl -log elaborate.log 
Using 2 slave threads.
Starting static elaboration
Pass Through NonSizing Optimizer
Completed static elaboration
Starting simulation data flow analysis
WARNING: [XSIM 43-4099] "C:/LRMLD/module_library/min2_frm_5/min2_frm_5.srcs/sources_1/new/comparator.sv" Line 1. Module comparator(DATA_W=4) doesn't have a timescale but at least one module in design has a timescale.
WARNING: [XSIM 43-4099] "C:/LRMLD/module_library/min2_frm_5/min2_frm_5.srcs/sources_1/new/comparator.sv" Line 1. Module comparator(DATA_W=4) doesn't have a timescale but at least one module in design has a timescale.
WARNING: [XSIM 43-4099] "C:/LRMLD/module_library/min2_frm_5/min2_frm_5.srcs/sources_1/new/comparator.sv" Line 1. Module comparator(DATA_W=4) doesn't have a timescale but at least one module in design has a timescale.
WARNING: [XSIM 43-4099] "C:/LRMLD/module_library/min2_frm_5/min2_frm_5.srcs/sources_1/new/comparator.sv" Line 1. Module comparator(DATA_W=4) doesn't have a timescale but at least one module in design has a timescale.
WARNING: [XSIM 43-4099] "C:/LRMLD/module_library/min2_frm_5/min2_frm_5.srcs/sources_1/new/comparator.sv" Line 1. Module comparator(DATA_W=4) doesn't have a timescale but at least one module in design has a timescale.
WARNING: [XSIM 43-4099] "C:/LRMLD/module_library/min2_frm_5/min2_frm_5.srcs/sources_1/new/comparator.sv" Line 1. Module comparator(DATA_W=4) doesn't have a timescale but at least one module in design has a timescale.
WARNING: [XSIM 43-4099] "C:/LRMLD/module_library/min2_frm_5/min2_frm_5.srcs/sources_1/new/comparator.sv" Line 1. Module comparator(DATA_W=4) doesn't have a timescale but at least one module in design has a timescale.
WARNING: [XSIM 43-4099] "C:/LRMLD/module_library/min2_frm_5/min2_frm_5.srcs/sources_1/new/comparator.sv" Line 1. Module comparator(DATA_W=4) doesn't have a timescale but at least one module in design has a timescale.
WARNING: [XSIM 43-4099] "C:/LRMLD/module_library/min2_frm_5/min2_frm_5.srcs/sources_1/new/comparator.sv" Line 1. Module comparator(DATA_W=4) doesn't have a timescale but at least one module in design has a timescale.
WARNING: [XSIM 43-4099] "C:/LRMLD/module_library/min2_frm_5/min2_frm_5.srcs/sources_1/new/comparator.sv" Line 1. Module comparator(DATA_W=4) doesn't have a timescale but at least one module in design has a timescale.
Completed simulation data flow analysis
Time Resolution for simulation is 1ps
Compiling module xil_defaultlib.comparator(DATA_W=4)
Compiling module xil_defaultlib.min2_frm5(M_W=4)
Compiling module xil_defaultlib.tb_find
Compiling module xil_defaultlib.glbl
Built simulation snapshot tb_find_behav
