Copyright 1986-2022 Xilinx, Inc. All Rights Reserved.
-----------------------------------------------------------------------------------------
| Tool Version : Vivado v.2022.1 (win64) Build 3526262 Mon Apr 18 15:48:16 MDT 2022
| Date         : Mon Apr 27 01:41:45 2026
| Host         : feduuk running 64-bit major release  (build 9200)
| Command      : report_control_sets -verbose -file SS16_wrapper_control_sets_placed.rpt
| Design       : SS16_wrapper
| Device       : xcku035
-----------------------------------------------------------------------------------------

Control Set Information

Table of Contents
-----------------
1. Summary
2. Histogram
3. Flip-Flop Distribution
4. Detailed Control Set Information

1. Summary
----------

+----------------------------------------------------------+-------+
|                          Status                          | Count |
+----------------------------------------------------------+-------+
| Total control sets                                       |    60 |
|    Minimum number of control sets                        |    60 |
|    Addition due to synthesis replication                 |     0 |
|    Addition due to physical synthesis replication        |     0 |
| Unused register locations in slices containing registers |    51 |
+----------------------------------------------------------+-------+
* Control sets can be merged at opt_design using control_set_merge or merge_equivalent_drivers
** Run report_qor_suggestions for automated merging and remapping suggestions


2. Histogram
------------

+--------------------+-------+
|       Fanout       | Count |
+--------------------+-------+
| Total control sets |    60 |
| >= 0 to < 4        |     1 |
| >= 4 to < 6        |     1 |
| >= 6 to < 8        |     1 |
| >= 8 to < 10       |     0 |
| >= 10 to < 12      |    22 |
| >= 12 to < 14      |     0 |
| >= 14 to < 16      |     0 |
| >= 16              |    35 |
+--------------------+-------+
* Control sets can be remapped at either synth_design or opt_design


3. Flip-Flop Distribution
-------------------------

+--------------+-----------------------+------------------------+-----------------+--------------+
| Clock Enable | Synchronous Set/Reset | Asynchronous Set/Reset | Total Registers | Total Slices |
+--------------+-----------------------+------------------------+-----------------+--------------+
| No           | No                    | No                     |            9605 |         1758 |
| No           | No                    | Yes                    |               0 |            0 |
| No           | Yes                   | No                     |             223 |           68 |
| Yes          | No                    | No                     |            1626 |          554 |
| Yes          | No                    | Yes                    |               0 |            0 |
| Yes          | Yes                   | No                     |              11 |            3 |
+--------------+-----------------------+------------------------+-----------------+--------------+


4. Detailed Control Set Information
-----------------------------------

+------------------------------------------------+----------------------+------------------------------------------+------------------+----------------+--------------+
|                  Clock Signal                  |     Enable Signal    |             Set/Reset Signal             | Slice Load Count | Bel Load Count | Bels / Slice |
+------------------------------------------------+----------------------+------------------------------------------+------------------+----------------+--------------+
|  clk_IBUF_BUFG                                 |                      | rst_IBUF_inst/O                          |                3 |              3 |         1.00 |
|  clk_IBUF_BUFG                                 | i_valid_IBUF_inst/O  | rst_IBUF_inst/O                          |                2 |              4 |         2.00 |
|  clk_IBUF_BUFG                                 | busy                 | dut/busy_reg                             |                1 |              7 |         7.00 |
|  clk_IBUF_BUFG                                 |                      | dut/AaB0[1].SS/sort2/c_m3temp[2]_382[10] |                3 |             10 |         3.33 |
|  clk_IBUF_BUFG                                 |                      | dut/SS_00/m_p_reg[5][2][10]_0[10]        |                3 |             10 |         3.33 |
|  clk_IBUF_BUFG                                 |                      | dut/SS_00/m_p_reg[5][3][10]_0[10]        |                3 |             10 |         3.33 |
|  clk_IBUF_BUFG                                 |                      | dut/SS_00/s0_d_reg[5]_16[10]             |                1 |             10 |        10.00 |
|  clk_IBUF_BUFG                                 |                      | dut/AaB0[1].SS/sort2/c_m2[0]_381[10]     |                4 |             10 |         2.50 |
|  clk_IBUF_BUFG                                 |                      | dut/A0Bb[2].SS/sort2/c_m3temp[2]_483[10] |                3 |             10 |         3.33 |
|  clk_IBUF_BUFG                                 |                      | dut/AaB0[1].SS/sort2/c_m3temp[1]_383[10] |                4 |             10 |         2.50 |
|  clk_IBUF_BUFG                                 |                      | dut/A0Bb[3].SS/sort2/c_m3temp[2]_505[10] |                3 |             10 |         3.33 |
|  clk_IBUF_BUFG                                 |                      | dut/A0Bb[3].SS/sort2/c_m3temp[1]_506[10] |                4 |             10 |         2.50 |
|  clk_IBUF_BUFG                                 |                      | dut/A0Bb[3].SS/sort2/c_m2[0]_504[10]     |                4 |             10 |         2.50 |
|  clk_IBUF_BUFG                                 |                      | dut/A0Bb[2].SS/sort2/c_m3temp[1]_484[10] |                4 |             10 |         2.50 |
|  clk_IBUF_BUFG                                 |                      | dut/A0Bb[2].SS/sort2/c_m2[0]_482[10]     |                4 |             10 |         2.50 |
|  clk_IBUF_BUFG                                 |                      | dut/AaB0[2].SS/sort2/c_m2[0]_602[10]     |                4 |             10 |         2.50 |
|  clk_IBUF_BUFG                                 |                      | dut/AaB0[2].SS/sort2/c_m3temp[1]_604[10] |                5 |             10 |         2.00 |
|  clk_IBUF_BUFG                                 |                      | dut/AaB0[2].SS/sort2/c_m3temp[2]_603[10] |                4 |             10 |         2.50 |
|  clk_IBUF_BUFG                                 |                      | dut/AaB0[3].SS/sort2/c_m3temp[2]_415[10] |                4 |             10 |         2.50 |
|  clk_IBUF_BUFG                                 |                      | dut/AaB0[3].SS/sort2/c_m3temp[1]_416[10] |                4 |             10 |         2.50 |
|  clk_IBUF_BUFG                                 |                      | dut/AaB0[3].SS/sort2/c_m2[0]_414[10]     |                4 |             10 |         2.50 |
|  clk_IBUF_BUFG                                 |                      | dut/SS_11/sort2/c_m3temp[2]_448[10]      |                4 |             10 |         2.50 |
|  clk_IBUF_BUFG                                 |                      | dut/SS_11/sort2/c_m2[0]_447[10]          |                4 |             10 |         2.50 |
|  clk_IBUF_BUFG                                 |                      | dut/SS_11/sort2/c_m3temp[1]_449[10]      |                4 |             10 |         2.50 |
|  clk_IBUF_BUFG                                 |                      | dut/SS_00/Q[10]                          |                3 |             10 |         3.33 |
|  clk_IBUF_BUFG                                 | dut/AB_m_3_n_11      |                                          |               21 |             40 |         1.90 |
|  clk_IBUF_BUFG                                 | i_metrics_buf[9]     |                                          |               13 |             52 |         4.00 |
|  clk_IBUF_BUFG                                 | i_metrics_buf[39]    |                                          |               19 |             52 |         2.74 |
|  clk_IBUF_BUFG                                 | i_metrics_buf[19]    |                                          |               20 |             52 |         2.60 |
|  clk_IBUF_BUFG                                 | i_metrics_buf[29]    |                                          |               17 |             52 |         3.06 |
|  dut/AaB0[2].SS/sort2/E_BUFG[0]                |                      |                                          |               48 |             64 |         1.33 |
|  dut/AaB0[2].SS/sort2/l_m1_r_reg[1][2]_BUFG[0] |                      |                                          |               53 |             64 |         1.21 |
|  dut/AaB0[2].SS/sort3/E_BUFG[0]                |                      |                                          |               50 |             64 |         1.28 |
|  n_0_10503_BUFG                                |                      |                                          |               47 |             64 |         1.36 |
|  dut/A0Bb[2].SS/sort3/E_BUFG[0]                |                      |                                          |               44 |             64 |         1.45 |
|  n_3_11214_BUFG                                |                      |                                          |               55 |             64 |         1.16 |
|  n_10_12955_BUFG                               |                      |                                          |               48 |             64 |         1.33 |
|  n_1_10766_BUFG                                |                      |                                          |               47 |             64 |         1.36 |
|  n_6_11925_BUFG                                |                      |                                          |               44 |             64 |         1.45 |
|  n_2_10635_BUFG                                |                      |                                          |               54 |             64 |         1.19 |
|  n_4_11477_BUFG                                |                      |                                          |               54 |             64 |         1.19 |
|  n_5_11346_BUFG                                |                      |                                          |               55 |             64 |         1.16 |
|  n_9_12692_BUFG                                |                      |                                          |               46 |             64 |         1.39 |
|  n_8_12057_BUFG                                |                      |                                          |               46 |             64 |         1.39 |
|  n_7_12188_BUFG                                |                      |                                          |               48 |             64 |         1.33 |
|  clk_IBUF_BUFG                                 | o_metric[9]_i_1_n_11 |                                          |               74 |             74 |         1.00 |
|  clk_IBUF_BUFG                                 | i_metrics_buf[69]    |                                          |               22 |             84 |         3.82 |
|  clk_IBUF_BUFG                                 | i_metrics_buf[99]    |                                          |               23 |             84 |         3.65 |
|  clk_IBUF_BUFG                                 | i_metrics_buf[59]    |                                          |               23 |             84 |         3.65 |
|  clk_IBUF_BUFG                                 | i_metrics_buf[119]   |                                          |               23 |             84 |         3.65 |
|  clk_IBUF_BUFG                                 | i_metrics_buf[79]    |                                          |               23 |             84 |         3.65 |
|  clk_IBUF_BUFG                                 | i_metrics_buf[139]   |                                          |               21 |             84 |         4.00 |
|  clk_IBUF_BUFG                                 | i_metrics_buf[159]   |                                          |               25 |             84 |         3.36 |
|  clk_IBUF_BUFG                                 | i_metrics_buf[109]   |                                          |               27 |             84 |         3.11 |
|  clk_IBUF_BUFG                                 | i_metrics_buf[49]    |                                          |               27 |             84 |         3.11 |
|  clk_IBUF_BUFG                                 | i_metrics_buf[129]   |                                          |               21 |             84 |         4.00 |
|  clk_IBUF_BUFG                                 | i_metrics_buf[89]    |                                          |               23 |             84 |         3.65 |
|  clk_IBUF_BUFG                                 | i_metrics_buf[149]   |                                          |               27 |             84 |         3.11 |
|  clk_IBUF_BUFG                                 | dut/AB_m_2_n_11      |                                          |              248 |            296 |         1.19 |
|  clk_IBUF_BUFG                                 |                      |                                          |             1489 |          11149 |         7.49 |
+------------------------------------------------+----------------------+------------------------------------------+------------------+----------------+--------------+


