Copyright 1986-2022 Xilinx, Inc. All Rights Reserved.
-----------------------------------------------------------------------------------------
| Tool Version : Vivado v.2022.1 (win64) Build 3526262 Mon Apr 18 15:48:16 MDT 2022
| Date         : Tue Apr 28 02:58:10 2026
| Host         : feduuk running 64-bit major release  (build 9200)
| Command      : report_control_sets -verbose -file SS16_wrapper_control_sets_placed.rpt
| Design       : SS16_wrapper
| Device       : xcku035
-----------------------------------------------------------------------------------------

Control Set Information

Table of Contents
-----------------
1. Summary
2. Histogram
3. Flip-Flop Distribution
4. Detailed Control Set Information

1. Summary
----------

+----------------------------------------------------------+-------+
|                          Status                          | Count |
+----------------------------------------------------------+-------+
| Total control sets                                       |    68 |
|    Minimum number of control sets                        |    68 |
|    Addition due to synthesis replication                 |     0 |
|    Addition due to physical synthesis replication        |     0 |
| Unused register locations in slices containing registers |    54 |
+----------------------------------------------------------+-------+
* Control sets can be merged at opt_design using control_set_merge or merge_equivalent_drivers
** Run report_qor_suggestions for automated merging and remapping suggestions


2. Histogram
------------

+--------------------+-------+
|       Fanout       | Count |
+--------------------+-------+
| Total control sets |    68 |
| >= 0 to < 4        |     1 |
| >= 4 to < 6        |     1 |
| >= 6 to < 8        |     1 |
| >= 8 to < 10       |     0 |
| >= 10 to < 12      |    24 |
| >= 12 to < 14      |     0 |
| >= 14 to < 16      |     0 |
| >= 16              |    41 |
+--------------------+-------+
* Control sets can be remapped at either synth_design or opt_design


3. Flip-Flop Distribution
-------------------------

+--------------+-----------------------+------------------------+-----------------+--------------+
| Clock Enable | Synchronous Set/Reset | Asynchronous Set/Reset | Total Registers | Total Slices |
+--------------+-----------------------+------------------------+-----------------+--------------+
| No           | No                    | No                     |           13694 |         2524 |
| No           | No                    | Yes                    |               0 |            0 |
| No           | Yes                   | No                     |             243 |           66 |
| Yes          | No                    | No                     |            2010 |          642 |
| Yes          | No                    | Yes                    |               0 |            0 |
| Yes          | Yes                   | No                     |              11 |            5 |
+--------------+-----------------------+------------------------+-----------------+--------------+


4. Detailed Control Set Information
-----------------------------------

+------------------------------------------------+---------------------------+------------------------------------------+------------------+----------------+--------------+
|                  Clock Signal                  |       Enable Signal       |             Set/Reset Signal             | Slice Load Count | Bel Load Count | Bels / Slice |
+------------------------------------------------+---------------------------+------------------------------------------+------------------+----------------+--------------+
|  clk_IBUF_BUFG                                 |                           | rst_IBUF_inst/O                          |                2 |              3 |         1.50 |
|  clk_IBUF_BUFG                                 | i_valid_IBUF_inst/O       | rst_IBUF_inst/O                          |                4 |              4 |         1.00 |
|  clk_IBUF_BUFG                                 | busy                      | dut/busy_reg                             |                1 |              7 |         7.00 |
|  clk_IBUF_BUFG                                 |                           | dut/A0Bb[3].SS/sort2/c_m3temp[1]_379[10] |                4 |             10 |         2.50 |
|  clk_IBUF_BUFG                                 |                           | dut/A0Bb[3].SS/sort2/c_m3temp[2]_378[10] |                4 |             10 |         2.50 |
|  clk_IBUF_BUFG                                 |                           | dut/A0Bb[3].SS/sort2/c_m2[0]_377[10]     |                3 |             10 |         3.33 |
|  clk_IBUF_BUFG                                 |                           | dut/AaB0[1].SS/sort2/c_m2[0]_614[10]     |                3 |             10 |         3.33 |
|  clk_IBUF_BUFG                                 |                           | dut/AaB0[1].SS/sort2/c_m3temp[2]_615[10] |                5 |             10 |         2.00 |
|  clk_IBUF_BUFG                                 |                           | dut/AaB0[1].SS/sort2/c_m3temp[1]_616[10] |                3 |             10 |         3.33 |
|  clk_IBUF_BUFG                                 |                           | dut/AaB0[2].SS/sort2/c_m3temp[1]_583[10] |                3 |             10 |         3.33 |
|  clk_IBUF_BUFG                                 |                           | dut/AaB0[2].SS/sort2/c_m3temp[2]_582[10] |                4 |             10 |         2.50 |
|  clk_IBUF_BUFG                                 |                           | dut/AaB0[2].SS/sort2/c_m2[0]_581[10]     |                4 |             10 |         2.50 |
|  clk_IBUF_BUFG                                 |                           | dut/A0Bb[1].SS/sort2/c_m3temp[2]_411[10] |                3 |             10 |         3.33 |
|  clk_IBUF_BUFG                                 |                           | dut/A0Bb[1].SS/sort2/c_m3temp[1]_412[10] |                3 |             10 |         3.33 |
|  clk_IBUF_BUFG                                 |                           | dut/A0Bb[1].SS/sort2/c_m2[0]_410[10]     |                2 |             10 |         5.00 |
|  clk_IBUF_BUFG                                 |                           | dut/A0Bb[2].SS/sort2/c_m3temp[1]_80[10]  |                3 |             10 |         3.33 |
|  clk_IBUF_BUFG                                 |                           | dut/A0Bb[2].SS/sort2/c_m3temp[2]_79[10]  |                4 |             10 |         2.50 |
|  clk_IBUF_BUFG                                 |                           | dut/AaB0[3].SS/sort2/c_m2[0]_443[10]     |                2 |             10 |         5.00 |
|  clk_IBUF_BUFG                                 |                           | dut/AaB0[3].SS/sort2/c_m3temp[1]_445[10] |                4 |             10 |         2.50 |
|  clk_IBUF_BUFG                                 |                           | dut/AaB0[3].SS/sort2/c_m3temp[2]_444[10] |                3 |             10 |         3.33 |
|  clk_IBUF_BUFG                                 |                           | dut/SS_11/sort2/c_m3temp[1]_550[10]      |                3 |             10 |         3.33 |
|  clk_IBUF_BUFG                                 |                           | dut/SS_11/sort2/c_m2[0]_548[10]          |                4 |             10 |         2.50 |
|  clk_IBUF_BUFG                                 |                           | dut/SS_11/sort2/c_m3temp[2]_549[10]      |                3 |             10 |         3.33 |
|  clk_IBUF_BUFG                                 |                           | dut/SS_00/m_p_reg[5][1][10]_0[10]        |                2 |             10 |         5.00 |
|  clk_IBUF_BUFG                                 |                           | dut/SS_00/m_p_reg[5][3][10]_0[10]        |                2 |             10 |         5.00 |
|  clk_IBUF_BUFG                                 |                           | dut/SS_00/m_p_reg[5][2][10]_0[10]        |                1 |             10 |        10.00 |
|  clk_IBUF_BUFG                                 |                           | dut/SS_00/s0_d_reg[5]_4[10]              |                1 |             10 |        10.00 |
|  n_9_12284_BUFG                                |                           |                                          |               42 |             64 |         1.52 |
|  n_4_11125_BUFG                                |                           |                                          |               44 |             64 |         1.45 |
|  n_5_10994_BUFG                                |                           |                                          |               43 |             64 |         1.49 |
|  n_7_11836_BUFG                                |                           |                                          |               46 |             64 |         1.39 |
|  n_10_12547_BUFG                               |                           |                                          |               40 |             64 |         1.60 |
|  n_8_11705_BUFG                                |                           |                                          |               45 |             64 |         1.42 |
|  n_0_571_BUFG                                  |                           |                                          |               47 |             64 |         1.36 |
|  dut/SS_11/sort2/E_BUFG[0]                     |                           |                                          |               45 |             64 |         1.42 |
|  dut/AaB0[1].SS/sort2/E_BUFG[0]                |                           |                                          |               40 |             64 |         1.60 |
|  dut/AaB0[1].SS/sort2/l_m1_r_reg[1][2]_BUFG[0] |                           |                                          |               46 |             64 |         1.39 |
|  dut/AaB0[1].SS/sort3/E_BUFG[0]                |                           |                                          |               43 |             64 |         1.49 |
|  dut/AaB0[2].SS/sort2/E_BUFG[0]                |                           |                                          |               45 |             64 |         1.42 |
|  dut/AaB0[2].SS/sort2/l_m1_r_reg[1][2]_BUFG[0] |                           |                                          |               43 |             64 |         1.49 |
|  dut/AaB0[2].SS/sort3/E_BUFG[0]                |                           |                                          |               37 |             64 |         1.73 |
|  dut/AaB0[3].SS/sort3/E_BUFG[0]                |                           |                                          |               43 |             64 |         1.49 |
|  dut/SS_11/sort3/E_BUFG[0]                     |                           |                                          |               42 |             64 |         1.52 |
|  dut/SS_11/sort2/l_m1_r_reg[1][2]_0_BUFG[0]    |                           |                                          |               41 |             64 |         1.56 |
|  n_3_10862_BUFG                                |                           |                                          |               40 |             64 |         1.60 |
|  n_6_11573_BUFG                                |                           |                                          |               45 |             64 |         1.42 |
|  n_2_440_BUFG                                  |                           |                                          |               41 |             64 |         1.56 |
|  n_1_308_BUFG                                  |                           |                                          |               40 |             64 |         1.60 |
|  clk_IBUF_BUFG                                 | o_metric[9]_i_1_n_11      |                                          |               74 |             74 |         1.00 |
|  clk_IBUF_BUFG                                 | i_metrics_buf[119]        |                                          |               27 |             84 |         3.11 |
|  clk_IBUF_BUFG                                 | i_metrics_buf[149]        |                                          |               28 |             84 |         3.00 |
|  clk_IBUF_BUFG                                 | i_metrics_buf[39]         |                                          |               34 |             84 |         2.47 |
|  clk_IBUF_BUFG                                 | i_metrics_buf[139]        |                                          |               30 |             84 |         2.80 |
|  clk_IBUF_BUFG                                 | i_metrics_buf[79]         |                                          |               24 |             84 |         3.50 |
|  clk_IBUF_BUFG                                 | i_metrics_buf[9]          |                                          |               29 |             84 |         2.90 |
|  clk_IBUF_BUFG                                 | i_metrics_buf[159]        |                                          |               27 |             84 |         3.11 |
|  clk_IBUF_BUFG                                 | i_metrics_buf[129]        |                                          |               29 |             84 |         2.90 |
|  clk_IBUF_BUFG                                 | i_metrics_buf[89]         |                                          |               28 |             84 |         3.00 |
|  clk_IBUF_BUFG                                 | i_metrics_buf[29]         |                                          |               31 |             84 |         2.71 |
|  clk_IBUF_BUFG                                 | i_metrics_buf[69]         |                                          |               21 |             84 |         4.00 |
|  clk_IBUF_BUFG                                 | i_metrics_buf[109]        |                                          |               29 |             84 |         2.90 |
|  clk_IBUF_BUFG                                 | i_metrics_buf[59]         |                                          |               31 |             84 |         2.71 |
|  clk_IBUF_BUFG                                 | i_metrics_buf[99]         |                                          |               24 |             84 |         3.50 |
|  clk_IBUF_BUFG                                 | i_metrics_buf[19]         |                                          |               27 |             84 |         3.11 |
|  clk_IBUF_BUFG                                 | i_metrics_buf[49]         |                                          |               26 |             84 |         3.23 |
|  clk_IBUF_BUFG                                 | dut/AB_m_3[2][9]_i_1_n_11 |                                          |              238 |            296 |         1.24 |
|  clk_IBUF_BUFG                                 | dut/AB_m_2[1][9]_i_1_n_11 |                                          |              242 |            296 |         1.22 |
|  clk_IBUF_BUFG                                 |                           |                                          |             2329 |          13958 |         5.99 |
+------------------------------------------------+---------------------------+------------------------------------------+------------------+----------------+--------------+


