Copyright 1986-2022 Xilinx, Inc. All Rights Reserved.
---------------------------------------------------------------------------------------------------------------------
| Tool Version : Vivado v.2022.1 (win64) Build 3526262 Mon Apr 18 15:48:16 MDT 2022
| Date         : Tue Apr 28 02:58:10 2026
| Host         : feduuk running 64-bit major release  (build 9200)
| Command      : report_utilization -file SS16_wrapper_utilization_placed.rpt -pb SS16_wrapper_utilization_placed.pb
| Design       : SS16_wrapper
| Device       : xcku035-fbva676-1-i
| Speed File   : -1
| Design State : Fully Placed
---------------------------------------------------------------------------------------------------------------------

Utilization Design Information

Table of Contents
-----------------
1. CLB Logic
1.1 Summary of Registers by Type
2. CLB Logic Distribution
3. BLOCKRAM
4. ARITHMETIC
5. I/O
6. CLOCK
7. ADVANCED
8. CONFIGURATION
9. Primitives
10. Black Boxes
11. Instantiated Netlists

1. CLB Logic
------------

+----------------------------+-------+-------+------------+-----------+-------+
|          Site Type         |  Used | Fixed | Prohibited | Available | Util% |
+----------------------------+-------+-------+------------+-----------+-------+
| CLB LUTs                   | 15266 |     0 |          0 |    203128 |  7.52 |
|   LUT as Logic             | 14421 |     0 |          0 |    203128 |  7.10 |
|   LUT as Memory            |   845 |     0 |          0 |    112800 |  0.75 |
|     LUT as Distributed RAM |     0 |     0 |            |           |       |
|     LUT as Shift Register  |   845 |     0 |            |           |       |
| CLB Registers              | 15958 |     0 |          0 |    406256 |  3.93 |
|   Register as Flip Flop    | 14614 |     0 |          0 |    406256 |  3.60 |
|   Register as Latch        |  1344 |     0 |          0 |    406256 |  0.33 |
| CARRY8                     |   260 |     0 |          0 |     30300 |  0.86 |
| F7 Muxes                   |  2795 |     0 |          0 |    121200 |  2.31 |
| F8 Muxes                   |   842 |     0 |          0 |     60600 |  1.39 |
| F9 Muxes                   |     0 |     0 |          0 |     30300 |  0.00 |
+----------------------------+-------+-------+------------+-----------+-------+


1.1 Summary of Registers by Type
--------------------------------

+-------+--------------+-------------+--------------+
| Total | Clock Enable | Synchronous | Asynchronous |
+-------+--------------+-------------+--------------+
| 0     |            _ |           - |            - |
| 0     |            _ |           - |          Set |
| 0     |            _ |           - |        Reset |
| 0     |            _ |         Set |            - |
| 0     |            _ |       Reset |            - |
| 0     |          Yes |           - |            - |
| 0     |          Yes |           - |          Set |
| 1344  |          Yes |           - |        Reset |
| 240   |          Yes |         Set |            - |
| 14374 |          Yes |       Reset |            - |
+-------+--------------+-------------+--------------+


2. CLB Logic Distribution
-------------------------

+--------------------------------------------+-------+-------+------------+-----------+-------+
|                  Site Type                 |  Used | Fixed | Prohibited | Available | Util% |
+--------------------------------------------+-------+-------+------------+-----------+-------+
| CLB                                        |  3137 |     0 |          0 |     30300 | 10.35 |
|   CLBL                                     |  1521 |     0 |            |           |       |
|   CLBM                                     |  1616 |     0 |            |           |       |
| LUT as Logic                               | 14421 |     0 |          0 |    203128 |  7.10 |
|   using O5 output only                     |   318 |       |            |           |       |
|   using O6 output only                     | 13112 |       |            |           |       |
|   using O5 and O6                          |   991 |       |            |           |       |
| LUT as Memory                              |   845 |     0 |          0 |    112800 |  0.75 |
|   LUT as Distributed RAM                   |     0 |     0 |            |           |       |
|   LUT as Shift Register                    |   845 |     0 |            |           |       |
|     using O5 output only                   |     0 |       |            |           |       |
|     using O6 output only                   |    82 |       |            |           |       |
|     using O5 and O6                        |   763 |       |            |           |       |
| CLB Registers                              | 15958 |     0 |          0 |    406256 |  3.93 |
|   Register driven from within the CLB      |  8129 |       |            |           |       |
|   Register driven from outside the CLB     |  7829 |       |            |           |       |
|     LUT in front of the register is unused |  6194 |       |            |           |       |
|     LUT in front of the register is used   |  1635 |       |            |           |       |
| Unique Control Sets                        |    68 |       |          0 |     60600 |  0.11 |
+--------------------------------------------+-------+-------+------------+-----------+-------+
* * Note: Available Control Sets calculated as Slices * 2, Review the Control Sets Report for more information regarding control sets.


3. BLOCKRAM
-----------

+----------------+------+-------+------------+-----------+-------+
|    Site Type   | Used | Fixed | Prohibited | Available | Util% |
+----------------+------+-------+------------+-----------+-------+
| Block RAM Tile |    0 |     0 |          0 |       540 |  0.00 |
|   RAMB36/FIFO* |    0 |     0 |          0 |       540 |  0.00 |
|   RAMB18       |    0 |     0 |          0 |      1080 |  0.00 |
+----------------+------+-------+------------+-----------+-------+
* Note: Each Block RAM Tile only has one FIFO logic available and therefore can accommodate only one FIFO36E2 or one FIFO18E2. However, if a FIFO18E2 occupies a Block RAM Tile, that tile can still accommodate a RAMB18E2


4. ARITHMETIC
-------------

+-----------+------+-------+------------+-----------+-------+
| Site Type | Used | Fixed | Prohibited | Available | Util% |
+-----------+------+-------+------------+-----------+-------+
| DSPs      |    0 |     0 |          0 |      1700 |  0.00 |
+-----------+------+-------+------------+-----------+-------+


5. I/O
------

+------------------+------+-------+------------+-----------+-------+
|     Site Type    | Used | Fixed | Prohibited | Available | Util% |
+------------------+------+-------+------------+-----------+-------+
| Bonded IOB       |  162 |     1 |          0 |       312 | 51.92 |
| HPIOB            |  109 |     0 |          0 |       208 | 52.40 |
|   INPUT          |   34 |       |            |           |       |
|   OUTPUT         |   75 |       |            |           |       |
|   BIDIR          |    0 |       |            |           |       |
| HRIO             |   53 |     1 |          0 |       104 | 50.96 |
|   INPUT          |   53 |       |            |           |       |
|   OUTPUT         |    0 |       |            |           |       |
|   BIDIR          |    0 |       |            |           |       |
| HPIOBDIFFINBUF   |    0 |     0 |          0 |       192 |  0.00 |
| HPIOBDIFFOUTBUF  |    0 |     0 |          0 |       192 |  0.00 |
| HRIODIFFINBUF    |    0 |     0 |          0 |        48 |  0.00 |
| HRIODIFFOUTBUF   |    0 |     0 |          0 |        48 |  0.00 |
| BITSLICE_CONTROL |    0 |     0 |          0 |        80 |  0.00 |
| BITSLICE_RX_TX   |    0 |     0 |          0 |      3120 |  0.00 |
| BITSLICE_TX      |    0 |     0 |          0 |        80 |  0.00 |
| RIU_OR           |    0 |     0 |          0 |        40 |  0.00 |
+------------------+------+-------+------------+-----------+-------+


6. CLOCK
--------

+----------------------+------+-------+------------+-----------+-------+
|       Site Type      | Used | Fixed | Prohibited | Available | Util% |
+----------------------+------+-------+------------+-----------+-------+
| GLOBAL CLOCK BUFFERs |   22 |     0 |          0 |       480 |  4.58 |
|   BUFGCE             |   22 |     0 |          0 |       240 |  9.17 |
|   BUFGCE_DIV         |    0 |     0 |          0 |        40 |  0.00 |
|   BUFG_GT            |    0 |     0 |          0 |       120 |  0.00 |
|   BUFGCTRL*          |    0 |     0 |          0 |        80 |  0.00 |
| PLLE3_ADV            |    0 |     0 |          0 |        20 |  0.00 |
| MMCME3_ADV           |    0 |     0 |          0 |        10 |  0.00 |
+----------------------+------+-------+------------+-----------+-------+
* Note: Each used BUFGCTRL counts as two GLOBAL CLOCK BUFFERs. This table does not include global clocking resources, only buffer cell usage. See the Clock Utilization Report (report_clock_utilization) for detailed accounting of global clocking resource availability.


7. ADVANCED
-----------

+-----------------+------+-------+------------+-----------+-------+
|    Site Type    | Used | Fixed | Prohibited | Available | Util% |
+-----------------+------+-------+------------+-----------+-------+
| GTHE3_CHANNEL   |    0 |     0 |          0 |        16 |  0.00 |
| GTHE3_COMMON    |    0 |     0 |          0 |         4 |  0.00 |
| IBUFDS_GTE3     |    0 |     0 |          0 |         8 |  0.00 |
| OBUFDS_GTE3     |    0 |     0 |          0 |         8 |  0.00 |
| OBUFDS_GTE3_ADV |    0 |     0 |          0 |         8 |  0.00 |
| PCIE_3_1        |    0 |     0 |          0 |         2 |  0.00 |
| SYSMONE1        |    0 |     0 |          0 |         1 |  0.00 |
+-----------------+------+-------+------------+-----------+-------+


8. CONFIGURATION
----------------

+-------------+------+-------+------------+-----------+-------+
|  Site Type  | Used | Fixed | Prohibited | Available | Util% |
+-------------+------+-------+------------+-----------+-------+
| BSCANE2     |    0 |     0 |          0 |         4 |  0.00 |
| DNA_PORTE2  |    0 |     0 |          0 |         1 |  0.00 |
| EFUSE_USR   |    0 |     0 |          0 |         1 |  0.00 |
| FRAME_ECCE3 |    0 |     0 |          0 |         1 |  0.00 |
| ICAPE3      |    0 |     0 |          0 |         2 |  0.00 |
| MASTER_JTAG |    0 |     0 |          0 |         1 |  0.00 |
| STARTUPE3   |    0 |     0 |          0 |         1 |  0.00 |
+-------------+------+-------+------------+-----------+-------+


9. Primitives
-------------

+----------+-------+---------------------+
| Ref Name |  Used | Functional Category |
+----------+-------+---------------------+
| FDRE     | 14374 |            Register |
| LUT6     |  7560 |                 CLB |
| LUT5     |  3561 |                 CLB |
| MUXF7    |  2795 |                 CLB |
| LUT3     |  2225 |                 CLB |
| SRL16E   |  1608 |                 CLB |
| LDCE     |  1344 |            Register |
| LUT4     |  1232 |                 CLB |
| MUXF8    |   842 |                 CLB |
| LUT2     |   811 |                 CLB |
| CARRY8   |   260 |                 CLB |
| FDSE     |   240 |            Register |
| INBUF    |    87 |                 I/O |
| IBUFCTRL |    87 |              Others |
| OBUF     |    75 |                 I/O |
| LUT1     |    23 |                 CLB |
| BUFGCE   |    22 |               Clock |
+----------+-------+---------------------+


10. Black Boxes
---------------

+----------+------+
| Ref Name | Used |
+----------+------+


11. Instantiated Netlists
-------------------------

+----------+------+
| Ref Name | Used |
+----------+------+


