Copyright 1986-2022 Xilinx, Inc. All Rights Reserved.
----------------------------------------------------------------------------------------------------------------------------------------------------------
| Tool Version     : Vivado v.2022.1 (win64) Build 3526262 Mon Apr 18 15:48:16 MDT 2022
| Date             : Mon Apr 27 01:45:39 2026
| Host             : feduuk running 64-bit major release  (build 9200)
| Command          : report_power -file SS16_wrapper_power_routed.rpt -pb SS16_wrapper_power_summary_routed.pb -rpx SS16_wrapper_power_routed.rpx
| Design           : SS16_wrapper
| Device           : xcku035-fbva676-1-i
| Design State     : routed
| Grade            : industrial
| Process          : typical
| Characterization : Production
----------------------------------------------------------------------------------------------------------------------------------------------------------

Power Report

Table of Contents
-----------------
1. Summary
1.1 On-Chip Components
1.2 Power Supply Summary
1.3 Confidence Level
2. Settings
2.1 Environment
2.2 Clock Constraints
3. Detailed Reports
3.1 By Hierarchy

1. Summary
----------

+--------------------------+--------------+
| Total On-Chip Power (W)  | 4.013        |
| Design Power Budget (W)  | Unspecified* |
| Power Budget Margin (W)  | NA           |
| Dynamic (W)              | 3.495        |
| Device Static (W)        | 0.518        |
| Effective TJA (C/W)      | 1.9          |
| Max Ambient (C)          | 92.6         |
| Junction Temperature (C) | 32.4         |
| Confidence Level         | Low          |
| Setting File             | ---          |
| Simulation Activity File | ---          |
| Design Nets Matched      | NA           |
+--------------------------+--------------+
* Specify Design Power Budget using, set_operating_conditions -design_power_budget <value in Watts>


1.1 On-Chip Components
----------------------

+-------------------------+-----------+----------+-----------+-----------------+
| On-Chip                 | Power (W) | Used     | Available | Utilization (%) |
+-------------------------+-----------+----------+-----------+-----------------+
| Clocks                  |     0.342 |        3 |       --- |             --- |
| CLB Logic               |     1.212 |    29787 |       --- |             --- |
|   LUT as Logic          |     0.813 |    11802 |    203128 |            5.81 |
|   LUT as Shift Register |     0.352 |     1293 |    112800 |            1.15 |
|   Register              |     0.041 |    11465 |    406256 |            2.82 |
|   F7/F8 Muxes           |     0.005 |     2592 |    242400 |            1.07 |
|   CARRY8                |    <0.001 |      260 |     30300 |            0.86 |
|   BUFG                  |    <0.001 |       15 |        80 |           18.75 |
|   Others                |     0.000 |      169 |       --- |             --- |
| Signals                 |     1.533 |    17141 |       --- |             --- |
| I/O                     |     0.408 |      162 |       312 |           51.92 |
| Static Power            |     0.518 |          |           |                 |
| Total                   |     4.013 |          |           |                 |
+-------------------------+-----------+----------+-----------+-----------------+


1.2 Power Supply Summary
------------------------

+------------+-------------+-----------+-------------+------------+-------------+-------------+------------+
| Source     | Voltage (V) | Total (A) | Dynamic (A) | Static (A) | Powerup (A) | Budget (A)  | Margin (A) |
+------------+-------------+-----------+-------------+------------+-------------+-------------+------------+
| Vccint     |       0.950 |     3.429 |       3.250 |      0.179 |       NA    | Unspecified | NA         |
| Vccaux     |       1.800 |     0.098 |       0.000 |      0.098 |       NA    | Unspecified | NA         |
| Vccaux_io  |       1.800 |     0.236 |       0.171 |      0.065 |       NA    | Unspecified | NA         |
| Vccint_io  |       0.950 |     0.033 |       0.014 |      0.019 |       NA    | Unspecified | NA         |
| Vcco33     |       3.300 |     0.003 |       0.003 |      0.000 |       NA    | Unspecified | NA         |
| Vcco25     |       2.500 |     0.000 |       0.000 |      0.000 |       NA    | Unspecified | NA         |
| Vcco18     |       1.800 |     0.044 |       0.044 |      0.000 |       NA    | Unspecified | NA         |
| Vcco15     |       1.500 |     0.000 |       0.000 |      0.000 |       NA    | Unspecified | NA         |
| Vcco135    |       1.350 |     0.000 |       0.000 |      0.000 |       NA    | Unspecified | NA         |
| Vcco12     |       1.200 |     0.000 |       0.000 |      0.000 |       NA    | Unspecified | NA         |
| Vcco10     |       1.000 |     0.000 |       0.000 |      0.000 |       NA    | Unspecified | NA         |
| Vccbram    |       0.950 |     0.012 |       0.000 |      0.012 |       NA    | Unspecified | NA         |
| MGTAVcc    |       1.000 |     0.000 |       0.000 |      0.000 |       NA    | Unspecified | NA         |
| MGTAVtt    |       1.200 |     0.000 |       0.000 |      0.000 |       NA    | Unspecified | NA         |
| MGTVccaux  |       1.800 |     0.000 |       0.000 |      0.000 |       NA    | Unspecified | NA         |
| Vccadc     |       1.800 |     0.014 |       0.000 |      0.014 |       NA    | Unspecified | NA         |
| MGTYVccaux |       1.800 |     0.000 |       0.000 |      0.000 |       NA    | Unspecified | NA         |
| MGTYAVcc   |       1.000 |     0.000 |       0.000 |      0.000 |       NA    | Unspecified | NA         |
| MGTYAVtt   |       1.200 |     0.000 |       0.000 |      0.000 |       NA    | Unspecified | NA         |
+------------+-------------+-----------+-------------+------------+-------------+-------------+------------+


1.3 Confidence Level
--------------------

+-----------------------------+------------+--------------------------------------------------------+--------------------------------------------------------------------------------------------------------------------+
| User Input Data             | Confidence | Details                                                | Action                                                                                                             |
+-----------------------------+------------+--------------------------------------------------------+--------------------------------------------------------------------------------------------------------------------+
| Design implementation state | High       | Design is routed                                       |                                                                                                                    |
| Clock nodes activity        | Medium     | More than 5% of clocks are missing user specification  | Provide missing clock activity with a constraint file, simulation results or by editing the "By Clock Domain" view |
| I/O nodes activity          | Low        | More than 75% of inputs are missing user specification | Provide missing input activity with simulation results or by editing the "By Resource Type -> I/Os" view           |
| Internal nodes activity     | Medium     | User specified less than 25% of internal nodes         | Provide missing internal nodes activity with simulation results or by editing the "By Resource Type" views         |
| Device models               | High       | Device models are Production                           |                                                                                                                    |
|                             |            |                                                        |                                                                                                                    |
| Overall confidence level    | Low        |                                                        |                                                                                                                    |
+-----------------------------+------------+--------------------------------------------------------+--------------------------------------------------------------------------------------------------------------------+


2. Settings
-----------

2.1 Environment
---------------

+-----------------------+--------------------------+
| Ambient Temp (C)      | 25.0                     |
| ThetaJA (C/W)         | 1.9                      |
| Airflow (LFM)         | 250                      |
| Heat Sink             | medium (Medium Profile)  |
| ThetaSA (C/W)         | 3.4                      |
| Board Selection       | medium (10"x10")         |
| # of Board Layers     | 12to15 (12 to 15 Layers) |
| Board Temperature (C) | 25.0                     |
+-----------------------+--------------------------+


2.2 Clock Constraints
---------------------

+-------------+--------+-----------------+
| Clock       | Domain | Constraint (ns) |
+-------------+--------+-----------------+
| sys_clk_pin | clk    |             1.0 |
+-------------+--------+-----------------+


3. Detailed Reports
-------------------

3.1 By Hierarchy
----------------

+-----------------+-----------+
| Name            | Power (W) |
+-----------------+-----------+
| SS16_wrapper    |     3.495 |
|   clk_IBUF_inst |     0.011 |
|   dut           |     2.947 |
|     A0Bb[1].SS  |     0.015 |
|       sort2     |     0.003 |
|     A0Bb[2].SS  |     0.085 |
|       sort2     |     0.034 |
|       sort3     |     0.017 |
|     A0Bb[3].SS  |     0.020 |
|       sort2     |     0.004 |
|     AaB0[1].SS  |     0.102 |
|       sort2     |     0.035 |
|       sort3     |     0.021 |
|     AaB0[2].SS  |     0.087 |
|       sort2     |     0.035 |
|       sort3     |     0.021 |
|     AaB0[3].SS  |     0.096 |
|       sort2     |     0.040 |
|       sort3     |     0.024 |
|     SS_00       |     0.270 |
|     SS_11       |     0.070 |
|       sort2     |     0.026 |
|       sort3     |     0.014 |
|     merge1      |     0.219 |
|     merge12     |     1.451 |
|     merge2      |     0.229 |
+-----------------+-----------+


