Copyright 1986-2022 Xilinx, Inc. All Rights Reserved.
----------------------------------------------------------------------------------------------------------------------------------------------------------
| Tool Version     : Vivado v.2022.1 (win64) Build 3526262 Mon Apr 18 15:48:16 MDT 2022
| Date             : Tue Apr 28 03:02:01 2026
| Host             : feduuk running 64-bit major release  (build 9200)
| Command          : report_power -file SS16_wrapper_power_routed.rpt -pb SS16_wrapper_power_summary_routed.pb -rpx SS16_wrapper_power_routed.rpx
| Design           : SS16_wrapper
| Device           : xcku035-fbva676-1-i
| Design State     : routed
| Grade            : industrial
| Process          : typical
| Characterization : Production
----------------------------------------------------------------------------------------------------------------------------------------------------------

Power Report

Table of Contents
-----------------
1. Summary
1.1 On-Chip Components
1.2 Power Supply Summary
1.3 Confidence Level
2. Settings
2.1 Environment
2.2 Clock Constraints
3. Detailed Reports
3.1 By Hierarchy

1. Summary
----------

+--------------------------+--------------+
| Total On-Chip Power (W)  | 4.388        |
| Design Power Budget (W)  | Unspecified* |
| Power Budget Margin (W)  | NA           |
| Dynamic (W)              | 3.866        |
| Device Static (W)        | 0.522        |
| Effective TJA (C/W)      | 1.9          |
| Max Ambient (C)          | 91.9         |
| Junction Temperature (C) | 33.1         |
| Confidence Level         | Low          |
| Setting File             | ---          |
| Simulation Activity File | ---          |
| Design Nets Matched      | NA           |
+--------------------------+--------------+
* Specify Design Power Budget using, set_operating_conditions -design_power_budget <value in Watts>


1.1 On-Chip Components
----------------------

+-------------------------+-----------+----------+-----------+-----------------+
| On-Chip                 | Power (W) | Used     | Available | Utilization (%) |
+-------------------------+-----------+----------+-----------+-----------------+
| Clocks                  |     0.480 |        3 |       --- |             --- |
| CLB Logic               |     1.141 |    37122 |       --- |             --- |
|   LUT as Logic          |     0.923 |    14424 |    203128 |            7.10 |
|   LUT as Shift Register |     0.148 |      845 |    112800 |            0.75 |
|   Register              |     0.063 |    15958 |    406256 |            3.93 |
|   F7/F8 Muxes           |     0.006 |     3637 |    242400 |            1.50 |
|   CARRY8                |    <0.001 |      260 |     30300 |            0.86 |
|   BUFG                  |    <0.001 |       21 |        80 |           26.25 |
|   Others                |     0.000 |      223 |       --- |             --- |
| Signals                 |     1.861 |    21682 |       --- |             --- |
| I/O                     |     0.384 |      162 |       312 |           51.92 |
| Static Power            |     0.522 |          |           |                 |
| Total                   |     4.388 |          |           |                 |
+-------------------------+-----------+----------+-----------+-----------------+


1.2 Power Supply Summary
------------------------

+------------+-------------+-----------+-------------+------------+-------------+-------------+------------+
| Source     | Voltage (V) | Total (A) | Dynamic (A) | Static (A) | Powerup (A) | Budget (A)  | Margin (A) |
+------------+-------------+-----------+-------------+------------+-------------+-------------+------------+
| Vccint     |       0.950 |     3.848 |       3.665 |      0.183 |       NA    | Unspecified | NA         |
| Vccaux     |       1.800 |     0.098 |       0.000 |      0.098 |       NA    | Unspecified | NA         |
| Vccaux_io  |       1.800 |     0.225 |       0.160 |      0.065 |       NA    | Unspecified | NA         |
| Vccint_io  |       0.950 |     0.033 |       0.013 |      0.019 |       NA    | Unspecified | NA         |
| Vcco33     |       3.300 |     0.003 |       0.003 |      0.000 |       NA    | Unspecified | NA         |
| Vcco25     |       2.500 |     0.000 |       0.000 |      0.000 |       NA    | Unspecified | NA         |
| Vcco18     |       1.800 |     0.041 |       0.041 |      0.000 |       NA    | Unspecified | NA         |
| Vcco15     |       1.500 |     0.000 |       0.000 |      0.000 |       NA    | Unspecified | NA         |
| Vcco135    |       1.350 |     0.000 |       0.000 |      0.000 |       NA    | Unspecified | NA         |
| Vcco12     |       1.200 |     0.000 |       0.000 |      0.000 |       NA    | Unspecified | NA         |
| Vcco10     |       1.000 |     0.000 |       0.000 |      0.000 |       NA    | Unspecified | NA         |
| Vccbram    |       0.950 |     0.012 |       0.000 |      0.012 |       NA    | Unspecified | NA         |
| MGTAVcc    |       1.000 |     0.000 |       0.000 |      0.000 |       NA    | Unspecified | NA         |
| MGTAVtt    |       1.200 |     0.000 |       0.000 |      0.000 |       NA    | Unspecified | NA         |
| MGTVccaux  |       1.800 |     0.000 |       0.000 |      0.000 |       NA    | Unspecified | NA         |
| Vccadc     |       1.800 |     0.014 |       0.000 |      0.014 |       NA    | Unspecified | NA         |
| MGTYVccaux |       1.800 |     0.000 |       0.000 |      0.000 |       NA    | Unspecified | NA         |
| MGTYAVcc   |       1.000 |     0.000 |       0.000 |      0.000 |       NA    | Unspecified | NA         |
| MGTYAVtt   |       1.200 |     0.000 |       0.000 |      0.000 |       NA    | Unspecified | NA         |
+------------+-------------+-----------+-------------+------------+-------------+-------------+------------+


1.3 Confidence Level
--------------------

+-----------------------------+------------+--------------------------------------------------------+--------------------------------------------------------------------------------------------------------------------+
| User Input Data             | Confidence | Details                                                | Action                                                                                                             |
+-----------------------------+------------+--------------------------------------------------------+--------------------------------------------------------------------------------------------------------------------+
| Design implementation state | High       | Design is routed                                       |                                                                                                                    |
| Clock nodes activity        | Medium     | More than 5% of clocks are missing user specification  | Provide missing clock activity with a constraint file, simulation results or by editing the "By Clock Domain" view |
| I/O nodes activity          | Low        | More than 75% of inputs are missing user specification | Provide missing input activity with simulation results or by editing the "By Resource Type -> I/Os" view           |
| Internal nodes activity     | Medium     | User specified less than 25% of internal nodes         | Provide missing internal nodes activity with simulation results or by editing the "By Resource Type" views         |
| Device models               | High       | Device models are Production                           |                                                                                                                    |
|                             |            |                                                        |                                                                                                                    |
| Overall confidence level    | Low        |                                                        |                                                                                                                    |
+-----------------------------+------------+--------------------------------------------------------+--------------------------------------------------------------------------------------------------------------------+


2. Settings
-----------

2.1 Environment
---------------

+-----------------------+--------------------------+
| Ambient Temp (C)      | 25.0                     |
| ThetaJA (C/W)         | 1.9                      |
| Airflow (LFM)         | 250                      |
| Heat Sink             | medium (Medium Profile)  |
| ThetaSA (C/W)         | 3.4                      |
| Board Selection       | medium (10"x10")         |
| # of Board Layers     | 12to15 (12 to 15 Layers) |
| Board Temperature (C) | 25.0                     |
+-----------------------+--------------------------+


2.2 Clock Constraints
---------------------

+-------------+--------+-----------------+
| Clock       | Domain | Constraint (ns) |
+-------------+--------+-----------------+
| sys_clk_pin | clk    |             1.0 |
+-------------+--------+-----------------+


3. Detailed Reports
-------------------

3.1 By Hierarchy
----------------

+----------------------------+-----------+
| Name                       | Power (W) |
+----------------------------+-----------+
| SS16_wrapper               |     3.866 |
|   clk_IBUF_inst            |     0.011 |
|   dut                      |     3.327 |
|     A0Bb[1].SS             |     0.095 |
|       sort2                |     0.033 |
|       sort3                |     0.019 |
|     A0Bb[2].SS             |     0.143 |
|       sort2                |     0.041 |
|       sort3                |     0.025 |
|     A0Bb[3].SS             |     0.090 |
|       sort2                |     0.035 |
|       sort3                |     0.019 |
|     AaB0[1].SS             |     0.091 |
|       sort2                |     0.033 |
|       sort3                |     0.016 |
|     AaB0[2].SS             |     0.078 |
|       sort2                |     0.030 |
|       sort3                |     0.015 |
|     AaB0[3].SS             |     0.088 |
|       sort2                |     0.036 |
|       sort3                |     0.018 |
|     SS_00                  |     0.303 |
|     SS_11                  |     0.048 |
|       sort2                |     0.023 |
|       sort3                |     0.010 |
|     merge1                 |     0.335 |
|       gen_stage1[0].cas_s1 |     0.001 |
|       gen_stage1[1].cas_s1 |     0.001 |
|       gen_stage3[0].cas_s3 |     0.054 |
|       gen_stage3[2].cas_s3 |     0.062 |
|       gen_stage3[4].cas_s3 |     0.058 |
|       gen_stage3[6].cas_s3 |     0.060 |
|     merge12                |     1.345 |
|     merge2                 |     0.323 |
|       gen_stage1[0].cas_s1 |     0.006 |
|       gen_stage1[1].cas_s1 |     0.006 |
|       gen_stage1[2].cas_s1 |     0.010 |
|       gen_stage1[3].cas_s1 |     0.010 |
|       gen_stage3[0].cas_s3 |     0.053 |
|       gen_stage3[2].cas_s3 |     0.050 |
|       gen_stage3[4].cas_s3 |     0.050 |
|       gen_stage3[6].cas_s3 |     0.055 |
+----------------------------+-----------+


