Copyright 1986-2022 Xilinx, Inc. All Rights Reserved.
-------------------------------------------------------------------------------------------------------------------------------------
| Tool Version : Vivado v.2022.1 (win64) Build 3526262 Mon Apr 18 15:48:16 MDT 2022
| Date         : Tue Apr 28 16:40:29 2026
| Host         : feduuk running 64-bit major release  (build 9200)
| Command      : report_utilization -file bitonic_sort_wrapper_utilization_placed.rpt -pb bitonic_sort_wrapper_utilization_placed.pb
| Design       : bitonic_sort_wrapper
| Device       : xcku035-fbva676-1-i
| Speed File   : -1
| Design State : Fully Placed
-------------------------------------------------------------------------------------------------------------------------------------

Utilization Design Information

Table of Contents
-----------------
1. CLB Logic
1.1 Summary of Registers by Type
2. CLB Logic Distribution
3. BLOCKRAM
4. ARITHMETIC
5. I/O
6. CLOCK
7. ADVANCED
8. CONFIGURATION
9. Primitives
10. Black Boxes
11. Instantiated Netlists

1. CLB Logic
------------

+----------------------------+------+-------+------------+-----------+-------+
|          Site Type         | Used | Fixed | Prohibited | Available | Util% |
+----------------------------+------+-------+------------+-----------+-------+
| CLB LUTs                   | 3870 |     0 |          0 |    203128 |  1.91 |
|   LUT as Logic             | 3741 |     0 |          0 |    203128 |  1.84 |
|   LUT as Memory            |  129 |     0 |          0 |    112800 |  0.11 |
|     LUT as Distributed RAM |    0 |     0 |            |           |       |
|     LUT as Shift Register  |  129 |     0 |            |           |       |
| CLB Registers              | 2698 |     0 |          0 |    406256 |  0.66 |
|   Register as Flip Flop    | 2698 |     0 |          0 |    406256 |  0.66 |
|   Register as Latch        |    0 |     0 |          0 |    406256 |  0.00 |
| CARRY8                     |   80 |     0 |          0 |     30300 |  0.26 |
| F7 Muxes                   |  564 |     0 |          0 |    121200 |  0.47 |
| F8 Muxes                   |  282 |     0 |          0 |     60600 |  0.47 |
| F9 Muxes                   |    0 |     0 |          0 |     30300 |  0.00 |
+----------------------------+------+-------+------------+-----------+-------+


1.1 Summary of Registers by Type
--------------------------------

+-------+--------------+-------------+--------------+
| Total | Clock Enable | Synchronous | Asynchronous |
+-------+--------------+-------------+--------------+
| 0     |            _ |           - |            - |
| 0     |            _ |           - |          Set |
| 0     |            _ |           - |        Reset |
| 0     |            _ |         Set |            - |
| 0     |            _ |       Reset |            - |
| 0     |          Yes |           - |            - |
| 0     |          Yes |           - |          Set |
| 0     |          Yes |           - |        Reset |
| 0     |          Yes |         Set |            - |
| 2698  |          Yes |       Reset |            - |
+-------+--------------+-------------+--------------+


2. CLB Logic Distribution
-------------------------

+--------------------------------------------+------+-------+------------+-----------+-------+
|                  Site Type                 | Used | Fixed | Prohibited | Available | Util% |
+--------------------------------------------+------+-------+------------+-----------+-------+
| CLB                                        |  676 |     0 |          0 |     30300 |  2.23 |
|   CLBL                                     |  270 |     0 |            |           |       |
|   CLBM                                     |  406 |     0 |            |           |       |
| LUT as Logic                               | 3741 |     0 |          0 |    203128 |  1.84 |
|   using O5 output only                     |   36 |       |            |           |       |
|   using O6 output only                     | 3246 |       |            |           |       |
|   using O5 and O6                          |  459 |       |            |           |       |
| LUT as Memory                              |  129 |     0 |          0 |    112800 |  0.11 |
|   LUT as Distributed RAM                   |    0 |     0 |            |           |       |
|   LUT as Shift Register                    |  129 |     0 |            |           |       |
|     using O5 output only                   |    0 |       |            |           |       |
|     using O6 output only                   |    1 |       |            |           |       |
|     using O5 and O6                        |  128 |       |            |           |       |
| CLB Registers                              | 2698 |     0 |          0 |    406256 |  0.66 |
|   Register driven from within the CLB      | 2337 |       |            |           |       |
|   Register driven from outside the CLB     |  361 |       |            |           |       |
|     LUT in front of the register is unused |  258 |       |            |           |       |
|     LUT in front of the register is used   |  103 |       |            |           |       |
| Unique Control Sets                        |   21 |       |          0 |     60600 |  0.03 |
+--------------------------------------------+------+-------+------------+-----------+-------+
* * Note: Available Control Sets calculated as Slices * 2, Review the Control Sets Report for more information regarding control sets.


3. BLOCKRAM
-----------

+----------------+------+-------+------------+-----------+-------+
|    Site Type   | Used | Fixed | Prohibited | Available | Util% |
+----------------+------+-------+------------+-----------+-------+
| Block RAM Tile |    0 |     0 |          0 |       540 |  0.00 |
|   RAMB36/FIFO* |    0 |     0 |          0 |       540 |  0.00 |
|   RAMB18       |    0 |     0 |          0 |      1080 |  0.00 |
+----------------+------+-------+------------+-----------+-------+
* Note: Each Block RAM Tile only has one FIFO logic available and therefore can accommodate only one FIFO36E2 or one FIFO18E2. However, if a FIFO18E2 occupies a Block RAM Tile, that tile can still accommodate a RAMB18E2


4. ARITHMETIC
-------------

+-----------+------+-------+------------+-----------+-------+
| Site Type | Used | Fixed | Prohibited | Available | Util% |
+-----------+------+-------+------------+-----------+-------+
| DSPs      |    0 |     0 |          0 |      1700 |  0.00 |
+-----------+------+-------+------------+-----------+-------+


5. I/O
------

+------------------+------+-------+------------+-----------+-------+
|     Site Type    | Used | Fixed | Prohibited | Available | Util% |
+------------------+------+-------+------------+-----------+-------+
| Bonded IOB       |   56 |     1 |          0 |       312 | 17.95 |
| HPIOB            |   10 |     0 |          0 |       208 |  4.81 |
|   INPUT          |    0 |       |            |           |       |
|   OUTPUT         |   10 |       |            |           |       |
|   BIDIR          |    0 |       |            |           |       |
| HRIO             |   46 |     1 |          0 |       104 | 44.23 |
|   INPUT          |   29 |       |            |           |       |
|   OUTPUT         |   17 |       |            |           |       |
|   BIDIR          |    0 |       |            |           |       |
| HPIOBDIFFINBUF   |    0 |     0 |          0 |       192 |  0.00 |
| HPIOBDIFFOUTBUF  |    0 |     0 |          0 |       192 |  0.00 |
| HRIODIFFINBUF    |    0 |     0 |          0 |        48 |  0.00 |
| HRIODIFFOUTBUF   |    0 |     0 |          0 |        48 |  0.00 |
| BITSLICE_CONTROL |    0 |     0 |          0 |        80 |  0.00 |
| BITSLICE_RX_TX   |    0 |     0 |          0 |      3120 |  0.00 |
| BITSLICE_TX      |    0 |     0 |          0 |        80 |  0.00 |
| RIU_OR           |    0 |     0 |          0 |        40 |  0.00 |
+------------------+------+-------+------------+-----------+-------+


6. CLOCK
--------

+----------------------+------+-------+------------+-----------+-------+
|       Site Type      | Used | Fixed | Prohibited | Available | Util% |
+----------------------+------+-------+------------+-----------+-------+
| GLOBAL CLOCK BUFFERs |    1 |     0 |          0 |       480 |  0.21 |
|   BUFGCE             |    1 |     0 |          0 |       240 |  0.42 |
|   BUFGCE_DIV         |    0 |     0 |          0 |        40 |  0.00 |
|   BUFG_GT            |    0 |     0 |          0 |       120 |  0.00 |
|   BUFGCTRL*          |    0 |     0 |          0 |        80 |  0.00 |
| PLLE3_ADV            |    0 |     0 |          0 |        20 |  0.00 |
| MMCME3_ADV           |    0 |     0 |          0 |        10 |  0.00 |
+----------------------+------+-------+------------+-----------+-------+
* Note: Each used BUFGCTRL counts as two GLOBAL CLOCK BUFFERs. This table does not include global clocking resources, only buffer cell usage. See the Clock Utilization Report (report_clock_utilization) for detailed accounting of global clocking resource availability.


7. ADVANCED
-----------

+-----------------+------+-------+------------+-----------+-------+
|    Site Type    | Used | Fixed | Prohibited | Available | Util% |
+-----------------+------+-------+------------+-----------+-------+
| GTHE3_CHANNEL   |    0 |     0 |          0 |        16 |  0.00 |
| GTHE3_COMMON    |    0 |     0 |          0 |         4 |  0.00 |
| IBUFDS_GTE3     |    0 |     0 |          0 |         8 |  0.00 |
| OBUFDS_GTE3     |    0 |     0 |          0 |         8 |  0.00 |
| OBUFDS_GTE3_ADV |    0 |     0 |          0 |         8 |  0.00 |
| PCIE_3_1        |    0 |     0 |          0 |         2 |  0.00 |
| SYSMONE1        |    0 |     0 |          0 |         1 |  0.00 |
+-----------------+------+-------+------------+-----------+-------+


8. CONFIGURATION
----------------

+-------------+------+-------+------------+-----------+-------+
|  Site Type  | Used | Fixed | Prohibited | Available | Util% |
+-------------+------+-------+------------+-----------+-------+
| BSCANE2     |    0 |     0 |          0 |         4 |  0.00 |
| DNA_PORTE2  |    0 |     0 |          0 |         1 |  0.00 |
| EFUSE_USR   |    0 |     0 |          0 |         1 |  0.00 |
| FRAME_ECCE3 |    0 |     0 |          0 |         1 |  0.00 |
| ICAPE3      |    0 |     0 |          0 |         2 |  0.00 |
| MASTER_JTAG |    0 |     0 |          0 |         1 |  0.00 |
| STARTUPE3   |    0 |     0 |          0 |         1 |  0.00 |
+-------------+------+-------+------------+-----------+-------+


9. Primitives
-------------

+----------+------+---------------------+
| Ref Name | Used | Functional Category |
+----------+------+---------------------+
| FDRE     | 2698 |            Register |
| LUT3     | 2020 |                 CLB |
| LUT6     | 1145 |                 CLB |
| LUT4     |  994 |                 CLB |
| MUXF7    |  564 |                 CLB |
| MUXF8    |  282 |                 CLB |
| SRL16E   |  257 |                 CLB |
| CARRY8   |   80 |                 CLB |
| LUT1     |   35 |                 CLB |
| INBUF    |   29 |                 I/O |
| IBUFCTRL |   29 |              Others |
| OBUF     |   27 |                 I/O |
| LUT2     |    5 |                 CLB |
| LUT5     |    1 |                 CLB |
| BUFGCE   |    1 |               Clock |
+----------+------+---------------------+


10. Black Boxes
---------------

+----------+------+
| Ref Name | Used |
+----------+------+


11. Instantiated Netlists
-------------------------

+----------+------+
| Ref Name | Used |
+----------+------+


