Copyright 1986-2022 Xilinx, Inc. All Rights Reserved.
-------------------------------------------------------------------------------------------------
| Tool Version : Vivado v.2022.1 (win64) Build 3526262 Mon Apr 18 15:48:16 MDT 2022
| Date         : Tue Apr 28 16:40:29 2026
| Host         : feduuk running 64-bit major release  (build 9200)
| Command      : report_control_sets -verbose -file bitonic_sort_wrapper_control_sets_placed.rpt
| Design       : bitonic_sort_wrapper
| Device       : xcku035
-------------------------------------------------------------------------------------------------

Control Set Information

Table of Contents
-----------------
1. Summary
2. Histogram
3. Flip-Flop Distribution
4. Detailed Control Set Information

1. Summary
----------

+----------------------------------------------------------+-------+
|                          Status                          | Count |
+----------------------------------------------------------+-------+
| Total control sets                                       |    21 |
|    Minimum number of control sets                        |    21 |
|    Addition due to synthesis replication                 |     0 |
|    Addition due to physical synthesis replication        |     0 |
| Unused register locations in slices containing registers |    38 |
+----------------------------------------------------------+-------+
* Control sets can be merged at opt_design using control_set_merge or merge_equivalent_drivers
** Run report_qor_suggestions for automated merging and remapping suggestions


2. Histogram
------------

+--------------------+-------+
|       Fanout       | Count |
+--------------------+-------+
| Total control sets |    21 |
| >= 0 to < 4        |     1 |
| >= 4 to < 6        |     1 |
| >= 6 to < 8        |     0 |
| >= 8 to < 10       |     1 |
| >= 10 to < 12      |     0 |
| >= 12 to < 14      |     0 |
| >= 14 to < 16      |     0 |
| >= 16              |    18 |
+--------------------+-------+
* Control sets can be remapped at either synth_design or opt_design


3. Flip-Flop Distribution
-------------------------

+--------------+-----------------------+------------------------+-----------------+--------------+
| Clock Enable | Synchronous Set/Reset | Asynchronous Set/Reset | Total Registers | Total Slices |
+--------------+-----------------------+------------------------+-----------------+--------------+
| No           | No                    | No                     |            2241 |          424 |
| No           | No                    | Yes                    |               0 |            0 |
| No           | Yes                   | No                     |               3 |            3 |
| Yes          | No                    | No                     |             442 |          125 |
| Yes          | No                    | Yes                    |               0 |            0 |
| Yes          | Yes                   | No                     |              12 |            6 |
+--------------+-----------------------+------------------------+-----------------+--------------+


4. Detailed Control Set Information
-----------------------------------

+----------------+---------------------+------------------+------------------+----------------+--------------+
|  Clock Signal  |    Enable Signal    | Set/Reset Signal | Slice Load Count | Bel Load Count | Bels / Slice |
+----------------+---------------------+------------------+------------------+----------------+--------------+
|  clk_IBUF_BUFG |                     | rst_IBUF_inst/O  |                3 |              3 |         1.00 |
|  clk_IBUF_BUFG | busy                | dut/SR[0]        |                3 |              4 |         1.33 |
|  clk_IBUF_BUFG | i_valid_IBUF_inst/O | rst_IBUF_inst/O  |                3 |              8 |         2.67 |
|  clk_IBUF_BUFG | o_metric[9]_i_1_n_0 |                  |               26 |             26 |         1.00 |
|  clk_IBUF_BUFG | p_0_in[129]         |                  |               14 |             26 |         1.86 |
|  clk_IBUF_BUFG | p_0_in[9]           |                  |               14 |             26 |         1.86 |
|  clk_IBUF_BUFG | p_0_in[59]          |                  |               17 |             26 |         1.53 |
|  clk_IBUF_BUFG | p_0_in[69]          |                  |               18 |             26 |         1.44 |
|  clk_IBUF_BUFG | p_0_in[99]          |                  |               12 |             26 |         2.17 |
|  clk_IBUF_BUFG | p_0_in[139]         |                  |               19 |             26 |         1.37 |
|  clk_IBUF_BUFG | p_0_in[149]         |                  |               17 |             26 |         1.53 |
|  clk_IBUF_BUFG | p_0_in[49]          |                  |               16 |             26 |         1.62 |
|  clk_IBUF_BUFG | p_0_in[119]         |                  |               17 |             26 |         1.53 |
|  clk_IBUF_BUFG | p_0_in[79]          |                  |               18 |             26 |         1.44 |
|  clk_IBUF_BUFG | p_0_in[159]         |                  |               16 |             26 |         1.62 |
|  clk_IBUF_BUFG | p_0_in[19]          |                  |               14 |             26 |         1.86 |
|  clk_IBUF_BUFG | p_0_in[29]          |                  |               15 |             26 |         1.73 |
|  clk_IBUF_BUFG | p_0_in[39]          |                  |               14 |             26 |         1.86 |
|  clk_IBUF_BUFG | p_0_in[89]          |                  |               12 |             26 |         2.17 |
|  clk_IBUF_BUFG | p_0_in[109]         |                  |               14 |             26 |         1.86 |
|  clk_IBUF_BUFG |                     |                  |              440 |           2498 |         5.68 |
+----------------+---------------------+------------------+------------------+----------------+--------------+


