
*** Running vivado
    with args -log SS16_wrapper.vds -m64 -product Vivado -mode batch -messageDb vivado.pb -notrace -source SS16_wrapper.tcl



****** Vivado v2022.1 (64-bit)
  **** SW Build 3526262 on Mon Apr 18 15:48:16 MDT 2022
  **** IP Build 3524634 on Mon Apr 18 20:55:01 MDT 2022
    ** Copyright 1986-2022 Xilinx, Inc. All Rights Reserved.

source SS16_wrapper.tcl -notrace
Command: read_checkpoint -auto_incremental -incremental C:/LRMLD/module_library/sum_select_16/sum_select_16.srcs/utils_1/imports/synth_1/SS16_wrapper.dcp
INFO: [Vivado 12-5825] Read reference checkpoint from C:/LRMLD/module_library/sum_select_16/sum_select_16.srcs/utils_1/imports/synth_1/SS16_wrapper.dcp for incremental synthesis
INFO: [Vivado 12-7989] Please ensure there are no constraint changes
Command: synth_design -top SS16_wrapper -part xcku035-fbva676-1-i
Starting synth_design
Attempting to get a license for feature 'Synthesis' and/or device 'xcku035'
INFO: [Common 17-349] Got license for feature 'Synthesis' and/or device 'xcku035'
INFO: [Device 21-403] Loading part xcku035-fbva676-1-i
INFO: [Designutils 20-5440] No compile time benefit to using incremental synthesis; A full resynthesis will be run
INFO: [Designutils 20-4379] Flow is switching to default flow due to incremental criteria not met. If you would like to alter this behaviour and have the flow terminate instead, please set the following parameter config_implementation {autoIncr.Synth.RejectBehavior Terminate}
INFO: [Synth 8-7079] Multithreading enabled for synth_design using a maximum of 2 processes.
INFO: [Synth 8-7078] Launching helper process for spawning children vivado processes
INFO: [Synth 8-7075] Helper process launched with PID 35100
---------------------------------------------------------------------------------
Starting RTL Elaboration : Time (s): cpu = 00:00:04 ; elapsed = 00:00:04 . Memory (MB): peak = 1452.863 ; gain = 158.516
---------------------------------------------------------------------------------
INFO: [Synth 8-6157] synthesizing module 'SS16_wrapper' [C:/LRMLD/module_library/sum_select_16/sum_select_16.srcs/sources_1/new/wp_sum_select_16.sv:3]
INFO: [Synth 8-6157] synthesizing module 'sum_select_16' [C:/LRMLD/module_library/sum_select_16/sum_select_16.srcs/sources_1/new/sum_select_16.sv:4]
	Parameter METRIC_W bound to: 10 - type: integer 
	Parameter LABEL_W bound to: 32 - type: integer 
	Parameter LABEL_W1 bound to: 32 - type: integer 
INFO: [Synth 8-6157] synthesizing module 'sum_select' [C:/LRMLD/module_library/sum_select/sum_select.srcs/sources_1/new/sum_select.sv:2]
	Parameter METRIC_W bound to: 10 - type: integer 
	Parameter LABEL_W bound to: 32 - type: integer 
	Parameter LABEL_W1 bound to: 32 - type: integer 
INFO: [Synth 8-6157] synthesizing module 'comparator' [C:/LRMLD/module_library/sum_select/sum_select.srcs/sources_1/new/comparator.sv:1]
	Parameter DATA_W bound to: 11 - type: integer 
INFO: [Synth 8-6155] done synthesizing module 'comparator' (0#1) [C:/LRMLD/module_library/sum_select/sum_select.srcs/sources_1/new/comparator.sv:1]
WARNING: [Synth 8-7071] port 'o_min' of module 'comparator' is unconnected for instance 'comp1' [C:/LRMLD/module_library/sum_select/sum_select.srcs/sources_1/new/sum_select.sv:135]
WARNING: [Synth 8-7071] port 'o_max' of module 'comparator' is unconnected for instance 'comp1' [C:/LRMLD/module_library/sum_select/sum_select.srcs/sources_1/new/sum_select.sv:135]
WARNING: [Synth 8-7023] instance 'comp1' of module 'comparator' has 5 connections declared, but only 3 given [C:/LRMLD/module_library/sum_select/sum_select.srcs/sources_1/new/sum_select.sv:135]
WARNING: [Synth 8-7071] port 'o_min' of module 'comparator' is unconnected for instance 'comp2' [C:/LRMLD/module_library/sum_select/sum_select.srcs/sources_1/new/sum_select.sv:141]
WARNING: [Synth 8-7071] port 'o_max' of module 'comparator' is unconnected for instance 'comp2' [C:/LRMLD/module_library/sum_select/sum_select.srcs/sources_1/new/sum_select.sv:141]
WARNING: [Synth 8-7023] instance 'comp2' of module 'comparator' has 5 connections declared, but only 3 given [C:/LRMLD/module_library/sum_select/sum_select.srcs/sources_1/new/sum_select.sv:141]
WARNING: [Synth 8-7071] port 'o_min' of module 'comparator' is unconnected for instance 'comp3' [C:/LRMLD/module_library/sum_select/sum_select.srcs/sources_1/new/sum_select.sv:147]
WARNING: [Synth 8-7071] port 'o_max' of module 'comparator' is unconnected for instance 'comp3' [C:/LRMLD/module_library/sum_select/sum_select.srcs/sources_1/new/sum_select.sv:147]
WARNING: [Synth 8-7023] instance 'comp3' of module 'comparator' has 5 connections declared, but only 3 given [C:/LRMLD/module_library/sum_select/sum_select.srcs/sources_1/new/sum_select.sv:147]
WARNING: [Synth 8-7071] port 'o_min' of module 'comparator' is unconnected for instance 'comp4' [C:/LRMLD/module_library/sum_select/sum_select.srcs/sources_1/new/sum_select.sv:153]
WARNING: [Synth 8-7071] port 'o_max' of module 'comparator' is unconnected for instance 'comp4' [C:/LRMLD/module_library/sum_select/sum_select.srcs/sources_1/new/sum_select.sv:153]
WARNING: [Synth 8-7023] instance 'comp4' of module 'comparator' has 5 connections declared, but only 3 given [C:/LRMLD/module_library/sum_select/sum_select.srcs/sources_1/new/sum_select.sv:153]
WARNING: [Synth 8-7071] port 'o_min' of module 'comparator' is unconnected for instance 'comp5' [C:/LRMLD/module_library/sum_select/sum_select.srcs/sources_1/new/sum_select.sv:159]
WARNING: [Synth 8-7071] port 'o_max' of module 'comparator' is unconnected for instance 'comp5' [C:/LRMLD/module_library/sum_select/sum_select.srcs/sources_1/new/sum_select.sv:159]
WARNING: [Synth 8-7023] instance 'comp5' of module 'comparator' has 5 connections declared, but only 3 given [C:/LRMLD/module_library/sum_select/sum_select.srcs/sources_1/new/sum_select.sv:159]
INFO: [Synth 8-155] case statement is not full and has no default [C:/LRMLD/module_library/sum_select/sum_select.srcs/sources_1/new/sum_select.sv:325]
INFO: [Synth 8-155] case statement is not full and has no default [C:/LRMLD/module_library/sum_select/sum_select.srcs/sources_1/new/sum_select.sv:325]
INFO: [Synth 8-155] case statement is not full and has no default [C:/LRMLD/module_library/sum_select/sum_select.srcs/sources_1/new/sum_select.sv:325]
INFO: [Synth 8-6155] done synthesizing module 'sum_select' (0#1) [C:/LRMLD/module_library/sum_select/sum_select.srcs/sources_1/new/sum_select.sv:2]
INFO: [Synth 8-6157] synthesizing module 'sum_select_8' [C:/LRMLD/module_library/sum_select8/sum_select8.srcs/sources_1/new/sum_select_8.sv:2]
	Parameter METRIC_W bound to: 10 - type: integer 
	Parameter LABEL_W bound to: 32 - type: integer 
	Parameter LABEL_W1 bound to: 32 - type: integer 
INFO: [Synth 8-6157] synthesizing module 'cas' [C:/LRMLD/module_library/sum_select8/sum_select8.srcs/sources_1/new/cas.sv:1]
	Parameter METRIC_W bound to: 11 - type: integer 
	Parameter LABEL_W bound to: 3 - type: integer 
INFO: [Synth 8-6155] done synthesizing module 'cas' (0#1) [C:/LRMLD/module_library/sum_select8/sum_select8.srcs/sources_1/new/cas.sv:1]
INFO: [Synth 8-6155] done synthesizing module 'sum_select_8' (0#1) [C:/LRMLD/module_library/sum_select8/sum_select8.srcs/sources_1/new/sum_select_8.sv:2]
INFO: [Synth 8-6157] synthesizing module 'min3_frm7' [C:/LRMLD/module_library/min_3_frm_7/min_3_frm_7.srcs/sources_1/new/min_3_frm_7.sv:3]
	Parameter M_W bound to: 10 - type: integer 
INFO: [Synth 8-6157] synthesizing module 'comparator__parameterized0' [C:/LRMLD/module_library/sum_select/sum_select.srcs/sources_1/new/comparator.sv:1]
	Parameter DATA_W bound to: 10 - type: integer 
INFO: [Synth 8-6155] done synthesizing module 'comparator__parameterized0' (0#1) [C:/LRMLD/module_library/sum_select/sum_select.srcs/sources_1/new/comparator.sv:1]
WARNING: [Synth 8-7071] port 'o_min' of module 'comparator' is unconnected for instance 'cmp0' [C:/LRMLD/module_library/min_3_frm_7/min_3_frm_7.srcs/sources_1/new/min_3_frm_7.sv:26]
WARNING: [Synth 8-7071] port 'o_max' of module 'comparator' is unconnected for instance 'cmp0' [C:/LRMLD/module_library/min_3_frm_7/min_3_frm_7.srcs/sources_1/new/min_3_frm_7.sv:26]
WARNING: [Synth 8-7023] instance 'cmp0' of module 'comparator' has 5 connections declared, but only 3 given [C:/LRMLD/module_library/min_3_frm_7/min_3_frm_7.srcs/sources_1/new/min_3_frm_7.sv:26]
WARNING: [Synth 8-7071] port 'o_min' of module 'comparator' is unconnected for instance 'cmp1' [C:/LRMLD/module_library/min_3_frm_7/min_3_frm_7.srcs/sources_1/new/min_3_frm_7.sv:34]
WARNING: [Synth 8-7071] port 'o_max' of module 'comparator' is unconnected for instance 'cmp1' [C:/LRMLD/module_library/min_3_frm_7/min_3_frm_7.srcs/sources_1/new/min_3_frm_7.sv:34]
WARNING: [Synth 8-7023] instance 'cmp1' of module 'comparator' has 5 connections declared, but only 3 given [C:/LRMLD/module_library/min_3_frm_7/min_3_frm_7.srcs/sources_1/new/min_3_frm_7.sv:34]
WARNING: [Synth 8-7071] port 'o_min' of module 'comparator' is unconnected for instance 'cmp2' [C:/LRMLD/module_library/min_3_frm_7/min_3_frm_7.srcs/sources_1/new/min_3_frm_7.sv:42]
WARNING: [Synth 8-7071] port 'o_max' of module 'comparator' is unconnected for instance 'cmp2' [C:/LRMLD/module_library/min_3_frm_7/min_3_frm_7.srcs/sources_1/new/min_3_frm_7.sv:42]
WARNING: [Synth 8-7023] instance 'cmp2' of module 'comparator' has 5 connections declared, but only 3 given [C:/LRMLD/module_library/min_3_frm_7/min_3_frm_7.srcs/sources_1/new/min_3_frm_7.sv:42]
WARNING: [Synth 8-7071] port 'o_min' of module 'comparator' is unconnected for instance 'cmp3' [C:/LRMLD/module_library/min_3_frm_7/min_3_frm_7.srcs/sources_1/new/min_3_frm_7.sv:50]
WARNING: [Synth 8-7071] port 'o_max' of module 'comparator' is unconnected for instance 'cmp3' [C:/LRMLD/module_library/min_3_frm_7/min_3_frm_7.srcs/sources_1/new/min_3_frm_7.sv:50]
WARNING: [Synth 8-7023] instance 'cmp3' of module 'comparator' has 5 connections declared, but only 3 given [C:/LRMLD/module_library/min_3_frm_7/min_3_frm_7.srcs/sources_1/new/min_3_frm_7.sv:50]
WARNING: [Synth 8-7071] port 'o_min' of module 'comparator' is unconnected for instance 'cmp4' [C:/LRMLD/module_library/min_3_frm_7/min_3_frm_7.srcs/sources_1/new/min_3_frm_7.sv:58]
WARNING: [Synth 8-7071] port 'o_max' of module 'comparator' is unconnected for instance 'cmp4' [C:/LRMLD/module_library/min_3_frm_7/min_3_frm_7.srcs/sources_1/new/min_3_frm_7.sv:58]
WARNING: [Synth 8-7023] instance 'cmp4' of module 'comparator' has 5 connections declared, but only 3 given [C:/LRMLD/module_library/min_3_frm_7/min_3_frm_7.srcs/sources_1/new/min_3_frm_7.sv:58]
INFO: [Synth 8-6155] done synthesizing module 'min3_frm7' (0#1) [C:/LRMLD/module_library/min_3_frm_7/min_3_frm_7.srcs/sources_1/new/min_3_frm_7.sv:3]
INFO: [Synth 8-155] case statement is not full and has no default [C:/LRMLD/module_library/sum_select_16/sum_select_16.srcs/sources_1/new/sum_select_16.sv:245]
INFO: [Synth 8-155] case statement is not full and has no default [C:/LRMLD/module_library/sum_select_16/sum_select_16.srcs/sources_1/new/sum_select_16.sv:290]
INFO: [Synth 8-155] case statement is not full and has no default [C:/LRMLD/module_library/sum_select_16/sum_select_16.srcs/sources_1/new/sum_select_16.sv:335]
INFO: [Synth 8-6157] synthesizing module 'bitonic_merge_4_4' [C:/LRMLD/module_library/sum_select_16/sum_select_16.srcs/sources_1/new/bitonic_merge_4_4.sv:4]
	Parameter M_W bound to: 10 - type: integer 
	Parameter L_W bound to: 64 - type: integer 
INFO: [Synth 8-6157] synthesizing module 'cas__parameterized0' [C:/LRMLD/module_library/sum_select8/sum_select8.srcs/sources_1/new/cas.sv:1]
	Parameter METRIC_W bound to: 10 - type: integer 
	Parameter LABEL_W bound to: 3 - type: integer 
INFO: [Synth 8-6155] done synthesizing module 'cas__parameterized0' (0#1) [C:/LRMLD/module_library/sum_select8/sum_select8.srcs/sources_1/new/cas.sv:1]
INFO: [Synth 8-6155] done synthesizing module 'bitonic_merge_4_4' (0#1) [C:/LRMLD/module_library/sum_select_16/sum_select_16.srcs/sources_1/new/bitonic_merge_4_4.sv:4]
INFO: [Synth 8-6157] synthesizing module 'bitonic_merge_8_8' [C:/LRMLD/module_library/sum_select_16/sum_select_16.srcs/sources_1/new/bitonic_merge_8_8.sv:4]
	Parameter M_W bound to: 10 - type: integer 
	Parameter L_W bound to: 64 - type: integer 
INFO: [Synth 8-6157] synthesizing module 'cas__parameterized1' [C:/LRMLD/module_library/sum_select8/sum_select8.srcs/sources_1/new/cas.sv:1]
	Parameter METRIC_W bound to: 10 - type: integer 
	Parameter LABEL_W bound to: 4 - type: integer 
INFO: [Synth 8-6155] done synthesizing module 'cas__parameterized1' (0#1) [C:/LRMLD/module_library/sum_select8/sum_select8.srcs/sources_1/new/cas.sv:1]
INFO: [Synth 8-6155] done synthesizing module 'bitonic_merge_8_8' (0#1) [C:/LRMLD/module_library/sum_select_16/sum_select_16.srcs/sources_1/new/bitonic_merge_8_8.sv:4]
INFO: [Synth 8-6155] done synthesizing module 'sum_select_16' (0#1) [C:/LRMLD/module_library/sum_select_16/sum_select_16.srcs/sources_1/new/sum_select_16.sv:4]
INFO: [Synth 8-6155] done synthesizing module 'SS16_wrapper' (0#1) [C:/LRMLD/module_library/sum_select_16/sum_select_16.srcs/sources_1/new/wp_sum_select_16.sv:3]
WARNING: [Synth 8-5856] 3D RAM conc_d_reg  for this pattern/configuration is not supported. This will most likely be implemented in registers
WARNING: [Synth 8-10225] Potential Runtime issue for 3D-RAM or RAM from Record/Structs for RAM  conc_d_reg 
WARNING: [Synth 8-6014] Unused sequential element idx_l_r_reg[0] was removed.  [C:/LRMLD/module_library/sum_select/sum_select.srcs/sources_1/new/sum_select.sv:128]
WARNING: [Synth 8-3936] Found unconnected internal register 'summ0_d_reg[1]' and it is trimmed from '11' to '10' bits. [C:/LRMLD/module_library/sum_select/sum_select.srcs/sources_1/new/sum_select.sv:131]
WARNING: [Synth 8-3936] Found unconnected internal register 'summ0_d_reg[0]' and it is trimmed from '11' to '10' bits. [C:/LRMLD/module_library/sum_select/sum_select.srcs/sources_1/new/sum_select.sv:131]
WARNING: [Synth 8-3936] Found unconnected internal register 'sig_summ_r_reg[0]' and it is trimmed from '11' to '10' bits. [C:/LRMLD/module_library/sum_select/sum_select.srcs/sources_1/new/sum_select.sv:127]
WARNING: [Synth 8-3936] Found unconnected internal register 'sig_summ_reg[0]' and it is trimmed from '11' to '10' bits. [C:/LRMLD/module_library/sum_select/sum_select.srcs/sources_1/new/sum_select.sv:76]
WARNING: [Synth 8-87] always_comb on 'o_labels_reg[1]' did not result in combinational logic [C:/LRMLD/module_library/sum_select/sum_select.srcs/sources_1/new/sum_select.sv:323]
WARNING: [Synth 8-87] always_comb on 'o_labels_reg[2]' did not result in combinational logic [C:/LRMLD/module_library/sum_select/sum_select.srcs/sources_1/new/sum_select.sv:323]
WARNING: [Synth 8-87] always_comb on 'o_labels_reg[3]' did not result in combinational logic [C:/LRMLD/module_library/sum_select/sum_select.srcs/sources_1/new/sum_select.sv:323]
WARNING: [Synth 8-5856] 3D RAM conc_d_reg  for this pattern/configuration is not supported. This will most likely be implemented in registers
WARNING: [Synth 8-10225] Potential Runtime issue for 3D-RAM or RAM from Record/Structs for RAM  conc_d_reg 
WARNING: [Synth 8-5856] 3D RAM m_p_reg  for this pattern/configuration is not supported. This will most likely be implemented in registers
WARNING: [Synth 8-10225] Potential Runtime issue for 3D-RAM or RAM from Record/Structs for RAM  m_p_reg 
WARNING: [Synth 8-5856] 3D RAM idx_p_reg  for this pattern/configuration is not supported. This will most likely be implemented in registers
WARNING: [Synth 8-10225] Potential Runtime issue for 3D-RAM or RAM from Record/Structs for RAM  idx_p_reg 
WARNING: [Synth 8-6014] Unused sequential element m_p_reg[3][0] was removed.  [C:/LRMLD/module_library/sum_select8/sum_select8.srcs/sources_1/new/sum_select_8.sv:64]
WARNING: [Synth 8-6014] Unused sequential element m_p_reg[4][0] was removed.  [C:/LRMLD/module_library/sum_select8/sum_select8.srcs/sources_1/new/sum_select_8.sv:64]
WARNING: [Synth 8-6014] Unused sequential element m_p_reg[5][0] was removed.  [C:/LRMLD/module_library/sum_select8/sum_select8.srcs/sources_1/new/sum_select_8.sv:64]
WARNING: [Synth 8-6014] Unused sequential element idx_p_reg[3][0] was removed.  [C:/LRMLD/module_library/sum_select8/sum_select8.srcs/sources_1/new/sum_select_8.sv:64]
WARNING: [Synth 8-6014] Unused sequential element idx_p_reg[4][0] was removed.  [C:/LRMLD/module_library/sum_select8/sum_select8.srcs/sources_1/new/sum_select_8.sv:64]
WARNING: [Synth 8-6014] Unused sequential element idx_p_reg[5][0] was removed.  [C:/LRMLD/module_library/sum_select8/sum_select8.srcs/sources_1/new/sum_select_8.sv:64]
WARNING: [Synth 8-6014] Unused sequential element conc_d_reg[0][0] was removed.  [C:/LRMLD/module_library/sum_select8/sum_select8.srcs/sources_1/new/sum_select_8.sv:62]
WARNING: [Synth 8-6014] Unused sequential element conc_d_reg[1][0] was removed.  [C:/LRMLD/module_library/sum_select8/sum_select8.srcs/sources_1/new/sum_select_8.sv:62]
WARNING: [Synth 8-6014] Unused sequential element conc_d_reg[2][0] was removed.  [C:/LRMLD/module_library/sum_select8/sum_select8.srcs/sources_1/new/sum_select_8.sv:62]
WARNING: [Synth 8-6014] Unused sequential element conc_d_reg[3][0] was removed.  [C:/LRMLD/module_library/sum_select8/sum_select8.srcs/sources_1/new/sum_select_8.sv:62]
WARNING: [Synth 8-6014] Unused sequential element conc_d_reg[4][0] was removed.  [C:/LRMLD/module_library/sum_select8/sum_select8.srcs/sources_1/new/sum_select_8.sv:62]
WARNING: [Synth 8-6014] Unused sequential element conc_d_reg[5][0] was removed.  [C:/LRMLD/module_library/sum_select8/sum_select8.srcs/sources_1/new/sum_select_8.sv:62]
WARNING: [Synth 8-5856] 3D RAM ld_reg  for this pattern/configuration is not supported. This will most likely be implemented in registers
WARNING: [Synth 8-10225] Potential Runtime issue for 3D-RAM or RAM from Record/Structs for RAM  ld_reg 
WARNING: [Synth 8-5856] 3D RAM AB_m_0b_r_reg  for this pattern/configuration is not supported. This will most likely be implemented in registers
WARNING: [Synth 8-10225] Potential Runtime issue for 3D-RAM or RAM from Record/Structs for RAM  AB_m_0b_r_reg 
WARNING: [Synth 8-5856] 3D RAM AB_l_0b_r_reg  for this pattern/configuration is not supported. This will most likely be implemented in registers
WARNING: [Synth 8-10225] Potential Runtime issue for 3D-RAM or RAM from Record/Structs for RAM  AB_l_0b_r_reg 
WARNING: [Synth 8-5856] 3D RAM AB_m_0b_d_reg  for this pattern/configuration is not supported. This will most likely be implemented in registers
WARNING: [Synth 8-10225] Potential Runtime issue for 3D-RAM or RAM from Record/Structs for RAM  AB_m_0b_d_reg 
WARNING: [Synth 8-5856] 3D RAM AB_l_0b_d_reg  for this pattern/configuration is not supported. This will most likely be implemented in registers
WARNING: [Synth 8-10225] Potential Runtime issue for 3D-RAM or RAM from Record/Structs for RAM  AB_l_0b_d_reg 
WARNING: [Synth 8-5856] 3D RAM AB_m_a0_r_reg  for this pattern/configuration is not supported. This will most likely be implemented in registers
WARNING: [Synth 8-10225] Potential Runtime issue for 3D-RAM or RAM from Record/Structs for RAM  AB_m_a0_r_reg 
WARNING: [Synth 8-5856] 3D RAM AB_l_a0_r_reg  for this pattern/configuration is not supported. This will most likely be implemented in registers
WARNING: [Synth 8-10225] Potential Runtime issue for 3D-RAM or RAM from Record/Structs for RAM  AB_l_a0_r_reg 
WARNING: [Synth 8-5856] 3D RAM AB_m_a0_d_reg  for this pattern/configuration is not supported. This will most likely be implemented in registers
WARNING: [Synth 8-10225] Potential Runtime issue for 3D-RAM or RAM from Record/Structs for RAM  AB_m_a0_d_reg 
WARNING: [Synth 8-5856] 3D RAM AB_l_a0_d_reg  for this pattern/configuration is not supported. This will most likely be implemented in registers
WARNING: [Synth 8-10225] Potential Runtime issue for 3D-RAM or RAM from Record/Structs for RAM  AB_l_a0_d_reg 
WARNING: [Synth 8-5856] 3D RAM AB_m_00MS_d_reg  for this pattern/configuration is not supported. This will most likely be implemented in registers
WARNING: [Synth 8-10225] Potential Runtime issue for 3D-RAM or RAM from Record/Structs for RAM  AB_m_00MS_d_reg 
WARNING: [Synth 8-5856] 3D RAM AB_l_00MS_d_reg  for this pattern/configuration is not supported. This will most likely be implemented in registers
WARNING: [Synth 8-10225] Potential Runtime issue for 3D-RAM or RAM from Record/Structs for RAM  AB_l_00MS_d_reg 
---------------------------------------------------------------------------------
Finished RTL Elaboration : Time (s): cpu = 00:00:06 ; elapsed = 00:00:06 . Memory (MB): peak = 1562.922 ; gain = 268.574
---------------------------------------------------------------------------------
---------------------------------------------------------------------------------
Start Handling Custom Attributes
---------------------------------------------------------------------------------
---------------------------------------------------------------------------------
Finished Handling Custom Attributes : Time (s): cpu = 00:00:06 ; elapsed = 00:00:06 . Memory (MB): peak = 1562.922 ; gain = 268.574
---------------------------------------------------------------------------------
---------------------------------------------------------------------------------
Finished RTL Optimization Phase 1 : Time (s): cpu = 00:00:06 ; elapsed = 00:00:06 . Memory (MB): peak = 1562.922 ; gain = 268.574
---------------------------------------------------------------------------------
Netlist sorting complete. Time (s): cpu = 00:00:00 ; elapsed = 00:00:00.270 . Memory (MB): peak = 1562.922 ; gain = 0.000
INFO: [Project 1-570] Preparing netlist for logic optimization

Processing XDC Constraints
Initializing timing engine
Parsing XDC File [C:/QW/bitonic_sort/bitonic_sort.srcs/constrs_1/new/constraints.xdc]
Finished Parsing XDC File [C:/QW/bitonic_sort/bitonic_sort.srcs/constrs_1/new/constraints.xdc]
INFO: [Project 1-236] Implementation specific constraints were found while reading constraint file [C:/QW/bitonic_sort/bitonic_sort.srcs/constrs_1/new/constraints.xdc]. These constraints will be ignored for synthesis but will be used in implementation. Impacted constraints are listed in the file [.Xil/SS16_wrapper_propImpl.xdc].
Resolution: To avoid this warning, move constraints listed in [.Xil/SS16_wrapper_propImpl.xdc] to another XDC file and exclude this new file from synthesis with the used_in_synthesis property (File Properties dialog in GUI) and re-run elaboration/synthesis.
Completed Processing XDC Constraints

Netlist sorting complete. Time (s): cpu = 00:00:00 ; elapsed = 00:00:00.006 . Memory (MB): peak = 1652.930 ; gain = 0.000
INFO: [Project 1-111] Unisim Transformation Summary:
No Unisim elements were transformed.

Constraint Validation Runtime : Time (s): cpu = 00:00:00 ; elapsed = 00:00:00.111 . Memory (MB): peak = 1652.930 ; gain = 0.000
INFO: [Designutils 20-5440] No compile time benefit to using incremental synthesis; A full resynthesis will be run
INFO: [Designutils 20-4379] Flow is switching to default flow due to incremental criteria not met. If you would like to alter this behaviour and have the flow terminate instead, please set the following parameter config_implementation {autoIncr.Synth.RejectBehavior Terminate}
---------------------------------------------------------------------------------
Finished Constraint Validation : Time (s): cpu = 00:00:14 ; elapsed = 00:00:14 . Memory (MB): peak = 1652.930 ; gain = 358.582
---------------------------------------------------------------------------------
---------------------------------------------------------------------------------
Start Loading Part and Timing Information
---------------------------------------------------------------------------------
Loading part: xcku035-fbva676-1-i
INFO: [Synth 8-6742] Reading net delay rules and data
---------------------------------------------------------------------------------
Finished Loading Part and Timing Information : Time (s): cpu = 00:00:14 ; elapsed = 00:00:14 . Memory (MB): peak = 1652.930 ; gain = 358.582
---------------------------------------------------------------------------------
---------------------------------------------------------------------------------
Start Applying 'set_property' XDC Constraints
---------------------------------------------------------------------------------
---------------------------------------------------------------------------------
Finished applying 'set_property' XDC Constraints : Time (s): cpu = 00:00:14 ; elapsed = 00:00:14 . Memory (MB): peak = 1652.930 ; gain = 358.582
---------------------------------------------------------------------------------
WARNING: [Synth 8-327] inferring latch for variable 'o_labels_reg[1]' [C:/LRMLD/module_library/sum_select/sum_select.srcs/sources_1/new/sum_select.sv:323]
WARNING: [Synth 8-327] inferring latch for variable 'o_labels_reg[2]' [C:/LRMLD/module_library/sum_select/sum_select.srcs/sources_1/new/sum_select.sv:323]
WARNING: [Synth 8-327] inferring latch for variable 'o_labels_reg[3]' [C:/LRMLD/module_library/sum_select/sum_select.srcs/sources_1/new/sum_select.sv:323]
---------------------------------------------------------------------------------
Finished RTL Optimization Phase 2 : Time (s): cpu = 00:00:15 ; elapsed = 00:00:16 . Memory (MB): peak = 1652.930 ; gain = 358.582
---------------------------------------------------------------------------------
---------------------------------------------------------------------------------
Start RTL Component Statistics 
---------------------------------------------------------------------------------
Detailed RTL Component Info : 
+---Adders : 
	   2 Input   11 Bit       Adders := 57    
	   2 Input   10 Bit       Adders := 7     
	   2 Input    4 Bit       Adders := 2     
+---Registers : 
	              512 Bit    Registers := 2     
	              160 Bit    Registers := 2     
	              128 Bit    Registers := 8     
	               64 Bit    Registers := 365   
	               40 Bit    Registers := 8     
	               11 Bit    Registers := 143   
	               10 Bit    Registers := 170   
	                4 Bit    Registers := 50    
	                3 Bit    Registers := 155   
	                1 Bit    Registers := 3     
+---Muxes : 
	   2 Input  512 Bit        Muxes := 1     
	   2 Input  160 Bit        Muxes := 1     
	   2 Input   11 Bit        Muxes := 220   
	   2 Input   10 Bit        Muxes := 151   
	   2 Input    4 Bit        Muxes := 65    
	   2 Input    3 Bit        Muxes := 198   
	   6 Input    3 Bit        Muxes := 1     
	   5 Input    3 Bit        Muxes := 1     
	   2 Input    1 Bit        Muxes := 14    
	   8 Input    1 Bit        Muxes := 24    
---------------------------------------------------------------------------------
Finished RTL Component Statistics 
---------------------------------------------------------------------------------
---------------------------------------------------------------------------------
Start Part Resource Summary
---------------------------------------------------------------------------------
Part Resources:
DSPs: 1700 (col length:120)
BRAMs: 1080 (col length: RAMB18 120 RAMB36 60)
---------------------------------------------------------------------------------
Finished Part Resource Summary
---------------------------------------------------------------------------------
---------------------------------------------------------------------------------
Start Cross Boundary and Area Optimization
---------------------------------------------------------------------------------
INFO: [Synth 8-3886] merging instance 'merge2/idx_l2_reg[6][0]' (FD) to 'merge2/idx_l2_reg[6][2]'
INFO: [Synth 8-3886] merging instance 'merge2/idx_l2_reg[4][0]' (FD) to 'merge2/idx_l2_reg[4][2]'
INFO: [Synth 8-3886] merging instance 'merge2/idx_l2_reg[2][0]' (FD) to 'merge2/idx_l2_reg[2][2]'
INFO: [Synth 8-3886] merging instance 'merge2/idx_l2_reg[0][0]' (FD) to 'merge2/idx_l2_reg[0][2]'
INFO: [Synth 8-3886] merging instance 'merge12/idx_l1_reg[8][0]' (FD) to 'merge12/idx_l1_reg[8][1]'
INFO: [Synth 8-3886] merging instance 'merge12/idx_l1_reg[12][0]' (FD) to 'merge12/idx_l1_reg[12][1]'
INFO: [Synth 8-3886] merging instance 'merge12/idx_l1_reg[10][0]' (FD) to 'merge12/idx_l1_reg[10][2]'
INFO: [Synth 8-3886] merging instance 'merge12/idx_l1_reg[14][0]' (FD) to 'merge12/idx_l1_reg[14][3]'
INFO: [Synth 8-3886] merging instance 'merge12/idx_l1_reg[9][0]' (FD) to 'merge12/idx_l1_reg[1][1]'
INFO: [Synth 8-3886] merging instance 'merge12/idx_l1_reg[13][0]' (FD) to 'merge12/idx_l1_reg[13][2]'
INFO: [Synth 8-3886] merging instance 'merge12/idx_l1_reg[11][0]' (FD) to 'merge12/idx_l1_reg[11][1]'
INFO: [Synth 8-3886] merging instance 'merge12/idx_l1_reg[15][0]' (FD) to 'merge12/idx_l1_reg[15][1]'
INFO: [Synth 8-3886] merging instance 'merge12/idx_l1_reg[8][1]' (FD) to 'merge12/idx_l1_reg[8][2]'
INFO: [Synth 8-3886] merging instance 'merge12/idx_l1_reg[12][1]' (FD) to 'merge12/idx_l1_reg[12][3]'
INFO: [Synth 8-3886] merging instance 'merge12/idx_l1_reg[10][1]' (FD) to 'merge12/idx_l1_reg[2][0]'
INFO: [Synth 8-3886] merging instance 'merge12/idx_l1_reg[14][1]' (FD) to 'merge12/idx_l1_reg[14][2]'
INFO: [Synth 8-3886] merging instance 'merge12/idx_l1_reg[9][1]' (FD) to 'merge12/idx_l1_reg[9][2]'
INFO: [Synth 8-3886] merging instance 'merge12/idx_l1_reg[13][1]' (FD) to 'merge12/idx_l1_reg[13][3]'
INFO: [Synth 8-3886] merging instance 'merge12/idx_l1_reg[11][1]' (FD) to 'merge12/idx_l1_reg[3][2]'
INFO: [Synth 8-3886] merging instance 'merge12/idx_l1_reg[15][1]' (FD) to 'merge12/idx_l1_reg[15][2]'
INFO: [Synth 8-3886] merging instance 'merge12/idx_l1_reg[8][2]' (FD) to 'merge12/idx_l1_reg[8][3]'
INFO: [Synth 8-3886] merging instance 'merge12/idx_l1_reg[12][2]' (FD) to 'merge12/idx_l1_reg[4][0]'
INFO: [Synth 8-3886] merging instance 'merge12/idx_l1_reg[10][2]' (FD) to 'merge12/idx_l1_reg[10][3]'
INFO: [Synth 8-3886] merging instance 'merge12/idx_l1_reg[14][2]' (FD) to 'merge12/idx_l1_reg[6][0]'
INFO: [Synth 8-3886] merging instance 'merge12/idx_l1_reg[9][2]' (FD) to 'merge12/idx_l1_reg[9][3]'
INFO: [Synth 8-3886] merging instance 'merge12/idx_l1_reg[13][2]' (FD) to 'merge12/idx_l1_reg[5][1]'
INFO: [Synth 8-3886] merging instance 'merge12/idx_l1_reg[11][2]' (FD) to 'merge12/idx_l1_reg[11][3]'
INFO: [Synth 8-3886] merging instance 'merge12/idx_l1_reg[15][2]' (FD) to 'merge12/idx_l1_reg[7][3]'
INFO: [Synth 8-3886] merging instance 'merge12/idx_l1_reg[12][3]' (FD) to 'merge12/idx_l1_reg[4][2]'
INFO: [Synth 8-3886] merging instance 'merge12/idx_l1_reg[10][3]' (FD) to 'merge12/idx_l1_reg[2][1]'
INFO: [Synth 8-3886] merging instance 'merge12/idx_l1_reg[14][3]' (FD) to 'merge12/idx_l1_reg[6][1]'
INFO: [Synth 8-3886] merging instance 'merge12/idx_l1_reg[9][3]' (FD) to 'merge12/idx_l1_reg[1][0]'
INFO: [Synth 8-3886] merging instance 'merge12/idx_l1_reg[13][3]' (FD) to 'merge12/idx_l1_reg[5][0]'
INFO: [Synth 8-3886] merging instance 'merge12/idx_l1_reg[11][3]' (FD) to 'merge12/idx_l1_reg[3][0]'
INFO: [Synth 8-3886] merging instance 'merge12/idx_l1_reg[15][3]' (FD) to 'merge12/idx_l1_reg[7][0]'
INFO: [Synth 8-3886] merging instance 'merge12/idx_l1_reg[0][0]' (FD) to 'merge12/idx_l1_reg[0][1]'
INFO: [Synth 8-3886] merging instance 'merge12/idx_l1_reg[4][0]' (FD) to 'merge12/idx_l1_reg[4][1]'
INFO: [Synth 8-3886] merging instance 'merge12/idx_l1_reg[2][0]' (FD) to 'merge12/idx_l1_reg[2][2]'
INFO: [Synth 8-3886] merging instance 'merge12/idx_l1_reg[6][0]' (FD) to 'merge12/idx_l1_reg[6][3]'
INFO: [Synth 8-3886] merging instance 'merge12/idx_l1_reg[5][0]' (FD) to 'merge12/idx_l1_reg[5][2]'
INFO: [Synth 8-3886] merging instance 'merge12/idx_l1_reg[3][0]' (FD) to 'merge12/idx_l1_reg[3][1]'
INFO: [Synth 8-3886] merging instance 'merge12/idx_l1_reg[7][0]' (FD) to 'merge12/idx_l1_reg[7][1]'
INFO: [Synth 8-3886] merging instance 'merge12/idx_l1_reg[0][1]' (FD) to 'merge12/idx_l1_reg[0][2]'
INFO: [Synth 8-3886] merging instance 'merge12/idx_l1_reg[4][1]' (FD) to 'merge12/idx_l1_reg[4][3]'
INFO: [Synth 8-3886] merging instance 'merge12/idx_l1_reg[6][1]' (FD) to 'merge12/idx_l1_reg[6][2]'
INFO: [Synth 8-3886] merging instance 'merge12/idx_l1_reg[1][1]' (FD) to 'merge12/idx_l1_reg[1][2]'
INFO: [Synth 8-3886] merging instance 'merge12/idx_l1_reg[5][1]' (FD) to 'merge12/idx_l1_reg[5][3]'
INFO: [Synth 8-3886] merging instance 'merge12/idx_l1_reg[7][1]' (FD) to 'merge12/idx_l1_reg[7][2]'
INFO: [Synth 8-3886] merging instance 'merge12/idx_l1_reg[0][2]' (FD) to 'merge12/idx_l1_reg[0][3]'
INFO: [Synth 8-3886] merging instance 'merge12/idx_l1_reg[2][2]' (FD) to 'merge12/idx_l1_reg[2][3]'
INFO: [Synth 8-3886] merging instance 'merge12/idx_l1_reg[1][2]' (FD) to 'merge12/idx_l1_reg[1][3]'
INFO: [Synth 8-3886] merging instance 'merge12/idx_l1_reg[3][2]' (FD) to 'merge12/idx_l1_reg[3][3]'
INFO: [Synth 8-3886] merging instance 'merge12/idx_l2_reg[8][0]' (FD) to 'merge12/idx_l2_reg[8][1]'
INFO: [Synth 8-3886] merging instance 'merge12/idx_l2_reg[10][0]' (FD) to 'merge12/idx_l2_reg[10][3]'
INFO: [Synth 8-3886] merging instance 'merge12/idx_l2_reg[11][0]' (FD) to 'merge12/idx_l2_reg[11][1]'
INFO: [Synth 8-3886] merging instance 'merge12/idx_l2_reg[8][1]' (FD) to 'merge12/idx_l2_reg[8][3]'
INFO: [Synth 8-3886] merging instance 'merge12/idx_l2_reg[9][1]' (FD) to 'merge12/idx_l2_reg[9][3]'
INFO: [Synth 8-3886] merging instance 'merge12/idx_l2_reg[4][0]' (FD) to 'merge12/idx_l2_reg[4][1]'
INFO: [Synth 8-3886] merging instance 'merge12/idx_l2_reg[6][0]' (FD) to 'merge12/idx_l2_reg[6][3]'
INFO: [Synth 8-3886] merging instance 'merge12/idx_l2_reg[7][0]' (FD) to 'merge12/idx_l2_reg[7][1]'
INFO: [Synth 8-3886] merging instance 'merge12/idx_l2_reg[4][1]' (FD) to 'merge12/idx_l2_reg[4][3]'
INFO: [Synth 8-3886] merging instance 'merge12/idx_l2_reg[5][1]' (FD) to 'merge12/idx_l2_reg[5][3]'
INFO: [Synth 8-3886] merging instance 'merge12/idx_l2_reg[0][0]' (FD) to 'merge12/idx_l2_reg[0][1]'
INFO: [Synth 8-3886] merging instance 'merge12/idx_l2_reg[2][0]' (FD) to 'merge12/idx_l2_reg[2][3]'
INFO: [Synth 8-3886] merging instance 'merge12/idx_l2_reg[3][0]' (FD) to 'merge12/idx_l2_reg[3][1]'
INFO: [Synth 8-3886] merging instance 'merge12/idx_l2_reg[0][1]' (FD) to 'merge12/idx_l2_reg[0][3]'
INFO: [Synth 8-3886] merging instance 'merge12/idx_l2_reg[1][1]' (FD) to 'merge12/idx_l2_reg[1][3]'
INFO: [Synth 8-3886] merging instance 'merge12/idx_l3_reg[10][0]' (FD) to 'merge12/idx_l3_reg[10][3]'
INFO: [Synth 8-3886] merging instance 'merge12/idx_l3_reg[8][0]' (FD) to 'merge12/idx_l3_reg[8][3]'
INFO: [Synth 8-3886] merging instance 'merge12/idx_l3_reg[6][0]' (FD) to 'merge12/idx_l3_reg[6][3]'
INFO: [Synth 8-3886] merging instance 'merge12/idx_l3_reg[4][0]' (FD) to 'merge12/idx_l3_reg[4][3]'
INFO: [Synth 8-3886] merging instance 'merge12/idx_l3_reg[2][0]' (FD) to 'merge12/idx_l3_reg[2][3]'
INFO: [Synth 8-3886] merging instance 'merge12/idx_l3_reg[0][0]' (FD) to 'merge12/idx_l3_reg[0][3]'
INFO: [Synth 8-3886] merging instance 'A0Bb[3].SS/conc_d_reg[0][0][0]' (FD) to 'A0Bb[3].SS/conc_d_reg[0][6][0]'
INFO: [Synth 8-3886] merging instance 'A0Bb[2].SS/conc_d_reg[0][0][0]' (FD) to 'A0Bb[2].SS/conc_d_reg[0][6][0]'
INFO: [Synth 8-3886] merging instance 'A0Bb[1].SS/conc_d_reg[0][0][0]' (FD) to 'A0Bb[1].SS/conc_d_reg[0][6][0]'
INFO: [Synth 8-3886] merging instance 'A0Bb[3].SS/conc_d_reg[0][0][1]' (FD) to 'A0Bb[3].SS/conc_d_reg[0][6][1]'
INFO: [Synth 8-3886] merging instance 'A0Bb[2].SS/conc_d_reg[0][0][1]' (FD) to 'A0Bb[2].SS/conc_d_reg[0][6][1]'
INFO: [Synth 8-3886] merging instance 'A0Bb[1].SS/conc_d_reg[0][0][1]' (FD) to 'A0Bb[1].SS/conc_d_reg[0][6][1]'
INFO: [Synth 8-3886] merging instance 'A0Bb[3].SS/conc_d_reg[0][0][2]' (FD) to 'A0Bb[3].SS/conc_d_reg[0][6][2]'
INFO: [Synth 8-3886] merging instance 'A0Bb[2].SS/conc_d_reg[0][0][2]' (FD) to 'A0Bb[2].SS/conc_d_reg[0][6][2]'
INFO: [Synth 8-3886] merging instance 'A0Bb[1].SS/conc_d_reg[0][0][2]' (FD) to 'A0Bb[1].SS/conc_d_reg[0][6][2]'
INFO: [Synth 8-3886] merging instance 'A0Bb[3].SS/conc_d_reg[0][0][3]' (FD) to 'A0Bb[3].SS/conc_d_reg[0][6][3]'
INFO: [Synth 8-3886] merging instance 'A0Bb[2].SS/conc_d_reg[0][0][3]' (FD) to 'A0Bb[2].SS/conc_d_reg[0][6][3]'
INFO: [Synth 8-3886] merging instance 'A0Bb[1].SS/conc_d_reg[0][0][3]' (FD) to 'A0Bb[1].SS/conc_d_reg[0][6][3]'
INFO: [Synth 8-3886] merging instance 'A0Bb[3].SS/conc_d_reg[0][0][4]' (FD) to 'A0Bb[3].SS/conc_d_reg[0][6][4]'
INFO: [Synth 8-3886] merging instance 'A0Bb[2].SS/conc_d_reg[0][0][4]' (FD) to 'A0Bb[2].SS/conc_d_reg[0][6][4]'
INFO: [Synth 8-3886] merging instance 'A0Bb[1].SS/conc_d_reg[0][0][4]' (FD) to 'A0Bb[1].SS/conc_d_reg[0][6][4]'
INFO: [Synth 8-3886] merging instance 'A0Bb[3].SS/conc_d_reg[0][0][5]' (FD) to 'A0Bb[3].SS/conc_d_reg[0][6][5]'
INFO: [Synth 8-3886] merging instance 'A0Bb[2].SS/conc_d_reg[0][0][5]' (FD) to 'A0Bb[2].SS/conc_d_reg[0][6][5]'
INFO: [Synth 8-3886] merging instance 'A0Bb[1].SS/conc_d_reg[0][0][5]' (FD) to 'A0Bb[1].SS/conc_d_reg[0][6][5]'
INFO: [Synth 8-3886] merging instance 'A0Bb[3].SS/conc_d_reg[0][0][6]' (FD) to 'A0Bb[3].SS/conc_d_reg[0][6][6]'
INFO: [Synth 8-3886] merging instance 'A0Bb[2].SS/conc_d_reg[0][0][6]' (FD) to 'A0Bb[2].SS/conc_d_reg[0][6][6]'
INFO: [Synth 8-3886] merging instance 'A0Bb[1].SS/conc_d_reg[0][0][6]' (FD) to 'A0Bb[1].SS/conc_d_reg[0][6][6]'
INFO: [Synth 8-3886] merging instance 'A0Bb[3].SS/conc_d_reg[0][0][7]' (FD) to 'A0Bb[3].SS/conc_d_reg[0][6][7]'
INFO: [Synth 8-3886] merging instance 'A0Bb[2].SS/conc_d_reg[0][0][7]' (FD) to 'A0Bb[2].SS/conc_d_reg[0][6][7]'
INFO: [Synth 8-3886] merging instance 'A0Bb[1].SS/conc_d_reg[0][0][7]' (FD) to 'A0Bb[1].SS/conc_d_reg[0][6][7]'
INFO: [Synth 8-3886] merging instance 'A0Bb[3].SS/conc_d_reg[0][0][8]' (FD) to 'A0Bb[3].SS/conc_d_reg[0][6][8]'
INFO: [Synth 8-3886] merging instance 'A0Bb[2].SS/conc_d_reg[0][0][8]' (FD) to 'A0Bb[2].SS/conc_d_reg[0][6][8]'
INFO: [Synth 8-3886] merging instance 'A0Bb[1].SS/conc_d_reg[0][0][8]' (FD) to 'A0Bb[1].SS/conc_d_reg[0][6][8]'
INFO: [Common 17-14] Message 'Synth 8-3886' appears 100 times and further instances of the messages will be disabled. Use the Tcl command set_msg_config to change the current settings.
INFO: [Common 17-14] Message 'Synth 8-3886' appears 100 times and further instances of the messages will be disabled. Use the Tcl command set_msg_config to change the current settings.
INFO: [Synth 8-3333] propagating constant 0 across sequential element (\A0Bb[1].SS /\idx_l_r_reg[4][0] )
INFO: [Synth 8-3333] propagating constant 0 across sequential element (\A0Bb[1].SS /\idx_l_r_reg[6][0] )
INFO: [Synth 8-3333] propagating constant 1 across sequential element (\A0Bb[1].SS /\idx_l_r_reg[3][0] )
INFO: [Synth 8-3333] propagating constant 1 across sequential element (\A0Bb[1].SS /\idx_l_r_reg[5][0] )
INFO: [Synth 8-3333] propagating constant 1 across sequential element (\A0Bb[1].SS /\idx_l_r_reg[7][0] )
INFO: [Synth 8-3333] propagating constant 1 across sequential element (\A0Bb[1].SS /\idx_l_r_reg[1][0] )
INFO: [Synth 8-3333] propagating constant 0 across sequential element (\A0Bb[1].SS /\idx_l_r_reg[2][0] )
INFO: [Synth 8-3333] propagating constant 0 across sequential element (\A0Bb[1].SS /\idx_l_r_reg[4][1] )
INFO: [Synth 8-3333] propagating constant 1 across sequential element (\A0Bb[1].SS /\idx_l_r_reg[6][1] )
INFO: [Synth 8-3333] propagating constant 1 across sequential element (\A0Bb[1].SS /\idx_l_r_reg[3][1] )
INFO: [Synth 8-3333] propagating constant 0 across sequential element (\A0Bb[1].SS /\idx_l_r_reg[5][1] )
INFO: [Synth 8-3333] propagating constant 1 across sequential element (\A0Bb[1].SS /\idx_l_r_reg[7][1] )
INFO: [Synth 8-3333] propagating constant 0 across sequential element (\A0Bb[1].SS /\idx_l_r_reg[1][1] )
INFO: [Synth 8-3333] propagating constant 1 across sequential element (\A0Bb[1].SS /\idx_l_r_reg[2][1] )
INFO: [Synth 8-3333] propagating constant 1 across sequential element (\A0Bb[1].SS /\idx_l_r_reg[4][2] )
INFO: [Synth 8-3333] propagating constant 1 across sequential element (\A0Bb[1].SS /\idx_l_r_reg[6][2] )
INFO: [Synth 8-3333] propagating constant 0 across sequential element (\A0Bb[1].SS /\idx_l_r_reg[3][2] )
INFO: [Synth 8-3333] propagating constant 1 across sequential element (\A0Bb[1].SS /\idx_l_r_reg[5][2] )
INFO: [Synth 8-3333] propagating constant 1 across sequential element (\A0Bb[1].SS /\idx_l_r_reg[7][2] )
INFO: [Synth 8-3333] propagating constant 0 across sequential element (\A0Bb[1].SS /\idx_l_r_reg[1][2] )
INFO: [Synth 8-3333] propagating constant 0 across sequential element (\A0Bb[1].SS /\idx_l_r_reg[2][2] )
INFO: [Synth 8-3333] propagating constant 0 across sequential element (\A0Bb[2].SS /\idx_l_r_reg[4][0] )
INFO: [Synth 8-3333] propagating constant 0 across sequential element (\A0Bb[2].SS /\idx_l_r_reg[6][0] )
INFO: [Synth 8-3333] propagating constant 1 across sequential element (\A0Bb[2].SS /\idx_l_r_reg[3][0] )
INFO: [Synth 8-3333] propagating constant 1 across sequential element (\A0Bb[2].SS /\idx_l_r_reg[5][0] )
INFO: [Synth 8-3333] propagating constant 1 across sequential element (\A0Bb[2].SS /\idx_l_r_reg[7][0] )
INFO: [Synth 8-3333] propagating constant 1 across sequential element (\A0Bb[2].SS /\idx_l_r_reg[1][0] )
INFO: [Synth 8-3333] propagating constant 0 across sequential element (\A0Bb[2].SS /\idx_l_r_reg[2][0] )
INFO: [Synth 8-3333] propagating constant 0 across sequential element (\A0Bb[2].SS /\idx_l_r_reg[4][1] )
INFO: [Synth 8-3333] propagating constant 1 across sequential element (\A0Bb[2].SS /\idx_l_r_reg[6][1] )
INFO: [Synth 8-3333] propagating constant 1 across sequential element (\A0Bb[2].SS /\idx_l_r_reg[3][1] )
INFO: [Synth 8-3333] propagating constant 0 across sequential element (\A0Bb[2].SS /\idx_l_r_reg[5][1] )
INFO: [Synth 8-3333] propagating constant 1 across sequential element (\A0Bb[2].SS /\idx_l_r_reg[7][1] )
INFO: [Synth 8-3333] propagating constant 0 across sequential element (\A0Bb[2].SS /\idx_l_r_reg[1][1] )
INFO: [Synth 8-3333] propagating constant 1 across sequential element (\A0Bb[2].SS /\idx_l_r_reg[2][1] )
INFO: [Synth 8-3333] propagating constant 1 across sequential element (\A0Bb[2].SS /\idx_l_r_reg[4][2] )
INFO: [Synth 8-3333] propagating constant 1 across sequential element (\A0Bb[2].SS /\idx_l_r_reg[6][2] )
INFO: [Synth 8-3333] propagating constant 0 across sequential element (\A0Bb[2].SS /\idx_l_r_reg[3][2] )
INFO: [Synth 8-3333] propagating constant 1 across sequential element (\A0Bb[2].SS /\idx_l_r_reg[5][2] )
INFO: [Synth 8-3333] propagating constant 1 across sequential element (\A0Bb[2].SS /\idx_l_r_reg[7][2] )
INFO: [Synth 8-3333] propagating constant 0 across sequential element (\A0Bb[2].SS /\idx_l_r_reg[1][2] )
INFO: [Synth 8-3333] propagating constant 0 across sequential element (\A0Bb[2].SS /\idx_l_r_reg[2][2] )
INFO: [Synth 8-3333] propagating constant 0 across sequential element (\A0Bb[3].SS /\idx_l_r_reg[4][0] )
INFO: [Synth 8-3333] propagating constant 0 across sequential element (\A0Bb[3].SS /\idx_l_r_reg[6][0] )
INFO: [Synth 8-3333] propagating constant 1 across sequential element (\A0Bb[3].SS /\idx_l_r_reg[3][0] )
INFO: [Synth 8-3333] propagating constant 1 across sequential element (\A0Bb[3].SS /\idx_l_r_reg[5][0] )
INFO: [Synth 8-3333] propagating constant 1 across sequential element (\A0Bb[3].SS /\idx_l_r_reg[7][0] )
INFO: [Synth 8-3333] propagating constant 1 across sequential element (\A0Bb[3].SS /\idx_l_r_reg[1][0] )
INFO: [Synth 8-3333] propagating constant 0 across sequential element (\A0Bb[3].SS /\idx_l_r_reg[2][0] )
INFO: [Synth 8-3333] propagating constant 0 across sequential element (\A0Bb[3].SS /\idx_l_r_reg[4][1] )
INFO: [Synth 8-3333] propagating constant 1 across sequential element (\A0Bb[3].SS /\idx_l_r_reg[6][1] )
INFO: [Synth 8-3333] propagating constant 1 across sequential element (\A0Bb[3].SS /\idx_l_r_reg[3][1] )
INFO: [Synth 8-3333] propagating constant 0 across sequential element (\A0Bb[3].SS /\idx_l_r_reg[5][1] )
INFO: [Synth 8-3333] propagating constant 1 across sequential element (\A0Bb[3].SS /\idx_l_r_reg[7][1] )
INFO: [Synth 8-3333] propagating constant 0 across sequential element (\A0Bb[3].SS /\idx_l_r_reg[1][1] )
INFO: [Synth 8-3333] propagating constant 1 across sequential element (\A0Bb[3].SS /\idx_l_r_reg[2][1] )
INFO: [Synth 8-3333] propagating constant 1 across sequential element (\A0Bb[3].SS /\idx_l_r_reg[4][2] )
INFO: [Synth 8-3333] propagating constant 1 across sequential element (\A0Bb[3].SS /\idx_l_r_reg[6][2] )
INFO: [Synth 8-3333] propagating constant 0 across sequential element (\A0Bb[3].SS /\idx_l_r_reg[3][2] )
INFO: [Synth 8-3333] propagating constant 1 across sequential element (\A0Bb[3].SS /\idx_l_r_reg[5][2] )
INFO: [Synth 8-3333] propagating constant 1 across sequential element (\A0Bb[3].SS /\idx_l_r_reg[7][2] )
INFO: [Synth 8-3333] propagating constant 0 across sequential element (\A0Bb[3].SS /\idx_l_r_reg[1][2] )
INFO: [Synth 8-3333] propagating constant 0 across sequential element (\A0Bb[3].SS /\idx_l_r_reg[2][2] )
INFO: [Synth 8-3333] propagating constant 0 across sequential element (\A0Bb[1].SS /\l_slots_r_reg[0][2] )
INFO: [Synth 8-3333] propagating constant 0 across sequential element (\A0Bb[2].SS /\l_slots_r_reg[0][2] )
INFO: [Synth 8-3333] propagating constant 0 across sequential element (\A0Bb[3].SS /\l_slots_r_reg[0][2] )
INFO: [Synth 8-3333] propagating constant 0 across sequential element (\A0Bb[1].SS /\l_m1_r_reg[0][2] )
INFO: [Synth 8-3333] propagating constant 0 across sequential element (\A0Bb[2].SS /\l_m1_r_reg[0][2] )
INFO: [Synth 8-3333] propagating constant 0 across sequential element (\A0Bb[3].SS /\l_m1_r_reg[0][2] )
INFO: [Common 17-14] Message 'Synth 8-3886' appears 100 times and further instances of the messages will be disabled. Use the Tcl command set_msg_config to change the current settings.
INFO: [Synth 8-3333] propagating constant 0 across sequential element (\AaB0[1].SS /\idx_l_r_reg[4][0] )
INFO: [Synth 8-3333] propagating constant 0 across sequential element (\AaB0[1].SS /\idx_l_r_reg[6][0] )
INFO: [Synth 8-3333] propagating constant 1 across sequential element (\AaB0[1].SS /\idx_l_r_reg[3][0] )
INFO: [Synth 8-3333] propagating constant 1 across sequential element (\AaB0[1].SS /\idx_l_r_reg[5][0] )
INFO: [Synth 8-3333] propagating constant 1 across sequential element (\AaB0[1].SS /\idx_l_r_reg[7][0] )
INFO: [Synth 8-3333] propagating constant 1 across sequential element (\AaB0[1].SS /\idx_l_r_reg[1][0] )
INFO: [Synth 8-3333] propagating constant 0 across sequential element (\AaB0[1].SS /\idx_l_r_reg[2][0] )
INFO: [Synth 8-3333] propagating constant 0 across sequential element (\AaB0[1].SS /\idx_l_r_reg[4][1] )
INFO: [Synth 8-3333] propagating constant 1 across sequential element (\AaB0[1].SS /\idx_l_r_reg[6][1] )
INFO: [Synth 8-3333] propagating constant 1 across sequential element (\AaB0[1].SS /\idx_l_r_reg[3][1] )
INFO: [Synth 8-3333] propagating constant 0 across sequential element (\AaB0[1].SS /\idx_l_r_reg[5][1] )
INFO: [Synth 8-3333] propagating constant 1 across sequential element (\AaB0[1].SS /\idx_l_r_reg[7][1] )
INFO: [Synth 8-3333] propagating constant 0 across sequential element (\AaB0[1].SS /\idx_l_r_reg[1][1] )
INFO: [Synth 8-3333] propagating constant 1 across sequential element (\AaB0[1].SS /\idx_l_r_reg[2][1] )
INFO: [Synth 8-3333] propagating constant 1 across sequential element (\AaB0[1].SS /\idx_l_r_reg[4][2] )
INFO: [Synth 8-3333] propagating constant 1 across sequential element (\AaB0[1].SS /\idx_l_r_reg[6][2] )
INFO: [Synth 8-3333] propagating constant 0 across sequential element (\AaB0[1].SS /\idx_l_r_reg[3][2] )
INFO: [Synth 8-3333] propagating constant 1 across sequential element (\AaB0[1].SS /\idx_l_r_reg[5][2] )
INFO: [Synth 8-3333] propagating constant 1 across sequential element (\AaB0[1].SS /\idx_l_r_reg[7][2] )
INFO: [Synth 8-3333] propagating constant 0 across sequential element (\AaB0[1].SS /\idx_l_r_reg[1][2] )
INFO: [Synth 8-3333] propagating constant 0 across sequential element (\AaB0[1].SS /\idx_l_r_reg[2][2] )
INFO: [Synth 8-3333] propagating constant 0 across sequential element (SS_11/\idx_l_r_reg[4][0] )
INFO: [Synth 8-3333] propagating constant 0 across sequential element (SS_11/\idx_l_r_reg[6][0] )
INFO: [Synth 8-3333] propagating constant 1 across sequential element (SS_11/\idx_l_r_reg[3][0] )
INFO: [Synth 8-3333] propagating constant 1 across sequential element (SS_11/\idx_l_r_reg[5][0] )
INFO: [Synth 8-3333] propagating constant 1 across sequential element (SS_11/\idx_l_r_reg[7][0] )
INFO: [Synth 8-3333] propagating constant 1 across sequential element (SS_11/\idx_l_r_reg[1][0] )
INFO: [Synth 8-3333] propagating constant 0 across sequential element (SS_11/\idx_l_r_reg[2][0] )
INFO: [Synth 8-3333] propagating constant 0 across sequential element (SS_11/\idx_l_r_reg[4][1] )
INFO: [Synth 8-3333] propagating constant 1 across sequential element (SS_11/\idx_l_r_reg[6][1] )
INFO: [Synth 8-3333] propagating constant 1 across sequential element (SS_11/\idx_l_r_reg[3][1] )
INFO: [Common 17-14] Message 'Synth 8-3333' appears 100 times and further instances of the messages will be disabled. Use the Tcl command set_msg_config to change the current settings.
WARNING: [Synth 8-3917] design sum_select_16__GB3 has port ss_idx_r_reg[0][2] driven by constant 0
WARNING: [Synth 8-3917] design sum_select_16__GB3 has port ss_idx_r_reg[0][1] driven by constant 0
INFO: [Common 17-14] Message 'Synth 8-3333' appears 100 times and further instances of the messages will be disabled. Use the Tcl command set_msg_config to change the current settings.
---------------------------------------------------------------------------------
Finished Cross Boundary and Area Optimization : Time (s): cpu = 00:00:33 ; elapsed = 00:00:59 . Memory (MB): peak = 1652.930 ; gain = 358.582
---------------------------------------------------------------------------------
---------------------------------------------------------------------------------
Start Applying XDC Timing Constraints
---------------------------------------------------------------------------------
---------------------------------------------------------------------------------
Finished Applying XDC Timing Constraints : Time (s): cpu = 00:00:38 ; elapsed = 00:01:05 . Memory (MB): peak = 1732.715 ; gain = 438.367
---------------------------------------------------------------------------------
---------------------------------------------------------------------------------
Start Timing Optimization
---------------------------------------------------------------------------------
---------------------------------------------------------------------------------
Finished Timing Optimization : Time (s): cpu = 00:00:56 ; elapsed = 00:01:23 . Memory (MB): peak = 1825.484 ; gain = 531.137
---------------------------------------------------------------------------------
---------------------------------------------------------------------------------
Start Technology Mapping
---------------------------------------------------------------------------------
---------------------------------------------------------------------------------
Finished Technology Mapping : Time (s): cpu = 00:01:00 ; elapsed = 00:01:36 . Memory (MB): peak = 1825.484 ; gain = 531.137
---------------------------------------------------------------------------------
---------------------------------------------------------------------------------
Start IO Insertion
---------------------------------------------------------------------------------
---------------------------------------------------------------------------------
Start Flattening Before IO Insertion
---------------------------------------------------------------------------------
---------------------------------------------------------------------------------
Finished Flattening Before IO Insertion
---------------------------------------------------------------------------------
---------------------------------------------------------------------------------
Start Final Netlist Cleanup
---------------------------------------------------------------------------------
---------------------------------------------------------------------------------
Finished Final Netlist Cleanup
---------------------------------------------------------------------------------
---------------------------------------------------------------------------------
Finished IO Insertion : Time (s): cpu = 00:01:07 ; elapsed = 00:01:42 . Memory (MB): peak = 1830.121 ; gain = 535.773
---------------------------------------------------------------------------------
---------------------------------------------------------------------------------
Start Renaming Generated Instances
---------------------------------------------------------------------------------
---------------------------------------------------------------------------------
Finished Renaming Generated Instances : Time (s): cpu = 00:01:07 ; elapsed = 00:01:42 . Memory (MB): peak = 1830.121 ; gain = 535.773
---------------------------------------------------------------------------------
---------------------------------------------------------------------------------
Start Rebuilding User Hierarchy
---------------------------------------------------------------------------------
---------------------------------------------------------------------------------
Finished Rebuilding User Hierarchy : Time (s): cpu = 00:01:09 ; elapsed = 00:01:45 . Memory (MB): peak = 1830.121 ; gain = 535.773
---------------------------------------------------------------------------------
---------------------------------------------------------------------------------
Start Renaming Generated Ports
---------------------------------------------------------------------------------
---------------------------------------------------------------------------------
Finished Renaming Generated Ports : Time (s): cpu = 00:01:09 ; elapsed = 00:01:45 . Memory (MB): peak = 1830.121 ; gain = 535.773
---------------------------------------------------------------------------------
---------------------------------------------------------------------------------
Start Handling Custom Attributes
---------------------------------------------------------------------------------
---------------------------------------------------------------------------------
Finished Handling Custom Attributes : Time (s): cpu = 00:01:10 ; elapsed = 00:01:45 . Memory (MB): peak = 1830.121 ; gain = 535.773
---------------------------------------------------------------------------------
---------------------------------------------------------------------------------
Start Renaming Generated Nets
---------------------------------------------------------------------------------
---------------------------------------------------------------------------------
Finished Renaming Generated Nets : Time (s): cpu = 00:01:10 ; elapsed = 00:01:45 . Memory (MB): peak = 1830.121 ; gain = 535.773
---------------------------------------------------------------------------------
---------------------------------------------------------------------------------
Start ROM, RAM, DSP, Shift Register and Retiming Reporting
---------------------------------------------------------------------------------

Static Shift Register Report:
+-------------+-------------------------------------+--------+-------+--------------+--------------------+-------------------+--------+---------+
|Module Name  | RTL Name                            | Length | Width | Reset Signal | Pull out first Reg | Pull out last Reg | SRL16E | SRLC32E | 
+-------------+-------------------------------------+--------+-------+--------------+--------------------+-------------------+--------+---------+
|SS16_wrapper | dut/A0Bb[2].SS/conc_d_reg[2][4][31] | 4      | 512   | NO           | NO                 | YES               | 512    | 0       | 
|SS16_wrapper | dut/SS_00/s0_d_reg[5][10]           | 6      | 1     | NO           | NO                 | YES               | 1      | 0       | 
|SS16_wrapper | dut/SS_00/s0_d_reg[5][9]            | 6      | 10    | NO           | NO                 | NO                | 10     | 0       | 
|SS16_wrapper | dut/SS_00/m_p_reg[5][7][10]         | 3      | 11    | NO           | NO                 | YES               | 11     | 0       | 
|SS16_wrapper | dut/SS_00/conc_d_reg[5][4][31]      | 3      | 192   | NO           | NO                 | YES               | 192    | 0       | 
|SS16_wrapper | dut/SS_00/idx_p_reg[5][7][2]        | 3      | 3     | NO           | NO                 | YES               | 3      | 0       | 
|SS16_wrapper | dut/valid_d_reg[10]                 | 11     | 1     | NO           | NO                 | YES               | 1      | 0       | 
|SS16_wrapper | dut/AB_l_00MS_d_reg[3][2][63]       | 4      | 256   | NO           | NO                 | YES               | 256    | 0       | 
|SS16_wrapper | dut/AB_m_00MS_d_reg[3][3][9]        | 3      | 40    | NO           | NO                 | YES               | 40     | 0       | 
|SS16_wrapper | dut/AaB0[3].SS/conc_d_reg[2][6][63] | 4      | 384   | NO           | NO                 | YES               | 384    | 0       | 
|SS16_wrapper | dut/AB_m_0b_r_reg[2][0][9]          | 4      | 30    | NO           | YES                | YES               | 30     | 0       | 
|SS16_wrapper | dut/AB_m_a0_r_reg[2][0][9]          | 4      | 30    | NO           | YES                | YES               | 30     | 0       | 
|SS16_wrapper | dut/AB_m_11_r_reg[0][9]             | 4      | 10    | NO           | YES                | YES               | 10     | 0       | 
|SS16_wrapper | dut/SS_00/conc_d_reg[2][1][0]       | 4      | 96    | NO           | NO                 | YES               | 96     | 0       | 
|SS16_wrapper | dut/SS_00/l0_d_reg[2][0]            | 4      | 32    | NO           | NO                 | YES               | 32     | 0       | 
+-------------+-------------------------------------+--------+-------+--------------+--------------------+-------------------+--------+---------+

---------------------------------------------------------------------------------
Finished ROM, RAM, DSP, Shift Register and Retiming Reporting
---------------------------------------------------------------------------------
---------------------------------------------------------------------------------
Start Writing Synthesis Report
---------------------------------------------------------------------------------

Report BlackBoxes: 
+-+--------------+----------+
| |BlackBox name |Instances |
+-+--------------+----------+
+-+--------------+----------+

Report Cell Usage: 
+------+-------+------+
|      |Cell   |Count |
+------+-------+------+
|1     |BUFG   |    12|
|2     |CARRY8 |   260|
|3     |LUT1   |    31|
|4     |LUT2   |   811|
|5     |LUT3   |  2247|
|6     |LUT4   |  1200|
|7     |LUT5   |  3529|
|8     |LUT6   |  7624|
|9     |MUXF7  |  2805|
|10    |MUXF8  |   842|
|11    |SRL16E |  1608|
|12    |FDRE   | 14326|
|13    |FDSE   |   240|
|14    |LD     |  1344|
|15    |IBUF   |    87|
|16    |OBUF   |    75|
+------+-------+------+
---------------------------------------------------------------------------------
Finished Writing Synthesis Report : Time (s): cpu = 00:01:10 ; elapsed = 00:01:45 . Memory (MB): peak = 1830.121 ; gain = 535.773
---------------------------------------------------------------------------------
Synthesis finished with 0 errors, 0 critical warnings and 5 warnings.
Synthesis Optimization Runtime : Time (s): cpu = 00:01:00 ; elapsed = 00:01:43 . Memory (MB): peak = 1830.121 ; gain = 445.766
Synthesis Optimization Complete : Time (s): cpu = 00:01:10 ; elapsed = 00:01:46 . Memory (MB): peak = 1830.121 ; gain = 535.773
INFO: [Project 1-571] Translating synthesized netlist
Netlist sorting complete. Time (s): cpu = 00:00:00 ; elapsed = 00:00:00.316 . Memory (MB): peak = 1845.746 ; gain = 0.000
INFO: [Netlist 29-17] Analyzing 5350 Unisim elements for replacement
INFO: [Netlist 29-28] Unisim Transformation completed in 1 CPU seconds
INFO: [Project 1-570] Preparing netlist for logic optimization
INFO: [Opt 31-138] Pushed 0 inverter(s) to 0 load pin(s).
Netlist sorting complete. Time (s): cpu = 00:00:00 ; elapsed = 00:00:00.006 . Memory (MB): peak = 1890.738 ; gain = 0.000
INFO: [Project 1-111] Unisim Transformation Summary:
  A total of 1443 instances were transformed.
  BUFG => BUFGCE: 12 instances
  IBUF => IBUF (IBUFCTRL, INBUF): 87 instances
  LD => LDCE: 1344 instances

Synth Design complete, checksum: f64bf16a
INFO: [Common 17-83] Releasing license: Synthesis
257 Infos, 85 Warnings, 0 Critical Warnings and 0 Errors encountered.
synth_design completed successfully
synth_design: Time (s): cpu = 00:01:18 ; elapsed = 00:01:56 . Memory (MB): peak = 1890.738 ; gain = 596.391
INFO: [Common 17-1381] The checkpoint 'C:/LRMLD/module_library/sum_select_16/sum_select_16.runs/synth_1/SS16_wrapper.dcp' has been generated.
INFO: [runtcl-4] Executing : report_utilization -file SS16_wrapper_utilization_synth.rpt -pb SS16_wrapper_utilization_synth.pb
INFO: [Common 17-206] Exiting Vivado at Tue Apr 28 02:54:02 2026...
