Copyright 1986-2022 Xilinx, Inc. All Rights Reserved.
-------------------------------------------------------------------------------------------------------------------
| Tool Version : Vivado v.2022.1 (win64) Build 3526262 Mon Apr 18 15:48:16 MDT 2022
| Date         : Tue Apr 28 02:54:02 2026
| Host         : feduuk running 64-bit major release  (build 9200)
| Command      : report_utilization -file SS16_wrapper_utilization_synth.rpt -pb SS16_wrapper_utilization_synth.pb
| Design       : SS16_wrapper
| Device       : xcku035-fbva676-1-i
| Speed File   : -1
| Design State : Synthesized
-------------------------------------------------------------------------------------------------------------------

Utilization Design Information

Table of Contents
-----------------
1. CLB Logic
1.1 Summary of Registers by Type
2. BLOCKRAM
3. ARITHMETIC
4. I/O
5. CLOCK
6. ADVANCED
7. CONFIGURATION
8. Primitives
9. Black Boxes
10. Instantiated Netlists

1. CLB Logic
------------

+----------------------------+-------+-------+------------+-----------+-------+
|          Site Type         |  Used | Fixed | Prohibited | Available | Util% |
+----------------------------+-------+-------+------------+-----------+-------+
| CLB LUTs*                  | 16088 |     0 |          0 |    203128 |  7.92 |
|   LUT as Logic             | 14480 |     0 |          0 |    203128 |  7.13 |
|   LUT as Memory            |  1608 |     0 |          0 |    112800 |  1.43 |
|     LUT as Distributed RAM |     0 |     0 |            |           |       |
|     LUT as Shift Register  |  1608 |     0 |            |           |       |
| CLB Registers              | 15910 |     0 |          0 |    406256 |  3.92 |
|   Register as Flip Flop    | 14566 |     0 |          0 |    406256 |  3.59 |
|   Register as Latch        |  1344 |     0 |          0 |    406256 |  0.33 |
| CARRY8                     |   260 |     0 |          0 |     30300 |  0.86 |
| F7 Muxes                   |  2805 |     0 |          0 |    121200 |  2.31 |
| F8 Muxes                   |   842 |     0 |          0 |     60600 |  1.39 |
| F9 Muxes                   |     0 |     0 |          0 |     30300 |  0.00 |
+----------------------------+-------+-------+------------+-----------+-------+
* Warning! The Final LUT count, after physical optimizations and full implementation, is typically lower. Run opt_design after synthesis, if not already completed, for a more realistic count.


1.1 Summary of Registers by Type
--------------------------------

+-------+--------------+-------------+--------------+
| Total | Clock Enable | Synchronous | Asynchronous |
+-------+--------------+-------------+--------------+
| 0     |            _ |           - |            - |
| 0     |            _ |           - |          Set |
| 0     |            _ |           - |        Reset |
| 0     |            _ |         Set |            - |
| 0     |            _ |       Reset |            - |
| 0     |          Yes |           - |            - |
| 0     |          Yes |           - |          Set |
| 1344  |          Yes |           - |        Reset |
| 240   |          Yes |         Set |            - |
| 14326 |          Yes |       Reset |            - |
+-------+--------------+-------------+--------------+


2. BLOCKRAM
-----------

+----------------+------+-------+------------+-----------+-------+
|    Site Type   | Used | Fixed | Prohibited | Available | Util% |
+----------------+------+-------+------------+-----------+-------+
| Block RAM Tile |    0 |     0 |          0 |       540 |  0.00 |
|   RAMB36/FIFO* |    0 |     0 |          0 |       540 |  0.00 |
|   RAMB18       |    0 |     0 |          0 |      1080 |  0.00 |
+----------------+------+-------+------------+-----------+-------+
* Note: Each Block RAM Tile only has one FIFO logic available and therefore can accommodate only one FIFO36E2 or one FIFO18E2. However, if a FIFO18E2 occupies a Block RAM Tile, that tile can still accommodate a RAMB18E2


3. ARITHMETIC
-------------

+-----------+------+-------+------------+-----------+-------+
| Site Type | Used | Fixed | Prohibited | Available | Util% |
+-----------+------+-------+------------+-----------+-------+
| DSPs      |    0 |     0 |          0 |      1700 |  0.00 |
+-----------+------+-------+------------+-----------+-------+


4. I/O
------

+------------+------+-------+------------+-----------+-------+
|  Site Type | Used | Fixed | Prohibited | Available | Util% |
+------------+------+-------+------------+-----------+-------+
| Bonded IOB |  162 |     0 |          0 |       312 | 51.92 |
+------------+------+-------+------------+-----------+-------+


5. CLOCK
--------

+----------------------+------+-------+------------+-----------+-------+
|       Site Type      | Used | Fixed | Prohibited | Available | Util% |
+----------------------+------+-------+------------+-----------+-------+
| GLOBAL CLOCK BUFFERs |   12 |     0 |          0 |       480 |  2.50 |
|   BUFGCE             |   12 |     0 |          0 |       240 |  5.00 |
|   BUFGCE_DIV         |    0 |     0 |          0 |        40 |  0.00 |
|   BUFG_GT            |    0 |     0 |          0 |       120 |  0.00 |
|   BUFGCTRL*          |    0 |     0 |          0 |        80 |  0.00 |
| PLLE3_ADV            |    0 |     0 |          0 |        20 |  0.00 |
| MMCME3_ADV           |    0 |     0 |          0 |        10 |  0.00 |
+----------------------+------+-------+------------+-----------+-------+
* Note: Each used BUFGCTRL counts as two GLOBAL CLOCK BUFFERs. This table does not include global clocking resources, only buffer cell usage. See the Clock Utilization Report (report_clock_utilization) for detailed accounting of global clocking resource availability.


6. ADVANCED
-----------

+-----------------+------+-------+------------+-----------+-------+
|    Site Type    | Used | Fixed | Prohibited | Available | Util% |
+-----------------+------+-------+------------+-----------+-------+
| GTHE3_CHANNEL   |    0 |     0 |          0 |        16 |  0.00 |
| GTHE3_COMMON    |    0 |     0 |          0 |         4 |  0.00 |
| IBUFDS_GTE3     |    0 |     0 |          0 |         8 |  0.00 |
| OBUFDS_GTE3     |    0 |     0 |          0 |         8 |  0.00 |
| OBUFDS_GTE3_ADV |    0 |     0 |          0 |         8 |  0.00 |
| PCIE_3_1        |    0 |     0 |          0 |         2 |  0.00 |
| SYSMONE1        |    0 |     0 |          0 |         1 |  0.00 |
+-----------------+------+-------+------------+-----------+-------+


7. CONFIGURATION
----------------

+-------------+------+-------+------------+-----------+-------+
|  Site Type  | Used | Fixed | Prohibited | Available | Util% |
+-------------+------+-------+------------+-----------+-------+
| BSCANE2     |    0 |     0 |          0 |         4 |  0.00 |
| DNA_PORTE2  |    0 |     0 |          0 |         1 |  0.00 |
| EFUSE_USR   |    0 |     0 |          0 |         1 |  0.00 |
| FRAME_ECCE3 |    0 |     0 |          0 |         1 |  0.00 |
| ICAPE3      |    0 |     0 |          0 |         2 |  0.00 |
| MASTER_JTAG |    0 |     0 |          0 |         1 |  0.00 |
| STARTUPE3   |    0 |     0 |          0 |         1 |  0.00 |
+-------------+------+-------+------------+-----------+-------+


8. Primitives
-------------

+----------+-------+---------------------+
| Ref Name |  Used | Functional Category |
+----------+-------+---------------------+
| FDRE     | 14326 |            Register |
| LUT6     |  7624 |                 CLB |
| LUT5     |  3529 |                 CLB |
| MUXF7    |  2805 |                 CLB |
| LUT3     |  2247 |                 CLB |
| SRL16E   |  1608 |                 CLB |
| LDCE     |  1344 |            Register |
| LUT4     |  1200 |                 CLB |
| MUXF8    |   842 |                 CLB |
| LUT2     |   811 |                 CLB |
| CARRY8   |   260 |                 CLB |
| FDSE     |   240 |            Register |
| INBUF    |    87 |                 I/O |
| IBUFCTRL |    87 |              Others |
| OBUF     |    75 |                 I/O |
| LUT1     |    31 |                 CLB |
| BUFGCE   |    12 |               Clock |
+----------+-------+---------------------+


9. Black Boxes
--------------

+----------+------+
| Ref Name | Used |
+----------+------+


10. Instantiated Netlists
-------------------------

+----------+------+
| Ref Name | Used |
+----------+------+


