INFO: [VRFC 10-2263] Analyzing SystemVerilog file "C:/LRMLD/module_library/all_modules/bitonic_merge_4_4_ir.sv" into library xil_defaultlib
INFO: [VRFC 10-311] analyzing module bitonic_merge_4_4_ir
INFO: [VRFC 10-2263] Analyzing SystemVerilog file "C:/LRMLD/module_library/all_modules/bitonic_merge_8_8_ir.sv" into library xil_defaultlib
INFO: [VRFC 10-311] analyzing module bitonic_merge_8_8_ir
INFO: [VRFC 10-2263] Analyzing SystemVerilog file "C:/LRMLD/module_library/all_modules/bitonic_sort_fp.sv" into library xil_defaultlib
INFO: [VRFC 10-311] analyzing module bitonic_sort_fp
WARNING: [VRFC 10-3824] variable 'pair' must explicitly be declared as automatic or static [C:/LRMLD/module_library/all_modules/bitonic_sort_fp.sv:57]
INFO: [VRFC 10-2263] Analyzing SystemVerilog file "C:/LRMLD/module_library/all_modules/cas.sv" into library xil_defaultlib
INFO: [VRFC 10-311] analyzing module cas
INFO: [VRFC 10-2263] Analyzing SystemVerilog file "C:/LRMLD/module_library/all_modules/cas_l.sv" into library xil_defaultlib
INFO: [VRFC 10-311] analyzing module cas_l
INFO: [VRFC 10-2263] Analyzing SystemVerilog file "C:/LRMLD/module_library/all_modules/comb.sv" into library xil_defaultlib
INFO: [VRFC 10-311] analyzing module comb
WARNING: [VRFC 10-3467] initial value of parameter 'TBL' is omitted [C:/LRMLD/module_library/all_modules/comb.sv:18]
INFO: [VRFC 10-2263] Analyzing SystemVerilog file "C:/LRMLD/module_library/all_modules/comparator.sv" into library xil_defaultlib
INFO: [VRFC 10-311] analyzing module comparator
INFO: [VRFC 10-2263] Analyzing SystemVerilog file "C:/LRMLD/module_library/all_modules/delay_line.sv" into library xil_defaultlib
INFO: [VRFC 10-311] analyzing module delay_line
INFO: [VRFC 10-2263] Analyzing SystemVerilog file "C:/LRMLD/module_library/all_modules/full_sum_lists.sv" into library xil_defaultlib
INFO: [VRFC 10-311] analyzing module full_sum_lists
INFO: [VRFC 10-2263] Analyzing SystemVerilog file "C:/LRMLD/module_library/all_modules/list_delay.sv" into library xil_defaultlib
INFO: [VRFC 10-311] analyzing module list_delay
INFO: [VRFC 10-2263] Analyzing SystemVerilog file "C:/LRMLD/module_library/all_modules/make.sv" into library xil_defaultlib
INFO: [VRFC 10-311] analyzing module make
INFO: [VRFC 10-2263] Analyzing SystemVerilog file "C:/LRMLD/module_library/all_modules/merge_2n_n.sv" into library xil_defaultlib
INFO: [VRFC 10-311] analyzing module merge_2n_n
WARNING: [VRFC 10-9024] illegal argument of type logic [packed dim count:1] in math function 'floor()'; expected real type [C:/LRMLD/module_library/all_modules/merge_2n_n.sv:48]
INFO: [VRFC 10-2263] Analyzing SystemVerilog file "C:/LRMLD/module_library/all_modules/merge_tree.sv" into library xil_defaultlib
INFO: [VRFC 10-311] analyzing module merge_tree
INFO: [VRFC 10-2263] Analyzing SystemVerilog file "C:/LRMLD/module_library/all_modules/min2_frm5.sv" into library xil_defaultlib
INFO: [VRFC 10-311] analyzing module min2_frm5
INFO: [VRFC 10-2263] Analyzing SystemVerilog file "C:/LRMLD/module_library/all_modules/min_3_frm_7.sv" into library xil_defaultlib
INFO: [VRFC 10-311] analyzing module min3_frm7
INFO: [VRFC 10-2263] Analyzing SystemVerilog file "C:/LRMLD/module_library/all_modules/n_adder.sv" into library xil_defaultlib
INFO: [VRFC 10-311] analyzing module n_adder
INFO: [VRFC 10-2263] Analyzing SystemVerilog file "C:/LRMLD/module_library/all_modules/sml_lists_sort.sv" into library xil_defaultlib
INFO: [VRFC 10-311] analyzing module sml_list_sort
INFO: [VRFC 10-2263] Analyzing SystemVerilog file "C:/LRMLD/module_library/all_modules/sort_2.sv" into library xil_defaultlib
INFO: [VRFC 10-311] analyzing module sort_2
INFO: [VRFC 10-2263] Analyzing SystemVerilog file "C:/LRMLD/module_library/all_modules/sort_4.sv" into library xil_defaultlib
INFO: [VRFC 10-311] analyzing module sort_4
INFO: [VRFC 10-2263] Analyzing SystemVerilog file "C:/LRMLD/module_library/all_modules/sort_8.sv" into library xil_defaultlib
INFO: [VRFC 10-311] analyzing module sort_8
INFO: [VRFC 10-2263] Analyzing SystemVerilog file "C:/LRMLD/module_library/all_modules/sum_select.sv" into library xil_defaultlib
INFO: [VRFC 10-311] analyzing module sum_select
INFO: [VRFC 10-2263] Analyzing SystemVerilog file "C:/LRMLD/module_library/all_modules/sum_select8.sv" into library xil_defaultlib
INFO: [VRFC 10-311] analyzing module sum_select8
INFO: [VRFC 10-2263] Analyzing SystemVerilog file "C:/LRMLD/module_library/all_modules/sum_select_12_bm_ir.sv" into library xil_defaultlib
INFO: [VRFC 10-311] analyzing module sum_select_12_bm_ir
INFO: [VRFC 10-2263] Analyzing SystemVerilog file "C:/LRMLD/module_library/all_modules/sum_select_16_bm_ir.sv" into library xil_defaultlib
INFO: [VRFC 10-311] analyzing module sum_select_16_bm_ir
INFO: [VRFC 10-2263] Analyzing SystemVerilog file "C:/LRMLD/module_library/all_modules/sum_select_8.sv" into library xil_defaultlib
INFO: [VRFC 10-311] analyzing module sum_select_8
INFO: [VRFC 10-2263] Analyzing SystemVerilog file "C:/LRMLD/module_library/all_modules/table_sort.sv" into library xil_defaultlib
INFO: [VRFC 10-311] analyzing module table_sort
INFO: [VRFC 10-2263] Analyzing SystemVerilog file "C:/LRMLD/decoders/RM_16_11/RM_16_11.srcs/sources_1/new/top.sv" into library xil_defaultlib
INFO: [VRFC 10-311] analyzing module top
INFO: [VRFC 10-2263] Analyzing SystemVerilog file "C:/LRMLD/module_library/all_modules/top_comb.sv" into library xil_defaultlib
INFO: [VRFC 10-311] analyzing module top_comb
INFO: [VRFC 10-2263] Analyzing SystemVerilog file "C:/LRMLD/module_library/all_modules/unite_lists.sv" into library xil_defaultlib
INFO: [VRFC 10-311] analyzing module unite_lists
INFO: [VRFC 10-2263] Analyzing SystemVerilog file "C:/LRMLD/decoders/RM_16_11/RM_16_11.srcs/sim_1/new/tb_top.sv" into library xil_defaultlib
INFO: [VRFC 10-311] analyzing module tb_top
