Copyright 1986-2022 Xilinx, Inc. All Rights Reserved.
-------------------------------------------------------------------------------------------------------
| Tool Version : Vivado v.2022.1 (win64) Build 3526262 Mon Apr 18 15:48:16 MDT 2022
| Date         : Tue May  5 23:09:19 2026
| Host         : feduuk running 64-bit major release  (build 9200)
| Command      : report_utilization -file wp_top_utilization_synth.rpt -pb wp_top_utilization_synth.pb
| Design       : wp_top
| Device       : xcku035-fbva676-1-i
| Speed File   : -1
| Design State : Synthesized
-------------------------------------------------------------------------------------------------------

Utilization Design Information

Table of Contents
-----------------
1. CLB Logic
1.1 Summary of Registers by Type
2. BLOCKRAM
3. ARITHMETIC
4. I/O
5. CLOCK
6. ADVANCED
7. CONFIGURATION
8. Primitives
9. Black Boxes
10. Instantiated Netlists

1. CLB Logic
------------

+----------------------------+-------+-------+------------+-----------+-------+
|          Site Type         |  Used | Fixed | Prohibited | Available | Util% |
+----------------------------+-------+-------+------------+-----------+-------+
| CLB LUTs*                  | 58004 |     0 |          0 |    203128 | 28.56 |
|   LUT as Logic             | 56032 |     0 |          0 |    203128 | 27.58 |
|   LUT as Memory            |  1972 |     0 |          0 |    112800 |  1.75 |
|     LUT as Distributed RAM |     0 |     0 |            |           |       |
|     LUT as Shift Register  |  1972 |     0 |            |           |       |
| CLB Registers              | 75092 |     0 |          0 |    406256 | 18.48 |
|   Register as Flip Flop    | 75092 |     0 |          0 |    406256 | 18.48 |
|   Register as Latch        |     0 |     0 |          0 |    406256 |  0.00 |
| CARRY8                     |  1956 |     0 |          0 |     30300 |  6.46 |
| F7 Muxes                   |    48 |     0 |          0 |    121200 |  0.04 |
| F8 Muxes                   |    24 |     0 |          0 |     60600 |  0.04 |
| F9 Muxes                   |     0 |     0 |          0 |     30300 |  0.00 |
+----------------------------+-------+-------+------------+-----------+-------+
* Warning! The Final LUT count, after physical optimizations and full implementation, is typically lower. Run opt_design after synthesis, if not already completed, for a more realistic count.


1.1 Summary of Registers by Type
--------------------------------

+-------+--------------+-------------+--------------+
| Total | Clock Enable | Synchronous | Asynchronous |
+-------+--------------+-------------+--------------+
| 0     |            _ |           - |            - |
| 0     |            _ |           - |          Set |
| 0     |            _ |           - |        Reset |
| 0     |            _ |         Set |            - |
| 0     |            _ |       Reset |            - |
| 0     |          Yes |           - |            - |
| 0     |          Yes |           - |          Set |
| 0     |          Yes |           - |        Reset |
| 3104  |          Yes |         Set |            - |
| 71988 |          Yes |       Reset |            - |
+-------+--------------+-------------+--------------+


2. BLOCKRAM
-----------

+----------------+------+-------+------------+-----------+-------+
|    Site Type   | Used | Fixed | Prohibited | Available | Util% |
+----------------+------+-------+------------+-----------+-------+
| Block RAM Tile |    0 |     0 |          0 |       540 |  0.00 |
|   RAMB36/FIFO* |    0 |     0 |          0 |       540 |  0.00 |
|   RAMB18       |    0 |     0 |          0 |      1080 |  0.00 |
+----------------+------+-------+------------+-----------+-------+
* Note: Each Block RAM Tile only has one FIFO logic available and therefore can accommodate only one FIFO36E2 or one FIFO18E2. However, if a FIFO18E2 occupies a Block RAM Tile, that tile can still accommodate a RAMB18E2


3. ARITHMETIC
-------------

+-----------+------+-------+------------+-----------+-------+
| Site Type | Used | Fixed | Prohibited | Available | Util% |
+-----------+------+-------+------------+-----------+-------+
| DSPs      |    0 |     0 |          0 |      1700 |  0.00 |
+-----------+------+-------+------------+-----------+-------+


4. I/O
------

+------------+------+-------+------------+-----------+-------+
|  Site Type | Used | Fixed | Prohibited | Available | Util% |
+------------+------+-------+------------+-----------+-------+
| Bonded IOB |   34 |     0 |          0 |       312 | 10.90 |
+------------+------+-------+------------+-----------+-------+


5. CLOCK
--------

+----------------------+------+-------+------------+-----------+-------+
|       Site Type      | Used | Fixed | Prohibited | Available | Util% |
+----------------------+------+-------+------------+-----------+-------+
| GLOBAL CLOCK BUFFERs |    1 |     0 |          0 |       480 |  0.21 |
|   BUFGCE             |    1 |     0 |          0 |       240 |  0.42 |
|   BUFGCE_DIV         |    0 |     0 |          0 |        40 |  0.00 |
|   BUFG_GT            |    0 |     0 |          0 |       120 |  0.00 |
|   BUFGCTRL*          |    0 |     0 |          0 |        80 |  0.00 |
| PLLE3_ADV            |    0 |     0 |          0 |        20 |  0.00 |
| MMCME3_ADV           |    0 |     0 |          0 |        10 |  0.00 |
+----------------------+------+-------+------------+-----------+-------+
* Note: Each used BUFGCTRL counts as two GLOBAL CLOCK BUFFERs. This table does not include global clocking resources, only buffer cell usage. See the Clock Utilization Report (report_clock_utilization) for detailed accounting of global clocking resource availability.


6. ADVANCED
-----------

+-----------------+------+-------+------------+-----------+-------+
|    Site Type    | Used | Fixed | Prohibited | Available | Util% |
+-----------------+------+-------+------------+-----------+-------+
| GTHE3_CHANNEL   |    0 |     0 |          0 |        16 |  0.00 |
| GTHE3_COMMON    |    0 |     0 |          0 |         4 |  0.00 |
| IBUFDS_GTE3     |    0 |     0 |          0 |         8 |  0.00 |
| OBUFDS_GTE3     |    0 |     0 |          0 |         8 |  0.00 |
| OBUFDS_GTE3_ADV |    0 |     0 |          0 |         8 |  0.00 |
| PCIE_3_1        |    0 |     0 |          0 |         2 |  0.00 |
| SYSMONE1        |    0 |     0 |          0 |         1 |  0.00 |
+-----------------+------+-------+------------+-----------+-------+


7. CONFIGURATION
----------------

+-------------+------+-------+------------+-----------+-------+
|  Site Type  | Used | Fixed | Prohibited | Available | Util% |
+-------------+------+-------+------------+-----------+-------+
| BSCANE2     |    0 |     0 |          0 |         4 |  0.00 |
| DNA_PORTE2  |    0 |     0 |          0 |         1 |  0.00 |
| EFUSE_USR   |    0 |     0 |          0 |         1 |  0.00 |
| FRAME_ECCE3 |    0 |     0 |          0 |         1 |  0.00 |
| ICAPE3      |    0 |     0 |          0 |         2 |  0.00 |
| MASTER_JTAG |    0 |     0 |          0 |         1 |  0.00 |
| STARTUPE3   |    0 |     0 |          0 |         1 |  0.00 |
+-------------+------+-------+------------+-----------+-------+


8. Primitives
-------------

+----------+-------+---------------------+
| Ref Name |  Used | Functional Category |
+----------+-------+---------------------+
| FDRE     | 71988 |            Register |
| LUT3     | 45114 |                 CLB |
| LUT4     | 14513 |                 CLB |
| FDSE     |  3104 |            Register |
| LUT6     |  2976 |                 CLB |
| SRL16E   |  1972 |                 CLB |
| CARRY8   |  1956 |                 CLB |
| LUT2     |  1596 |                 CLB |
| LUT5     |  1528 |                 CLB |
| LUT1     |   585 |                 CLB |
| MUXF7    |    48 |                 CLB |
| OBUF     |    25 |                 I/O |
| MUXF8    |    24 |                 CLB |
| INBUF    |     9 |                 I/O |
| IBUFCTRL |     9 |              Others |
| BUFGCE   |     1 |               Clock |
+----------+-------+---------------------+


9. Black Boxes
--------------

+----------+------+
| Ref Name | Used |
+----------+------+


10. Instantiated Netlists
-------------------------

+----------+------+
| Ref Name | Used |
+----------+------+


