
*** Running vivado
    with args -log SS12_wrapper.vdi -applog -m64 -product Vivado -messageDb vivado.pb -mode batch -source SS12_wrapper.tcl -notrace



****** Vivado v2022.1 (64-bit)
  **** SW Build 3526262 on Mon Apr 18 15:48:16 MDT 2022
  **** IP Build 3524634 on Mon Apr 18 20:55:01 MDT 2022
    ** Copyright 1986-2022 Xilinx, Inc. All Rights Reserved.

source SS12_wrapper.tcl -notrace
Command: link_design -top SS12_wrapper -part xcku035-fbva676-1-i
Design is defaulting to srcset: sources_1
Design is defaulting to constrset: constrs_1
INFO: [Device 21-403] Loading part xcku035-fbva676-1-i
Netlist sorting complete. Time (s): cpu = 00:00:00 ; elapsed = 00:00:00.054 . Memory (MB): peak = 1295.324 ; gain = 0.000
INFO: [Netlist 29-17] Analyzing 335 Unisim elements for replacement
INFO: [Netlist 29-28] Unisim Transformation completed in 0 CPU seconds
INFO: [Project 1-479] Netlist was created with Vivado 2022.1
INFO: [Project 1-570] Preparing netlist for logic optimization
Parsing XDC File [C:/QW/bitonic_sort/bitonic_sort.srcs/constrs_1/new/constraints.xdc]
Finished Parsing XDC File [C:/QW/bitonic_sort/bitonic_sort.srcs/constrs_1/new/constraints.xdc]
INFO: [Opt 31-138] Pushed 0 inverter(s) to 0 load pin(s).
Netlist sorting complete. Time (s): cpu = 00:00:00 ; elapsed = 00:00:00.002 . Memory (MB): peak = 1295.324 ; gain = 0.000
INFO: [Project 1-111] Unisim Transformation Summary:
  A total of 35 instances were transformed.
  IBUF => IBUF (IBUFCTRL, INBUF): 35 instances

7 Infos, 0 Warnings, 0 Critical Warnings and 0 Errors encountered.
link_design completed successfully
link_design: Time (s): cpu = 00:00:04 ; elapsed = 00:00:06 . Memory (MB): peak = 1295.324 ; gain = 0.000
Command: opt_design
Attempting to get a license for feature 'Implementation' and/or device 'xcku035'
INFO: [Common 17-349] Got license for feature 'Implementation' and/or device 'xcku035'
Running DRC as a precondition to command opt_design

Starting DRC Task
INFO: [DRC 23-27] Running DRC with 2 threads
INFO: [Project 1-461] DRC finished with 0 Errors
INFO: [Project 1-462] Please refer to the DRC report (report_drc) for more information.

Time (s): cpu = 00:00:02 ; elapsed = 00:00:01 . Memory (MB): peak = 1295.324 ; gain = 0.000

Starting Cache Timing Information Task
INFO: [Timing 38-35] Done setting XDC timing constraints.
Ending Cache Timing Information Task | Checksum: 193c2e8e9

Time (s): cpu = 00:00:01 ; elapsed = 00:00:02 . Memory (MB): peak = 1412.430 ; gain = 117.105

Starting Logic Optimization Task

Phase 1 Retarget
INFO: [Opt 31-138] Pushed 0 inverter(s) to 0 load pin(s).
INFO: [Opt 31-49] Retargeted 0 cell(s).
Phase 1 Retarget | Checksum: 2149a846b

Time (s): cpu = 00:00:01 ; elapsed = 00:00:00.214 . Memory (MB): peak = 1724.109 ; gain = 0.000
INFO: [Opt 31-389] Phase Retarget created 0 cells and removed 0 cells

Phase 2 Constant propagation
INFO: [Opt 31-138] Pushed 0 inverter(s) to 0 load pin(s).
Phase 2 Constant propagation | Checksum: 2149a846b

Time (s): cpu = 00:00:01 ; elapsed = 00:00:00.247 . Memory (MB): peak = 1724.109 ; gain = 0.000
INFO: [Opt 31-389] Phase Constant propagation created 0 cells and removed 0 cells

Phase 3 Sweep
Phase 3 Sweep | Checksum: 195f0940f

Time (s): cpu = 00:00:01 ; elapsed = 00:00:00.314 . Memory (MB): peak = 1724.109 ; gain = 0.000
INFO: [Opt 31-389] Phase Sweep created 0 cells and removed 0 cells

Phase 4 BUFG optimization
INFO: [Opt 31-1077] Phase BUFG optimization inserted 0 global clock buffer(s) for CLOCK_LOW_FANOUT.
Phase 4 BUFG optimization | Checksum: 195f0940f

Time (s): cpu = 00:00:01 ; elapsed = 00:00:00.389 . Memory (MB): peak = 1724.109 ; gain = 0.000
INFO: [Opt 31-662] Phase BUFG optimization created 0 cells of which 0 are BUFGs and removed 0 cells.

Phase 5 Shift Register Optimization
INFO: [Opt 31-1064] SRL Remap converted 0 SRLs to 0 registers and converted 0 registers of register chains to 0 SRLs
Phase 5 Shift Register Optimization | Checksum: 195f0940f

Time (s): cpu = 00:00:01 ; elapsed = 00:00:00.408 . Memory (MB): peak = 1724.109 ; gain = 0.000
INFO: [Opt 31-389] Phase Shift Register Optimization created 0 cells and removed 0 cells

Phase 6 Post Processing Netlist
Phase 6 Post Processing Netlist | Checksum: 195f0940f

Time (s): cpu = 00:00:01 ; elapsed = 00:00:00.424 . Memory (MB): peak = 1724.109 ; gain = 0.000
INFO: [Opt 31-389] Phase Post Processing Netlist created 0 cells and removed 0 cells
Opt_design Change Summary
=========================


-------------------------------------------------------------------------------------------------------------------------
|  Phase                        |  #Cells created  |  #Cells Removed  |  #Constrained objects preventing optimizations  |
-------------------------------------------------------------------------------------------------------------------------
|  Retarget                     |               0  |               0  |                                              0  |
|  Constant propagation         |               0  |               0  |                                              0  |
|  Sweep                        |               0  |               0  |                                              0  |
|  BUFG optimization            |               0  |               0  |                                              0  |
|  Shift Register Optimization  |               0  |               0  |                                              0  |
|  Post Processing Netlist      |               0  |               0  |                                              0  |
-------------------------------------------------------------------------------------------------------------------------



Starting Connectivity Check Task

Time (s): cpu = 00:00:00 ; elapsed = 00:00:00.010 . Memory (MB): peak = 1724.109 ; gain = 0.000
Ending Logic Optimization Task | Checksum: 1e7c131f0

Time (s): cpu = 00:00:01 ; elapsed = 00:00:00.530 . Memory (MB): peak = 1724.109 ; gain = 0.000

Starting Power Optimization Task
INFO: [Pwropt 34-132] Skipping clock gating for clocks with a period < 2.00 ns.
Ending Power Optimization Task | Checksum: 1e7c131f0

Time (s): cpu = 00:00:00 ; elapsed = 00:00:00.020 . Memory (MB): peak = 1724.109 ; gain = 0.000

Starting Final Cleanup Task
Ending Final Cleanup Task | Checksum: 1e7c131f0

Time (s): cpu = 00:00:00 ; elapsed = 00:00:00.001 . Memory (MB): peak = 1724.109 ; gain = 0.000

Starting Netlist Obfuscation Task
Netlist sorting complete. Time (s): cpu = 00:00:00 ; elapsed = 00:00:00.002 . Memory (MB): peak = 1724.109 ; gain = 0.000
Ending Netlist Obfuscation Task | Checksum: 1e7c131f0

Time (s): cpu = 00:00:00 ; elapsed = 00:00:00.003 . Memory (MB): peak = 1724.109 ; gain = 0.000
INFO: [Common 17-83] Releasing license: Implementation
25 Infos, 0 Warnings, 0 Critical Warnings and 0 Errors encountered.
opt_design completed successfully
opt_design: Time (s): cpu = 00:00:06 ; elapsed = 00:00:06 . Memory (MB): peak = 1724.109 ; gain = 428.785
INFO: [Timing 38-480] Writing timing data to binary archive.
Writing XDEF routing.
Writing XDEF routing logical nets.
Writing XDEF routing special nets.
Write XDEF Complete: Time (s): cpu = 00:00:00 ; elapsed = 00:00:00.069 . Memory (MB): peak = 1724.109 ; gain = 0.000
INFO: [Common 17-1381] The checkpoint 'C:/LRMLD/module_library/sum_select_12/sum_select_12.runs/impl_1/SS12_wrapper_opt.dcp' has been generated.
INFO: [runtcl-4] Executing : report_drc -file SS12_wrapper_drc_opted.rpt -pb SS12_wrapper_drc_opted.pb -rpx SS12_wrapper_drc_opted.rpx
Command: report_drc -file SS12_wrapper_drc_opted.rpt -pb SS12_wrapper_drc_opted.pb -rpx SS12_wrapper_drc_opted.rpx
INFO: [IP_Flow 19-234] Refreshing IP repositories
INFO: [IP_Flow 19-1704] No user IP repositories specified
INFO: [IP_Flow 19-2313] Loaded Vivado IP repository 'C:/Xilinx/Vivado/2022.1/data/ip'.
INFO: [Timing 38-35] Done setting XDC timing constraints.
INFO: [DRC 23-27] Running DRC with 2 threads
INFO: [Vivado_Tcl 2-168] The results of DRC are in file C:/LRMLD/module_library/sum_select_12/sum_select_12.runs/impl_1/SS12_wrapper_drc_opted.rpt.
report_drc completed successfully
report_drc: Time (s): cpu = 00:00:24 ; elapsed = 00:00:24 . Memory (MB): peak = 3011.512 ; gain = 1287.402
Command: place_design
Attempting to get a license for feature 'Implementation' and/or device 'xcku035'
INFO: [Common 17-349] Got license for feature 'Implementation' and/or device 'xcku035'
INFO: [DRC 23-27] Running DRC with 2 threads
INFO: [Vivado_Tcl 4-198] DRC finished with 0 Errors
INFO: [Vivado_Tcl 4-199] Please refer to the DRC report (report_drc) for more information.
Running DRC as a precondition to command place_design
INFO: [DRC 23-27] Running DRC with 2 threads
INFO: [Vivado_Tcl 4-198] DRC finished with 0 Errors
INFO: [Vivado_Tcl 4-199] Please refer to the DRC report (report_drc) for more information.

Starting Placer Task
INFO: [Place 30-611] Multithreading enabled for place_design using a maximum of 2 CPUs

Phase 1 Placer Initialization

Phase 1.1 Placer Initialization Netlist Sorting
Netlist sorting complete. Time (s): cpu = 00:00:00 ; elapsed = 00:00:00.001 . Memory (MB): peak = 3011.512 ; gain = 0.000
Phase 1.1 Placer Initialization Netlist Sorting | Checksum: 195a41426

Time (s): cpu = 00:00:00 ; elapsed = 00:00:00.019 . Memory (MB): peak = 3011.512 ; gain = 0.000
Netlist sorting complete. Time (s): cpu = 00:00:00 ; elapsed = 00:00:00.001 . Memory (MB): peak = 3011.512 ; gain = 0.000

Phase 1.2 IO Placement/ Clock Placement/ Build Placer Device
Phase 1.2 IO Placement/ Clock Placement/ Build Placer Device | Checksum: 158d5894d

Time (s): cpu = 00:00:02 ; elapsed = 00:00:00.859 . Memory (MB): peak = 3011.512 ; gain = 0.000

Phase 1.3 Build Placer Netlist Model
Phase 1.3 Build Placer Netlist Model | Checksum: 1b85f6587

Time (s): cpu = 00:00:03 ; elapsed = 00:00:02 . Memory (MB): peak = 3011.512 ; gain = 0.000

Phase 1.4 Constrain Clocks/Macros
Phase 1.4 Constrain Clocks/Macros | Checksum: 1b85f6587

Time (s): cpu = 00:00:03 ; elapsed = 00:00:02 . Memory (MB): peak = 3011.512 ; gain = 0.000
Phase 1 Placer Initialization | Checksum: 1b85f6587

Time (s): cpu = 00:00:03 ; elapsed = 00:00:02 . Memory (MB): peak = 3011.512 ; gain = 0.000

Phase 2 Global Placement

Phase 2.1 Floorplanning
Phase 2.1 Floorplanning | Checksum: 1b45072b8

Time (s): cpu = 00:00:04 ; elapsed = 00:00:02 . Memory (MB): peak = 3011.512 ; gain = 0.000

Phase 2.2 Update Timing before SLR Path Opt
Phase 2.2 Update Timing before SLR Path Opt | Checksum: 1e2197d8d

Time (s): cpu = 00:00:04 ; elapsed = 00:00:03 . Memory (MB): peak = 3011.512 ; gain = 0.000

Phase 2.3 Post-Processing in Floorplanning
Phase 2.3 Post-Processing in Floorplanning | Checksum: 1e2197d8d

Time (s): cpu = 00:00:04 ; elapsed = 00:00:03 . Memory (MB): peak = 3011.512 ; gain = 0.000

Phase 2.4 Global Placement Core

Phase 2.4.1 Physical Synthesis In Placer
INFO: [Physopt 32-1035] Found 47 LUTNM shape to break, 10 LUT instances to create LUTNM shape
INFO: [Physopt 32-1044] Break lutnm for timing: one critical 0, two critical 47, total 47, new lutff created 0
INFO: [Physopt 32-1138] End 1 Pass. Optimized 52 nets or LUTs. Breaked 47 LUTs, combined 5 existing LUTs and moved 0 existing LUT
INFO: [Physopt 32-65] No nets found for high-fanout optimization.
INFO: [Physopt 32-232] Optimized 0 net. Created 0 new instance.
INFO: [Physopt 32-775] End 1 Pass. Optimized 0 net or cell. Created 0 new cell, deleted 0 existing cell and moved 0 existing cell
INFO: [Physopt 32-456] No candidate cells for DSP register optimization found in the design.
INFO: [Physopt 32-775] End 2 Pass. Optimized 0 net or cell. Created 0 new cell, deleted 0 existing cell and moved 0 existing cell
INFO: [Physopt 32-1123] No candidate cells found for Shift Register to Pipeline optimization
INFO: [Physopt 32-775] End 1 Pass. Optimized 0 net or cell. Created 0 new cell, deleted 0 existing cell and moved 0 existing cell
INFO: [Physopt 32-677] No candidate cells for Shift Register optimization found in the design
INFO: [Physopt 32-775] End 1 Pass. Optimized 0 net or cell. Created 0 new cell, deleted 0 existing cell and moved 0 existing cell
INFO: [Physopt 32-526] No candidate cells for BRAM register optimization found in the design
INFO: [Physopt 32-775] End 1 Pass. Optimized 0 net or cell. Created 0 new cell, deleted 0 existing cell and moved 0 existing cell
INFO: [Physopt 32-846] No candidate cells for URAM register optimization found in the design
INFO: [Physopt 32-775] End 2 Pass. Optimized 0 net or cell. Created 0 new cell, deleted 0 existing cell and moved 0 existing cell
INFO: [Physopt 32-949] No candidate nets found for dynamic/static region interface net replication
INFO: [Physopt 32-775] End 1 Pass. Optimized 0 net or cell. Created 0 new cell, deleted 0 existing cell and moved 0 existing cell
Netlist sorting complete. Time (s): cpu = 00:00:00 ; elapsed = 00:00:00.002 . Memory (MB): peak = 3011.512 ; gain = 0.000

Summary of Physical Synthesis Optimizations
============================================


-----------------------------------------------------------------------------------------------------------------------------------------------------------
|  Optimization                                     |  Added Cells  |  Removed Cells  |  Optimized Cells/Nets  |  Dont Touch  |  Iterations  |  Elapsed   |
-----------------------------------------------------------------------------------------------------------------------------------------------------------
|  LUT Combining                                    |           47  |              5  |                    52  |           0  |           1  |  00:00:00  |
|  Retime                                           |            0  |              0  |                     0  |           0  |           1  |  00:00:00  |
|  Very High Fanout                                 |            0  |              0  |                     0  |           0  |           1  |  00:00:00  |
|  DSP Register                                     |            0  |              0  |                     0  |           0  |           1  |  00:00:00  |
|  Shift Register to Pipeline                       |            0  |              0  |                     0  |           0  |           1  |  00:00:00  |
|  Shift Register                                   |            0  |              0  |                     0  |           0  |           1  |  00:00:00  |
|  BRAM Register                                    |            0  |              0  |                     0  |           0  |           1  |  00:00:00  |
|  URAM Register                                    |            0  |              0  |                     0  |           0  |           1  |  00:00:00  |
|  Dynamic/Static Region Interface Net Replication  |            0  |              0  |                     0  |           0  |           1  |  00:00:00  |
|  Total                                            |           47  |              5  |                    52  |           0  |           9  |  00:00:00  |
-----------------------------------------------------------------------------------------------------------------------------------------------------------


Phase 2.4.1 Physical Synthesis In Placer | Checksum: 1c5a504c8

Time (s): cpu = 00:00:36 ; elapsed = 00:00:20 . Memory (MB): peak = 3011.512 ; gain = 0.000
Phase 2.4 Global Placement Core | Checksum: 20e30cece

Time (s): cpu = 00:00:36 ; elapsed = 00:00:20 . Memory (MB): peak = 3011.512 ; gain = 0.000
Phase 2 Global Placement | Checksum: 20e30cece

Time (s): cpu = 00:00:36 ; elapsed = 00:00:20 . Memory (MB): peak = 3011.512 ; gain = 0.000

Phase 3 Detail Placement

Phase 3.1 Commit Multi Column Macros
Phase 3.1 Commit Multi Column Macros | Checksum: 204d4dd67

Time (s): cpu = 00:00:37 ; elapsed = 00:00:20 . Memory (MB): peak = 3011.512 ; gain = 0.000

Phase 3.2 Commit Most Macros & LUTRAMs
Phase 3.2 Commit Most Macros & LUTRAMs | Checksum: 20f5076fa

Time (s): cpu = 00:00:37 ; elapsed = 00:00:21 . Memory (MB): peak = 3011.512 ; gain = 0.000

Phase 3.3 Small Shape DP

Phase 3.3.1 Small Shape Clustering
Phase 3.3.1 Small Shape Clustering | Checksum: 22004c1df

Time (s): cpu = 00:00:41 ; elapsed = 00:00:24 . Memory (MB): peak = 3011.512 ; gain = 0.000

Phase 3.3.2 DP Optimization
Phase 3.3.2 DP Optimization | Checksum: 29bc40724

Time (s): cpu = 00:00:42 ; elapsed = 00:00:25 . Memory (MB): peak = 3011.512 ; gain = 0.000

Phase 3.3.3 Flow Legalize Slice Clusters
Phase 3.3.3 Flow Legalize Slice Clusters | Checksum: 20c2806e0

Time (s): cpu = 00:00:43 ; elapsed = 00:00:25 . Memory (MB): peak = 3011.512 ; gain = 0.000

Phase 3.3.4 Slice Area Swap

Phase 3.3.4.1 Slice Area Swap Initial
Phase 3.3.4.1 Slice Area Swap Initial | Checksum: 23992f5cf

Time (s): cpu = 00:00:43 ; elapsed = 00:00:25 . Memory (MB): peak = 3011.512 ; gain = 0.000
Phase 3.3.4 Slice Area Swap | Checksum: 23992f5cf

Time (s): cpu = 00:00:43 ; elapsed = 00:00:26 . Memory (MB): peak = 3011.512 ; gain = 0.000
Phase 3.3 Small Shape DP | Checksum: 1e01ae8a7

Time (s): cpu = 00:00:44 ; elapsed = 00:00:26 . Memory (MB): peak = 3011.512 ; gain = 0.000

Phase 3.4 Re-assign LUT pins
Phase 3.4 Re-assign LUT pins | Checksum: 25c4ea28d

Time (s): cpu = 00:00:45 ; elapsed = 00:00:27 . Memory (MB): peak = 3011.512 ; gain = 0.000

Phase 3.5 Pipeline Register Optimization
Phase 3.5 Pipeline Register Optimization | Checksum: 240ecd928

Time (s): cpu = 00:00:45 ; elapsed = 00:00:27 . Memory (MB): peak = 3011.512 ; gain = 0.000

Phase 3.6 Fast Optimization
Phase 3.6 Fast Optimization | Checksum: 1fb063e38

Time (s): cpu = 00:00:59 ; elapsed = 00:00:42 . Memory (MB): peak = 3011.512 ; gain = 0.000
Phase 3 Detail Placement | Checksum: 1fb063e38

Time (s): cpu = 00:00:59 ; elapsed = 00:00:42 . Memory (MB): peak = 3011.512 ; gain = 0.000

Phase 4 Post Placement Optimization and Clean-Up

Phase 4.1 Post Commit Optimization
INFO: [Timing 38-35] Done setting XDC timing constraints.

Phase 4.1.1 Post Placement Optimization
Post Placement Optimization Initialization | Checksum: 219ffc4d9

Phase 4.1.1.1 BUFG Insertion

Starting Physical Synthesis Task

Phase 1 Physical Synthesis Initialization
INFO: [Physopt 32-721] Multithreading enabled for phys_opt_design using a maximum of 2 CPUs
INFO: [Physopt 32-619] Estimated Timing Summary | WNS=-3.572 | TNS=-2574.671 |
Phase 1 Physical Synthesis Initialization | Checksum: 1e8a81787

Time (s): cpu = 00:00:01 ; elapsed = 00:00:00.141 . Memory (MB): peak = 3011.512 ; gain = 0.000
INFO: [Place 46-56] BUFG insertion identified 0 candidate nets. Inserted BUFG: 0, Replicated BUFG Driver: 0, Skipped due to Placement/Routing Conflicts: 0, Skipped due to Timing Degradation: 0, Skipped due to Illegal Netlist: 0.
Ending Physical Synthesis Task | Checksum: 1a00d096c

Time (s): cpu = 00:00:01 ; elapsed = 00:00:00.182 . Memory (MB): peak = 3011.512 ; gain = 0.000
Phase 4.1.1.1 BUFG Insertion | Checksum: 219ffc4d9

Time (s): cpu = 00:01:02 ; elapsed = 00:00:44 . Memory (MB): peak = 3011.512 ; gain = 0.000

Phase 4.1.1.2 Post Placement Timing Optimization
INFO: [Place 30-746] Post Placement Timing Summary WNS=-2.983. For the most accurate timing information please run report_timing.
Phase 4.1.1.2 Post Placement Timing Optimization | Checksum: 29e9a9b87

Time (s): cpu = 00:01:22 ; elapsed = 00:01:06 . Memory (MB): peak = 3011.512 ; gain = 0.000

Time (s): cpu = 00:01:22 ; elapsed = 00:01:06 . Memory (MB): peak = 3011.512 ; gain = 0.000
Phase 4.1 Post Commit Optimization | Checksum: 29e9a9b87

Time (s): cpu = 00:01:22 ; elapsed = 00:01:06 . Memory (MB): peak = 3011.512 ; gain = 0.000
Netlist sorting complete. Time (s): cpu = 00:00:00 ; elapsed = 00:00:00.002 . Memory (MB): peak = 3011.512 ; gain = 0.000

Phase 4.2 Post Placement Cleanup
Phase 4.2 Post Placement Cleanup | Checksum: 2baa732e6

Time (s): cpu = 00:01:23 ; elapsed = 00:01:07 . Memory (MB): peak = 3011.512 ; gain = 0.000

Phase 4.3 Placer Reporting

Phase 4.3.1 Print Estimated Congestion
INFO: [Place 30-612] Post-Placement Estimated Congestion 
 ____________________________________________________
|           | Global Congestion | Short Congestion  |
| Direction | Region Size       | Region Size       |
|___________|___________________|___________________|
|      North|                1x1|                8x8|
|___________|___________________|___________________|
|      South|                1x1|                2x2|
|___________|___________________|___________________|
|       East|                1x1|                4x4|
|___________|___________________|___________________|
|       West|                1x1|                4x4|
|___________|___________________|___________________|

Phase 4.3.1 Print Estimated Congestion | Checksum: 2baa732e6

Time (s): cpu = 00:01:23 ; elapsed = 00:01:07 . Memory (MB): peak = 3011.512 ; gain = 0.000
Phase 4.3 Placer Reporting | Checksum: 2baa732e6

Time (s): cpu = 00:01:23 ; elapsed = 00:01:07 . Memory (MB): peak = 3011.512 ; gain = 0.000

Phase 4.4 Final Placement Cleanup
Netlist sorting complete. Time (s): cpu = 00:00:00 ; elapsed = 00:00:00.002 . Memory (MB): peak = 3011.512 ; gain = 0.000

Time (s): cpu = 00:01:23 ; elapsed = 00:01:07 . Memory (MB): peak = 3011.512 ; gain = 0.000
Phase 4 Post Placement Optimization and Clean-Up | Checksum: 252f6bfb8

Time (s): cpu = 00:01:23 ; elapsed = 00:01:07 . Memory (MB): peak = 3011.512 ; gain = 0.000
Ending Placer Task | Checksum: 17ea5cb7c

Time (s): cpu = 00:01:23 ; elapsed = 00:01:07 . Memory (MB): peak = 3011.512 ; gain = 0.000
INFO: [Common 17-83] Releasing license: Implementation
67 Infos, 0 Warnings, 0 Critical Warnings and 0 Errors encountered.
place_design completed successfully
place_design: Time (s): cpu = 00:01:24 ; elapsed = 00:01:09 . Memory (MB): peak = 3011.512 ; gain = 0.000
INFO: [Timing 38-480] Writing timing data to binary archive.
Writing XDEF routing.
Writing XDEF routing logical nets.
Writing XDEF routing special nets.
Write XDEF Complete: Time (s): cpu = 00:00:01 ; elapsed = 00:00:00.374 . Memory (MB): peak = 3011.512 ; gain = 0.000
INFO: [Common 17-1381] The checkpoint 'C:/LRMLD/module_library/sum_select_12/sum_select_12.runs/impl_1/SS12_wrapper_placed.dcp' has been generated.
INFO: [runtcl-4] Executing : report_io -file SS12_wrapper_io_placed.rpt
report_io: Time (s): cpu = 00:00:00 ; elapsed = 00:00:00.092 . Memory (MB): peak = 3011.512 ; gain = 0.000
INFO: [runtcl-4] Executing : report_utilization -file SS12_wrapper_utilization_placed.rpt -pb SS12_wrapper_utilization_placed.pb
INFO: [runtcl-4] Executing : report_control_sets -verbose -file SS12_wrapper_control_sets_placed.rpt
report_control_sets: Time (s): cpu = 00:00:00 ; elapsed = 00:00:00.018 . Memory (MB): peak = 3011.512 ; gain = 0.000
Command: phys_opt_design
Attempting to get a license for feature 'Implementation' and/or device 'xcku035'
INFO: [Common 17-349] Got license for feature 'Implementation' and/or device 'xcku035'
INFO: [Vivado_Tcl 4-1435] PhysOpt_Tcl_Interface Runtime Before Starting Physical Synthesis Task | CPU: 2.00s |  WALL: 1.16s
Netlist sorting complete. Time (s): cpu = 00:00:00 ; elapsed = 00:00:00.002 . Memory (MB): peak = 3011.512 ; gain = 0.000

Starting Physical Synthesis Task

Phase 1 Physical Synthesis Initialization
INFO: [Physopt 32-721] Multithreading enabled for phys_opt_design using a maximum of 2 CPUs
INFO: [Physopt 32-619] Estimated Timing Summary | WNS=-2.983 | TNS=-2529.199 |
Phase 1 Physical Synthesis Initialization | Checksum: 168e72e71

Time (s): cpu = 00:00:01 ; elapsed = 00:00:01 . Memory (MB): peak = 3011.512 ; gain = 0.000
INFO: [Physopt 32-619] Estimated Timing Summary | WNS=-2.983 | TNS=-2529.199 |

Phase 2 DSP Register Optimization
INFO: [Physopt 32-456] No candidate cells for DSP register optimization found in the design.
INFO: [Physopt 32-775] End 2 Pass. Optimized 0 net or cell. Created 0 new cell, deleted 0 existing cell and moved 0 existing cell
Phase 2 DSP Register Optimization | Checksum: 168e72e71

Time (s): cpu = 00:00:02 ; elapsed = 00:00:01 . Memory (MB): peak = 3011.512 ; gain = 0.000

Phase 3 Critical Path Optimization
INFO: [Physopt 32-619] Estimated Timing Summary | WNS=-2.983 | TNS=-2529.199 |
INFO: [Physopt 32-702] Processed net dut/merge_board/m2_reg[2]_385[7]. Optimizations did not improve timing on the net.
INFO: [Physopt 32-81] Processed net dut/merge1/m2_reg[1]_354[3]. Replicated 1 times.
INFO: [Physopt 32-735] Processed net dut/merge1/m2_reg[1]_354[3]. Optimization improves timing on the net.
INFO: [Physopt 32-619] Estimated Timing Summary | WNS=-2.982 | TNS=-2532.167 |
INFO: [Physopt 32-702] Processed net dut/merge1/m2_reg[1]_354[3]_repN. Optimizations did not improve timing on the net.
INFO: [Physopt 32-702] Processed net dut/merge_board/grp_stage2[0].gen_stage2[0].cas_s2/CO[0]. Optimizations did not improve timing on the net.
INFO: [Physopt 32-702] Processed net dut/merge1/gen_stage3[0].cas_s3/AB_m_00_r_reg[6][7]_1[1]. Optimizations did not improve timing on the net.
INFO: [Physopt 32-702] Processed net dut/merge1/gen_stage3[0].cas_s3/AB_m_00_r_reg[6][3]. Optimizations did not improve timing on the net.
INFO: [Physopt 32-702] Processed net dut/merge_board/gen_stage1[2].cas_s1/AB_m_00_r_reg[6][7][0]. Optimizations did not improve timing on the net.
INFO: [Physopt 32-702] Processed net dut/merge1/gen_stage3[0].cas_s3/DI[3]. Optimizations did not improve timing on the net.
INFO: [Physopt 32-710] Processed net dut/merge1/gen_stage3[0].cas_s3/DI[3]. Critical path length was reduced through logic transformation on cell dut/merge1/gen_stage3[0].cas_s3/o_min1_carry_i_1__7_comp.
INFO: [Physopt 32-735] Processed net dut/merge1/gen_stage3[0].cas_s3/m_mrg1[1]_375[7]. Optimization improves timing on the net.
INFO: [Physopt 32-619] Estimated Timing Summary | WNS=-2.978 | TNS=-2531.322 |
INFO: [Physopt 32-702] Processed net dut/merge_board/idx_l2_reg_n_0_[5][2]. Optimizations did not improve timing on the net.
INFO: [Physopt 32-601] Processed net dut/merge1/m2_reg[3]_356[3]. Net driver dut/merge1/m2_reg[3][3] was replaced.
INFO: [Physopt 32-735] Processed net dut/merge1/m2_reg[3]_356[3]. Optimization improves timing on the net.
INFO: [Physopt 32-619] Estimated Timing Summary | WNS=-2.976 | TNS=-2531.523 |
INFO: [Physopt 32-663] Processed net dut/merge1/m2_reg[3]_356[3].  Re-placed instance dut/merge1/m2_reg[3][3]
INFO: [Physopt 32-735] Processed net dut/merge1/m2_reg[3]_356[3]. Optimization improves timing on the net.
INFO: [Physopt 32-619] Estimated Timing Summary | WNS=-2.974 | TNS=-2531.241 |
INFO: [Physopt 32-702] Processed net dut/merge1/m2_reg[3]_356[3]. Optimizations did not improve timing on the net.
INFO: [Physopt 32-702] Processed net dut/merge_board/grp_stage2[4].gen_stage2[1].cas_s2/o_min1_carry_i_8__28[0]. Optimizations did not improve timing on the net.
INFO: [Physopt 32-702] Processed net dut/merge1/gen_stage3[0].cas_s3/m2_reg[0][7]_1[0]. Optimizations did not improve timing on the net.
INFO: [Physopt 32-702] Processed net dut/merge1/gen_stage3[2].cas_s3/m2_reg[2][1]. Optimizations did not improve timing on the net.
INFO: [Physopt 32-702] Processed net dut/merge_board/gen_stage1[1].cas_s1/CO[0]. Optimizations did not improve timing on the net.
INFO: [Physopt 32-702] Processed net dut/merge1/gen_stage3[2].cas_s3/AB_m_00_r_reg[5][7]_3[0]. Optimizations did not improve timing on the net.
INFO: [Physopt 32-710] Processed net dut/merge1/gen_stage3[2].cas_s3/AB_m_00_r_reg[5][7]_3[0]. Critical path length was reduced through logic transformation on cell dut/merge1/gen_stage3[2].cas_s3/o_min1_carry_i_4__29_comp.
INFO: [Physopt 32-735] Processed net dut/merge1/gen_stage3[2].cas_s3/m_mrg1[2]_376[1]. Optimization improves timing on the net.
INFO: [Physopt 32-619] Estimated Timing Summary | WNS=-2.971 | TNS=-2530.002 |
INFO: [Physopt 32-702] Processed net dut/merge_board/m2_reg[1]_382[5]. Optimizations did not improve timing on the net.
INFO: [Physopt 32-663] Processed net dut/merge1/m2_reg[0]_355[1].  Re-placed instance dut/merge1/m2_reg[0][1]
INFO: [Physopt 32-735] Processed net dut/merge1/m2_reg[0]_355[1]. Optimization improves timing on the net.
INFO: [Physopt 32-619] Estimated Timing Summary | WNS=-2.956 | TNS=-2529.888 |
INFO: [Physopt 32-601] Processed net dut/merge1/m2_reg[0]_355[5]. Net driver dut/merge1/m2_reg[0][5] was replaced.
INFO: [Physopt 32-735] Processed net dut/merge1/m2_reg[0]_355[5]. Optimization improves timing on the net.
INFO: [Physopt 32-619] Estimated Timing Summary | WNS=-2.940 | TNS=-2529.617 |
INFO: [Physopt 32-702] Processed net dut/merge_board/m2_reg[3]_384[3]. Optimizations did not improve timing on the net.
INFO: [Physopt 32-702] Processed net dut/merge_board/grp_stage2[0].gen_stage2[1].cas_s2/o_min1_carry_i_8__27[0]. Optimizations did not improve timing on the net.
INFO: [Physopt 32-702] Processed net dut/merge1/gen_stage3[0].cas_s3/AB_m_00_r_reg[7][7]_3[1]. Optimizations did not improve timing on the net.
INFO: [Physopt 32-702] Processed net dut/merge1/gen_stage3[0].cas_s3/AB_m_00_r_reg[7][3]. Optimizations did not improve timing on the net.
INFO: [Physopt 32-702] Processed net dut/merge_board/gen_stage1[3].cas_s1/AB_m_00_r_reg[7][7][0]. Optimizations did not improve timing on the net.
INFO: [Physopt 32-702] Processed net dut/merge1/gen_stage3[0].cas_s3/AB_m_00_r_reg[7][7]_0[0]. Optimizations did not improve timing on the net.
INFO: [Physopt 32-710] Processed net dut/merge1/gen_stage3[0].cas_s3/AB_m_00_r_reg[7][7]_0[0]. Critical path length was reduced through logic transformation on cell dut/merge1/gen_stage3[0].cas_s3/o_min1_carry_i_4__26_comp.
INFO: [Physopt 32-735] Processed net dut/merge1/gen_stage3[0].cas_s3/m_mrg1[0]_374[1]. Optimization improves timing on the net.
INFO: [Physopt 32-619] Estimated Timing Summary | WNS=-2.936 | TNS=-2527.788 |
INFO: [Physopt 32-702] Processed net dut/merge1/gen_stage3[2].cas_s3/AB_m_00_r_reg[4][3]. Optimizations did not improve timing on the net.
INFO: [Physopt 32-702] Processed net dut/merge_board/gen_stage1[0].cas_s1/CO[0]. Optimizations did not improve timing on the net.
INFO: [Physopt 32-702] Processed net dut/merge1/gen_stage3[2].cas_s3/AB_m_00_r_reg[4][7]_2[0]. Optimizations did not improve timing on the net.
INFO: [Physopt 32-663] Processed net dut/merge1/gen_stage3[2].cas_s3/m_mrg1[3]_377[1].  Re-placed instance dut/merge1/gen_stage3[2].cas_s3/o_min1_carry_i_12__8
INFO: [Physopt 32-735] Processed net dut/merge1/gen_stage3[2].cas_s3/m_mrg1[3]_377[1]. Optimization improves timing on the net.
INFO: [Physopt 32-619] Estimated Timing Summary | WNS=-2.916 | TNS=-2526.988 |
INFO: [Physopt 32-702] Processed net dut/merge1/gen_stage3[2].cas_s3/AB_m_00_r_reg[4][7]_2[2]. Optimizations did not improve timing on the net.
INFO: [Physopt 32-710] Processed net dut/merge1/gen_stage3[2].cas_s3/AB_m_00_r_reg[4][7]_2[2]. Critical path length was reduced through logic transformation on cell dut/merge1/gen_stage3[2].cas_s3/o_min1_carry_i_2__25_comp.
INFO: [Physopt 32-735] Processed net dut/merge1/gen_stage3[2].cas_s3/m_mrg1[3]_377[5]. Optimization improves timing on the net.
INFO: [Physopt 32-619] Estimated Timing Summary | WNS=-2.916 | TNS=-2526.358 |
INFO: [Physopt 32-663] Processed net dut/AB_m_11_r_reg[3]_455[2].  Re-placed instance dut/AB_m_11_r_reg[3][2]
INFO: [Physopt 32-735] Processed net dut/AB_m_11_r_reg[3]_455[2]. Optimization improves timing on the net.
INFO: [Physopt 32-619] Estimated Timing Summary | WNS=-2.916 | TNS=-2526.438 |
INFO: [Physopt 32-663] Processed net dut/AB_m_11_r_reg[3]_455[6].  Re-placed instance dut/AB_m_11_r_reg[3][6]
INFO: [Physopt 32-735] Processed net dut/AB_m_11_r_reg[3]_455[6]. Optimization improves timing on the net.
INFO: [Physopt 32-619] Estimated Timing Summary | WNS=-2.908 | TNS=-2526.540 |
INFO: [Physopt 32-702] Processed net dut/merge1/gen_stage3[0].cas_s3/DI[2]. Optimizations did not improve timing on the net.
INFO: [Physopt 32-710] Processed net dut/merge1/gen_stage3[0].cas_s3/DI[2]. Critical path length was reduced through logic transformation on cell dut/merge1/gen_stage3[0].cas_s3/o_min1_carry_i_2__22_comp.
INFO: [Physopt 32-735] Processed net dut/merge1/gen_stage3[0].cas_s3/m_mrg1[1]_375[5]. Optimization improves timing on the net.
INFO: [Physopt 32-619] Estimated Timing Summary | WNS=-2.895 | TNS=-2526.266 |
INFO: [Physopt 32-702] Processed net dut/merge1/gen_stage3[2].cas_s3/AB_m_00_r_reg[4][7]_2[3]. Optimizations did not improve timing on the net.
INFO: [Physopt 32-710] Processed net dut/merge1/gen_stage3[2].cas_s3/AB_m_00_r_reg[4][7]_2[3]. Critical path length was reduced through logic transformation on cell dut/merge1/gen_stage3[2].cas_s3/o_min1_carry_i_1__10_comp.
INFO: [Physopt 32-735] Processed net dut/merge1/gen_stage3[2].cas_s3/m_mrg1[3]_377[7]. Optimization improves timing on the net.
INFO: [Physopt 32-619] Estimated Timing Summary | WNS=-2.891 | TNS=-2525.657 |
INFO: [Physopt 32-702] Processed net dut/merge1/gen_stage3[2].cas_s3/AB_m_00_r_reg[5][7]_3[2]. Optimizations did not improve timing on the net.
INFO: [Physopt 32-710] Processed net dut/merge1/gen_stage3[2].cas_s3/AB_m_00_r_reg[5][7]_3[2]. Critical path length was reduced through logic transformation on cell dut/merge1/gen_stage3[2].cas_s3/o_min1_carry_i_2__29_comp.
INFO: [Physopt 32-735] Processed net dut/merge1/gen_stage3[2].cas_s3/m_mrg1[2]_376[5]. Optimization improves timing on the net.
INFO: [Physopt 32-619] Estimated Timing Summary | WNS=-2.884 | TNS=-2524.360 |
INFO: [Physopt 32-702] Processed net dut/merge1/gen_stage3[0].cas_s3/o_min1_carry_n_4. Optimizations did not improve timing on the net.
INFO: [Physopt 32-702] Processed net dut/merge1/gen_stage3[0].cas_s3/o_min1_carry_i_3__20_n_0. Optimizations did not improve timing on the net.
INFO: [Physopt 32-702] Processed net dut/merge1/gen_stage3[0].cas_s3/AB_m_00_r_reg[6][7]_0[7]. Optimizations did not improve timing on the net.
INFO: [Physopt 32-702] Processed net clk_IBUF_inst/OUT. Optimizations did not improve timing on the net.
INFO: [Physopt 32-702] Processed net clk. Optimizations did not improve timing on the net.
INFO: [Physopt 32-702] Processed net dut/merge_board/m2_reg[2]_385[7]. Optimizations did not improve timing on the net.
INFO: [Physopt 32-702] Processed net dut/merge1/m2_reg[1]_354[3]_repN. Optimizations did not improve timing on the net.
INFO: [Physopt 32-702] Processed net dut/merge_board/grp_stage2[0].gen_stage2[0].cas_s2/CO[0]. Optimizations did not improve timing on the net.
INFO: [Physopt 32-608] Optimized 1 net.  Swapped 62 pins.
INFO: [Physopt 32-735] Processed net dut/merge1/gen_stage3[0].cas_s3/AB_m_00_r_reg[6][7]_1[1]. Optimization improves timing on the net.
INFO: [Physopt 32-619] Estimated Timing Summary | WNS=-2.875 | TNS=-2524.180 |
INFO: [Physopt 32-702] Processed net dut/merge1/m2_reg[3]_356[3]. Optimizations did not improve timing on the net.
INFO: [Physopt 32-702] Processed net dut/merge1/gen_stage3[0].cas_s3/AB_m_00_r_reg[6][7]_1[0]. Optimizations did not improve timing on the net.
INFO: [Physopt 32-702] Processed net dut/merge1/gen_stage3[2].cas_s3/AB_m_00_r_reg[4][1]. Optimizations did not improve timing on the net.
INFO: [Physopt 32-702] Processed net dut/merge_board/gen_stage1[0].cas_s1/CO[0]. Optimizations did not improve timing on the net.
INFO: [Physopt 32-702] Processed net dut/merge1/gen_stage3[2].cas_s3/AB_m_00_r_reg[4][7]_2[0]. Optimizations did not improve timing on the net.
INFO: [Physopt 32-608] Optimized 1 net.  Swapped 39 pins.
INFO: [Physopt 32-735] Processed net dut/merge1/gen_stage3[2].cas_s3/m_mrg1[3]_377[1]. Optimization improves timing on the net.
INFO: [Physopt 32-619] Estimated Timing Summary | WNS=-2.869 | TNS=-2523.480 |
INFO: [Physopt 32-702] Processed net dut/merge1/gen_stage3[0].cas_s3/AB_m_00_r_reg[6][7]_1[1]. Optimizations did not improve timing on the net.
INFO: [Physopt 32-702] Processed net dut/merge1/gen_stage3[0].cas_s3/AB_m_00_r_reg[6][2]. Optimizations did not improve timing on the net.
INFO: [Physopt 32-702] Processed net dut/merge_board/gen_stage1[2].cas_s1/AB_m_00_r_reg[6][7][0]. Optimizations did not improve timing on the net.
INFO: [Physopt 32-663] Processed net dut/merge1/gen_stage3[0].cas_s3/DI[2].  Re-placed instance dut/merge1/gen_stage3[0].cas_s3/o_min1_carry_i_2__22_comp
INFO: [Physopt 32-735] Processed net dut/merge1/gen_stage3[0].cas_s3/DI[2]. Optimization improves timing on the net.
INFO: [Physopt 32-619] Estimated Timing Summary | WNS=-2.862 | TNS=-2523.340 |
INFO: [Physopt 32-702] Processed net dut/merge1/gen_stage3[0].cas_s3/DI[1]. Optimizations did not improve timing on the net.
INFO: [Physopt 32-702] Processed net dut/merge1/gen_stage3[0].cas_s3/m_mrg1[1]_375[3]. Optimizations did not improve timing on the net.
INFO: [Physopt 32-702] Processed net dut/merge1/gen_stage3[0].cas_s3/o_min1_carry_n_4. Optimizations did not improve timing on the net.
INFO: [Physopt 32-702] Processed net dut/merge1/gen_stage3[0].cas_s3/o_min1_carry_i_3__20_n_0. Optimizations did not improve timing on the net.
INFO: [Physopt 32-702] Processed net dut/merge1/gen_stage3[0].cas_s3/AB_m_00_r_reg[6][7]_0[7]. Optimizations did not improve timing on the net.
INFO: [Physopt 32-702] Processed net clk_IBUF_inst/OUT. Optimizations did not improve timing on the net.
INFO: [Physopt 32-702] Processed net clk. Optimizations did not improve timing on the net.
INFO: [Physopt 32-619] Estimated Timing Summary | WNS=-2.862 | TNS=-2523.340 |
Phase 3 Critical Path Optimization | Checksum: 168e72e71

Time (s): cpu = 00:00:10 ; elapsed = 00:00:08 . Memory (MB): peak = 3011.512 ; gain = 0.000

Phase 4 Critical Path Optimization
INFO: [Physopt 32-619] Estimated Timing Summary | WNS=-2.862 | TNS=-2523.340 |
INFO: [Physopt 32-702] Processed net dut/merge_board/m2_reg[2]_385[7]. Optimizations did not improve timing on the net.
INFO: [Physopt 32-702] Processed net dut/merge1/m2_reg[1]_354[3]_repN. Optimizations did not improve timing on the net.
INFO: [Physopt 32-702] Processed net dut/merge_board/grp_stage2[0].gen_stage2[0].cas_s2/CO[0]. Optimizations did not improve timing on the net.
INFO: [Physopt 32-702] Processed net dut/merge1/gen_stage3[0].cas_s3/AB_m_00_r_reg[6][7]_1[1]. Optimizations did not improve timing on the net.
INFO: [Physopt 32-702] Processed net dut/merge1/gen_stage3[0].cas_s3/AB_m_00_r_reg[6][2]. Optimizations did not improve timing on the net.
INFO: [Physopt 32-702] Processed net dut/merge_board/gen_stage1[2].cas_s1/AB_m_00_r_reg[6][7][0]. Optimizations did not improve timing on the net.
INFO: [Physopt 32-702] Processed net dut/merge1/gen_stage3[0].cas_s3/DI[1]. Optimizations did not improve timing on the net.
INFO: [Physopt 32-710] Processed net dut/merge1/gen_stage3[0].cas_s3/DI[1]. Critical path length was reduced through logic transformation on cell dut/merge1/gen_stage3[0].cas_s3/o_min1_carry_i_3__22_comp.
INFO: [Physopt 32-735] Processed net dut/merge1/gen_stage3[0].cas_s3/m_mrg1[1]_375[3]. Optimization improves timing on the net.
INFO: [Physopt 32-619] Estimated Timing Summary | WNS=-2.855 | TNS=-2523.015 |
INFO: [Physopt 32-702] Processed net dut/merge_board/idx_l2_reg_n_0_[5][2]. Optimizations did not improve timing on the net.
INFO: [Physopt 32-702] Processed net dut/merge1/m2_reg[3]_356[3]. Optimizations did not improve timing on the net.
INFO: [Physopt 32-702] Processed net dut/merge_board/grp_stage2[4].gen_stage2[1].cas_s2/o_min1_carry_i_8__28[0]. Optimizations did not improve timing on the net.
INFO: [Physopt 32-702] Processed net dut/merge1/gen_stage3[0].cas_s3/m2_reg[0][7]_1[0]. Optimizations did not improve timing on the net.
INFO: [Physopt 32-702] Processed net dut/merge1/gen_stage3[2].cas_s3/m2_reg[2][1]. Optimizations did not improve timing on the net.
INFO: [Physopt 32-702] Processed net dut/merge_board/gen_stage1[1].cas_s1/CO[0]. Optimizations did not improve timing on the net.
INFO: [Physopt 32-702] Processed net dut/merge1/gen_stage3[2].cas_s3/AB_m_00_r_reg[5][7]_3[1]. Optimizations did not improve timing on the net.
INFO: [Physopt 32-710] Processed net dut/merge1/gen_stage3[2].cas_s3/AB_m_00_r_reg[5][7]_3[1]. Critical path length was reduced through logic transformation on cell dut/merge1/gen_stage3[2].cas_s3/o_min1_carry_i_3__29_comp.
INFO: [Physopt 32-735] Processed net dut/merge1/gen_stage3[2].cas_s3/m_mrg1[2]_376[3]. Optimization improves timing on the net.
INFO: [Physopt 32-619] Estimated Timing Summary | WNS=-2.846 | TNS=-2522.717 |
INFO: [Physopt 32-702] Processed net dut/merge1/gen_stage3[0].cas_s3/AB_m_00_r_reg[6][7]_1[0]. Optimizations did not improve timing on the net.
INFO: [Physopt 32-702] Processed net dut/merge1/gen_stage3[2].cas_s3/AB_m_00_r_reg[4][1]. Optimizations did not improve timing on the net.
INFO: [Physopt 32-702] Processed net dut/merge_board/gen_stage1[0].cas_s1/CO[0]. Optimizations did not improve timing on the net.
INFO: [Physopt 32-702] Processed net dut/merge1/gen_stage3[2].cas_s3/AB_m_00_r_reg[4][7]_2[0]. Optimizations did not improve timing on the net.
INFO: [Physopt 32-710] Processed net dut/merge1/gen_stage3[2].cas_s3/AB_m_00_r_reg[4][7]_2[0]. Critical path length was reduced through logic transformation on cell dut/merge1/gen_stage3[2].cas_s3/o_min1_carry_i_4__25_comp.
INFO: [Physopt 32-735] Processed net dut/merge1/gen_stage3[2].cas_s3/m_mrg1[3]_377[1]. Optimization improves timing on the net.
INFO: [Physopt 32-619] Estimated Timing Summary | WNS=-2.844 | TNS=-2522.544 |
INFO: [Physopt 32-702] Processed net dut/merge1/gen_stage3[0].cas_s3/DI[0]. Optimizations did not improve timing on the net.
INFO: [Physopt 32-710] Processed net dut/merge1/gen_stage3[0].cas_s3/DI[0]. Critical path length was reduced through logic transformation on cell dut/merge1/gen_stage3[0].cas_s3/o_min1_carry_i_4__22_comp.
INFO: [Physopt 32-735] Processed net dut/merge1/gen_stage3[0].cas_s3/m_mrg1[1]_375[1]. Optimization improves timing on the net.
INFO: [Physopt 32-619] Estimated Timing Summary | WNS=-2.844 | TNS=-2522.479 |
INFO: [Physopt 32-702] Processed net dut/merge_board/m2_reg[3]_384[3]. Optimizations did not improve timing on the net.
INFO: [Physopt 32-702] Processed net dut/merge_board/grp_stage2[0].gen_stage2[1].cas_s2/o_min1_carry_i_8__27[0]. Optimizations did not improve timing on the net.
INFO: [Physopt 32-702] Processed net dut/merge1/gen_stage3[0].cas_s3/AB_m_00_r_reg[7][7]_3[1]. Optimizations did not improve timing on the net.
INFO: [Physopt 32-702] Processed net dut/merge1/gen_stage3[0].cas_s3/AB_m_00_r_reg[7][3]. Optimizations did not improve timing on the net.
INFO: [Physopt 32-702] Processed net dut/merge_board/gen_stage1[3].cas_s1/AB_m_00_r_reg[7][7][0]. Optimizations did not improve timing on the net.
INFO: [Physopt 32-702] Processed net dut/merge1/gen_stage3[0].cas_s3/AB_m_00_r_reg[7][7]_0[3]. Optimizations did not improve timing on the net.
INFO: [Physopt 32-702] Processed net dut/merge1/gen_stage3[0].cas_s3/m_mrg1[0]_374[7]. Optimizations did not improve timing on the net.
INFO: [Physopt 32-702] Processed net dut/merge1/gen_stage3[0].cas_s3/o_min1_carry_n_4. Optimizations did not improve timing on the net.
INFO: [Physopt 32-702] Processed net dut/merge1/gen_stage3[0].cas_s3/o_min1_carry_i_3__20_n_0. Optimizations did not improve timing on the net.
INFO: [Physopt 32-702] Processed net dut/merge1/gen_stage3[0].cas_s3/AB_m_00_r_reg[7][7]_1[3]. Optimizations did not improve timing on the net.
INFO: [Physopt 32-702] Processed net clk_IBUF_inst/OUT. Optimizations did not improve timing on the net.
INFO: [Physopt 32-702] Processed net clk. Optimizations did not improve timing on the net.
INFO: [Physopt 32-702] Processed net dut/merge_board/m2_reg[3]_384[3]. Optimizations did not improve timing on the net.
INFO: [Physopt 32-702] Processed net dut/merge1/m2_reg[1]_354[3]_repN. Optimizations did not improve timing on the net.
INFO: [Physopt 32-702] Processed net dut/merge_board/grp_stage2[0].gen_stage2[1].cas_s2/o_min1_carry_i_8__27[0]. Optimizations did not improve timing on the net.
INFO: [Physopt 32-702] Processed net dut/merge1/gen_stage3[0].cas_s3/AB_m_00_r_reg[7][7]_3[1]. Optimizations did not improve timing on the net.
INFO: [Physopt 32-702] Processed net dut/merge1/gen_stage3[0].cas_s3/AB_m_00_r_reg[7][3]. Optimizations did not improve timing on the net.
INFO: [Physopt 32-702] Processed net dut/merge_board/gen_stage1[3].cas_s1/AB_m_00_r_reg[7][7][0]. Optimizations did not improve timing on the net.
INFO: [Physopt 32-702] Processed net dut/merge1/gen_stage3[0].cas_s3/AB_m_00_r_reg[7][7]_0[3]. Optimizations did not improve timing on the net.
INFO: [Physopt 32-702] Processed net dut/merge1/gen_stage3[0].cas_s3/m_mrg1[0]_374[7]. Optimizations did not improve timing on the net.
INFO: [Physopt 32-702] Processed net dut/merge1/gen_stage3[0].cas_s3/o_min1_carry_n_4. Optimizations did not improve timing on the net.
INFO: [Physopt 32-702] Processed net dut/merge1/gen_stage3[0].cas_s3/o_min1_carry_i_3__20_n_0. Optimizations did not improve timing on the net.
INFO: [Physopt 32-702] Processed net dut/merge1/gen_stage3[0].cas_s3/AB_m_00_r_reg[7][7]_1[3]. Optimizations did not improve timing on the net.
INFO: [Physopt 32-702] Processed net clk_IBUF_inst/OUT. Optimizations did not improve timing on the net.
INFO: [Physopt 32-702] Processed net clk. Optimizations did not improve timing on the net.
INFO: [Physopt 32-619] Estimated Timing Summary | WNS=-2.844 | TNS=-2522.479 |
Phase 4 Critical Path Optimization | Checksum: 168e72e71

Time (s): cpu = 00:00:13 ; elapsed = 00:00:10 . Memory (MB): peak = 3011.512 ; gain = 0.000
Netlist sorting complete. Time (s): cpu = 00:00:00 ; elapsed = 00:00:00.008 . Memory (MB): peak = 3011.512 ; gain = 0.000
Netlist sorting complete. Time (s): cpu = 00:00:00 ; elapsed = 00:00:00.001 . Memory (MB): peak = 3011.512 ; gain = 0.000
INFO: [Physopt 32-603] Post Physical Optimization Timing Summary | WNS=-2.844 | TNS=-2522.479 |

Summary of Physical Synthesis Optimizations
============================================


-------------------------------------------------------------------------------------------------------------------------------------------------------------
|  Optimization   |  WNS Gain (ns)  |  TNS Gain (ns)  |  Added Cells  |  Removed Cells  |  Optimized Cells/Nets  |  Dont Touch  |  Iterations  |  Elapsed   |
-------------------------------------------------------------------------------------------------------------------------------------------------------------
|  DSP Register   |          0.000  |          0.000  |            0  |              0  |                     0  |           0  |           1  |  00:00:00  |
|  Critical Path  |          0.139  |          6.719  |            1  |              0  |                    22  |           0  |           2  |  00:00:09  |
|  Total          |          0.139  |          6.719  |            1  |              0  |                    22  |           0  |           3  |  00:00:09  |
-------------------------------------------------------------------------------------------------------------------------------------------------------------


Netlist sorting complete. Time (s): cpu = 00:00:00 ; elapsed = 00:00:00.001 . Memory (MB): peak = 3011.512 ; gain = 0.000
Ending Physical Synthesis Task | Checksum: 18c16ee10

Time (s): cpu = 00:00:14 ; elapsed = 00:00:10 . Memory (MB): peak = 3011.512 ; gain = 0.000
INFO: [Common 17-83] Releasing license: Implementation
246 Infos, 0 Warnings, 0 Critical Warnings and 0 Errors encountered.
phys_opt_design completed successfully
phys_opt_design: Time (s): cpu = 00:00:16 ; elapsed = 00:00:12 . Memory (MB): peak = 3011.512 ; gain = 0.000
INFO: [Timing 38-480] Writing timing data to binary archive.
Writing XDEF routing.
Writing XDEF routing logical nets.
Writing XDEF routing special nets.
Write XDEF Complete: Time (s): cpu = 00:00:00 ; elapsed = 00:00:00.356 . Memory (MB): peak = 3011.512 ; gain = 0.000
INFO: [Common 17-1381] The checkpoint 'C:/LRMLD/module_library/sum_select_12/sum_select_12.runs/impl_1/SS12_wrapper_physopt.dcp' has been generated.
Command: route_design
Attempting to get a license for feature 'Implementation' and/or device 'xcku035'
INFO: [Common 17-349] Got license for feature 'Implementation' and/or device 'xcku035'
INFO: [DRC 23-27] Running DRC with 2 threads
INFO: [Vivado_Tcl 4-198] DRC finished with 0 Errors
INFO: [Vivado_Tcl 4-199] Please refer to the DRC report (report_drc) for more information.
Running DRC as a precondition to command route_design
INFO: [DRC 23-27] Running DRC with 2 threads
INFO: [Vivado_Tcl 4-198] DRC finished with 0 Errors
INFO: [Vivado_Tcl 4-199] Please refer to the DRC report (report_drc) for more information.


Starting Routing Task
INFO: [Route 35-254] Multithreading enabled for route_design using a maximum of 2 CPUs

Phase 1 Build RT Design
Checksum: PlaceDB: 63156045 ConstDB: 0 ShapeSum: 769351af RouteDB: 1d534292
Post Restoration Checksum: NetGraph: e31aa762 NumContArr: fd75bd5a Constraints: 6c4de3cf Timing: 0
Phase 1 Build RT Design | Checksum: 24cde488b

Time (s): cpu = 00:01:14 ; elapsed = 00:01:04 . Memory (MB): peak = 3011.512 ; gain = 0.000

Phase 2 Router Initialization

Phase 2.1 Fix Topology Constraints
Phase 2.1 Fix Topology Constraints | Checksum: 24cde488b

Time (s): cpu = 00:01:14 ; elapsed = 00:01:04 . Memory (MB): peak = 3011.512 ; gain = 0.000

Phase 2.2 Pre Route Cleanup
Phase 2.2 Pre Route Cleanup | Checksum: 24cde488b

Time (s): cpu = 00:01:14 ; elapsed = 00:01:04 . Memory (MB): peak = 3011.512 ; gain = 0.000

Phase 2.3 Global Clock Net Routing
 Number of Nodes with overlaps = 0
Phase 2.3 Global Clock Net Routing | Checksum: fc2f79f9

Time (s): cpu = 00:01:15 ; elapsed = 00:01:05 . Memory (MB): peak = 3011.512 ; gain = 0.000

Phase 2.4 Update Timing
Phase 2.4 Update Timing | Checksum: 2381bcd64

Time (s): cpu = 00:01:16 ; elapsed = 00:01:06 . Memory (MB): peak = 3011.512 ; gain = 0.000
INFO: [Route 35-416] Intermediate Timing Summary | WNS=-2.725 | TNS=-2230.395| WHS=-0.103 | THS=-3.468 |


Router Utilization Summary
  Global Vertical Routing Utilization    = 0.0116749 %
  Global Horizontal Routing Utilization  = 0.0096831 %
  Routable Net Status*
  *Does not include unroutable nets such as driverless and loadless.
  Run report_route_status for detailed report.
  Number of Failed Nets               = 5507
    (Failed Nets is the sum of unrouted and partially routed nets)
  Number of Unrouted Nets             = 4321
  Number of Partially Routed Nets     = 1186
  Number of Node Overlaps             = 91

Phase 2 Router Initialization | Checksum: 2a26b21e1

Time (s): cpu = 00:01:19 ; elapsed = 00:01:07 . Memory (MB): peak = 3011.512 ; gain = 0.000

Phase 3 Initial Routing

Phase 3.1 Global Routing
Phase 3.1 Global Routing | Checksum: 2a26b21e1

Time (s): cpu = 00:01:19 ; elapsed = 00:01:07 . Memory (MB): peak = 3011.512 ; gain = 0.000
Phase 3 Initial Routing | Checksum: 22f1ae4df

Time (s): cpu = 00:01:22 ; elapsed = 00:01:09 . Memory (MB): peak = 3011.512 ; gain = 0.000
INFO: [Route 35-580] Design has 24 pins with tight setup and hold constraints.

The top 5 pins with tight setup and hold constraints:

+====================+===================+============================================+
| Launch Setup Clock | Launch Hold Clock | Pin                                        |
+====================+===================+============================================+
| sys_clk_pin        | sys_clk_pin       | dut/merge1/m2_reg[3][0]/D                  |
| sys_clk_pin        | sys_clk_pin       | dut/merge1/m2_reg[0][0]/D                  |
| sys_clk_pin        | sys_clk_pin       | dut/merge1/m2_reg[0][7]/D                  |
| sys_clk_pin        | sys_clk_pin       | dut/merge1/m2_reg[1][1]/D                  |
| sys_clk_pin        | sys_clk_pin       | dut/AaB0[2].SS/conc_d_reg[1][0][15]_srl3/D |
+--------------------+-------------------+--------------------------------------------+

File with complete list of pins: tight_setup_hold_pins.txt


Phase 4 Rip-up And Reroute

Phase 4.1 Global Iteration 0
 Number of Nodes with overlaps = 1065
 Number of Nodes with overlaps = 119
 Number of Nodes with overlaps = 14
 Number of Nodes with overlaps = 4
 Number of Nodes with overlaps = 2
 Number of Nodes with overlaps = 2
 Number of Nodes with overlaps = 0
INFO: [Route 35-416] Intermediate Timing Summary | WNS=-3.106 | TNS=-3124.851| WHS=0.025  | THS=0.000  |

Phase 4.1 Global Iteration 0 | Checksum: 1fca56f4b

Time (s): cpu = 00:01:28 ; elapsed = 00:01:13 . Memory (MB): peak = 3011.512 ; gain = 0.000

Phase 4.2 Global Iteration 1
 Number of Nodes with overlaps = 85
 Number of Nodes with overlaps = 8
 Number of Nodes with overlaps = 2
 Number of Nodes with overlaps = 0
INFO: [Route 35-416] Intermediate Timing Summary | WNS=-3.123 | TNS=-3124.462| WHS=N/A    | THS=N/A    |

Phase 4.2 Global Iteration 1 | Checksum: 1e8e9bd15

Time (s): cpu = 00:01:29 ; elapsed = 00:01:14 . Memory (MB): peak = 3011.512 ; gain = 0.000

Phase 4.3 Additional Iteration for Hold
Phase 4.3 Additional Iteration for Hold | Checksum: 1c7dc01eb

Time (s): cpu = 00:01:29 ; elapsed = 00:01:14 . Memory (MB): peak = 3011.512 ; gain = 0.000
Phase 4 Rip-up And Reroute | Checksum: 1c7dc01eb

Time (s): cpu = 00:01:29 ; elapsed = 00:01:14 . Memory (MB): peak = 3011.512 ; gain = 0.000

Phase 5 Delay and Skew Optimization

Phase 5.1 Delay CleanUp

Phase 5.1.1 Update Timing
Phase 5.1.1 Update Timing | Checksum: 21139d2c7

Time (s): cpu = 00:01:30 ; elapsed = 00:01:14 . Memory (MB): peak = 3011.512 ; gain = 0.000
INFO: [Route 35-416] Intermediate Timing Summary | WNS=-3.106 | TNS=-3124.851| WHS=0.025  | THS=0.000  |

 Number of Nodes with overlaps = 0
Phase 5.1 Delay CleanUp | Checksum: 146d9a6ec

Time (s): cpu = 00:01:40 ; elapsed = 00:01:21 . Memory (MB): peak = 3011.512 ; gain = 0.000

Phase 5.2 Clock Skew Optimization
Phase 5.2 Clock Skew Optimization | Checksum: 146d9a6ec

Time (s): cpu = 00:01:40 ; elapsed = 00:01:21 . Memory (MB): peak = 3011.512 ; gain = 0.000
Phase 5 Delay and Skew Optimization | Checksum: 146d9a6ec

Time (s): cpu = 00:01:40 ; elapsed = 00:01:21 . Memory (MB): peak = 3011.512 ; gain = 0.000

Phase 6 Post Hold Fix

Phase 6.1 Hold Fix Iter

Phase 6.1.1 Update Timing
Phase 6.1.1 Update Timing | Checksum: 18da927a9

Time (s): cpu = 00:01:41 ; elapsed = 00:01:22 . Memory (MB): peak = 3011.512 ; gain = 0.000
INFO: [Route 35-416] Intermediate Timing Summary | WNS=-3.068 | TNS=-3084.550| WHS=0.025  | THS=0.000  |

Phase 6.1 Hold Fix Iter | Checksum: 1e1174363

Time (s): cpu = 00:01:41 ; elapsed = 00:01:22 . Memory (MB): peak = 3011.512 ; gain = 0.000
Phase 6 Post Hold Fix | Checksum: 1e1174363

Time (s): cpu = 00:01:41 ; elapsed = 00:01:22 . Memory (MB): peak = 3011.512 ; gain = 0.000

Phase 7 Route finalize

Router Utilization Summary
  Global Vertical Routing Utilization    = 0.344501 %
  Global Horizontal Routing Utilization  = 0.277411 %
  Routable Net Status*
  *Does not include unroutable nets such as driverless and loadless.
  Run report_route_status for detailed report.
  Number of Failed Nets               = 0
    (Failed Nets is the sum of unrouted and partially routed nets)
  Number of Unrouted Nets             = 0
  Number of Partially Routed Nets     = 0
  Number of Node Overlaps             = 0

Congestion Report
North Dir 1x1 Area, Max Cong = 24.1525%, No Congested Regions.
South Dir 1x1 Area, Max Cong = 56.962%, No Congested Regions.
East Dir 1x1 Area, Max Cong = 42.3077%, No Congested Regions.
West Dir 1x1 Area, Max Cong = 27.8846%, No Congested Regions.

------------------------------
Reporting congestion hotspots
------------------------------
Direction: North
----------------
Congested clusters found at Level 0
Effective congestion level: 0 Aspect Ratio: 1 Sparse Ratio: 0
Direction: South
----------------
Congested clusters found at Level 0
Effective congestion level: 0 Aspect Ratio: 1 Sparse Ratio: 0
Direction: East
----------------
Congested clusters found at Level 0
Effective congestion level: 0 Aspect Ratio: 1 Sparse Ratio: 0
Direction: West
----------------
Congested clusters found at Level 0
Effective congestion level: 0 Aspect Ratio: 1 Sparse Ratio: 0

Phase 7 Route finalize | Checksum: 17c987471

Time (s): cpu = 00:01:42 ; elapsed = 00:01:23 . Memory (MB): peak = 3011.512 ; gain = 0.000

Phase 8 Verifying routed nets

 Verification completed successfully
Phase 8 Verifying routed nets | Checksum: 17c987471

Time (s): cpu = 00:01:42 ; elapsed = 00:01:23 . Memory (MB): peak = 3011.512 ; gain = 0.000

Phase 9 Depositing Routes
Phase 9 Depositing Routes | Checksum: 17c987471

Time (s): cpu = 00:01:42 ; elapsed = 00:01:23 . Memory (MB): peak = 3011.512 ; gain = 0.000

Phase 10 Post Router Timing
INFO: [Route 35-57] Estimated Timing Summary | WNS=-3.068 | TNS=-3084.550| WHS=0.025  | THS=0.000  |

WARNING: [Route 35-328] Router estimated timing not met.
Resolution: For a complete and accurate timing signoff, report_timing_summary must be run after route_design. Alternatively, route_design can be run with the -timing_summary option to enable a complete timing signoff at the end of route_design.
Phase 10 Post Router Timing | Checksum: 17c987471

Time (s): cpu = 00:01:43 ; elapsed = 00:01:23 . Memory (MB): peak = 3011.512 ; gain = 0.000
INFO: [Route 35-16] Router Completed Successfully

Time (s): cpu = 00:01:43 ; elapsed = 00:01:23 . Memory (MB): peak = 3011.512 ; gain = 0.000

Routing Is Done.
INFO: [Common 17-83] Releasing license: Implementation
265 Infos, 1 Warnings, 0 Critical Warnings and 0 Errors encountered.
route_design completed successfully
route_design: Time (s): cpu = 00:01:46 ; elapsed = 00:01:25 . Memory (MB): peak = 3011.512 ; gain = 0.000
INFO: [Timing 38-480] Writing timing data to binary archive.
Writing XDEF routing.
Writing XDEF routing logical nets.
Writing XDEF routing special nets.
Write XDEF Complete: Time (s): cpu = 00:00:01 ; elapsed = 00:00:00.396 . Memory (MB): peak = 3011.512 ; gain = 0.000
INFO: [Common 17-1381] The checkpoint 'C:/LRMLD/module_library/sum_select_12/sum_select_12.runs/impl_1/SS12_wrapper_routed.dcp' has been generated.
INFO: [runtcl-4] Executing : report_drc -file SS12_wrapper_drc_routed.rpt -pb SS12_wrapper_drc_routed.pb -rpx SS12_wrapper_drc_routed.rpx
Command: report_drc -file SS12_wrapper_drc_routed.rpt -pb SS12_wrapper_drc_routed.pb -rpx SS12_wrapper_drc_routed.rpx
INFO: [IP_Flow 19-1839] IP Catalog is up to date.
INFO: [DRC 23-27] Running DRC with 2 threads
INFO: [Vivado_Tcl 2-168] The results of DRC are in file C:/LRMLD/module_library/sum_select_12/sum_select_12.runs/impl_1/SS12_wrapper_drc_routed.rpt.
report_drc completed successfully
INFO: [runtcl-4] Executing : report_methodology -file SS12_wrapper_methodology_drc_routed.rpt -pb SS12_wrapper_methodology_drc_routed.pb -rpx SS12_wrapper_methodology_drc_routed.rpx
Command: report_methodology -file SS12_wrapper_methodology_drc_routed.rpt -pb SS12_wrapper_methodology_drc_routed.pb -rpx SS12_wrapper_methodology_drc_routed.rpx
INFO: [Timing 38-35] Done setting XDC timing constraints.
INFO: [DRC 23-133] Running Methodology with 2 threads
INFO: [Vivado_Tcl 2-1520] The results of Report Methodology are in file C:/LRMLD/module_library/sum_select_12/sum_select_12.runs/impl_1/SS12_wrapper_methodology_drc_routed.rpt.
report_methodology completed successfully
INFO: [runtcl-4] Executing : report_power -file SS12_wrapper_power_routed.rpt -pb SS12_wrapper_power_summary_routed.pb -rpx SS12_wrapper_power_routed.rpx
Command: report_power -file SS12_wrapper_power_routed.rpt -pb SS12_wrapper_power_summary_routed.pb -rpx SS12_wrapper_power_routed.rpx
INFO: [Timing 38-35] Done setting XDC timing constraints.
Running Vector-less Activity Propagation...

Finished Running Vector-less Activity Propagation
277 Infos, 1 Warnings, 0 Critical Warnings and 0 Errors encountered.
report_power completed successfully
INFO: [runtcl-4] Executing : report_route_status -file SS12_wrapper_route_status.rpt -pb SS12_wrapper_route_status.pb
INFO: [runtcl-4] Executing : report_timing_summary -max_paths 10 -report_unconstrained -file SS12_wrapper_timing_summary_routed.rpt -pb SS12_wrapper_timing_summary_routed.pb -rpx SS12_wrapper_timing_summary_routed.rpx -warn_on_violation 
INFO: [Timing 38-91] UpdateTimingParams: Speed grade: -1, Temperature grade: I, Delay Type: min_max.
INFO: [Timing 38-191] Multithreading enabled for timing update using a maximum of 2 CPUs
CRITICAL WARNING: [Timing 38-282] The design failed to meet the timing requirements. Please see the timing summary report for details on the timing violations.
INFO: [runtcl-4] Executing : report_incremental_reuse -file SS12_wrapper_incremental_reuse_routed.rpt
INFO: [Vivado_Tcl 4-1062] Incremental flow is disabled. No incremental reuse Info to report.
INFO: [runtcl-4] Executing : report_clock_utilization -file SS12_wrapper_clock_utilization_routed.rpt
INFO: [runtcl-4] Executing : report_bus_skew -warn_on_violation -file SS12_wrapper_bus_skew_routed.rpt -pb SS12_wrapper_bus_skew_routed.pb -rpx SS12_wrapper_bus_skew_routed.rpx
INFO: [Timing 38-91] UpdateTimingParams: Speed grade: -1, Temperature grade: I, Delay Type: min_max.
INFO: [Timing 38-191] Multithreading enabled for timing update using a maximum of 2 CPUs
INFO: [Common 17-206] Exiting Vivado at Mon Apr 27 15:50:05 2026...
