Copyright 1986-2022 Xilinx, Inc. All Rights Reserved.
----------------------------------------------------------------------------------------------------------------------------------------------------------
| Tool Version     : Vivado v.2022.1 (win64) Build 3526262 Mon Apr 18 15:48:16 MDT 2022
| Date             : Mon Apr 27 15:50:02 2026
| Host             : feduuk running 64-bit major release  (build 9200)
| Command          : report_power -file SS12_wrapper_power_routed.rpt -pb SS12_wrapper_power_summary_routed.pb -rpx SS12_wrapper_power_routed.rpx
| Design           : SS12_wrapper
| Device           : xcku035-fbva676-1-i
| Design State     : routed
| Grade            : industrial
| Process          : typical
| Characterization : Production
----------------------------------------------------------------------------------------------------------------------------------------------------------

Power Report

Table of Contents
-----------------
1. Summary
1.1 On-Chip Components
1.2 Power Supply Summary
1.3 Confidence Level
2. Settings
2.1 Environment
2.2 Clock Constraints
3. Detailed Reports
3.1 By Hierarchy

1. Summary
----------

+--------------------------+--------------+
| Total On-Chip Power (W)  | 1.132        |
| Design Power Budget (W)  | Unspecified* |
| Power Budget Margin (W)  | NA           |
| Dynamic (W)              | 0.647        |
| Device Static (W)        | 0.485        |
| Effective TJA (C/W)      | 1.9          |
| Max Ambient (C)          | 97.9         |
| Junction Temperature (C) | 27.1         |
| Confidence Level         | Low          |
| Setting File             | ---          |
| Simulation Activity File | ---          |
| Design Nets Matched      | NA           |
+--------------------------+--------------+
* Specify Design Power Budget using, set_operating_conditions -design_power_budget <value in Watts>


1.1 On-Chip Components
----------------------

+-------------------------+-----------+----------+-----------+-----------------+
| On-Chip                 | Power (W) | Used     | Available | Utilization (%) |
+-------------------------+-----------+----------+-----------+-----------------+
| Clocks                  |     0.143 |        3 |       --- |             --- |
| CLB Logic               |     0.195 |     8764 |       --- |             --- |
|   LUT as Logic          |     0.158 |     3526 |    203128 |            1.74 |
|   LUT as Shift Register |     0.023 |      294 |    112800 |            0.26 |
|   Register              |     0.014 |     4048 |    406256 |            1.00 |
|   CARRY8                |    <0.001 |      159 |     30300 |            0.52 |
|   F7/F8 Muxes           |    <0.001 |      141 |    242400 |            0.06 |
|   Others                |     0.000 |      199 |       --- |             --- |
| Signals                 |     0.216 |     5540 |       --- |             --- |
| I/O                     |     0.093 |       60 |       312 |           19.23 |
| Static Power            |     0.485 |          |           |                 |
| Total                   |     1.132 |          |           |                 |
+-------------------------+-----------+----------+-----------+-----------------+


1.2 Power Supply Summary
------------------------

+------------+-------------+-----------+-------------+------------+-------------+-------------+------------+
| Source     | Voltage (V) | Total (A) | Dynamic (A) | Static (A) | Powerup (A) | Budget (A)  | Margin (A) |
+------------+-------------+-----------+-------------+------------+-------------+-------------+------------+
| Vccint     |       0.950 |     0.736 |       0.584 |      0.152 |       NA    | Unspecified | NA         |
| Vccaux     |       1.800 |     0.096 |       0.000 |      0.096 |       NA    | Unspecified | NA         |
| Vccaux_io  |       1.800 |     0.089 |       0.024 |      0.065 |       NA    | Unspecified | NA         |
| Vccint_io  |       0.950 |     0.022 |       0.006 |      0.016 |       NA    | Unspecified | NA         |
| Vcco33     |       3.300 |     0.003 |       0.003 |      0.000 |       NA    | Unspecified | NA         |
| Vcco25     |       2.500 |     0.000 |       0.000 |      0.000 |       NA    | Unspecified | NA         |
| Vcco18     |       1.800 |     0.019 |       0.019 |      0.000 |       NA    | Unspecified | NA         |
| Vcco15     |       1.500 |     0.000 |       0.000 |      0.000 |       NA    | Unspecified | NA         |
| Vcco135    |       1.350 |     0.000 |       0.000 |      0.000 |       NA    | Unspecified | NA         |
| Vcco12     |       1.200 |     0.000 |       0.000 |      0.000 |       NA    | Unspecified | NA         |
| Vcco10     |       1.000 |     0.000 |       0.000 |      0.000 |       NA    | Unspecified | NA         |
| Vccbram    |       0.950 |     0.011 |       0.000 |      0.011 |       NA    | Unspecified | NA         |
| MGTAVcc    |       1.000 |     0.000 |       0.000 |      0.000 |       NA    | Unspecified | NA         |
| MGTAVtt    |       1.200 |     0.000 |       0.000 |      0.000 |       NA    | Unspecified | NA         |
| MGTVccaux  |       1.800 |     0.000 |       0.000 |      0.000 |       NA    | Unspecified | NA         |
| Vccadc     |       1.800 |     0.014 |       0.000 |      0.014 |       NA    | Unspecified | NA         |
| MGTYVccaux |       1.800 |     0.000 |       0.000 |      0.000 |       NA    | Unspecified | NA         |
| MGTYAVcc   |       1.000 |     0.000 |       0.000 |      0.000 |       NA    | Unspecified | NA         |
| MGTYAVtt   |       1.200 |     0.000 |       0.000 |      0.000 |       NA    | Unspecified | NA         |
+------------+-------------+-----------+-------------+------------+-------------+-------------+------------+


1.3 Confidence Level
--------------------

+-----------------------------+------------+--------------------------------------------------------+--------------------------------------------------------------------------------------------------------------------+
| User Input Data             | Confidence | Details                                                | Action                                                                                                             |
+-----------------------------+------------+--------------------------------------------------------+--------------------------------------------------------------------------------------------------------------------+
| Design implementation state | High       | Design is routed                                       |                                                                                                                    |
| Clock nodes activity        | Medium     | More than 5% of clocks are missing user specification  | Provide missing clock activity with a constraint file, simulation results or by editing the "By Clock Domain" view |
| I/O nodes activity          | Low        | More than 75% of inputs are missing user specification | Provide missing input activity with simulation results or by editing the "By Resource Type -> I/Os" view           |
| Internal nodes activity     | Medium     | User specified less than 25% of internal nodes         | Provide missing internal nodes activity with simulation results or by editing the "By Resource Type" views         |
| Device models               | High       | Device models are Production                           |                                                                                                                    |
|                             |            |                                                        |                                                                                                                    |
| Overall confidence level    | Low        |                                                        |                                                                                                                    |
+-----------------------------+------------+--------------------------------------------------------+--------------------------------------------------------------------------------------------------------------------+


2. Settings
-----------

2.1 Environment
---------------

+-----------------------+--------------------------+
| Ambient Temp (C)      | 25.0                     |
| ThetaJA (C/W)         | 1.9                      |
| Airflow (LFM)         | 250                      |
| Heat Sink             | medium (Medium Profile)  |
| ThetaSA (C/W)         | 3.4                      |
| Board Selection       | medium (10"x10")         |
| # of Board Layers     | 12to15 (12 to 15 Layers) |
| Board Temperature (C) | 25.0                     |
+-----------------------+--------------------------+


2.2 Clock Constraints
---------------------

+-------------+--------+-----------------+
| Clock       | Domain | Constraint (ns) |
+-------------+--------+-----------------+
| sys_clk_pin | clk    |             1.0 |
+-------------+--------+-----------------+


3. Detailed Reports
-------------------

3.1 By Hierarchy
----------------

+----------------------------+-----------+
| Name                       | Power (W) |
+----------------------------+-----------+
| SS12_wrapper               |     0.647 |
|   clk_IBUF_inst            |     0.011 |
|   dut                      |     0.521 |
|     A0Bb[1].SS             |     0.034 |
|       sort2                |     0.009 |
|       sort3                |     0.005 |
|     A0Bb[2].SS             |     0.030 |
|       sort2                |     0.009 |
|       sort3                |     0.005 |
|     AaB0[1].SS             |     0.034 |
|       sort2                |     0.009 |
|       sort3                |     0.005 |
|     AaB0[2].SS             |     0.028 |
|       sort2                |     0.008 |
|       sort3                |     0.004 |
|     SS_00                  |     0.113 |
|       c42                  |     0.001 |
|       c43                  |     0.001 |
|       c44                  |     0.001 |
|       c51                  |     0.002 |
|       c52                  |     0.001 |
|       c61                  |     0.002 |
|       c62                  |     0.002 |
|       c63                  |     0.002 |
|     SS_11                  |     0.022 |
|       sort2                |     0.007 |
|       sort3                |     0.003 |
|     merge1                 |     0.080 |
|       gen_stage1[0].cas_s1 |     0.003 |
|       gen_stage1[1].cas_s1 |     0.003 |
|       gen_stage1[2].cas_s1 |     0.004 |
|       gen_stage1[3].cas_s1 |     0.004 |
|       gen_stage3[0].cas_s3 |     0.017 |
|       gen_stage3[2].cas_s3 |     0.018 |
|     merge_board            |     0.075 |
|       gen_stage3[0].cas_s3 |     0.008 |
|       gen_stage3[2].cas_s3 |     0.004 |
|       gen_stage3[4].cas_s3 |     0.005 |
|       gen_stage3[6].cas_s3 |     0.004 |
+----------------------------+-----------+


