Copyright 1986-2022 Xilinx, Inc. All Rights Reserved.
------------------------------------------------------------------------------------------------------------------------------
| Tool Version : Vivado v.2022.1 (win64) Build 3526262 Mon Apr 18 15:48:16 MDT 2022
| Date         : Tue Apr 28 01:11:25 2026
| Host         : feduuk running 64-bit major release  (build 9200)
| Command      : report_drc -file SS12_wrapper_drc_routed.rpt -pb SS12_wrapper_drc_routed.pb -rpx SS12_wrapper_drc_routed.rpx
| Design       : SS12_wrapper
| Device       : xcku035-fbva676-1-i
| Speed File   : -1
| Design State : Fully Routed
------------------------------------------------------------------------------------------------------------------------------

Report DRC

Table of Contents
-----------------
1. REPORT SUMMARY
2. REPORT DETAILS

1. REPORT SUMMARY
-----------------
            Netlist: netlist
          Floorplan: design_1
      Design limits: <entire design considered>
           Ruledeck: default
             Max violations: <unlimited>
             Violations found: 18
+----------+------------------+-----------------------------------------------------+------------+
| Rule     | Severity         | Description                                         | Violations |
+----------+------------------+-----------------------------------------------------+------------+
| NSTD-1   | Critical Warning | Unspecified I/O Standard                            | 1          |
| UCIO-1   | Critical Warning | Unconstrained Logical Port                          | 1          |
| CFGBVS-1 | Warning          | Missing CFGBVS and CONFIG_VOLTAGE Design Properties | 1          |
| PDRC-153 | Warning          | Gated clock check                                   | 15         |
+----------+------------------+-----------------------------------------------------+------------+

2. REPORT DETAILS
-----------------
NSTD-1#1 Critical Warning
Unspecified I/O Standard  
59 out of 60 logical ports use I/O standard (IOSTANDARD) value 'DEFAULT', instead of a user assigned specific value. This may cause I/O contention or incompatibility with the board power or connectivity affecting performance, signal integrity or in extreme cases cause damage to the device or the components to which it is connected. To correct this violation, specify all I/O standards. This design will fail to generate a bitstream unless all logical ports have a user specified I/O standard value defined. To allow bitstream creation with unspecified I/O standard values (not recommended), use this command: set_property SEVERITY {Warning} [get_drc_checks NSTD-1].  NOTE: When using the Vivado Runs infrastructure (e.g. launch_runs Tcl command), add this command to a .tcl file and add that file as a pre-hook for write_bitstream step for the implementation run. Problem ports: i_label1[7:0], i_label[7:0], i_metric1[7:0], i_metric[7:0], i_valid,
o_label[15:0], o_metric[7:0], o_valid, rst.
Related violations: <none>

UCIO-1#1 Critical Warning
Unconstrained Logical Port  
59 out of 60 logical ports have no user assigned specific location constraint (LOC). This may cause I/O contention or incompatibility with the board power or connectivity affecting performance, signal integrity or in extreme cases cause damage to the device or the components to which it is connected. To correct this violation, specify all pin locations. This design will fail to generate a bitstream unless all logical ports have a user specified site LOC constraint defined.  To allow bitstream creation with unspecified pin locations (not recommended), use this command: set_property SEVERITY {Warning} [get_drc_checks UCIO-1].  NOTE: When using the Vivado Runs infrastructure (e.g. launch_runs Tcl command), add this command to a .tcl file and add that file as a pre-hook for write_bitstream step for the implementation run.  Problem ports: i_label1[7:0], i_label[7:0], i_metric1[7:0], i_metric[7:0], i_valid,
o_label[15:0], o_metric[7:0], o_valid, rst.
Related violations: <none>

CFGBVS-1#1 Warning
Missing CFGBVS and CONFIG_VOLTAGE Design Properties  
Neither the CFGBVS nor CONFIG_VOLTAGE voltage property is set in the current_design.  Configuration bank voltage select (CFGBVS) must be set to VCCO or GND, and CONFIG_VOLTAGE must be set to the correct configuration voltage, in order to determine the I/O voltage support for the pins in bank 0.  It is suggested to specify these either using the 'Edit Device Properties' function in the GUI or directly in the XDC file using the following syntax:

 set_property CFGBVS value1 [current_design]
 #where value1 is either VCCO or GND

 set_property CONFIG_VOLTAGE value2 [current_design]
 #where value2 is the voltage provided to configuration bank 0

Refer to the device configuration user guide for more information.
Related violations: <none>

PDRC-153#1 Warning
Gated clock check  
Net dut/A0Bb[1].SS/sort2/E[0] is a gated clock net sourced by a combinational pin dut/A0Bb[1].SS/sort2/o_labels_reg[1][15]_i_2/O, cell dut/A0Bb[1].SS/sort2/o_labels_reg[1][15]_i_2. This is not good design practice and will likely impact performance. For SLICE registers, for example, use the CE pin to control the loading of data.
Related violations: <none>

PDRC-153#2 Warning
Gated clock check  
Net dut/A0Bb[1].SS/sort2/l_m1_r_reg[1][2]_0[0] is a gated clock net sourced by a combinational pin dut/A0Bb[1].SS/sort2/o_labels_reg[2][15]_i_2/O, cell dut/A0Bb[1].SS/sort2/o_labels_reg[2][15]_i_2. This is not good design practice and will likely impact performance. For SLICE registers, for example, use the CE pin to control the loading of data.
Related violations: <none>

PDRC-153#3 Warning
Gated clock check  
Net dut/A0Bb[1].SS/sort3/E[0] is a gated clock net sourced by a combinational pin dut/A0Bb[1].SS/sort3/o_labels_reg[3][15]_i_2/O, cell dut/A0Bb[1].SS/sort3/o_labels_reg[3][15]_i_2. This is not good design practice and will likely impact performance. For SLICE registers, for example, use the CE pin to control the loading of data.
Related violations: <none>

PDRC-153#4 Warning
Gated clock check  
Net dut/A0Bb[2].SS/sort2/E[0] is a gated clock net sourced by a combinational pin dut/A0Bb[2].SS/sort2/o_labels_reg[1][15]_i_2__0/O, cell dut/A0Bb[2].SS/sort2/o_labels_reg[1][15]_i_2__0. This is not good design practice and will likely impact performance. For SLICE registers, for example, use the CE pin to control the loading of data.
Related violations: <none>

PDRC-153#5 Warning
Gated clock check  
Net dut/A0Bb[2].SS/sort2/l_m1_r_reg[1][2]_0[0] is a gated clock net sourced by a combinational pin dut/A0Bb[2].SS/sort2/o_labels_reg[2][15]_i_2__0/O, cell dut/A0Bb[2].SS/sort2/o_labels_reg[2][15]_i_2__0. This is not good design practice and will likely impact performance. For SLICE registers, for example, use the CE pin to control the loading of data.
Related violations: <none>

PDRC-153#6 Warning
Gated clock check  
Net dut/A0Bb[2].SS/sort3/E[0] is a gated clock net sourced by a combinational pin dut/A0Bb[2].SS/sort3/o_labels_reg[3][15]_i_2__0/O, cell dut/A0Bb[2].SS/sort3/o_labels_reg[3][15]_i_2__0. This is not good design practice and will likely impact performance. For SLICE registers, for example, use the CE pin to control the loading of data.
Related violations: <none>

PDRC-153#7 Warning
Gated clock check  
Net dut/AaB0[1].SS/sort2/E[0] is a gated clock net sourced by a combinational pin dut/AaB0[1].SS/sort2/o_labels_reg[1][15]_i_2__1/O, cell dut/AaB0[1].SS/sort2/o_labels_reg[1][15]_i_2__1. This is not good design practice and will likely impact performance. For SLICE registers, for example, use the CE pin to control the loading of data.
Related violations: <none>

PDRC-153#8 Warning
Gated clock check  
Net dut/AaB0[1].SS/sort2/l_m1_r_reg[1][2][0] is a gated clock net sourced by a combinational pin dut/AaB0[1].SS/sort2/o_labels_reg[2][15]_i_2__1/O, cell dut/AaB0[1].SS/sort2/o_labels_reg[2][15]_i_2__1. This is not good design practice and will likely impact performance. For SLICE registers, for example, use the CE pin to control the loading of data.
Related violations: <none>

PDRC-153#9 Warning
Gated clock check  
Net dut/AaB0[1].SS/sort3/E[0] is a gated clock net sourced by a combinational pin dut/AaB0[1].SS/sort3/o_labels_reg[3][15]_i_2__1/O, cell dut/AaB0[1].SS/sort3/o_labels_reg[3][15]_i_2__1. This is not good design practice and will likely impact performance. For SLICE registers, for example, use the CE pin to control the loading of data.
Related violations: <none>

PDRC-153#10 Warning
Gated clock check  
Net dut/AaB0[2].SS/sort2/E[0] is a gated clock net sourced by a combinational pin dut/AaB0[2].SS/sort2/o_labels_reg[1][15]_i_2__2/O, cell dut/AaB0[2].SS/sort2/o_labels_reg[1][15]_i_2__2. This is not good design practice and will likely impact performance. For SLICE registers, for example, use the CE pin to control the loading of data.
Related violations: <none>

PDRC-153#11 Warning
Gated clock check  
Net dut/AaB0[2].SS/sort2/l_m1_r_reg[1][2][0] is a gated clock net sourced by a combinational pin dut/AaB0[2].SS/sort2/o_labels_reg[2][15]_i_2__2/O, cell dut/AaB0[2].SS/sort2/o_labels_reg[2][15]_i_2__2. This is not good design practice and will likely impact performance. For SLICE registers, for example, use the CE pin to control the loading of data.
Related violations: <none>

PDRC-153#12 Warning
Gated clock check  
Net dut/AaB0[2].SS/sort3/E[0] is a gated clock net sourced by a combinational pin dut/AaB0[2].SS/sort3/o_labels_reg[3][15]_i_2__2/O, cell dut/AaB0[2].SS/sort3/o_labels_reg[3][15]_i_2__2. This is not good design practice and will likely impact performance. For SLICE registers, for example, use the CE pin to control the loading of data.
Related violations: <none>

PDRC-153#13 Warning
Gated clock check  
Net dut/SS_11/sort2/E[0] is a gated clock net sourced by a combinational pin dut/SS_11/sort2/o_labels_reg[1][15]_i_2__3/O, cell dut/SS_11/sort2/o_labels_reg[1][15]_i_2__3. This is not good design practice and will likely impact performance. For SLICE registers, for example, use the CE pin to control the loading of data.
Related violations: <none>

PDRC-153#14 Warning
Gated clock check  
Net dut/SS_11/sort2/l_m1_r_reg[1][2]_0[0] is a gated clock net sourced by a combinational pin dut/SS_11/sort2/o_labels_reg[2][15]_i_2__3/O, cell dut/SS_11/sort2/o_labels_reg[2][15]_i_2__3. This is not good design practice and will likely impact performance. For SLICE registers, for example, use the CE pin to control the loading of data.
Related violations: <none>

PDRC-153#15 Warning
Gated clock check  
Net dut/SS_11/sort3/E[0] is a gated clock net sourced by a combinational pin dut/SS_11/sort3/o_labels_reg[3][15]_i_2__3/O, cell dut/SS_11/sort3/o_labels_reg[3][15]_i_2__3. This is not good design practice and will likely impact performance. For SLICE registers, for example, use the CE pin to control the loading of data.
Related violations: <none>


