Vivado Simulator v2022.1
Copyright 1986-1999, 2001-2022 Xilinx, Inc. All Rights Reserved.
Running: C:/Xilinx/Vivado/2022.1/bin/unwrapped/win64.o/xelab.exe --incr --debug typical --relax --mt 2 -L xil_defaultlib -L uvm -L unisims_ver -L unimacro_ver -L secureip --snapshot tb_merge_tree_behav xil_defaultlib.tb_merge_tree xil_defaultlib.glbl -log elaborate.log 
Using 2 slave threads.
Starting static elaboration
Pass Through NonSizing Optimizer
Completed static elaboration
Starting simulation data flow analysis
WARNING: [XSIM 43-4099] "C:/LRMLD/module_library/merge_tree/merge_tree.srcs/sources_1/new/merge_tree.sv" Line 1. Module merge_tree(FF_P=3'b011) doesn't have a timescale but at least one module in design has a timescale.
WARNING: [XSIM 43-4099] "C:/LRMLD/module_library/merge_tree/merge_tree.srcs/sources_1/new/merge_2n_n.sv" Line 1. Module merge_2n_n(FF_P=3'b011) doesn't have a timescale but at least one module in design has a timescale.
WARNING: [XSIM 43-4099] "C:/LRMLD/module_library/merge_tree/merge_tree.srcs/sources_1/new/cas_l.sv" Line 5. Module cas_l(USE_FF=1'b0) doesn't have a timescale but at least one module in design has a timescale.
WARNING: [XSIM 43-4099] "C:/LRMLD/module_library/merge_tree/merge_tree.srcs/sources_1/new/cas_l.sv" Line 5. Module cas_l(USE_FF=1'b0) doesn't have a timescale but at least one module in design has a timescale.
WARNING: [XSIM 43-4099] "C:/LRMLD/module_library/merge_tree/merge_tree.srcs/sources_1/new/cas_l.sv" Line 5. Module cas_l(USE_FF=1'b0) doesn't have a timescale but at least one module in design has a timescale.
WARNING: [XSIM 43-4099] "C:/LRMLD/module_library/merge_tree/merge_tree.srcs/sources_1/new/cas_l.sv" Line 5. Module cas_l(USE_FF=1'b0) doesn't have a timescale but at least one module in design has a timescale.
WARNING: [XSIM 43-4099] "C:/LRMLD/module_library/merge_tree/merge_tree.srcs/sources_1/new/cas_l.sv" Line 5. Module cas_l(USE_FF=1'b1) doesn't have a timescale but at least one module in design has a timescale.
WARNING: [XSIM 43-4099] "C:/LRMLD/module_library/merge_tree/merge_tree.srcs/sources_1/new/cas_l.sv" Line 5. Module cas_l(USE_FF=1'b1) doesn't have a timescale but at least one module in design has a timescale.
WARNING: [XSIM 43-4099] "C:/LRMLD/module_library/merge_tree/merge_tree.srcs/sources_1/new/delay_line.sv" Line 15. Module delay_line(DELAY=1'b1,WIDTH=10,STYLE="auto") doesn't have a timescale but at least one module in design has a timescale.
WARNING: [XSIM 43-4099] "C:/LRMLD/module_library/merge_tree/merge_tree.srcs/sources_1/new/delay_line.sv" Line 15. Module delay_line(DELAY=1'b1,WIDTH=10,STYLE="auto") doesn't have a timescale but at least one module in design has a timescale.
WARNING: [XSIM 43-4099] "C:/LRMLD/module_library/merge_tree/merge_tree.srcs/sources_1/new/cas_l.sv" Line 5. Module cas_l(USE_FF=1'b1) doesn't have a timescale but at least one module in design has a timescale.
WARNING: [XSIM 43-4099] "C:/LRMLD/module_library/merge_tree/merge_tree.srcs/sources_1/new/cas_l.sv" Line 5. Module cas_l(USE_FF=1'b1) doesn't have a timescale but at least one module in design has a timescale.
WARNING: [XSIM 43-4099] "C:/LRMLD/module_library/merge_tree/merge_tree.srcs/sources_1/new/delay_line.sv" Line 15. Module delay_line(DELAY=1'b1,WIDTH=10,STYLE="auto") doesn't have a timescale but at least one module in design has a timescale.
WARNING: [XSIM 43-4099] "C:/LRMLD/module_library/merge_tree/merge_tree.srcs/sources_1/new/merge_2n_n.sv" Line 1. Module merge_2n_n(FF_P=3'b011) doesn't have a timescale but at least one module in design has a timescale.
WARNING: [XSIM 43-4099] "C:/LRMLD/module_library/merge_tree/merge_tree.srcs/sources_1/new/cas_l.sv" Line 5. Module cas_l(USE_FF=1'b0) doesn't have a timescale but at least one module in design has a timescale.
WARNING: [XSIM 43-4099] "C:/LRMLD/module_library/merge_tree/merge_tree.srcs/sources_1/new/cas_l.sv" Line 5. Module cas_l(USE_FF=1'b0) doesn't have a timescale but at least one module in design has a timescale.
WARNING: [XSIM 43-4099] "C:/LRMLD/module_library/merge_tree/merge_tree.srcs/sources_1/new/cas_l.sv" Line 5. Module cas_l(USE_FF=1'b0) doesn't have a timescale but at least one module in design has a timescale.
WARNING: [XSIM 43-4099] "C:/LRMLD/module_library/merge_tree/merge_tree.srcs/sources_1/new/cas_l.sv" Line 5. Module cas_l(USE_FF=1'b0) doesn't have a timescale but at least one module in design has a timescale.
WARNING: [XSIM 43-4099] "C:/LRMLD/module_library/merge_tree/merge_tree.srcs/sources_1/new/cas_l.sv" Line 5. Module cas_l(USE_FF=1'b1) doesn't have a timescale but at least one module in design has a timescale.
WARNING: [XSIM 43-4099] "C:/LRMLD/module_library/merge_tree/merge_tree.srcs/sources_1/new/cas_l.sv" Line 5. Module cas_l(USE_FF=1'b1) doesn't have a timescale but at least one module in design has a timescale.
WARNING: [XSIM 43-4099] "C:/LRMLD/module_library/merge_tree/merge_tree.srcs/sources_1/new/delay_line.sv" Line 15. Module delay_line(DELAY=1'b1,WIDTH=10,STYLE="auto") doesn't have a timescale but at least one module in design has a timescale.
WARNING: [XSIM 43-4099] "C:/LRMLD/module_library/merge_tree/merge_tree.srcs/sources_1/new/delay_line.sv" Line 15. Module delay_line(DELAY=1'b1,WIDTH=10,STYLE="auto") doesn't have a timescale but at least one module in design has a timescale.
WARNING: [XSIM 43-4099] "C:/LRMLD/module_library/merge_tree/merge_tree.srcs/sources_1/new/cas_l.sv" Line 5. Module cas_l(USE_FF=1'b1) doesn't have a timescale but at least one module in design has a timescale.
WARNING: [XSIM 43-4099] "C:/LRMLD/module_library/merge_tree/merge_tree.srcs/sources_1/new/cas_l.sv" Line 5. Module cas_l(USE_FF=1'b1) doesn't have a timescale but at least one module in design has a timescale.
WARNING: [XSIM 43-4099] "C:/LRMLD/module_library/merge_tree/merge_tree.srcs/sources_1/new/delay_line.sv" Line 15. Module delay_line(DELAY=1'b1,WIDTH=10,STYLE="auto") doesn't have a timescale but at least one module in design has a timescale.
WARNING: [XSIM 43-4099] "C:/LRMLD/module_library/merge_tree/merge_tree.srcs/sources_1/new/delay_line.sv" Line 15. Module delay_line(DELAY=2,WIDTH=8) doesn't have a timescale but at least one module in design has a timescale.
WARNING: [XSIM 43-4099] "C:/LRMLD/module_library/merge_tree/merge_tree.srcs/sources_1/new/delay_line.sv" Line 15. Module delay_line(DELAY=2,WIDTH=2) doesn't have a timescale but at least one module in design has a timescale.
WARNING: [XSIM 43-4099] "C:/LRMLD/module_library/merge_tree/merge_tree.srcs/sources_1/new/delay_line.sv" Line 15. Module delay_line(DELAY=2,WIDTH=8) doesn't have a timescale but at least one module in design has a timescale.
WARNING: [XSIM 43-4099] "C:/LRMLD/module_library/merge_tree/merge_tree.srcs/sources_1/new/delay_line.sv" Line 15. Module delay_line(DELAY=2,WIDTH=2) doesn't have a timescale but at least one module in design has a timescale.
WARNING: [XSIM 43-4099] "C:/LRMLD/module_library/merge_tree/merge_tree.srcs/sources_1/new/delay_line.sv" Line 15. Module delay_line(DELAY=2,WIDTH=8) doesn't have a timescale but at least one module in design has a timescale.
WARNING: [XSIM 43-4099] "C:/LRMLD/module_library/merge_tree/merge_tree.srcs/sources_1/new/delay_line.sv" Line 15. Module delay_line(DELAY=2,WIDTH=2) doesn't have a timescale but at least one module in design has a timescale.
WARNING: [XSIM 43-4099] "C:/LRMLD/module_library/merge_tree/merge_tree.srcs/sources_1/new/delay_line.sv" Line 15. Module delay_line(DELAY=2,WIDTH=8) doesn't have a timescale but at least one module in design has a timescale.
WARNING: [XSIM 43-4099] "C:/LRMLD/module_library/merge_tree/merge_tree.srcs/sources_1/new/delay_line.sv" Line 15. Module delay_line(DELAY=2,WIDTH=2) doesn't have a timescale but at least one module in design has a timescale.
WARNING: [XSIM 43-4099] "C:/LRMLD/module_library/merge_tree/merge_tree.srcs/sources_1/new/delay_line.sv" Line 15. Module delay_line(DELAY=2) doesn't have a timescale but at least one module in design has a timescale.
WARNING: [XSIM 43-4099] "C:/LRMLD/module_library/merge_tree/merge_tree.srcs/sources_1/new/merge_2n_n.sv" Line 1. Module merge_2n_n(FF_P=3'b011) doesn't have a timescale but at least one module in design has a timescale.
WARNING: [XSIM 43-4099] "C:/LRMLD/module_library/merge_tree/merge_tree.srcs/sources_1/new/cas_l.sv" Line 5. Module cas_l(USE_FF=1'b0) doesn't have a timescale but at least one module in design has a timescale.
WARNING: [XSIM 43-4099] "C:/LRMLD/module_library/merge_tree/merge_tree.srcs/sources_1/new/cas_l.sv" Line 5. Module cas_l(USE_FF=1'b0) doesn't have a timescale but at least one module in design has a timescale.
WARNING: [XSIM 43-4099] "C:/LRMLD/module_library/merge_tree/merge_tree.srcs/sources_1/new/cas_l.sv" Line 5. Module cas_l(USE_FF=1'b0) doesn't have a timescale but at least one module in design has a timescale.
WARNING: [XSIM 43-4099] "C:/LRMLD/module_library/merge_tree/merge_tree.srcs/sources_1/new/cas_l.sv" Line 5. Module cas_l(USE_FF=1'b0) doesn't have a timescale but at least one module in design has a timescale.
WARNING: [XSIM 43-4099] "C:/LRMLD/module_library/merge_tree/merge_tree.srcs/sources_1/new/cas_l.sv" Line 5. Module cas_l(USE_FF=1'b1) doesn't have a timescale but at least one module in design has a timescale.
WARNING: [XSIM 43-4099] "C:/LRMLD/module_library/merge_tree/merge_tree.srcs/sources_1/new/cas_l.sv" Line 5. Module cas_l(USE_FF=1'b1) doesn't have a timescale but at least one module in design has a timescale.
WARNING: [XSIM 43-4099] "C:/LRMLD/module_library/merge_tree/merge_tree.srcs/sources_1/new/delay_line.sv" Line 15. Module delay_line(DELAY=1'b1,WIDTH=10,STYLE="auto") doesn't have a timescale but at least one module in design has a timescale.
WARNING: [XSIM 43-4099] "C:/LRMLD/module_library/merge_tree/merge_tree.srcs/sources_1/new/delay_line.sv" Line 15. Module delay_line(DELAY=1'b1,WIDTH=10,STYLE="auto") doesn't have a timescale but at least one module in design has a timescale.
WARNING: [XSIM 43-4099] "C:/LRMLD/module_library/merge_tree/merge_tree.srcs/sources_1/new/cas_l.sv" Line 5. Module cas_l(USE_FF=1'b1) doesn't have a timescale but at least one module in design has a timescale.
WARNING: [XSIM 43-4099] "C:/LRMLD/module_library/merge_tree/merge_tree.srcs/sources_1/new/cas_l.sv" Line 5. Module cas_l(USE_FF=1'b1) doesn't have a timescale but at least one module in design has a timescale.
WARNING: [XSIM 43-4099] "C:/LRMLD/module_library/merge_tree/merge_tree.srcs/sources_1/new/delay_line.sv" Line 15. Module delay_line(DELAY=1'b1,WIDTH=10,STYLE="auto") doesn't have a timescale but at least one module in design has a timescale.
WARNING: [XSIM 43-4099] "C:/LRMLD/module_library/merge_tree/merge_tree.srcs/sources_1/new/delay_line.sv" Line 15. Module delay_line(DELAY=2,WIDTH=8) doesn't have a timescale but at least one module in design has a timescale.
WARNING: [XSIM 43-4099] "C:/LRMLD/module_library/merge_tree/merge_tree.srcs/sources_1/new/delay_line.sv" Line 15. Module delay_line(DELAY=2,WIDTH=2) doesn't have a timescale but at least one module in design has a timescale.
WARNING: [XSIM 43-4099] "C:/LRMLD/module_library/merge_tree/merge_tree.srcs/sources_1/new/delay_line.sv" Line 15. Module delay_line(DELAY=2,WIDTH=8) doesn't have a timescale but at least one module in design has a timescale.
WARNING: [XSIM 43-4099] "C:/LRMLD/module_library/merge_tree/merge_tree.srcs/sources_1/new/delay_line.sv" Line 15. Module delay_line(DELAY=2,WIDTH=2) doesn't have a timescale but at least one module in design has a timescale.
WARNING: [XSIM 43-4099] "C:/LRMLD/module_library/merge_tree/merge_tree.srcs/sources_1/new/delay_line.sv" Line 15. Module delay_line(DELAY=2,WIDTH=8) doesn't have a timescale but at least one module in design has a timescale.
WARNING: [XSIM 43-4099] "C:/LRMLD/module_library/merge_tree/merge_tree.srcs/sources_1/new/delay_line.sv" Line 15. Module delay_line(DELAY=2,WIDTH=2) doesn't have a timescale but at least one module in design has a timescale.
WARNING: [XSIM 43-4099] "C:/LRMLD/module_library/merge_tree/merge_tree.srcs/sources_1/new/delay_line.sv" Line 15. Module delay_line(DELAY=2,WIDTH=8) doesn't have a timescale but at least one module in design has a timescale.
WARNING: [XSIM 43-4099] "C:/LRMLD/module_library/merge_tree/merge_tree.srcs/sources_1/new/delay_line.sv" Line 15. Module delay_line(DELAY=2,WIDTH=2) doesn't have a timescale but at least one module in design has a timescale.
WARNING: [XSIM 43-4099] "C:/LRMLD/module_library/merge_tree/merge_tree.srcs/sources_1/new/delay_line.sv" Line 15. Module delay_line(DELAY=2) doesn't have a timescale but at least one module in design has a timescale.
WARNING: [XSIM 43-4099] "C:/LRMLD/module_library/merge_tree/merge_tree.srcs/sources_1/new/merge_2n_n.sv" Line 1. Module merge_2n_n(FF_P=3'b011) doesn't have a timescale but at least one module in design has a timescale.
WARNING: [XSIM 43-4099] "C:/LRMLD/module_library/merge_tree/merge_tree.srcs/sources_1/new/cas_l.sv" Line 5. Module cas_l(USE_FF=1'b0) doesn't have a timescale but at least one module in design has a timescale.
WARNING: [XSIM 43-4099] "C:/LRMLD/module_library/merge_tree/merge_tree.srcs/sources_1/new/cas_l.sv" Line 5. Module cas_l(USE_FF=1'b0) doesn't have a timescale but at least one module in design has a timescale.
WARNING: [XSIM 43-4099] "C:/LRMLD/module_library/merge_tree/merge_tree.srcs/sources_1/new/cas_l.sv" Line 5. Module cas_l(USE_FF=1'b0) doesn't have a timescale but at least one module in design has a timescale.
WARNING: [XSIM 43-4099] "C:/LRMLD/module_library/merge_tree/merge_tree.srcs/sources_1/new/cas_l.sv" Line 5. Module cas_l(USE_FF=1'b0) doesn't have a timescale but at least one module in design has a timescale.
WARNING: [XSIM 43-4099] "C:/LRMLD/module_library/merge_tree/merge_tree.srcs/sources_1/new/cas_l.sv" Line 5. Module cas_l(USE_FF=1'b1) doesn't have a timescale but at least one module in design has a timescale.
WARNING: [XSIM 43-4099] "C:/LRMLD/module_library/merge_tree/merge_tree.srcs/sources_1/new/cas_l.sv" Line 5. Module cas_l(USE_FF=1'b1) doesn't have a timescale but at least one module in design has a timescale.
WARNING: [XSIM 43-4099] "C:/LRMLD/module_library/merge_tree/merge_tree.srcs/sources_1/new/delay_line.sv" Line 15. Module delay_line(DELAY=1'b1,WIDTH=10,STYLE="auto") doesn't have a timescale but at least one module in design has a timescale.
WARNING: [XSIM 43-4099] "C:/LRMLD/module_library/merge_tree/merge_tree.srcs/sources_1/new/delay_line.sv" Line 15. Module delay_line(DELAY=1'b1,WIDTH=10,STYLE="auto") doesn't have a timescale but at least one module in design has a timescale.
WARNING: [XSIM 43-4099] "C:/LRMLD/module_library/merge_tree/merge_tree.srcs/sources_1/new/cas_l.sv" Line 5. Module cas_l(USE_FF=1'b1) doesn't have a timescale but at least one module in design has a timescale.
WARNING: [XSIM 43-4099] "C:/LRMLD/module_library/merge_tree/merge_tree.srcs/sources_1/new/cas_l.sv" Line 5. Module cas_l(USE_FF=1'b1) doesn't have a timescale but at least one module in design has a timescale.
WARNING: [XSIM 43-4099] "C:/LRMLD/module_library/merge_tree/merge_tree.srcs/sources_1/new/delay_line.sv" Line 15. Module delay_line(DELAY=1'b1,WIDTH=10,STYLE="auto") doesn't have a timescale but at least one module in design has a timescale.
WARNING: [XSIM 43-4099] "C:/LRMLD/module_library/merge_tree/merge_tree.srcs/sources_1/new/merge_tree.sv" Line 1. Module merge_tree(FF_P=3'b011) doesn't have a timescale but at least one module in design has a timescale.
WARNING: [XSIM 43-4099] "C:/LRMLD/module_library/merge_tree/merge_tree.srcs/sources_1/new/merge_2n_n.sv" Line 1. Module merge_2n_n(FF_P=3'b011) doesn't have a timescale but at least one module in design has a timescale.
WARNING: [XSIM 43-4099] "C:/LRMLD/module_library/merge_tree/merge_tree.srcs/sources_1/new/cas_l.sv" Line 5. Module cas_l(USE_FF=1'b0) doesn't have a timescale but at least one module in design has a timescale.
WARNING: [XSIM 43-4099] "C:/LRMLD/module_library/merge_tree/merge_tree.srcs/sources_1/new/cas_l.sv" Line 5. Module cas_l(USE_FF=1'b0) doesn't have a timescale but at least one module in design has a timescale.
WARNING: [XSIM 43-4099] "C:/LRMLD/module_library/merge_tree/merge_tree.srcs/sources_1/new/cas_l.sv" Line 5. Module cas_l(USE_FF=1'b0) doesn't have a timescale but at least one module in design has a timescale.
WARNING: [XSIM 43-4099] "C:/LRMLD/module_library/merge_tree/merge_tree.srcs/sources_1/new/cas_l.sv" Line 5. Module cas_l(USE_FF=1'b0) doesn't have a timescale but at least one module in design has a timescale.
WARNING: [XSIM 43-4099] "C:/LRMLD/module_library/merge_tree/merge_tree.srcs/sources_1/new/cas_l.sv" Line 5. Module cas_l(USE_FF=1'b1) doesn't have a timescale but at least one module in design has a timescale.
WARNING: [XSIM 43-4099] "C:/LRMLD/module_library/merge_tree/merge_tree.srcs/sources_1/new/cas_l.sv" Line 5. Module cas_l(USE_FF=1'b1) doesn't have a timescale but at least one module in design has a timescale.
WARNING: [XSIM 43-4099] "C:/LRMLD/module_library/merge_tree/merge_tree.srcs/sources_1/new/delay_line.sv" Line 15. Module delay_line(DELAY=1'b1,WIDTH=10,STYLE="auto") doesn't have a timescale but at least one module in design has a timescale.
WARNING: [XSIM 43-4099] "C:/LRMLD/module_library/merge_tree/merge_tree.srcs/sources_1/new/delay_line.sv" Line 15. Module delay_line(DELAY=1'b1,WIDTH=10,STYLE="auto") doesn't have a timescale but at least one module in design has a timescale.
WARNING: [XSIM 43-4099] "C:/LRMLD/module_library/merge_tree/merge_tree.srcs/sources_1/new/cas_l.sv" Line 5. Module cas_l(USE_FF=1'b1) doesn't have a timescale but at least one module in design has a timescale.
WARNING: [XSIM 43-4099] "C:/LRMLD/module_library/merge_tree/merge_tree.srcs/sources_1/new/cas_l.sv" Line 5. Module cas_l(USE_FF=1'b1) doesn't have a timescale but at least one module in design has a timescale.
WARNING: [XSIM 43-4099] "C:/LRMLD/module_library/merge_tree/merge_tree.srcs/sources_1/new/delay_line.sv" Line 15. Module delay_line(DELAY=1'b1,WIDTH=10,STYLE="auto") doesn't have a timescale but at least one module in design has a timescale.
WARNING: [XSIM 43-4099] "C:/LRMLD/module_library/merge_tree/merge_tree.srcs/sources_1/new/merge_2n_n.sv" Line 1. Module merge_2n_n(FF_P=3'b011) doesn't have a timescale but at least one module in design has a timescale.
WARNING: [XSIM 43-4099] "C:/LRMLD/module_library/merge_tree/merge_tree.srcs/sources_1/new/cas_l.sv" Line 5. Module cas_l(USE_FF=1'b0) doesn't have a timescale but at least one module in design has a timescale.
WARNING: [XSIM 43-4099] "C:/LRMLD/module_library/merge_tree/merge_tree.srcs/sources_1/new/cas_l.sv" Line 5. Module cas_l(USE_FF=1'b0) doesn't have a timescale but at least one module in design has a timescale.
WARNING: [XSIM 43-4099] "C:/LRMLD/module_library/merge_tree/merge_tree.srcs/sources_1/new/cas_l.sv" Line 5. Module cas_l(USE_FF=1'b0) doesn't have a timescale but at least one module in design has a timescale.
WARNING: [XSIM 43-4099] "C:/LRMLD/module_library/merge_tree/merge_tree.srcs/sources_1/new/cas_l.sv" Line 5. Module cas_l(USE_FF=1'b0) doesn't have a timescale but at least one module in design has a timescale.
WARNING: [XSIM 43-4099] "C:/LRMLD/module_library/merge_tree/merge_tree.srcs/sources_1/new/cas_l.sv" Line 5. Module cas_l(USE_FF=1'b1) doesn't have a timescale but at least one module in design has a timescale.
WARNING: [XSIM 43-4099] "C:/LRMLD/module_library/merge_tree/merge_tree.srcs/sources_1/new/cas_l.sv" Line 5. Module cas_l(USE_FF=1'b1) doesn't have a timescale but at least one module in design has a timescale.
WARNING: [XSIM 43-4099] "C:/LRMLD/module_library/merge_tree/merge_tree.srcs/sources_1/new/delay_line.sv" Line 15. Module delay_line(DELAY=1'b1,WIDTH=10,STYLE="auto") doesn't have a timescale but at least one module in design has a timescale.
WARNING: [XSIM 43-4099] "C:/LRMLD/module_library/merge_tree/merge_tree.srcs/sources_1/new/delay_line.sv" Line 15. Module delay_line(DELAY=1'b1,WIDTH=10,STYLE="auto") doesn't have a timescale but at least one module in design has a timescale.
WARNING: [XSIM 43-4099] "C:/LRMLD/module_library/merge_tree/merge_tree.srcs/sources_1/new/cas_l.sv" Line 5. Module cas_l(USE_FF=1'b1) doesn't have a timescale but at least one module in design has a timescale.
WARNING: [XSIM 43-4099] "C:/LRMLD/module_library/merge_tree/merge_tree.srcs/sources_1/new/cas_l.sv" Line 5. Module cas_l(USE_FF=1'b1) doesn't have a timescale but at least one module in design has a timescale.
WARNING: [XSIM 43-4099] "C:/LRMLD/module_library/merge_tree/merge_tree.srcs/sources_1/new/delay_line.sv" Line 15. Module delay_line(DELAY=1'b1,WIDTH=10,STYLE="auto") doesn't have a timescale but at least one module in design has a timescale.
WARNING: [XSIM 43-4099] "C:/LRMLD/module_library/merge_tree/merge_tree.srcs/sources_1/new/delay_line.sv" Line 15. Module delay_line(DELAY=2,WIDTH=8) doesn't have a timescale but at least one module in design has a timescale.
WARNING: [XSIM 43-4099] "C:/LRMLD/module_library/merge_tree/merge_tree.srcs/sources_1/new/delay_line.sv" Line 15. Module delay_line(DELAY=2,WIDTH=2) doesn't have a timescale but at least one module in design has a timescale.
WARNING: [XSIM 43-4099] "C:/LRMLD/module_library/merge_tree/merge_tree.srcs/sources_1/new/delay_line.sv" Line 15. Module delay_line(DELAY=2,WIDTH=8) doesn't have a timescale but at least one module in design has a timescale.
WARNING: [XSIM 43-4099] "C:/LRMLD/module_library/merge_tree/merge_tree.srcs/sources_1/new/delay_line.sv" Line 15. Module delay_line(DELAY=2,WIDTH=2) doesn't have a timescale but at least one module in design has a timescale.
WARNING: [XSIM 43-4099] "C:/LRMLD/module_library/merge_tree/merge_tree.srcs/sources_1/new/delay_line.sv" Line 15. Module delay_line(DELAY=2,WIDTH=8) doesn't have a timescale but at least one module in design has a timescale.
WARNING: [XSIM 43-4099] "C:/LRMLD/module_library/merge_tree/merge_tree.srcs/sources_1/new/delay_line.sv" Line 15. Module delay_line(DELAY=2,WIDTH=2) doesn't have a timescale but at least one module in design has a timescale.
WARNING: [XSIM 43-4099] "C:/LRMLD/module_library/merge_tree/merge_tree.srcs/sources_1/new/delay_line.sv" Line 15. Module delay_line(DELAY=2,WIDTH=8) doesn't have a timescale but at least one module in design has a timescale.
WARNING: [XSIM 43-4099] "C:/LRMLD/module_library/merge_tree/merge_tree.srcs/sources_1/new/delay_line.sv" Line 15. Module delay_line(DELAY=2,WIDTH=2) doesn't have a timescale but at least one module in design has a timescale.
INFO: [Common 17-14] Message 'XSIM 43-4099' appears 100 times and further instances of the messages will be disabled. Use the Tcl command set_msg_config to change the current settings.
Completed simulation data flow analysis
Time Resolution for simulation is 1ps
Compiling module xil_defaultlib.cas_l(USE_FF=1'b0)
Compiling module xil_defaultlib.cas_l(USE_FF=1'b1)
Compiling module xil_defaultlib.delay_line(DELAY=1'b1,WIDTH=10,S...
Compiling module xil_defaultlib.merge_2n_n(FF_P=3'b011)
Compiling module xil_defaultlib.delay_line(DELAY=2,WIDTH=8)
Compiling module xil_defaultlib.delay_line(DELAY=2,WIDTH=2)
Compiling module xil_defaultlib.delay_line(DELAY=2)
Compiling module xil_defaultlib.merge_tree(FF_P=3'b011)
Compiling module xil_defaultlib.tb_merge_tree
Compiling module xil_defaultlib.glbl
Built simulation snapshot tb_merge_tree_behav
