
*** Running vivado
    with args -log wp_SS8.vdi -applog -m64 -product Vivado -messageDb vivado.pb -mode batch -source wp_SS8.tcl -notrace



****** Vivado v2022.1 (64-bit)
  **** SW Build 3526262 on Mon Apr 18 15:48:16 MDT 2022
  **** IP Build 3524634 on Mon Apr 18 20:55:01 MDT 2022
    ** Copyright 1986-2022 Xilinx, Inc. All Rights Reserved.

source wp_SS8.tcl -notrace
Command: link_design -top wp_SS8 -part xcku035-fbva676-1-i
Design is defaulting to srcset: sources_1
Design is defaulting to constrset: constrs_1
INFO: [Device 21-403] Loading part xcku035-fbva676-1-i
Netlist sorting complete. Time (s): cpu = 00:00:00 ; elapsed = 00:00:00.016 . Memory (MB): peak = 1294.395 ; gain = 0.000
INFO: [Netlist 29-17] Analyzing 132 Unisim elements for replacement
INFO: [Netlist 29-28] Unisim Transformation completed in 0 CPU seconds
INFO: [Project 1-479] Netlist was created with Vivado 2022.1
INFO: [Project 1-570] Preparing netlist for logic optimization
Parsing XDC File [C:/QW/bitonic_sort/bitonic_sort.srcs/constrs_1/new/constraints.xdc]
Finished Parsing XDC File [C:/QW/bitonic_sort/bitonic_sort.srcs/constrs_1/new/constraints.xdc]
INFO: [Opt 31-138] Pushed 0 inverter(s) to 0 load pin(s).
Netlist sorting complete. Time (s): cpu = 00:00:00 ; elapsed = 00:00:00.001 . Memory (MB): peak = 1294.395 ; gain = 0.000
INFO: [Project 1-111] Unisim Transformation Summary:
  A total of 86 instances were transformed.
  IBUF => IBUF (IBUFCTRL, INBUF): 86 instances

7 Infos, 0 Warnings, 0 Critical Warnings and 0 Errors encountered.
link_design completed successfully
link_design: Time (s): cpu = 00:00:05 ; elapsed = 00:00:06 . Memory (MB): peak = 1294.395 ; gain = 0.000
Command: opt_design
Attempting to get a license for feature 'Implementation' and/or device 'xcku035'
INFO: [Common 17-349] Got license for feature 'Implementation' and/or device 'xcku035'
Running DRC as a precondition to command opt_design

Starting DRC Task
INFO: [DRC 23-27] Running DRC with 2 threads
INFO: [Project 1-461] DRC finished with 0 Errors
INFO: [Project 1-462] Please refer to the DRC report (report_drc) for more information.

Time (s): cpu = 00:00:01 ; elapsed = 00:00:01 . Memory (MB): peak = 1294.395 ; gain = 0.000

Starting Cache Timing Information Task
INFO: [Timing 38-35] Done setting XDC timing constraints.
Ending Cache Timing Information Task | Checksum: 18435eac3

Time (s): cpu = 00:00:02 ; elapsed = 00:00:02 . Memory (MB): peak = 1403.211 ; gain = 108.816

Starting Logic Optimization Task

Phase 1 Retarget
INFO: [Opt 31-138] Pushed 0 inverter(s) to 0 load pin(s).
INFO: [Opt 31-49] Retargeted 0 cell(s).
Phase 1 Retarget | Checksum: 1bbbc0eae

Time (s): cpu = 00:00:00 ; elapsed = 00:00:00.101 . Memory (MB): peak = 1717.215 ; gain = 0.000
INFO: [Opt 31-389] Phase Retarget created 0 cells and removed 0 cells

Phase 2 Constant propagation
INFO: [Opt 31-138] Pushed 0 inverter(s) to 0 load pin(s).
Phase 2 Constant propagation | Checksum: 1365a83aa

Time (s): cpu = 00:00:00 ; elapsed = 00:00:00.119 . Memory (MB): peak = 1717.215 ; gain = 0.000
INFO: [Opt 31-389] Phase Constant propagation created 0 cells and removed 0 cells

Phase 3 Sweep
Phase 3 Sweep | Checksum: 14dadfdc0

Time (s): cpu = 00:00:00 ; elapsed = 00:00:00.151 . Memory (MB): peak = 1717.215 ; gain = 0.000
INFO: [Opt 31-389] Phase Sweep created 0 cells and removed 0 cells

Phase 4 BUFG optimization
INFO: [Opt 31-1077] Phase BUFG optimization inserted 0 global clock buffer(s) for CLOCK_LOW_FANOUT.
Phase 4 BUFG optimization | Checksum: 14dadfdc0

Time (s): cpu = 00:00:00 ; elapsed = 00:00:00.194 . Memory (MB): peak = 1717.215 ; gain = 0.000
INFO: [Opt 31-662] Phase BUFG optimization created 0 cells of which 0 are BUFGs and removed 0 cells.

Phase 5 Shift Register Optimization
INFO: [Opt 31-1064] SRL Remap converted 0 SRLs to 0 registers and converted 0 registers of register chains to 0 SRLs
Phase 5 Shift Register Optimization | Checksum: 14dadfdc0

Time (s): cpu = 00:00:00 ; elapsed = 00:00:00.206 . Memory (MB): peak = 1717.215 ; gain = 0.000
INFO: [Opt 31-389] Phase Shift Register Optimization created 0 cells and removed 0 cells

Phase 6 Post Processing Netlist
Phase 6 Post Processing Netlist | Checksum: 14dadfdc0

Time (s): cpu = 00:00:00 ; elapsed = 00:00:00.214 . Memory (MB): peak = 1717.215 ; gain = 0.000
INFO: [Opt 31-389] Phase Post Processing Netlist created 0 cells and removed 0 cells
Opt_design Change Summary
=========================


-------------------------------------------------------------------------------------------------------------------------
|  Phase                        |  #Cells created  |  #Cells Removed  |  #Constrained objects preventing optimizations  |
-------------------------------------------------------------------------------------------------------------------------
|  Retarget                     |               0  |               0  |                                              0  |
|  Constant propagation         |               0  |               0  |                                              0  |
|  Sweep                        |               0  |               0  |                                              0  |
|  BUFG optimization            |               0  |               0  |                                              0  |
|  Shift Register Optimization  |               0  |               0  |                                              0  |
|  Post Processing Netlist      |               0  |               0  |                                              0  |
-------------------------------------------------------------------------------------------------------------------------



Starting Connectivity Check Task

Time (s): cpu = 00:00:00 ; elapsed = 00:00:00.005 . Memory (MB): peak = 1717.215 ; gain = 0.000
Ending Logic Optimization Task | Checksum: 1872b724c

Time (s): cpu = 00:00:00 ; elapsed = 00:00:00.252 . Memory (MB): peak = 1717.215 ; gain = 0.000

Starting Power Optimization Task
INFO: [Pwropt 34-132] Skipping clock gating for clocks with a period < 2.00 ns.
Ending Power Optimization Task | Checksum: 1872b724c

Time (s): cpu = 00:00:00 ; elapsed = 00:00:00.009 . Memory (MB): peak = 1717.215 ; gain = 0.000

Starting Final Cleanup Task
Ending Final Cleanup Task | Checksum: 1872b724c

Time (s): cpu = 00:00:00 ; elapsed = 00:00:00.001 . Memory (MB): peak = 1717.215 ; gain = 0.000

Starting Netlist Obfuscation Task
Netlist sorting complete. Time (s): cpu = 00:00:00 ; elapsed = 00:00:00 . Memory (MB): peak = 1717.215 ; gain = 0.000
Ending Netlist Obfuscation Task | Checksum: 1872b724c

Time (s): cpu = 00:00:00 ; elapsed = 00:00:00.001 . Memory (MB): peak = 1717.215 ; gain = 0.000
INFO: [Common 17-83] Releasing license: Implementation
25 Infos, 0 Warnings, 0 Critical Warnings and 0 Errors encountered.
opt_design completed successfully
opt_design: Time (s): cpu = 00:00:05 ; elapsed = 00:00:06 . Memory (MB): peak = 1717.215 ; gain = 422.820
INFO: [Timing 38-480] Writing timing data to binary archive.
Writing XDEF routing.
Writing XDEF routing logical nets.
Writing XDEF routing special nets.
Write XDEF Complete: Time (s): cpu = 00:00:01 ; elapsed = 00:00:00.073 . Memory (MB): peak = 1717.215 ; gain = 0.000
INFO: [Common 17-1381] The checkpoint 'C:/LRMLD/sum_select8/sum_select8.runs/impl_1/wp_SS8_opt.dcp' has been generated.
INFO: [runtcl-4] Executing : report_drc -file wp_SS8_drc_opted.rpt -pb wp_SS8_drc_opted.pb -rpx wp_SS8_drc_opted.rpx
Command: report_drc -file wp_SS8_drc_opted.rpt -pb wp_SS8_drc_opted.pb -rpx wp_SS8_drc_opted.rpx
INFO: [IP_Flow 19-234] Refreshing IP repositories
INFO: [IP_Flow 19-1704] No user IP repositories specified
INFO: [IP_Flow 19-2313] Loaded Vivado IP repository 'C:/Xilinx/Vivado/2022.1/data/ip'.
INFO: [Timing 38-35] Done setting XDC timing constraints.
INFO: [DRC 23-27] Running DRC with 2 threads
INFO: [Vivado_Tcl 2-168] The results of DRC are in file C:/LRMLD/sum_select8/sum_select8.runs/impl_1/wp_SS8_drc_opted.rpt.
report_drc completed successfully
report_drc: Time (s): cpu = 00:00:25 ; elapsed = 00:00:26 . Memory (MB): peak = 3135.266 ; gain = 1418.051
Command: place_design
Attempting to get a license for feature 'Implementation' and/or device 'xcku035'
INFO: [Common 17-349] Got license for feature 'Implementation' and/or device 'xcku035'
INFO: [DRC 23-27] Running DRC with 2 threads
INFO: [Vivado_Tcl 4-198] DRC finished with 0 Errors
INFO: [Vivado_Tcl 4-199] Please refer to the DRC report (report_drc) for more information.
Running DRC as a precondition to command place_design
INFO: [DRC 23-27] Running DRC with 2 threads
INFO: [Vivado_Tcl 4-198] DRC finished with 0 Errors
INFO: [Vivado_Tcl 4-199] Please refer to the DRC report (report_drc) for more information.

Starting Placer Task
INFO: [Place 30-611] Multithreading enabled for place_design using a maximum of 2 CPUs

Phase 1 Placer Initialization

Phase 1.1 Placer Initialization Netlist Sorting
Netlist sorting complete. Time (s): cpu = 00:00:00 ; elapsed = 00:00:00.001 . Memory (MB): peak = 3135.266 ; gain = 0.000
Phase 1.1 Placer Initialization Netlist Sorting | Checksum: 1100c266b

Time (s): cpu = 00:00:00 ; elapsed = 00:00:00.010 . Memory (MB): peak = 3135.266 ; gain = 0.000
Netlist sorting complete. Time (s): cpu = 00:00:00 ; elapsed = 00:00:00 . Memory (MB): peak = 3135.266 ; gain = 0.000

Phase 1.2 IO Placement/ Clock Placement/ Build Placer Device
Phase 1.2 IO Placement/ Clock Placement/ Build Placer Device | Checksum: 100a10f8d

Time (s): cpu = 00:00:01 ; elapsed = 00:00:00.874 . Memory (MB): peak = 3135.266 ; gain = 0.000

Phase 1.3 Build Placer Netlist Model
Phase 1.3 Build Placer Netlist Model | Checksum: 1175de668

Time (s): cpu = 00:00:02 ; elapsed = 00:00:02 . Memory (MB): peak = 3135.266 ; gain = 0.000

Phase 1.4 Constrain Clocks/Macros
Phase 1.4 Constrain Clocks/Macros | Checksum: 1175de668

Time (s): cpu = 00:00:02 ; elapsed = 00:00:02 . Memory (MB): peak = 3135.266 ; gain = 0.000
Phase 1 Placer Initialization | Checksum: 1175de668

Time (s): cpu = 00:00:02 ; elapsed = 00:00:02 . Memory (MB): peak = 3135.266 ; gain = 0.000

Phase 2 Global Placement

Phase 2.1 Floorplanning
Phase 2.1 Floorplanning | Checksum: 18218fac5

Time (s): cpu = 00:00:02 ; elapsed = 00:00:02 . Memory (MB): peak = 3135.266 ; gain = 0.000

Phase 2.2 Update Timing before SLR Path Opt
Phase 2.2 Update Timing before SLR Path Opt | Checksum: 1152a7fee

Time (s): cpu = 00:00:02 ; elapsed = 00:00:02 . Memory (MB): peak = 3135.266 ; gain = 0.000

Phase 2.3 Post-Processing in Floorplanning
Phase 2.3 Post-Processing in Floorplanning | Checksum: 1152a7fee

Time (s): cpu = 00:00:02 ; elapsed = 00:00:02 . Memory (MB): peak = 3135.266 ; gain = 0.000

Phase 2.4 Global Placement Core

Phase 2.4.1 Physical Synthesis In Placer
INFO: [Physopt 32-1035] Found 0 LUTNM shape to break, 2 LUT instances to create LUTNM shape
INFO: [Physopt 32-1044] Break lutnm for timing: one critical 0, two critical 0, total 0, new lutff created 0
INFO: [Physopt 32-1138] End 1 Pass. Optimized 1 net or LUT. Breaked 0 LUT, combined 1 existing LUT and moved 0 existing LUT
INFO: [Physopt 32-65] No nets found for high-fanout optimization.
INFO: [Physopt 32-232] Optimized 0 net. Created 0 new instance.
INFO: [Physopt 32-775] End 1 Pass. Optimized 0 net or cell. Created 0 new cell, deleted 0 existing cell and moved 0 existing cell
INFO: [Physopt 32-456] No candidate cells for DSP register optimization found in the design.
INFO: [Physopt 32-775] End 2 Pass. Optimized 0 net or cell. Created 0 new cell, deleted 0 existing cell and moved 0 existing cell
INFO: [Physopt 32-1123] No candidate cells found for Shift Register to Pipeline optimization
INFO: [Physopt 32-775] End 1 Pass. Optimized 0 net or cell. Created 0 new cell, deleted 0 existing cell and moved 0 existing cell
INFO: [Physopt 32-775] End 1 Pass. Optimized 11 nets or cells. Created 13 new cells, deleted 0 existing cell and moved 0 existing cell
Netlist sorting complete. Time (s): cpu = 00:00:00 ; elapsed = 00:00:00.013 . Memory (MB): peak = 3135.266 ; gain = 0.000
INFO: [Physopt 32-526] No candidate cells for BRAM register optimization found in the design
INFO: [Physopt 32-775] End 1 Pass. Optimized 0 net or cell. Created 0 new cell, deleted 0 existing cell and moved 0 existing cell
INFO: [Physopt 32-846] No candidate cells for URAM register optimization found in the design
INFO: [Physopt 32-775] End 2 Pass. Optimized 0 net or cell. Created 0 new cell, deleted 0 existing cell and moved 0 existing cell
INFO: [Physopt 32-949] No candidate nets found for dynamic/static region interface net replication
INFO: [Physopt 32-775] End 1 Pass. Optimized 0 net or cell. Created 0 new cell, deleted 0 existing cell and moved 0 existing cell
Netlist sorting complete. Time (s): cpu = 00:00:00 ; elapsed = 00:00:00 . Memory (MB): peak = 3135.266 ; gain = 0.000

Summary of Physical Synthesis Optimizations
============================================


-----------------------------------------------------------------------------------------------------------------------------------------------------------
|  Optimization                                     |  Added Cells  |  Removed Cells  |  Optimized Cells/Nets  |  Dont Touch  |  Iterations  |  Elapsed   |
-----------------------------------------------------------------------------------------------------------------------------------------------------------
|  LUT Combining                                    |            0  |              1  |                     1  |           0  |           1  |  00:00:00  |
|  Retime                                           |            0  |              0  |                     0  |           0  |           1  |  00:00:00  |
|  Very High Fanout                                 |            0  |              0  |                     0  |           0  |           1  |  00:00:00  |
|  DSP Register                                     |            0  |              0  |                     0  |           0  |           1  |  00:00:00  |
|  Shift Register to Pipeline                       |            0  |              0  |                     0  |           0  |           1  |  00:00:00  |
|  Shift Register                                   |           13  |              0  |                    11  |           0  |           1  |  00:00:00  |
|  BRAM Register                                    |            0  |              0  |                     0  |           0  |           1  |  00:00:00  |
|  URAM Register                                    |            0  |              0  |                     0  |           0  |           1  |  00:00:00  |
|  Dynamic/Static Region Interface Net Replication  |            0  |              0  |                     0  |           0  |           1  |  00:00:00  |
|  Total                                            |           13  |              1  |                    12  |           0  |           9  |  00:00:00  |
-----------------------------------------------------------------------------------------------------------------------------------------------------------


Phase 2.4.1 Physical Synthesis In Placer | Checksum: 16d114729

Time (s): cpu = 00:00:22 ; elapsed = 00:00:13 . Memory (MB): peak = 3135.266 ; gain = 0.000
Phase 2.4 Global Placement Core | Checksum: f48794e0

Time (s): cpu = 00:00:22 ; elapsed = 00:00:13 . Memory (MB): peak = 3135.266 ; gain = 0.000
Phase 2 Global Placement | Checksum: f48794e0

Time (s): cpu = 00:00:22 ; elapsed = 00:00:13 . Memory (MB): peak = 3135.266 ; gain = 0.000

Phase 3 Detail Placement

Phase 3.1 Commit Multi Column Macros
Phase 3.1 Commit Multi Column Macros | Checksum: 1224626b4

Time (s): cpu = 00:00:22 ; elapsed = 00:00:13 . Memory (MB): peak = 3135.266 ; gain = 0.000

Phase 3.2 Commit Most Macros & LUTRAMs
Phase 3.2 Commit Most Macros & LUTRAMs | Checksum: 1757b8039

Time (s): cpu = 00:00:23 ; elapsed = 00:00:13 . Memory (MB): peak = 3135.266 ; gain = 0.000

Phase 3.3 Small Shape DP

Phase 3.3.1 Small Shape Clustering
Phase 3.3.1 Small Shape Clustering | Checksum: 1428a6f02

Time (s): cpu = 00:00:26 ; elapsed = 00:00:16 . Memory (MB): peak = 3135.266 ; gain = 0.000

Phase 3.3.2 DP Optimization
Phase 3.3.2 DP Optimization | Checksum: 19f2114e4

Time (s): cpu = 00:00:28 ; elapsed = 00:00:18 . Memory (MB): peak = 3135.266 ; gain = 0.000

Phase 3.3.3 Flow Legalize Slice Clusters
Phase 3.3.3 Flow Legalize Slice Clusters | Checksum: f82a726b

Time (s): cpu = 00:00:28 ; elapsed = 00:00:18 . Memory (MB): peak = 3135.266 ; gain = 0.000

Phase 3.3.4 Slice Area Swap

Phase 3.3.4.1 Slice Area Swap Initial
Phase 3.3.4.1 Slice Area Swap Initial | Checksum: fb54bc37

Time (s): cpu = 00:00:28 ; elapsed = 00:00:18 . Memory (MB): peak = 3135.266 ; gain = 0.000
Phase 3.3.4 Slice Area Swap | Checksum: fb54bc37

Time (s): cpu = 00:00:28 ; elapsed = 00:00:18 . Memory (MB): peak = 3135.266 ; gain = 0.000
Phase 3.3 Small Shape DP | Checksum: 10c7a185a

Time (s): cpu = 00:00:29 ; elapsed = 00:00:19 . Memory (MB): peak = 3135.266 ; gain = 0.000

Phase 3.4 Re-assign LUT pins
Phase 3.4 Re-assign LUT pins | Checksum: 12422a329

Time (s): cpu = 00:00:29 ; elapsed = 00:00:19 . Memory (MB): peak = 3135.266 ; gain = 0.000

Phase 3.5 Pipeline Register Optimization
Phase 3.5 Pipeline Register Optimization | Checksum: 1627f1ebf

Time (s): cpu = 00:00:29 ; elapsed = 00:00:19 . Memory (MB): peak = 3135.266 ; gain = 0.000

Phase 3.6 Fast Optimization
Phase 3.6 Fast Optimization | Checksum: ab4ebe4e

Time (s): cpu = 00:00:45 ; elapsed = 00:00:37 . Memory (MB): peak = 3135.266 ; gain = 0.000
Phase 3 Detail Placement | Checksum: ab4ebe4e

Time (s): cpu = 00:00:45 ; elapsed = 00:00:37 . Memory (MB): peak = 3135.266 ; gain = 0.000

Phase 4 Post Placement Optimization and Clean-Up

Phase 4.1 Post Commit Optimization
INFO: [Timing 38-35] Done setting XDC timing constraints.

Phase 4.1.1 Post Placement Optimization
Post Placement Optimization Initialization | Checksum: 14ea44c59

Phase 4.1.1.1 BUFG Insertion

Starting Physical Synthesis Task

Phase 1 Physical Synthesis Initialization
INFO: [Physopt 32-721] Multithreading enabled for phys_opt_design using a maximum of 2 CPUs
INFO: [Physopt 32-619] Estimated Timing Summary | WNS=-1.759 | TNS=-1725.853 |
Phase 1 Physical Synthesis Initialization | Checksum: 1921c9491

Time (s): cpu = 00:00:00 ; elapsed = 00:00:00.076 . Memory (MB): peak = 3135.266 ; gain = 0.000
INFO: [Place 46-56] BUFG insertion identified 0 candidate nets. Inserted BUFG: 0, Replicated BUFG Driver: 0, Skipped due to Placement/Routing Conflicts: 0, Skipped due to Timing Degradation: 0, Skipped due to Illegal Netlist: 0.
Ending Physical Synthesis Task | Checksum: 118882904

Time (s): cpu = 00:00:00 ; elapsed = 00:00:00.103 . Memory (MB): peak = 3135.266 ; gain = 0.000
Phase 4.1.1.1 BUFG Insertion | Checksum: 14ea44c59

Time (s): cpu = 00:00:46 ; elapsed = 00:00:38 . Memory (MB): peak = 3135.266 ; gain = 0.000

Phase 4.1.1.2 Post Placement Timing Optimization
INFO: [Place 30-746] Post Placement Timing Summary WNS=-1.661. For the most accurate timing information please run report_timing.
Phase 4.1.1.2 Post Placement Timing Optimization | Checksum: 1834a2465

Time (s): cpu = 00:01:01 ; elapsed = 00:00:55 . Memory (MB): peak = 3135.266 ; gain = 0.000

Time (s): cpu = 00:01:01 ; elapsed = 00:00:55 . Memory (MB): peak = 3135.266 ; gain = 0.000
Phase 4.1 Post Commit Optimization | Checksum: 1834a2465

Time (s): cpu = 00:01:01 ; elapsed = 00:00:55 . Memory (MB): peak = 3135.266 ; gain = 0.000
Netlist sorting complete. Time (s): cpu = 00:00:00 ; elapsed = 00:00:00.001 . Memory (MB): peak = 3135.266 ; gain = 0.000

Phase 4.2 Post Placement Cleanup
Phase 4.2 Post Placement Cleanup | Checksum: 22a216c64

Time (s): cpu = 00:01:02 ; elapsed = 00:00:56 . Memory (MB): peak = 3135.266 ; gain = 0.000

Phase 4.3 Placer Reporting

Phase 4.3.1 Print Estimated Congestion
INFO: [Place 30-612] Post-Placement Estimated Congestion 
 ____________________________________________________
|           | Global Congestion | Short Congestion  |
| Direction | Region Size       | Region Size       |
|___________|___________________|___________________|
|      North|                1x1|                4x4|
|___________|___________________|___________________|
|      South|                1x1|                4x4|
|___________|___________________|___________________|
|       East|                1x1|                2x2|
|___________|___________________|___________________|
|       West|                1x1|                1x1|
|___________|___________________|___________________|

Phase 4.3.1 Print Estimated Congestion | Checksum: 22a216c64

Time (s): cpu = 00:01:02 ; elapsed = 00:00:56 . Memory (MB): peak = 3135.266 ; gain = 0.000
Phase 4.3 Placer Reporting | Checksum: 22a216c64

Time (s): cpu = 00:01:02 ; elapsed = 00:00:56 . Memory (MB): peak = 3135.266 ; gain = 0.000

Phase 4.4 Final Placement Cleanup
Netlist sorting complete. Time (s): cpu = 00:00:00 ; elapsed = 00:00:00.001 . Memory (MB): peak = 3135.266 ; gain = 0.000

Time (s): cpu = 00:01:02 ; elapsed = 00:00:56 . Memory (MB): peak = 3135.266 ; gain = 0.000
Phase 4 Post Placement Optimization and Clean-Up | Checksum: 2731d299a

Time (s): cpu = 00:01:02 ; elapsed = 00:00:56 . Memory (MB): peak = 3135.266 ; gain = 0.000
Ending Placer Task | Checksum: 24c8add8a

Time (s): cpu = 00:01:02 ; elapsed = 00:00:56 . Memory (MB): peak = 3135.266 ; gain = 0.000
INFO: [Common 17-83] Releasing license: Implementation
66 Infos, 0 Warnings, 0 Critical Warnings and 0 Errors encountered.
place_design completed successfully
place_design: Time (s): cpu = 00:01:04 ; elapsed = 00:00:57 . Memory (MB): peak = 3135.266 ; gain = 0.000
INFO: [Timing 38-480] Writing timing data to binary archive.
Writing XDEF routing.
Writing XDEF routing logical nets.
Writing XDEF routing special nets.
Write XDEF Complete: Time (s): cpu = 00:00:00 ; elapsed = 00:00:00.224 . Memory (MB): peak = 3135.266 ; gain = 0.000
INFO: [Common 17-1381] The checkpoint 'C:/LRMLD/sum_select8/sum_select8.runs/impl_1/wp_SS8_placed.dcp' has been generated.
INFO: [runtcl-4] Executing : report_io -file wp_SS8_io_placed.rpt
report_io: Time (s): cpu = 00:00:00 ; elapsed = 00:00:00.153 . Memory (MB): peak = 3135.266 ; gain = 0.000
INFO: [runtcl-4] Executing : report_utilization -file wp_SS8_utilization_placed.rpt -pb wp_SS8_utilization_placed.pb
INFO: [runtcl-4] Executing : report_control_sets -verbose -file wp_SS8_control_sets_placed.rpt
report_control_sets: Time (s): cpu = 00:00:00 ; elapsed = 00:00:00.009 . Memory (MB): peak = 3135.266 ; gain = 0.000
Command: phys_opt_design
Attempting to get a license for feature 'Implementation' and/or device 'xcku035'
INFO: [Common 17-349] Got license for feature 'Implementation' and/or device 'xcku035'
INFO: [Vivado_Tcl 4-1435] PhysOpt_Tcl_Interface Runtime Before Starting Physical Synthesis Task | CPU: 1.00s |  WALL: 0.61s
Netlist sorting complete. Time (s): cpu = 00:00:00 ; elapsed = 00:00:00.001 . Memory (MB): peak = 3135.266 ; gain = 0.000

Starting Physical Synthesis Task

Phase 1 Physical Synthesis Initialization
INFO: [Physopt 32-721] Multithreading enabled for phys_opt_design using a maximum of 2 CPUs
INFO: [Physopt 32-619] Estimated Timing Summary | WNS=-1.770 | TNS=-1719.250 |
Phase 1 Physical Synthesis Initialization | Checksum: 12f16d5f5

Time (s): cpu = 00:00:01 ; elapsed = 00:00:01 . Memory (MB): peak = 3135.266 ; gain = 0.000
INFO: [Physopt 32-619] Estimated Timing Summary | WNS=-1.770 | TNS=-1719.250 |

Phase 2 DSP Register Optimization
INFO: [Physopt 32-456] No candidate cells for DSP register optimization found in the design.
INFO: [Physopt 32-775] End 2 Pass. Optimized 0 net or cell. Created 0 new cell, deleted 0 existing cell and moved 0 existing cell
Phase 2 DSP Register Optimization | Checksum: 12f16d5f5

Time (s): cpu = 00:00:01 ; elapsed = 00:00:01 . Memory (MB): peak = 3135.266 ; gain = 0.000

Phase 3 Critical Path Optimization
INFO: [Physopt 32-619] Estimated Timing Summary | WNS=-1.770 | TNS=-1719.250 |
INFO: [Physopt 32-702] Processed net dut/m_p_reg_n_0_[0][4][4]. Optimizations did not improve timing on the net.
INFO: [Physopt 32-663] Processed net buf_metrics0_reg_n_0_[32].  Re-placed instance buf_metrics0_reg[32]
INFO: [Physopt 32-735] Processed net buf_metrics0_reg_n_0_[32]. Optimization improves timing on the net.
INFO: [Physopt 32-619] Estimated Timing Summary | WNS=-1.684 | TNS=-1716.919 |
INFO: [Physopt 32-702] Processed net dut/m_p_reg_n_0_[0][3][10]. Optimizations did not improve timing on the net.
INFO: [Physopt 32-663] Processed net buf_metrics0_reg_n_0_[20].  Re-placed instance buf_metrics0_reg[20]
INFO: [Physopt 32-735] Processed net buf_metrics0_reg_n_0_[20]. Optimization improves timing on the net.
INFO: [Physopt 32-619] Estimated Timing Summary | WNS=-1.669 | TNS=-1717.459 |
INFO: [Physopt 32-702] Processed net dut/m_p_reg_n_0_[0][5][8]. Optimizations did not improve timing on the net.
INFO: [Physopt 32-663] Processed net buf_metrics1[12].  Re-placed instance buf_metrics1_reg[12]
INFO: [Physopt 32-735] Processed net buf_metrics1[12]. Optimization improves timing on the net.
INFO: [Physopt 32-619] Estimated Timing Summary | WNS=-1.661 | TNS=-1717.399 |
INFO: [Physopt 32-702] Processed net dut/m_p_reg_n_0_[0][1][4]. Optimizations did not improve timing on the net.
INFO: [Physopt 32-663] Processed net buf_metrics0_reg_n_0_[33].  Re-placed instance buf_metrics0_reg[33]
INFO: [Physopt 32-735] Processed net buf_metrics0_reg_n_0_[33]. Optimization improves timing on the net.
INFO: [Physopt 32-619] Estimated Timing Summary | WNS=-1.655 | TNS=-1717.224 |
INFO: [Physopt 32-663] Processed net buf_metrics0_reg_n_0_[30].  Re-placed instance buf_metrics0_reg[30]
INFO: [Physopt 32-735] Processed net buf_metrics0_reg_n_0_[30]. Optimization improves timing on the net.
INFO: [Physopt 32-619] Estimated Timing Summary | WNS=-1.639 | TNS=-1716.959 |
INFO: [Physopt 32-81] Processed net buf_metrics0_reg_n_0_[30]. Replicated 1 times.
INFO: [Physopt 32-735] Processed net buf_metrics0_reg_n_0_[30]. Optimization improves timing on the net.
INFO: [Physopt 32-619] Estimated Timing Summary | WNS=-1.633 | TNS=-1718.102 |
INFO: [Physopt 32-663] Processed net buf_metrics0_reg_n_0_[22].  Re-placed instance buf_metrics0_reg[22]
INFO: [Physopt 32-735] Processed net buf_metrics0_reg_n_0_[22]. Optimization improves timing on the net.
INFO: [Physopt 32-619] Estimated Timing Summary | WNS=-1.624 | TNS=-1718.988 |
INFO: [Physopt 32-81] Processed net buf_metrics0_reg_n_0_[20]. Replicated 1 times.
INFO: [Physopt 32-735] Processed net buf_metrics0_reg_n_0_[20]. Optimization improves timing on the net.
INFO: [Physopt 32-619] Estimated Timing Summary | WNS=-1.622 | TNS=-1721.000 |
INFO: [Physopt 32-702] Processed net buf_metrics0_reg_n_0_[22]. Optimizations did not improve timing on the net.
INFO: [Physopt 32-702] Processed net dut/idx_w[1][3]_15[0]. Optimizations did not improve timing on the net.
INFO: [Physopt 32-702] Processed net dut/idx_p[0][3][0]_i_9_n_0. Optimizations did not improve timing on the net.
INFO: [Physopt 32-702] Processed net dut/s_raw[2]_109[9]. Optimizations did not improve timing on the net.
INFO: [Physopt 32-702] Processed net dut/m_p_reg[0][3][7]_i_3_n_0. Optimizations did not improve timing on the net.
INFO: [Physopt 32-702] Processed net dut/m_p[0][3][7]_i_17_n_0. Optimizations did not improve timing on the net.
INFO: [Physopt 32-702] Processed net dut/m_w[1][3]_14[10]. Optimizations did not improve timing on the net.
INFO: [Physopt 32-702] Processed net clk_IBUF_inst/OUT. Optimizations did not improve timing on the net.
INFO: [Physopt 32-702] Processed net clk. Optimizations did not improve timing on the net.
INFO: [Physopt 32-702] Processed net dut/m_p_reg_n_0_[0][3][10]. Optimizations did not improve timing on the net.
INFO: [Physopt 32-702] Processed net buf_metrics0_reg_n_0_[22]. Optimizations did not improve timing on the net.
INFO: [Physopt 32-702] Processed net dut/idx_w[1][3]_15[0]. Optimizations did not improve timing on the net.
INFO: [Physopt 32-702] Processed net dut/idx_p[0][3][0]_i_9_n_0. Optimizations did not improve timing on the net.
INFO: [Physopt 32-702] Processed net dut/s_raw[2]_109[9]. Optimizations did not improve timing on the net.
INFO: [Physopt 32-702] Processed net dut/m_p[0][3][7]_i_17_n_0. Optimizations did not improve timing on the net.
INFO: [Physopt 32-702] Processed net dut/m_w[1][3]_14[10]. Optimizations did not improve timing on the net.
INFO: [Physopt 32-702] Processed net clk_IBUF_inst/OUT. Optimizations did not improve timing on the net.
INFO: [Physopt 32-702] Processed net clk. Optimizations did not improve timing on the net.
INFO: [Physopt 32-619] Estimated Timing Summary | WNS=-1.622 | TNS=-1721.000 |
Phase 3 Critical Path Optimization | Checksum: 12f16d5f5

Time (s): cpu = 00:00:06 ; elapsed = 00:00:05 . Memory (MB): peak = 3135.266 ; gain = 0.000

Phase 4 Critical Path Optimization
INFO: [Physopt 32-619] Estimated Timing Summary | WNS=-1.622 | TNS=-1721.000 |
INFO: [Physopt 32-702] Processed net dut/m_p_reg_n_0_[0][3][10]. Optimizations did not improve timing on the net.
INFO: [Physopt 32-702] Processed net buf_metrics0_reg_n_0_[22]. Optimizations did not improve timing on the net.
INFO: [Physopt 32-702] Processed net dut/idx_w[1][3]_15[0]. Optimizations did not improve timing on the net.
INFO: [Physopt 32-702] Processed net dut/idx_p[0][3][0]_i_9_n_0. Optimizations did not improve timing on the net.
INFO: [Physopt 32-702] Processed net dut/s_raw[2]_109[9]. Optimizations did not improve timing on the net.
INFO: [Physopt 32-702] Processed net dut/m_p_reg[0][3][7]_i_3_n_0. Optimizations did not improve timing on the net.
INFO: [Physopt 32-702] Processed net dut/m_p[0][3][7]_i_17_n_0. Optimizations did not improve timing on the net.
INFO: [Physopt 32-702] Processed net dut/m_w[1][3]_14[10]. Optimizations did not improve timing on the net.
INFO: [Physopt 32-702] Processed net clk_IBUF_inst/OUT. Optimizations did not improve timing on the net.
INFO: [Physopt 32-702] Processed net clk. Optimizations did not improve timing on the net.
INFO: [Physopt 32-702] Processed net dut/m_p_reg_n_0_[0][3][10]. Optimizations did not improve timing on the net.
INFO: [Physopt 32-702] Processed net buf_metrics0_reg_n_0_[22]. Optimizations did not improve timing on the net.
INFO: [Physopt 32-702] Processed net dut/idx_w[1][3]_15[0]. Optimizations did not improve timing on the net.
INFO: [Physopt 32-702] Processed net dut/idx_p[0][3][0]_i_9_n_0. Optimizations did not improve timing on the net.
INFO: [Physopt 32-702] Processed net dut/s_raw[2]_109[9]. Optimizations did not improve timing on the net.
INFO: [Physopt 32-702] Processed net dut/m_p[0][3][7]_i_17_n_0. Optimizations did not improve timing on the net.
INFO: [Physopt 32-702] Processed net dut/m_w[1][3]_14[10]. Optimizations did not improve timing on the net.
INFO: [Physopt 32-702] Processed net clk_IBUF_inst/OUT. Optimizations did not improve timing on the net.
INFO: [Physopt 32-702] Processed net clk. Optimizations did not improve timing on the net.
INFO: [Physopt 32-619] Estimated Timing Summary | WNS=-1.622 | TNS=-1721.000 |
Phase 4 Critical Path Optimization | Checksum: 12f16d5f5

Time (s): cpu = 00:00:06 ; elapsed = 00:00:06 . Memory (MB): peak = 3135.266 ; gain = 0.000
Netlist sorting complete. Time (s): cpu = 00:00:00 ; elapsed = 00:00:00.017 . Memory (MB): peak = 3135.266 ; gain = 0.000
Netlist sorting complete. Time (s): cpu = 00:00:00 ; elapsed = 00:00:00.003 . Memory (MB): peak = 3135.266 ; gain = 0.000
INFO: [Physopt 32-603] Post Physical Optimization Timing Summary | WNS=-1.622 | TNS=-1721.000 |

Summary of Physical Synthesis Optimizations
============================================


-------------------------------------------------------------------------------------------------------------------------------------------------------------
|  Optimization   |  WNS Gain (ns)  |  TNS Gain (ns)  |  Added Cells  |  Removed Cells  |  Optimized Cells/Nets  |  Dont Touch  |  Iterations  |  Elapsed   |
-------------------------------------------------------------------------------------------------------------------------------------------------------------
|  DSP Register   |          0.000  |          0.000  |            0  |              0  |                     0  |           0  |           1  |  00:00:00  |
|  Critical Path  |          0.148  |         -1.751  |            2  |              0  |                     8  |           0  |           2  |  00:00:05  |
|  Total          |          0.148  |         -1.751  |            2  |              0  |                     8  |           0  |           3  |  00:00:05  |
-------------------------------------------------------------------------------------------------------------------------------------------------------------


Netlist sorting complete. Time (s): cpu = 00:00:00 ; elapsed = 00:00:00.001 . Memory (MB): peak = 3135.266 ; gain = 0.000
Ending Physical Synthesis Task | Checksum: 24f68c8b2

Time (s): cpu = 00:00:06 ; elapsed = 00:00:06 . Memory (MB): peak = 3135.266 ; gain = 0.000
INFO: [Common 17-83] Releasing license: Implementation
149 Infos, 0 Warnings, 0 Critical Warnings and 0 Errors encountered.
phys_opt_design completed successfully
phys_opt_design: Time (s): cpu = 00:00:07 ; elapsed = 00:00:06 . Memory (MB): peak = 3135.266 ; gain = 0.000
INFO: [Timing 38-480] Writing timing data to binary archive.
Writing XDEF routing.
Writing XDEF routing logical nets.
Writing XDEF routing special nets.
Write XDEF Complete: Time (s): cpu = 00:00:01 ; elapsed = 00:00:00.232 . Memory (MB): peak = 3135.266 ; gain = 0.000
INFO: [Common 17-1381] The checkpoint 'C:/LRMLD/sum_select8/sum_select8.runs/impl_1/wp_SS8_physopt.dcp' has been generated.
Command: route_design
Attempting to get a license for feature 'Implementation' and/or device 'xcku035'
INFO: [Common 17-349] Got license for feature 'Implementation' and/or device 'xcku035'
INFO: [DRC 23-27] Running DRC with 2 threads
INFO: [Vivado_Tcl 4-198] DRC finished with 0 Errors
INFO: [Vivado_Tcl 4-199] Please refer to the DRC report (report_drc) for more information.
Running DRC as a precondition to command route_design
INFO: [DRC 23-27] Running DRC with 2 threads
INFO: [Vivado_Tcl 4-198] DRC finished with 0 Errors
INFO: [Vivado_Tcl 4-199] Please refer to the DRC report (report_drc) for more information.


Starting Routing Task
INFO: [Route 35-254] Multithreading enabled for route_design using a maximum of 2 CPUs

Phase 1 Build RT Design
Checksum: PlaceDB: 96d0d4ec ConstDB: 0 ShapeSum: 26681821 RouteDB: 9f9bac4f
Post Restoration Checksum: NetGraph: dfdaf5d4 NumContArr: c208dd05 Constraints: 82ef7b11 Timing: 0
Phase 1 Build RT Design | Checksum: 224d34dea

Time (s): cpu = 00:01:16 ; elapsed = 00:01:08 . Memory (MB): peak = 3135.266 ; gain = 0.000

Phase 2 Router Initialization

Phase 2.1 Fix Topology Constraints
Phase 2.1 Fix Topology Constraints | Checksum: 224d34dea

Time (s): cpu = 00:01:16 ; elapsed = 00:01:08 . Memory (MB): peak = 3135.266 ; gain = 0.000

Phase 2.2 Pre Route Cleanup
Phase 2.2 Pre Route Cleanup | Checksum: 224d34dea

Time (s): cpu = 00:01:16 ; elapsed = 00:01:08 . Memory (MB): peak = 3135.266 ; gain = 0.000

Phase 2.3 Global Clock Net Routing
 Number of Nodes with overlaps = 0
Phase 2.3 Global Clock Net Routing | Checksum: 1530cb1ef

Time (s): cpu = 00:01:17 ; elapsed = 00:01:09 . Memory (MB): peak = 3135.266 ; gain = 0.000

Phase 2.4 Update Timing
Phase 2.4 Update Timing | Checksum: 1dc098e0d

Time (s): cpu = 00:01:18 ; elapsed = 00:01:09 . Memory (MB): peak = 3135.266 ; gain = 0.000
INFO: [Route 35-416] Intermediate Timing Summary | WNS=-1.568 | TNS=-1434.786| WHS=-0.101 | THS=-4.362 |


Router Utilization Summary
  Global Vertical Routing Utilization    = 0 %
  Global Horizontal Routing Utilization  = 0 %
  Routable Net Status*
  *Does not include unroutable nets such as driverless and loadless.
  Run report_route_status for detailed report.
  Number of Failed Nets               = 2705
    (Failed Nets is the sum of unrouted and partially routed nets)
  Number of Unrouted Nets             = 1985
  Number of Partially Routed Nets     = 720
  Number of Node Overlaps             = 0

Phase 2 Router Initialization | Checksum: 174954a3e

Time (s): cpu = 00:01:20 ; elapsed = 00:01:10 . Memory (MB): peak = 3135.266 ; gain = 0.000

Phase 3 Initial Routing

Phase 3.1 Global Routing
Phase 3.1 Global Routing | Checksum: 174954a3e

Time (s): cpu = 00:01:20 ; elapsed = 00:01:10 . Memory (MB): peak = 3135.266 ; gain = 0.000
Phase 3 Initial Routing | Checksum: 21e913168

Time (s): cpu = 00:01:22 ; elapsed = 00:01:12 . Memory (MB): peak = 3135.266 ; gain = 0.000
INFO: [Route 35-580] Design has 24 pins with tight setup and hold constraints.

The top 5 pins with tight setup and hold constraints:

+====================+===================+=========================+
| Launch Setup Clock | Launch Hold Clock | Pin                     |
+====================+===================+=========================+
| sys_clk_pin        | sys_clk_pin       | out_labels_r_reg[322]/D |
| sys_clk_pin        | sys_clk_pin       | out_labels_r_reg[258]/D |
| sys_clk_pin        | sys_clk_pin       | out_labels_r_reg[86]/D  |
| sys_clk_pin        | sys_clk_pin       | out_labels_r_reg[386]/D |
| sys_clk_pin        | sys_clk_pin       | out_labels_r_reg[2]/D   |
+--------------------+-------------------+-------------------------+

File with complete list of pins: tight_setup_hold_pins.txt


Phase 4 Rip-up And Reroute

Phase 4.1 Global Iteration 0
 Number of Nodes with overlaps = 408
 Number of Nodes with overlaps = 11
 Number of Nodes with overlaps = 0
INFO: [Route 35-416] Intermediate Timing Summary | WNS=-1.857 | TNS=-2092.122| WHS=0.014  | THS=0.000  |

Phase 4.1 Global Iteration 0 | Checksum: 26b4eb66a

Time (s): cpu = 00:01:25 ; elapsed = 00:01:14 . Memory (MB): peak = 3135.266 ; gain = 0.000

Phase 4.2 Global Iteration 1
 Number of Nodes with overlaps = 0
INFO: [Route 35-416] Intermediate Timing Summary | WNS=-1.817 | TNS=-2092.025| WHS=N/A    | THS=N/A    |

Phase 4.2 Global Iteration 1 | Checksum: 218d920e6

Time (s): cpu = 00:01:25 ; elapsed = 00:01:14 . Memory (MB): peak = 3135.266 ; gain = 0.000

Phase 4.3 Global Iteration 2
 Number of Nodes with overlaps = 10
 Number of Nodes with overlaps = 2
 Number of Nodes with overlaps = 0
INFO: [Route 35-416] Intermediate Timing Summary | WNS=-1.807 | TNS=-2089.693| WHS=N/A    | THS=N/A    |

Phase 4.3 Global Iteration 2 | Checksum: 202ab292b

Time (s): cpu = 00:01:26 ; elapsed = 00:01:14 . Memory (MB): peak = 3135.266 ; gain = 0.000

Phase 4.4 Global Iteration 3
 Number of Nodes with overlaps = 1
 Number of Nodes with overlaps = 0
INFO: [Route 35-416] Intermediate Timing Summary | WNS=-1.749 | TNS=-2089.075| WHS=N/A    | THS=N/A    |

Phase 4.4 Global Iteration 3 | Checksum: 17da3dc55

Time (s): cpu = 00:01:26 ; elapsed = 00:01:15 . Memory (MB): peak = 3135.266 ; gain = 0.000

Phase 4.5 Global Iteration 4
 Number of Nodes with overlaps = 5
 Number of Nodes with overlaps = 0
INFO: [Route 35-416] Intermediate Timing Summary | WNS=-1.749 | TNS=-2087.568| WHS=N/A    | THS=N/A    |

Phase 4.5 Global Iteration 4 | Checksum: 209d416c5

Time (s): cpu = 00:01:27 ; elapsed = 00:01:15 . Memory (MB): peak = 3135.266 ; gain = 0.000
Phase 4 Rip-up And Reroute | Checksum: 209d416c5

Time (s): cpu = 00:01:27 ; elapsed = 00:01:15 . Memory (MB): peak = 3135.266 ; gain = 0.000

Phase 5 Delay and Skew Optimization

Phase 5.1 Delay CleanUp

Phase 5.1.1 Update Timing
Phase 5.1.1 Update Timing | Checksum: 20580d68d

Time (s): cpu = 00:01:27 ; elapsed = 00:01:16 . Memory (MB): peak = 3135.266 ; gain = 0.000
INFO: [Route 35-416] Intermediate Timing Summary | WNS=-1.749 | TNS=-2087.568| WHS=0.014  | THS=0.000  |

 Number of Nodes with overlaps = 0
Phase 5.1 Delay CleanUp | Checksum: 25298906d

Time (s): cpu = 00:01:39 ; elapsed = 00:01:25 . Memory (MB): peak = 3135.266 ; gain = 0.000

Phase 5.2 Clock Skew Optimization
Phase 5.2 Clock Skew Optimization | Checksum: 25298906d

Time (s): cpu = 00:01:39 ; elapsed = 00:01:25 . Memory (MB): peak = 3135.266 ; gain = 0.000
Phase 5 Delay and Skew Optimization | Checksum: 25298906d

Time (s): cpu = 00:01:39 ; elapsed = 00:01:25 . Memory (MB): peak = 3135.266 ; gain = 0.000

Phase 6 Post Hold Fix

Phase 6.1 Hold Fix Iter

Phase 6.1.1 Update Timing
Phase 6.1.1 Update Timing | Checksum: 3281b94b2

Time (s): cpu = 00:01:40 ; elapsed = 00:01:25 . Memory (MB): peak = 3135.266 ; gain = 0.000
INFO: [Route 35-416] Intermediate Timing Summary | WNS=-1.749 | TNS=-2035.869| WHS=0.014  | THS=0.000  |

Phase 6.1 Hold Fix Iter | Checksum: 27bb7dfc7

Time (s): cpu = 00:01:40 ; elapsed = 00:01:25 . Memory (MB): peak = 3135.266 ; gain = 0.000
Phase 6 Post Hold Fix | Checksum: 27bb7dfc7

Time (s): cpu = 00:01:40 ; elapsed = 00:01:25 . Memory (MB): peak = 3135.266 ; gain = 0.000

Phase 7 Route finalize

Router Utilization Summary
  Global Vertical Routing Utilization    = 0.195434 %
  Global Horizontal Routing Utilization  = 0.178868 %
  Routable Net Status*
  *Does not include unroutable nets such as driverless and loadless.
  Run report_route_status for detailed report.
  Number of Failed Nets               = 0
    (Failed Nets is the sum of unrouted and partially routed nets)
  Number of Unrouted Nets             = 0
  Number of Partially Routed Nets     = 0
  Number of Node Overlaps             = 0

Congestion Report
North Dir 1x1 Area, Max Cong = 43.2203%, No Congested Regions.
South Dir 1x1 Area, Max Cong = 33.3333%, No Congested Regions.
East Dir 1x1 Area, Max Cong = 30.7692%, No Congested Regions.
West Dir 1x1 Area, Max Cong = 30.7692%, No Congested Regions.

------------------------------
Reporting congestion hotspots
------------------------------
Direction: North
----------------
Congested clusters found at Level 0
Effective congestion level: 0 Aspect Ratio: 1 Sparse Ratio: 0
Direction: South
----------------
Congested clusters found at Level 0
Effective congestion level: 0 Aspect Ratio: 1 Sparse Ratio: 0
Direction: East
----------------
Congested clusters found at Level 0
Effective congestion level: 0 Aspect Ratio: 1 Sparse Ratio: 0
Direction: West
----------------
Congested clusters found at Level 0
Effective congestion level: 0 Aspect Ratio: 1 Sparse Ratio: 0

Phase 7 Route finalize | Checksum: 14a6fcde6

Time (s): cpu = 00:01:41 ; elapsed = 00:01:26 . Memory (MB): peak = 3135.266 ; gain = 0.000

Phase 8 Verifying routed nets

 Verification completed successfully
Phase 8 Verifying routed nets | Checksum: 14a6fcde6

Time (s): cpu = 00:01:41 ; elapsed = 00:01:26 . Memory (MB): peak = 3135.266 ; gain = 0.000

Phase 9 Depositing Routes
Phase 9 Depositing Routes | Checksum: 14a6fcde6

Time (s): cpu = 00:01:41 ; elapsed = 00:01:26 . Memory (MB): peak = 3135.266 ; gain = 0.000

Phase 10 Post Router Timing
INFO: [Route 35-57] Estimated Timing Summary | WNS=-1.749 | TNS=-2035.869| WHS=0.014  | THS=0.000  |

WARNING: [Route 35-328] Router estimated timing not met.
Resolution: For a complete and accurate timing signoff, report_timing_summary must be run after route_design. Alternatively, route_design can be run with the -timing_summary option to enable a complete timing signoff at the end of route_design.
Phase 10 Post Router Timing | Checksum: 14a6fcde6

Time (s): cpu = 00:01:41 ; elapsed = 00:01:26 . Memory (MB): peak = 3135.266 ; gain = 0.000
INFO: [Route 35-16] Router Completed Successfully

Time (s): cpu = 00:01:42 ; elapsed = 00:01:26 . Memory (MB): peak = 3135.266 ; gain = 0.000

Routing Is Done.
INFO: [Common 17-83] Releasing license: Implementation
171 Infos, 1 Warnings, 0 Critical Warnings and 0 Errors encountered.
route_design completed successfully
route_design: Time (s): cpu = 00:01:45 ; elapsed = 00:01:28 . Memory (MB): peak = 3135.266 ; gain = 0.000
INFO: [Timing 38-480] Writing timing data to binary archive.
Writing XDEF routing.
Writing XDEF routing logical nets.
Writing XDEF routing special nets.
Write XDEF Complete: Time (s): cpu = 00:00:00 ; elapsed = 00:00:00.237 . Memory (MB): peak = 3135.266 ; gain = 0.000
INFO: [Common 17-1381] The checkpoint 'C:/LRMLD/sum_select8/sum_select8.runs/impl_1/wp_SS8_routed.dcp' has been generated.
INFO: [runtcl-4] Executing : report_drc -file wp_SS8_drc_routed.rpt -pb wp_SS8_drc_routed.pb -rpx wp_SS8_drc_routed.rpx
Command: report_drc -file wp_SS8_drc_routed.rpt -pb wp_SS8_drc_routed.pb -rpx wp_SS8_drc_routed.rpx
INFO: [IP_Flow 19-1839] IP Catalog is up to date.
INFO: [DRC 23-27] Running DRC with 2 threads
INFO: [Vivado_Tcl 2-168] The results of DRC are in file C:/LRMLD/sum_select8/sum_select8.runs/impl_1/wp_SS8_drc_routed.rpt.
report_drc completed successfully
INFO: [runtcl-4] Executing : report_methodology -file wp_SS8_methodology_drc_routed.rpt -pb wp_SS8_methodology_drc_routed.pb -rpx wp_SS8_methodology_drc_routed.rpx
Command: report_methodology -file wp_SS8_methodology_drc_routed.rpt -pb wp_SS8_methodology_drc_routed.pb -rpx wp_SS8_methodology_drc_routed.rpx
INFO: [Timing 38-35] Done setting XDC timing constraints.
INFO: [DRC 23-133] Running Methodology with 2 threads
INFO: [Vivado_Tcl 2-1520] The results of Report Methodology are in file C:/LRMLD/sum_select8/sum_select8.runs/impl_1/wp_SS8_methodology_drc_routed.rpt.
report_methodology completed successfully
INFO: [runtcl-4] Executing : report_power -file wp_SS8_power_routed.rpt -pb wp_SS8_power_summary_routed.pb -rpx wp_SS8_power_routed.rpx
Command: report_power -file wp_SS8_power_routed.rpt -pb wp_SS8_power_summary_routed.pb -rpx wp_SS8_power_routed.rpx
INFO: [Timing 38-35] Done setting XDC timing constraints.
Running Vector-less Activity Propagation...

Finished Running Vector-less Activity Propagation
WARNING: [Power 33-332] Found switching activity that implies high-fanout reset nets being asserted for excessive periods of time which may result in inaccurate power analysis.
Resolution: To review and fix problems, please run Power Constraints Advisor in the GUI from Tools > Power Constraints Advisor or run report_power with the -advisory option to generate a text report.
183 Infos, 2 Warnings, 0 Critical Warnings and 0 Errors encountered.
report_power completed successfully
INFO: [runtcl-4] Executing : report_route_status -file wp_SS8_route_status.rpt -pb wp_SS8_route_status.pb
INFO: [runtcl-4] Executing : report_timing_summary -max_paths 10 -report_unconstrained -file wp_SS8_timing_summary_routed.rpt -pb wp_SS8_timing_summary_routed.pb -rpx wp_SS8_timing_summary_routed.rpx -warn_on_violation 
INFO: [Timing 38-91] UpdateTimingParams: Speed grade: -1, Temperature grade: I, Delay Type: min_max.
INFO: [Timing 38-191] Multithreading enabled for timing update using a maximum of 2 CPUs
CRITICAL WARNING: [Timing 38-282] The design failed to meet the timing requirements. Please see the timing summary report for details on the timing violations.
INFO: [runtcl-4] Executing : report_incremental_reuse -file wp_SS8_incremental_reuse_routed.rpt
INFO: [Vivado_Tcl 4-1062] Incremental flow is disabled. No incremental reuse Info to report.
INFO: [runtcl-4] Executing : report_clock_utilization -file wp_SS8_clock_utilization_routed.rpt
INFO: [runtcl-4] Executing : report_bus_skew -warn_on_violation -file wp_SS8_bus_skew_routed.rpt -pb wp_SS8_bus_skew_routed.pb -rpx wp_SS8_bus_skew_routed.rpx
INFO: [Timing 38-91] UpdateTimingParams: Speed grade: -1, Temperature grade: I, Delay Type: min_max.
INFO: [Timing 38-191] Multithreading enabled for timing update using a maximum of 2 CPUs
INFO: [Common 17-206] Exiting Vivado at Sun Apr 26 00:25:46 2026...
