Copyright 1986-2022 Xilinx, Inc. All Rights Reserved.
------------------------------------------------------------------------------------
| Tool Version : Vivado v.2022.1 (win64) Build 3526262 Mon Apr 18 15:48:16 MDT 2022
| Date         : Sun Apr 26 00:24:02 2026
| Host         : feduuk running 64-bit major release  (build 9200)
| Command      : report_control_sets -verbose -file wp_SS8_control_sets_placed.rpt
| Design       : wp_SS8
| Device       : xcku035
------------------------------------------------------------------------------------

Control Set Information

Table of Contents
-----------------
1. Summary
2. Histogram
3. Flip-Flop Distribution
4. Detailed Control Set Information

1. Summary
----------

+----------------------------------------------------------+-------+
|                          Status                          | Count |
+----------------------------------------------------------+-------+
| Total control sets                                       |    35 |
|    Minimum number of control sets                        |    35 |
|    Addition due to synthesis replication                 |     0 |
|    Addition due to physical synthesis replication        |     0 |
| Unused register locations in slices containing registers |    19 |
+----------------------------------------------------------+-------+
* Control sets can be merged at opt_design using control_set_merge or merge_equivalent_drivers
** Run report_qor_suggestions for automated merging and remapping suggestions


2. Histogram
------------

+--------------------+-------+
|       Fanout       | Count |
+--------------------+-------+
| Total control sets |    35 |
| >= 0 to < 4        |     2 |
| >= 4 to < 6        |    20 |
| >= 6 to < 8        |     0 |
| >= 8 to < 10       |     0 |
| >= 10 to < 12      |     8 |
| >= 12 to < 14      |     0 |
| >= 14 to < 16      |     0 |
| >= 16              |     5 |
+--------------------+-------+
* Control sets can be remapped at either synth_design or opt_design


3. Flip-Flop Distribution
-------------------------

+--------------+-----------------------+------------------------+-----------------+--------------+
| Clock Enable | Synchronous Set/Reset | Asynchronous Set/Reset | Total Registers | Total Slices |
+--------------+-----------------------+------------------------+-----------------+--------------+
| No           | No                    | No                     |             832 |          139 |
| No           | No                    | Yes                    |               0 |            0 |
| No           | Yes                   | No                     |               0 |            0 |
| Yes          | No                    | No                     |             850 |          217 |
| Yes          | No                    | Yes                    |               0 |            0 |
| Yes          | Yes                   | No                     |              83 |           16 |
+--------------+-----------------------+------------------------+-----------------+--------------+


4. Detailed Control Set Information
-----------------------------------

+----------------+---------------------+---------------------+------------------+----------------+--------------+
|  Clock Signal  |    Enable Signal    |   Set/Reset Signal  | Slice Load Count | Bel Load Count | Bels / Slice |
+----------------+---------------------+---------------------+------------------+----------------+--------------+
|  clk_IBUF_BUFG | i_valid_IBUF_inst/O |                     |                1 |              2 |         2.00 |
|  clk_IBUF_BUFG | busy_reg_n_0        | start               |                1 |              3 |         3.00 |
|  clk_IBUF_BUFG | buf_metrics0[7]     |                     |                2 |              4 |         2.00 |
|  clk_IBUF_BUFG | buf_metrics0[19]    |                     |                2 |              4 |         2.00 |
|  clk_IBUF_BUFG | buf_metrics0[21]    |                     |                2 |              4 |         2.00 |
|  clk_IBUF_BUFG | buf_metrics0[31]    |                     |                3 |              4 |         1.33 |
|  clk_IBUF_BUFG | buf_metrics0[38]    |                     |                1 |              4 |         4.00 |
|  clk_IBUF_BUFG | buf_metrics0[29]    |                     |                2 |              4 |         2.00 |
|  clk_IBUF_BUFG | buf_metrics0[9]     |                     |                3 |              4 |         1.33 |
|  clk_IBUF_BUFG | buf_metrics0[23]    |                     |                3 |              4 |         1.33 |
|  clk_IBUF_BUFG | buf_metrics0[3]     |                     |                2 |              4 |         2.00 |
|  clk_IBUF_BUFG | buf_metrics0[5]     |                     |                2 |              4 |         2.00 |
|  clk_IBUF_BUFG | buf_metrics0[17]    |                     |                3 |              4 |         1.33 |
|  clk_IBUF_BUFG | buf_metrics0[25]    |                     |                2 |              4 |         2.00 |
|  clk_IBUF_BUFG | buf_metrics0[27]    |                     |                3 |              4 |         1.33 |
|  clk_IBUF_BUFG | buf_metrics0[33]    |                     |                2 |              4 |         2.00 |
|  clk_IBUF_BUFG | buf_metrics0[35]    |                     |                3 |              4 |         1.33 |
|  clk_IBUF_BUFG | buf_metrics0[11]    |                     |                2 |              4 |         2.00 |
|  clk_IBUF_BUFG | buf_metrics0[15]    |                     |                2 |              4 |         2.00 |
|  clk_IBUF_BUFG | buf_metrics0[37]    |                     |                1 |              4 |         4.00 |
|  clk_IBUF_BUFG | buf_metrics0[13]    |                     |                2 |              4 |         2.00 |
|  clk_IBUF_BUFG | buf_metrics0[1]     |                     |                2 |              4 |         2.00 |
|  clk_IBUF_BUFG | start               | dut/cnt_in_reg[1]_6 |                1 |             10 |        10.00 |
|  clk_IBUF_BUFG | start               | dut/cnt_in_reg[1]_0 |                2 |             10 |         5.00 |
|  clk_IBUF_BUFG | start               | dut/cnt_in_reg[1]_2 |                3 |             10 |         3.33 |
|  clk_IBUF_BUFG | start               | dut/cnt_in_reg[1]_1 |                4 |             10 |         2.50 |
|  clk_IBUF_BUFG | start               | dut/cnt_in_reg[1]   |                1 |             10 |        10.00 |
|  clk_IBUF_BUFG | start               | dut/cnt_in_reg[1]_3 |                3 |             10 |         3.33 |
|  clk_IBUF_BUFG | start               | dut/cnt_in_reg[1]_4 |                3 |             10 |         3.33 |
|  clk_IBUF_BUFG | start               | dut/cnt_in_reg[1]_5 |                2 |             10 |         5.00 |
|  clk_IBUF_BUFG | buf_labels0[127]    |                     |               17 |             64 |         3.76 |
|  clk_IBUF_BUFG | buf_labels0[63]     |                     |               21 |             64 |         3.05 |
|  clk_IBUF_BUFG | buf_labels0[95]     |                     |               20 |             64 |         3.20 |
|  clk_IBUF_BUFG | start               |                     |              184 |            576 |         3.13 |
|  clk_IBUF_BUFG |                     |                     |              141 |           1113 |         7.89 |
+----------------+---------------------+---------------------+------------------+----------------+--------------+


