
*** Running vivado
    with args -log table_sort_wrap.vdi -applog -m64 -product Vivado -messageDb vivado.pb -mode batch -source table_sort_wrap.tcl -notrace



****** Vivado v2022.1 (64-bit)
  **** SW Build 3526262 on Mon Apr 18 15:48:16 MDT 2022
  **** IP Build 3524634 on Mon Apr 18 20:55:01 MDT 2022
    ** Copyright 1986-2022 Xilinx, Inc. All Rights Reserved.

source table_sort_wrap.tcl -notrace
Command: link_design -top table_sort_wrap -part xcku035-fbva676-1-i
Design is defaulting to srcset: sources_1
Design is defaulting to constrset: constrs_1
INFO: [Device 21-403] Loading part xcku035-fbva676-1-i
Netlist sorting complete. Time (s): cpu = 00:00:00 ; elapsed = 00:00:00.093 . Memory (MB): peak = 1295.398 ; gain = 0.000
INFO: [Netlist 29-17] Analyzing 377 Unisim elements for replacement
INFO: [Netlist 29-28] Unisim Transformation completed in 0 CPU seconds
INFO: [Project 1-479] Netlist was created with Vivado 2022.1
INFO: [Project 1-570] Preparing netlist for logic optimization
Parsing XDC File [C:/LRMLD/module_library/comb/comb.srcs/constrs_1/imports/new/constraints.xdc]
Finished Parsing XDC File [C:/LRMLD/module_library/comb/comb.srcs/constrs_1/imports/new/constraints.xdc]
INFO: [Opt 31-138] Pushed 0 inverter(s) to 0 load pin(s).
Netlist sorting complete. Time (s): cpu = 00:00:00 ; elapsed = 00:00:00.003 . Memory (MB): peak = 1295.398 ; gain = 0.000
INFO: [Project 1-111] Unisim Transformation Summary:
  A total of 17 instances were transformed.
  IBUF => IBUF (IBUFCTRL, INBUF): 17 instances

7 Infos, 0 Warnings, 0 Critical Warnings and 0 Errors encountered.
link_design completed successfully
link_design: Time (s): cpu = 00:00:05 ; elapsed = 00:00:06 . Memory (MB): peak = 1295.398 ; gain = 0.000
Command: opt_design
Attempting to get a license for feature 'Implementation' and/or device 'xcku035'
INFO: [Common 17-349] Got license for feature 'Implementation' and/or device 'xcku035'
Running DRC as a precondition to command opt_design

Starting DRC Task
INFO: [DRC 23-27] Running DRC with 2 threads
INFO: [Project 1-461] DRC finished with 0 Errors
INFO: [Project 1-462] Please refer to the DRC report (report_drc) for more information.

Time (s): cpu = 00:00:01 ; elapsed = 00:00:00.986 . Memory (MB): peak = 1295.398 ; gain = 0.000

Starting Cache Timing Information Task
INFO: [Timing 38-35] Done setting XDC timing constraints.
Ending Cache Timing Information Task | Checksum: 193a8996b

Time (s): cpu = 00:00:02 ; elapsed = 00:00:02 . Memory (MB): peak = 1428.129 ; gain = 132.730

Starting Logic Optimization Task

Phase 1 Retarget
INFO: [Opt 31-138] Pushed 0 inverter(s) to 0 load pin(s).
INFO: [Opt 31-49] Retargeted 0 cell(s).
Phase 1 Retarget | Checksum: 1d79ff6ac

Time (s): cpu = 00:00:01 ; elapsed = 00:00:00.329 . Memory (MB): peak = 1740.488 ; gain = 0.000
INFO: [Opt 31-389] Phase Retarget created 0 cells and removed 0 cells

Phase 2 Constant propagation
INFO: [Opt 31-138] Pushed 0 inverter(s) to 0 load pin(s).
Phase 2 Constant propagation | Checksum: 1d79ff6ac

Time (s): cpu = 00:00:01 ; elapsed = 00:00:00.380 . Memory (MB): peak = 1740.488 ; gain = 0.000
INFO: [Opt 31-389] Phase Constant propagation created 0 cells and removed 0 cells

Phase 3 Sweep
Phase 3 Sweep | Checksum: 19cc2f60b

Time (s): cpu = 00:00:01 ; elapsed = 00:00:00.487 . Memory (MB): peak = 1740.488 ; gain = 0.000
INFO: [Opt 31-389] Phase Sweep created 0 cells and removed 0 cells

Phase 4 BUFG optimization
INFO: [Opt 31-1077] Phase BUFG optimization inserted 0 global clock buffer(s) for CLOCK_LOW_FANOUT.
Phase 4 BUFG optimization | Checksum: 19cc2f60b

Time (s): cpu = 00:00:01 ; elapsed = 00:00:00.608 . Memory (MB): peak = 1740.488 ; gain = 0.000
INFO: [Opt 31-662] Phase BUFG optimization created 0 cells of which 0 are BUFGs and removed 0 cells.

Phase 5 Shift Register Optimization
INFO: [Opt 31-1064] SRL Remap converted 0 SRLs to 0 registers and converted 0 registers of register chains to 0 SRLs
Phase 5 Shift Register Optimization | Checksum: 169670d98

Time (s): cpu = 00:00:01 ; elapsed = 00:00:00.625 . Memory (MB): peak = 1740.488 ; gain = 0.000
INFO: [Opt 31-389] Phase Shift Register Optimization created 1 cells and removed 0 cells

Phase 6 Post Processing Netlist
Phase 6 Post Processing Netlist | Checksum: 169670d98

Time (s): cpu = 00:00:01 ; elapsed = 00:00:00.651 . Memory (MB): peak = 1740.488 ; gain = 0.000
INFO: [Opt 31-389] Phase Post Processing Netlist created 0 cells and removed 0 cells
Opt_design Change Summary
=========================


-------------------------------------------------------------------------------------------------------------------------
|  Phase                        |  #Cells created  |  #Cells Removed  |  #Constrained objects preventing optimizations  |
-------------------------------------------------------------------------------------------------------------------------
|  Retarget                     |               0  |               0  |                                              0  |
|  Constant propagation         |               0  |               0  |                                              0  |
|  Sweep                        |               0  |               0  |                                              0  |
|  BUFG optimization            |               0  |               0  |                                              0  |
|  Shift Register Optimization  |               1  |               0  |                                              0  |
|  Post Processing Netlist      |               0  |               0  |                                              0  |
-------------------------------------------------------------------------------------------------------------------------



Starting Connectivity Check Task

Time (s): cpu = 00:00:00 ; elapsed = 00:00:00.019 . Memory (MB): peak = 1740.488 ; gain = 0.000
Ending Logic Optimization Task | Checksum: b2e700c8

Time (s): cpu = 00:00:01 ; elapsed = 00:00:00.793 . Memory (MB): peak = 1740.488 ; gain = 0.000

Starting Power Optimization Task
INFO: [Pwropt 34-132] Skipping clock gating for clocks with a period < 2.00 ns.
Ending Power Optimization Task | Checksum: b2e700c8

Time (s): cpu = 00:00:00 ; elapsed = 00:00:00.012 . Memory (MB): peak = 1740.488 ; gain = 0.000

Starting Final Cleanup Task
Ending Final Cleanup Task | Checksum: b2e700c8

Time (s): cpu = 00:00:00 ; elapsed = 00:00:00.001 . Memory (MB): peak = 1740.488 ; gain = 0.000

Starting Netlist Obfuscation Task
Netlist sorting complete. Time (s): cpu = 00:00:00 ; elapsed = 00:00:00.002 . Memory (MB): peak = 1740.488 ; gain = 0.000
Ending Netlist Obfuscation Task | Checksum: b2e700c8

Time (s): cpu = 00:00:00 ; elapsed = 00:00:00.003 . Memory (MB): peak = 1740.488 ; gain = 0.000
INFO: [Common 17-83] Releasing license: Implementation
25 Infos, 0 Warnings, 0 Critical Warnings and 0 Errors encountered.
opt_design completed successfully
opt_design: Time (s): cpu = 00:00:06 ; elapsed = 00:00:06 . Memory (MB): peak = 1740.488 ; gain = 445.090
INFO: [Timing 38-480] Writing timing data to binary archive.
Writing XDEF routing.
Writing XDEF routing logical nets.
Writing XDEF routing special nets.
Write XDEF Complete: Time (s): cpu = 00:00:00 ; elapsed = 00:00:00.069 . Memory (MB): peak = 1740.488 ; gain = 0.000
INFO: [Common 17-1381] The checkpoint 'C:/LRMLD/module_library/table_sort/table_sort.runs/impl_1/table_sort_wrap_opt.dcp' has been generated.
INFO: [runtcl-4] Executing : report_drc -file table_sort_wrap_drc_opted.rpt -pb table_sort_wrap_drc_opted.pb -rpx table_sort_wrap_drc_opted.rpx
Command: report_drc -file table_sort_wrap_drc_opted.rpt -pb table_sort_wrap_drc_opted.pb -rpx table_sort_wrap_drc_opted.rpx
INFO: [IP_Flow 19-234] Refreshing IP repositories
INFO: [IP_Flow 19-1704] No user IP repositories specified
INFO: [IP_Flow 19-2313] Loaded Vivado IP repository 'C:/Xilinx/Vivado/2022.1/data/ip'.
INFO: [Timing 38-35] Done setting XDC timing constraints.
INFO: [DRC 23-27] Running DRC with 2 threads
INFO: [Vivado_Tcl 2-168] The results of DRC are in file C:/LRMLD/module_library/table_sort/table_sort.runs/impl_1/table_sort_wrap_drc_opted.rpt.
report_drc completed successfully
report_drc: Time (s): cpu = 00:00:25 ; elapsed = 00:00:24 . Memory (MB): peak = 3067.852 ; gain = 1327.363
Command: place_design
Attempting to get a license for feature 'Implementation' and/or device 'xcku035'
INFO: [Common 17-349] Got license for feature 'Implementation' and/or device 'xcku035'
INFO: [DRC 23-27] Running DRC with 2 threads
INFO: [Vivado_Tcl 4-198] DRC finished with 0 Errors
INFO: [Vivado_Tcl 4-199] Please refer to the DRC report (report_drc) for more information.
Running DRC as a precondition to command place_design
INFO: [DRC 23-27] Running DRC with 2 threads
INFO: [Vivado_Tcl 4-198] DRC finished with 0 Errors
INFO: [Vivado_Tcl 4-199] Please refer to the DRC report (report_drc) for more information.

Starting Placer Task
INFO: [Place 30-611] Multithreading enabled for place_design using a maximum of 2 CPUs

Phase 1 Placer Initialization

Phase 1.1 Placer Initialization Netlist Sorting
Netlist sorting complete. Time (s): cpu = 00:00:00 ; elapsed = 00:00:00.002 . Memory (MB): peak = 3067.852 ; gain = 0.000
Phase 1.1 Placer Initialization Netlist Sorting | Checksum: a1a92aee

Time (s): cpu = 00:00:00 ; elapsed = 00:00:00.008 . Memory (MB): peak = 3067.852 ; gain = 0.000
Netlist sorting complete. Time (s): cpu = 00:00:00 ; elapsed = 00:00:00.002 . Memory (MB): peak = 3067.852 ; gain = 0.000

Phase 1.2 IO Placement/ Clock Placement/ Build Placer Device
Phase 1.2 IO Placement/ Clock Placement/ Build Placer Device | Checksum: 159ce906b

Time (s): cpu = 00:00:02 ; elapsed = 00:00:01 . Memory (MB): peak = 3067.852 ; gain = 0.000

Phase 1.3 Build Placer Netlist Model
Phase 1.3 Build Placer Netlist Model | Checksum: 224957de2

Time (s): cpu = 00:00:04 ; elapsed = 00:00:03 . Memory (MB): peak = 3067.852 ; gain = 0.000

Phase 1.4 Constrain Clocks/Macros
Phase 1.4 Constrain Clocks/Macros | Checksum: 224957de2

Time (s): cpu = 00:00:04 ; elapsed = 00:00:03 . Memory (MB): peak = 3067.852 ; gain = 0.000
Phase 1 Placer Initialization | Checksum: 224957de2

Time (s): cpu = 00:00:04 ; elapsed = 00:00:03 . Memory (MB): peak = 3067.852 ; gain = 0.000

Phase 2 Global Placement

Phase 2.1 Floorplanning

Phase 2.1.1 Partition Driven Placement

Phase 2.1.1.1 PBP: Partition Driven Placement
Phase 2.1.1.1 PBP: Partition Driven Placement | Checksum: 24cb49757

Time (s): cpu = 00:00:06 ; elapsed = 00:00:04 . Memory (MB): peak = 3067.852 ; gain = 0.000

Phase 2.1.1.2 PBP: Clock Region Placement
Phase 2.1.1.2 PBP: Clock Region Placement | Checksum: 24cb49757

Time (s): cpu = 00:00:06 ; elapsed = 00:00:04 . Memory (MB): peak = 3067.852 ; gain = 0.000

Phase 2.1.1.3 PBP: Compute Congestion
Phase 2.1.1.3 PBP: Compute Congestion | Checksum: 24cb49757

Time (s): cpu = 00:00:07 ; elapsed = 00:00:04 . Memory (MB): peak = 3067.852 ; gain = 0.000

Phase 2.1.1.4 PBP: UpdateTiming
Phase 2.1.1.4 PBP: UpdateTiming | Checksum: 1a449d843

Time (s): cpu = 00:00:07 ; elapsed = 00:00:05 . Memory (MB): peak = 3067.852 ; gain = 0.000

Phase 2.1.1.5 PBP: Add part constraints
Phase 2.1.1.5 PBP: Add part constraints | Checksum: 1a449d843

Time (s): cpu = 00:00:07 ; elapsed = 00:00:05 . Memory (MB): peak = 3067.852 ; gain = 0.000
Phase 2.1.1 Partition Driven Placement | Checksum: 1a449d843

Time (s): cpu = 00:00:07 ; elapsed = 00:00:05 . Memory (MB): peak = 3067.852 ; gain = 0.000
Phase 2.1 Floorplanning | Checksum: 1fca9a5bb

Time (s): cpu = 00:00:07 ; elapsed = 00:00:05 . Memory (MB): peak = 3067.852 ; gain = 0.000

Phase 2.2 Update Timing before SLR Path Opt
Phase 2.2 Update Timing before SLR Path Opt | Checksum: 1fca9a5bb

Time (s): cpu = 00:00:07 ; elapsed = 00:00:05 . Memory (MB): peak = 3067.852 ; gain = 0.000

Phase 2.3 Post-Processing in Floorplanning
Phase 2.3 Post-Processing in Floorplanning | Checksum: 2142425fc

Time (s): cpu = 00:00:07 ; elapsed = 00:00:05 . Memory (MB): peak = 3067.852 ; gain = 0.000

Phase 2.4 Global Placement Core

Phase 2.4.1 Physical Synthesis In Placer
INFO: [Physopt 32-1044] Break lutnm for timing: one critical 0, two critical 0, total 0, new lutff created 0
INFO: [Physopt 32-1138] End 1 Pass. Optimized 0 net or LUT. Breaked 0 LUT, combined 0 existing LUT and moved 0 existing LUT
INFO: [Physopt 32-65] No nets found for high-fanout optimization.
INFO: [Physopt 32-232] Optimized 0 net. Created 0 new instance.
INFO: [Physopt 32-775] End 1 Pass. Optimized 0 net or cell. Created 0 new cell, deleted 0 existing cell and moved 0 existing cell
INFO: [Physopt 32-456] No candidate cells for DSP register optimization found in the design.
INFO: [Physopt 32-775] End 2 Pass. Optimized 0 net or cell. Created 0 new cell, deleted 0 existing cell and moved 0 existing cell
INFO: [Physopt 32-1123] No candidate cells found for Shift Register to Pipeline optimization
INFO: [Physopt 32-775] End 1 Pass. Optimized 0 net or cell. Created 0 new cell, deleted 0 existing cell and moved 0 existing cell
INFO: [Physopt 32-677] No candidate cells for Shift Register optimization found in the design
INFO: [Physopt 32-775] End 1 Pass. Optimized 0 net or cell. Created 0 new cell, deleted 0 existing cell and moved 0 existing cell
INFO: [Physopt 32-526] No candidate cells for BRAM register optimization found in the design
INFO: [Physopt 32-775] End 1 Pass. Optimized 0 net or cell. Created 0 new cell, deleted 0 existing cell and moved 0 existing cell
INFO: [Physopt 32-846] No candidate cells for URAM register optimization found in the design
INFO: [Physopt 32-775] End 2 Pass. Optimized 0 net or cell. Created 0 new cell, deleted 0 existing cell and moved 0 existing cell
INFO: [Physopt 32-949] No candidate nets found for dynamic/static region interface net replication
INFO: [Physopt 32-775] End 1 Pass. Optimized 0 net or cell. Created 0 new cell, deleted 0 existing cell and moved 0 existing cell
Netlist sorting complete. Time (s): cpu = 00:00:00 ; elapsed = 00:00:00.004 . Memory (MB): peak = 3067.852 ; gain = 0.000

Summary of Physical Synthesis Optimizations
============================================


-----------------------------------------------------------------------------------------------------------------------------------------------------------
|  Optimization                                     |  Added Cells  |  Removed Cells  |  Optimized Cells/Nets  |  Dont Touch  |  Iterations  |  Elapsed   |
-----------------------------------------------------------------------------------------------------------------------------------------------------------
|  LUT Combining                                    |            0  |              0  |                     0  |           0  |           1  |  00:00:00  |
|  Retime                                           |            0  |              0  |                     0  |           0  |           1  |  00:00:00  |
|  Very High Fanout                                 |            0  |              0  |                     0  |           0  |           1  |  00:00:00  |
|  DSP Register                                     |            0  |              0  |                     0  |           0  |           1  |  00:00:00  |
|  Shift Register to Pipeline                       |            0  |              0  |                     0  |           0  |           1  |  00:00:00  |
|  Shift Register                                   |            0  |              0  |                     0  |           0  |           1  |  00:00:00  |
|  BRAM Register                                    |            0  |              0  |                     0  |           0  |           1  |  00:00:00  |
|  URAM Register                                    |            0  |              0  |                     0  |           0  |           1  |  00:00:00  |
|  Dynamic/Static Region Interface Net Replication  |            0  |              0  |                     0  |           0  |           1  |  00:00:00  |
|  Total                                            |            0  |              0  |                     0  |           0  |           9  |  00:00:00  |
-----------------------------------------------------------------------------------------------------------------------------------------------------------


Phase 2.4.1 Physical Synthesis In Placer | Checksum: 216a50f81

Time (s): cpu = 00:00:25 ; elapsed = 00:00:16 . Memory (MB): peak = 3067.852 ; gain = 0.000
Phase 2.4 Global Placement Core | Checksum: 205764e73

Time (s): cpu = 00:00:26 ; elapsed = 00:00:16 . Memory (MB): peak = 3067.852 ; gain = 0.000
Phase 2 Global Placement | Checksum: 205764e73

Time (s): cpu = 00:00:26 ; elapsed = 00:00:16 . Memory (MB): peak = 3067.852 ; gain = 0.000

Phase 3 Detail Placement

Phase 3.1 Commit Multi Column Macros
Phase 3.1 Commit Multi Column Macros | Checksum: 19243d704

Time (s): cpu = 00:00:27 ; elapsed = 00:00:16 . Memory (MB): peak = 3067.852 ; gain = 0.000

Phase 3.2 Commit Most Macros & LUTRAMs
Phase 3.2 Commit Most Macros & LUTRAMs | Checksum: 1e0cc4c50

Time (s): cpu = 00:00:27 ; elapsed = 00:00:17 . Memory (MB): peak = 3067.852 ; gain = 0.000

Phase 3.3 Small Shape DP

Phase 3.3.1 Small Shape Clustering
Phase 3.3.1 Small Shape Clustering | Checksum: 1c697f471

Time (s): cpu = 00:00:33 ; elapsed = 00:00:22 . Memory (MB): peak = 3067.852 ; gain = 0.000

Phase 3.3.2 Flow Legalize Slice Clusters
Phase 3.3.2 Flow Legalize Slice Clusters | Checksum: 247ab3580

Time (s): cpu = 00:00:33 ; elapsed = 00:00:22 . Memory (MB): peak = 3067.852 ; gain = 0.000

Phase 3.3.3 Slice Area Swap

Phase 3.3.3.1 Slice Area Swap Initial
Phase 3.3.3.1 Slice Area Swap Initial | Checksum: 2136b8594

Time (s): cpu = 00:00:34 ; elapsed = 00:00:24 . Memory (MB): peak = 3067.852 ; gain = 0.000
Phase 3.3.3 Slice Area Swap | Checksum: 2136b8594

Time (s): cpu = 00:00:34 ; elapsed = 00:00:24 . Memory (MB): peak = 3067.852 ; gain = 0.000
Phase 3.3 Small Shape DP | Checksum: 1c530e727

Time (s): cpu = 00:00:37 ; elapsed = 00:00:26 . Memory (MB): peak = 3067.852 ; gain = 0.000

Phase 3.4 Re-assign LUT pins
Phase 3.4 Re-assign LUT pins | Checksum: 1a0ae729a

Time (s): cpu = 00:00:37 ; elapsed = 00:00:26 . Memory (MB): peak = 3067.852 ; gain = 0.000

Phase 3.5 Pipeline Register Optimization
Phase 3.5 Pipeline Register Optimization | Checksum: 2437a66e8

Time (s): cpu = 00:00:38 ; elapsed = 00:00:26 . Memory (MB): peak = 3067.852 ; gain = 0.000

Phase 3.6 Fast Optimization
Phase 3.6 Fast Optimization | Checksum: 1f82d858c

Time (s): cpu = 00:00:59 ; elapsed = 00:00:51 . Memory (MB): peak = 3067.852 ; gain = 0.000
Phase 3 Detail Placement | Checksum: 1f82d858c

Time (s): cpu = 00:00:59 ; elapsed = 00:00:51 . Memory (MB): peak = 3067.852 ; gain = 0.000

Phase 4 Post Placement Optimization and Clean-Up

Phase 4.1 Post Commit Optimization
INFO: [Timing 38-35] Done setting XDC timing constraints.

Phase 4.1.1 Post Placement Optimization
Post Placement Optimization Initialization | Checksum: 1be8d1212

Phase 4.1.1.1 BUFG Insertion

Starting Physical Synthesis Task

Phase 1 Physical Synthesis Initialization
INFO: [Physopt 32-721] Multithreading enabled for phys_opt_design using a maximum of 2 CPUs
INFO: [Physopt 32-619] Estimated Timing Summary | WNS=-1.887 | TNS=-5219.075 |
Phase 1 Physical Synthesis Initialization | Checksum: 198e704a1

Time (s): cpu = 00:00:00 ; elapsed = 00:00:00.271 . Memory (MB): peak = 3067.852 ; gain = 0.000
INFO: [Place 46-56] BUFG insertion identified 0 candidate nets. Inserted BUFG: 0, Replicated BUFG Driver: 0, Skipped due to Placement/Routing Conflicts: 0, Skipped due to Timing Degradation: 0, Skipped due to Illegal Netlist: 0.
Ending Physical Synthesis Task | Checksum: 11df7df64

Time (s): cpu = 00:00:00 ; elapsed = 00:00:00.342 . Memory (MB): peak = 3067.852 ; gain = 0.000
Phase 4.1.1.1 BUFG Insertion | Checksum: 1be8d1212

Time (s): cpu = 00:01:04 ; elapsed = 00:00:54 . Memory (MB): peak = 3067.852 ; gain = 0.000

Phase 4.1.1.2 Post Placement Timing Optimization
INFO: [Place 30-746] Post Placement Timing Summary WNS=-1.537. For the most accurate timing information please run report_timing.
Phase 4.1.1.2 Post Placement Timing Optimization | Checksum: 233a83806

Time (s): cpu = 00:01:26 ; elapsed = 00:01:19 . Memory (MB): peak = 3067.852 ; gain = 0.000

Time (s): cpu = 00:01:26 ; elapsed = 00:01:19 . Memory (MB): peak = 3067.852 ; gain = 0.000
Phase 4.1 Post Commit Optimization | Checksum: 233a83806

Time (s): cpu = 00:01:26 ; elapsed = 00:01:19 . Memory (MB): peak = 3067.852 ; gain = 0.000
Netlist sorting complete. Time (s): cpu = 00:00:00 ; elapsed = 00:00:00.003 . Memory (MB): peak = 3067.852 ; gain = 0.000

Phase 4.2 Post Placement Cleanup
Phase 4.2 Post Placement Cleanup | Checksum: 2c2ac7f4d

Time (s): cpu = 00:01:27 ; elapsed = 00:01:20 . Memory (MB): peak = 3067.852 ; gain = 0.000

Phase 4.3 Placer Reporting

Phase 4.3.1 Print Estimated Congestion
INFO: [Place 30-612] Post-Placement Estimated Congestion 
 ____________________________________________________
|           | Global Congestion | Short Congestion  |
| Direction | Region Size       | Region Size       |
|___________|___________________|___________________|
|      North|                2x2|                8x8|
|___________|___________________|___________________|
|      South|                1x1|                8x8|
|___________|___________________|___________________|
|       East|                1x1|                8x8|
|___________|___________________|___________________|
|       West|                1x1|                8x8|
|___________|___________________|___________________|

Phase 4.3.1 Print Estimated Congestion | Checksum: 2c2ac7f4d

Time (s): cpu = 00:01:28 ; elapsed = 00:01:20 . Memory (MB): peak = 3067.852 ; gain = 0.000
Phase 4.3 Placer Reporting | Checksum: 2c2ac7f4d

Time (s): cpu = 00:01:28 ; elapsed = 00:01:20 . Memory (MB): peak = 3067.852 ; gain = 0.000

Phase 4.4 Final Placement Cleanup
Netlist sorting complete. Time (s): cpu = 00:00:00 ; elapsed = 00:00:00.003 . Memory (MB): peak = 3067.852 ; gain = 0.000

Time (s): cpu = 00:01:28 ; elapsed = 00:01:20 . Memory (MB): peak = 3067.852 ; gain = 0.000
Phase 4 Post Placement Optimization and Clean-Up | Checksum: 1f07bff37

Time (s): cpu = 00:01:28 ; elapsed = 00:01:20 . Memory (MB): peak = 3067.852 ; gain = 0.000
Ending Placer Task | Checksum: 1208a299c

Time (s): cpu = 00:01:28 ; elapsed = 00:01:20 . Memory (MB): peak = 3067.852 ; gain = 0.000
INFO: [Common 17-83] Releasing license: Implementation
66 Infos, 0 Warnings, 0 Critical Warnings and 0 Errors encountered.
place_design completed successfully
place_design: Time (s): cpu = 00:01:30 ; elapsed = 00:01:22 . Memory (MB): peak = 3067.852 ; gain = 0.000
INFO: [Timing 38-480] Writing timing data to binary archive.
Writing XDEF routing.
Writing XDEF routing logical nets.
Writing XDEF routing special nets.
Write XDEF Complete: Time (s): cpu = 00:00:01 ; elapsed = 00:00:00.545 . Memory (MB): peak = 3067.852 ; gain = 0.000
INFO: [Common 17-1381] The checkpoint 'C:/LRMLD/module_library/table_sort/table_sort.runs/impl_1/table_sort_wrap_placed.dcp' has been generated.
INFO: [runtcl-4] Executing : report_io -file table_sort_wrap_io_placed.rpt
report_io: Time (s): cpu = 00:00:00 ; elapsed = 00:00:00.082 . Memory (MB): peak = 3067.852 ; gain = 0.000
INFO: [runtcl-4] Executing : report_utilization -file table_sort_wrap_utilization_placed.rpt -pb table_sort_wrap_utilization_placed.pb
INFO: [runtcl-4] Executing : report_control_sets -verbose -file table_sort_wrap_control_sets_placed.rpt
report_control_sets: Time (s): cpu = 00:00:00 ; elapsed = 00:00:00.022 . Memory (MB): peak = 3067.852 ; gain = 0.000
Command: phys_opt_design
Attempting to get a license for feature 'Implementation' and/or device 'xcku035'
INFO: [Common 17-349] Got license for feature 'Implementation' and/or device 'xcku035'
INFO: [Vivado_Tcl 4-1435] PhysOpt_Tcl_Interface Runtime Before Starting Physical Synthesis Task | CPU: 3.00s |  WALL: 1.81s
Netlist sorting complete. Time (s): cpu = 00:00:00 ; elapsed = 00:00:00.003 . Memory (MB): peak = 3067.852 ; gain = 0.000

Starting Physical Synthesis Task

Phase 1 Physical Synthesis Initialization
INFO: [Physopt 32-721] Multithreading enabled for phys_opt_design using a maximum of 2 CPUs
INFO: [Physopt 32-619] Estimated Timing Summary | WNS=-1.537 | TNS=-5223.432 |
Phase 1 Physical Synthesis Initialization | Checksum: 1040b6260

Time (s): cpu = 00:00:02 ; elapsed = 00:00:01 . Memory (MB): peak = 3067.852 ; gain = 0.000
INFO: [Physopt 32-619] Estimated Timing Summary | WNS=-1.537 | TNS=-5223.432 |

Phase 2 DSP Register Optimization
INFO: [Physopt 32-456] No candidate cells for DSP register optimization found in the design.
INFO: [Physopt 32-775] End 2 Pass. Optimized 0 net or cell. Created 0 new cell, deleted 0 existing cell and moved 0 existing cell
Phase 2 DSP Register Optimization | Checksum: 1040b6260

Time (s): cpu = 00:00:02 ; elapsed = 00:00:01 . Memory (MB): peak = 3067.852 ; gain = 0.000

Phase 3 Critical Path Optimization
INFO: [Physopt 32-619] Estimated Timing Summary | WNS=-1.537 | TNS=-5223.432 |
INFO: [Physopt 32-702] Processed net o_metric_OBUF[1]. Optimizations did not improve timing on the net.
INFO: [Physopt 32-663] Processed net out_m_buf_reg[3][5][1].  Re-placed instance out_m_buf_reg[3][5][1]
INFO: [Physopt 32-735] Processed net out_m_buf_reg[3][5][1]. Optimization improves timing on the net.
INFO: [Physopt 32-619] Estimated Timing Summary | WNS=-1.537 | TNS=-5223.703 |
INFO: [Physopt 32-702] Processed net o_label_OBUF[0]. Optimizations did not improve timing on the net.
INFO: [Physopt 32-663] Processed net out_l_buf_reg[3][1][0].  Re-placed instance out_l_buf_reg[3][1][0]
INFO: [Physopt 32-735] Processed net out_l_buf_reg[3][1][0]. Optimization improves timing on the net.
INFO: [Physopt 32-619] Estimated Timing Summary | WNS=-1.535 | TNS=-5224.203 |
INFO: [Physopt 32-702] Processed net o_metric_OBUF[7]. Optimizations did not improve timing on the net.
INFO: [Physopt 32-663] Processed net out_m_buf_reg[3][1][7].  Re-placed instance out_m_buf_reg[3][1][7]
INFO: [Physopt 32-735] Processed net out_m_buf_reg[3][1][7]. Optimization improves timing on the net.
INFO: [Physopt 32-619] Estimated Timing Summary | WNS=-1.534 | TNS=-5224.461 |
INFO: [Physopt 32-702] Processed net o_metric_OBUF[2]. Optimizations did not improve timing on the net.
INFO: [Physopt 32-663] Processed net out_m_buf_reg[5][0][2].  Re-placed instance out_m_buf_reg[5][0][2]
INFO: [Physopt 32-735] Processed net out_m_buf_reg[5][0][2]. Optimization improves timing on the net.
INFO: [Physopt 32-619] Estimated Timing Summary | WNS=-1.534 | TNS=-5224.960 |
INFO: [Physopt 32-663] Processed net out_l_buf_reg[7][7][0].  Re-placed instance out_l_buf_reg[7][7][0]
INFO: [Physopt 32-735] Processed net out_l_buf_reg[7][7][0]. Optimization improves timing on the net.
INFO: [Physopt 32-619] Estimated Timing Summary | WNS=-1.533 | TNS=-5225.593 |
INFO: [Physopt 32-702] Processed net o_metric_OBUF[3]. Optimizations did not improve timing on the net.
INFO: [Physopt 32-663] Processed net out_m_buf_reg[3][1][3].  Re-placed instance out_m_buf_reg[3][1][3]
INFO: [Physopt 32-735] Processed net out_m_buf_reg[3][1][3]. Optimization improves timing on the net.
INFO: [Physopt 32-619] Estimated Timing Summary | WNS=-1.533 | TNS=-5225.910 |
INFO: [Physopt 32-663] Processed net out_m_buf_reg[5][1][2].  Re-placed instance out_m_buf_reg[5][1][2]
INFO: [Physopt 32-735] Processed net out_m_buf_reg[5][1][2]. Optimization improves timing on the net.
INFO: [Physopt 32-619] Estimated Timing Summary | WNS=-1.533 | TNS=-5226.083 |
INFO: [Physopt 32-702] Processed net o_metric_OBUF[5]. Optimizations did not improve timing on the net.
INFO: [Physopt 32-663] Processed net out_m_buf_reg[3][7][5].  Re-placed instance out_m_buf_reg[3][7][5]
INFO: [Physopt 32-735] Processed net out_m_buf_reg[3][7][5]. Optimization improves timing on the net.
INFO: [Physopt 32-619] Estimated Timing Summary | WNS=-1.532 | TNS=-5226.369 |
INFO: [Physopt 32-702] Processed net o_metric_OBUF[0]. Optimizations did not improve timing on the net.
INFO: [Physopt 32-663] Processed net out_m_buf_reg[7][7][0].  Re-placed instance out_m_buf_reg[7][7][0]
INFO: [Physopt 32-735] Processed net out_m_buf_reg[7][7][0]. Optimization improves timing on the net.
INFO: [Physopt 32-619] Estimated Timing Summary | WNS=-1.531 | TNS=-5226.820 |
INFO: [Physopt 32-702] Processed net o_metric_OBUF[4]. Optimizations did not improve timing on the net.
INFO: [Physopt 32-663] Processed net out_m_buf_reg[3][1][4].  Re-placed instance out_m_buf_reg[3][1][4]
INFO: [Physopt 32-735] Processed net out_m_buf_reg[3][1][4]. Optimization improves timing on the net.
INFO: [Physopt 32-619] Estimated Timing Summary | WNS=-1.530 | TNS=-5227.282 |
INFO: [Physopt 32-702] Processed net o_metric_OBUF[8]. Optimizations did not improve timing on the net.
INFO: [Physopt 32-663] Processed net out_m_buf_reg[0][5][8].  Re-placed instance out_m_buf_reg[0][5][8]
INFO: [Physopt 32-735] Processed net out_m_buf_reg[0][5][8]. Optimization improves timing on the net.
INFO: [Physopt 32-619] Estimated Timing Summary | WNS=-1.529 | TNS=-5227.573 |
INFO: [Physopt 32-702] Processed net o_metric_OBUF[9]. Optimizations did not improve timing on the net.
INFO: [Physopt 32-663] Processed net out_m_buf_reg[3][5][9].  Re-placed instance out_m_buf_reg[3][5][9]
INFO: [Physopt 32-735] Processed net out_m_buf_reg[3][5][9]. Optimization improves timing on the net.
INFO: [Physopt 32-619] Estimated Timing Summary | WNS=-1.526 | TNS=-5228.048 |
INFO: [Physopt 32-702] Processed net o_metric_OBUF[4]. Optimizations did not improve timing on the net.
INFO: [Physopt 32-663] Processed net out_m_buf_reg[5][3][4].  Re-placed instance out_m_buf_reg[5][3][4]
INFO: [Physopt 32-735] Processed net out_m_buf_reg[5][3][4]. Optimization improves timing on the net.
INFO: [Physopt 32-619] Estimated Timing Summary | WNS=-1.522 | TNS=-5228.459 |
INFO: [Physopt 32-663] Processed net out_m_buf_reg[3][1][9].  Re-placed instance out_m_buf_reg[3][1][9]
INFO: [Physopt 32-735] Processed net out_m_buf_reg[3][1][9]. Optimization improves timing on the net.
INFO: [Physopt 32-619] Estimated Timing Summary | WNS=-1.521 | TNS=-5228.715 |
INFO: [Physopt 32-702] Processed net o_metric_OBUF[0]. Optimizations did not improve timing on the net.
INFO: [Physopt 32-663] Processed net out_m_buf_reg[3][5][0].  Re-placed instance out_m_buf_reg[3][5][0]
INFO: [Physopt 32-735] Processed net out_m_buf_reg[3][5][0]. Optimization improves timing on the net.
INFO: [Physopt 32-619] Estimated Timing Summary | WNS=-1.521 | TNS=-5229.172 |
INFO: [Physopt 32-702] Processed net o_metric_OBUF[5]. Optimizations did not improve timing on the net.
INFO: [Physopt 32-663] Processed net out_m_buf_reg[5][0][5].  Re-placed instance out_m_buf_reg[5][0][5]
INFO: [Physopt 32-735] Processed net out_m_buf_reg[5][0][5]. Optimization improves timing on the net.
INFO: [Physopt 32-619] Estimated Timing Summary | WNS=-1.519 | TNS=-5229.555 |
INFO: [Physopt 32-702] Processed net o_label_OBUF[3]. Optimizations did not improve timing on the net.
INFO: [Physopt 32-663] Processed net out_l_buf_reg[0][7][3].  Re-placed instance out_l_buf_reg[0][7][3]
INFO: [Physopt 32-735] Processed net out_l_buf_reg[0][7][3]. Optimization improves timing on the net.
INFO: [Physopt 32-619] Estimated Timing Summary | WNS=-1.519 | TNS=-5230.041 |
INFO: [Physopt 32-663] Processed net out_m_buf_reg[5][0][4].  Re-placed instance out_m_buf_reg[5][0][4]
INFO: [Physopt 32-735] Processed net out_m_buf_reg[5][0][4]. Optimization improves timing on the net.
INFO: [Physopt 32-619] Estimated Timing Summary | WNS=-1.518 | TNS=-5230.598 |
INFO: [Physopt 32-702] Processed net o_label_OBUF[0]. Optimizations did not improve timing on the net.
INFO: [Physopt 32-663] Processed net out_l_buf_reg[5][0][0].  Re-placed instance out_l_buf_reg[5][0][0]
INFO: [Physopt 32-735] Processed net out_l_buf_reg[5][0][0]. Optimization improves timing on the net.
INFO: [Physopt 32-619] Estimated Timing Summary | WNS=-1.517 | TNS=-5230.971 |
INFO: [Physopt 32-663] Processed net out_m_buf_reg[7][4][0].  Re-placed instance out_m_buf_reg[7][4][0]
INFO: [Physopt 32-735] Processed net out_m_buf_reg[7][4][0]. Optimization improves timing on the net.
INFO: [Physopt 32-619] Estimated Timing Summary | WNS=-1.516 | TNS=-5231.451 |
INFO: [Physopt 32-619] Estimated Timing Summary | WNS=-1.516 | TNS=-5231.451 |
Phase 3 Critical Path Optimization | Checksum: 1040b6260

Time (s): cpu = 00:00:05 ; elapsed = 00:00:03 . Memory (MB): peak = 3067.852 ; gain = 0.000

Phase 4 Critical Path Optimization
INFO: [Physopt 32-619] Estimated Timing Summary | WNS=-1.516 | TNS=-5231.451 |
INFO: [Physopt 32-702] Processed net o_label_OBUF[3]. Optimizations did not improve timing on the net.
INFO: [Physopt 32-663] Processed net out_l_buf_reg[3][6][3].  Re-placed instance out_l_buf_reg[3][6][3]
INFO: [Physopt 32-735] Processed net out_l_buf_reg[3][6][3]. Optimization improves timing on the net.
INFO: [Physopt 32-619] Estimated Timing Summary | WNS=-1.515 | TNS=-5231.826 |
INFO: [Physopt 32-702] Processed net out_m_buf_reg[7][7][6]. Optimizations did not improve timing on the net.
INFO: [Physopt 32-663] Processed net dut/genblk1[7].sort/GEN8.u_sort/r5_m_reg[7]_942[3].  Re-placed instance dut/genblk1[7].sort/GEN8.u_sort/r5_m_reg[7][3]
INFO: [Physopt 32-735] Processed net dut/genblk1[7].sort/GEN8.u_sort/r5_m_reg[7]_942[3]. Optimization improves timing on the net.
INFO: [Physopt 32-619] Estimated Timing Summary | WNS=-1.515 | TNS=-5232.116 |
INFO: [Physopt 32-702] Processed net o_metric_OBUF[3]. Optimizations did not improve timing on the net.
INFO: [Physopt 32-663] Processed net out_m_buf_reg[3][0][3].  Re-placed instance out_m_buf_reg[3][0][3]
INFO: [Physopt 32-735] Processed net out_m_buf_reg[3][0][3]. Optimization improves timing on the net.
INFO: [Physopt 32-619] Estimated Timing Summary | WNS=-1.515 | TNS=-5232.367 |
INFO: [Physopt 32-663] Processed net out_l_buf_reg[5][3][3].  Re-placed instance out_l_buf_reg[5][3][3]
INFO: [Physopt 32-735] Processed net out_l_buf_reg[5][3][3]. Optimization improves timing on the net.
INFO: [Physopt 32-619] Estimated Timing Summary | WNS=-1.515 | TNS=-5232.697 |
INFO: [Physopt 32-702] Processed net o_metric_OBUF[9]. Optimizations did not improve timing on the net.
INFO: [Physopt 32-663] Processed net out_m_buf_reg[5][5][9].  Re-placed instance out_m_buf_reg[5][5][9]
INFO: [Physopt 32-735] Processed net out_m_buf_reg[5][5][9]. Optimization improves timing on the net.
INFO: [Physopt 32-619] Estimated Timing Summary | WNS=-1.515 | TNS=-5233.262 |
INFO: [Physopt 32-702] Processed net o_metric_OBUF[2]. Optimizations did not improve timing on the net.
INFO: [Physopt 32-663] Processed net out_m_buf_reg[3][7][2].  Re-placed instance out_m_buf_reg[3][7][2]
INFO: [Physopt 32-735] Processed net out_m_buf_reg[3][7][2]. Optimization improves timing on the net.
INFO: [Physopt 32-619] Estimated Timing Summary | WNS=-1.515 | TNS=-5233.799 |
INFO: [Physopt 32-702] Processed net o_label_OBUF[0]. Optimizations did not improve timing on the net.
INFO: [Physopt 32-663] Processed net out_l_buf_reg[3][2][0].  Re-placed instance out_l_buf_reg[3][2][0]
INFO: [Physopt 32-735] Processed net out_l_buf_reg[3][2][0]. Optimization improves timing on the net.
INFO: [Physopt 32-619] Estimated Timing Summary | WNS=-1.513 | TNS=-5234.112 |
INFO: [Physopt 32-663] Processed net dut/genblk1[7].sort/GEN8.u_sort/r5_m_reg[7]_942[0].  Re-placed instance dut/genblk1[7].sort/GEN8.u_sort/r5_m_reg[7][0]
INFO: [Physopt 32-735] Processed net dut/genblk1[7].sort/GEN8.u_sort/r5_m_reg[7]_942[0]. Optimization improves timing on the net.
INFO: [Physopt 32-619] Estimated Timing Summary | WNS=-1.513 | TNS=-5233.886 |
INFO: [Physopt 32-702] Processed net o_metric_OBUF[0]. Optimizations did not improve timing on the net.
INFO: [Physopt 32-663] Processed net out_m_buf_reg[3][2][0].  Re-placed instance out_m_buf_reg[3][2][0]
INFO: [Physopt 32-735] Processed net out_m_buf_reg[3][2][0]. Optimization improves timing on the net.
INFO: [Physopt 32-619] Estimated Timing Summary | WNS=-1.513 | TNS=-5234.171 |
INFO: [Physopt 32-702] Processed net o_metric_OBUF[6]. Optimizations did not improve timing on the net.
INFO: [Physopt 32-663] Processed net out_m_buf_reg[5][2][6].  Re-placed instance out_m_buf_reg[5][2][6]
INFO: [Physopt 32-735] Processed net out_m_buf_reg[5][2][6]. Optimization improves timing on the net.
INFO: [Physopt 32-619] Estimated Timing Summary | WNS=-1.513 | TNS=-5234.463 |
INFO: [Physopt 32-702] Processed net o_metric_OBUF[5]. Optimizations did not improve timing on the net.
INFO: [Physopt 32-663] Processed net out_m_buf_reg[5][7][5].  Re-placed instance out_m_buf_reg[5][7][5]
INFO: [Physopt 32-735] Processed net out_m_buf_reg[5][7][5]. Optimization improves timing on the net.
INFO: [Physopt 32-619] Estimated Timing Summary | WNS=-1.510 | TNS=-5234.885 |
INFO: [Physopt 32-702] Processed net o_metric_OBUF[9]. Optimizations did not improve timing on the net.
INFO: [Physopt 32-663] Processed net out_m_buf_reg[7][4][9].  Re-placed instance out_m_buf_reg[7][4][9]
INFO: [Physopt 32-735] Processed net out_m_buf_reg[7][4][9]. Optimization improves timing on the net.
INFO: [Physopt 32-619] Estimated Timing Summary | WNS=-1.507 | TNS=-5235.197 |
INFO: [Physopt 32-702] Processed net o_metric_OBUF[2]. Optimizations did not improve timing on the net.
INFO: [Physopt 32-663] Processed net out_m_buf_reg[3][4][2].  Re-placed instance out_m_buf_reg[3][4][2]
INFO: [Physopt 32-735] Processed net out_m_buf_reg[3][4][2]. Optimization improves timing on the net.
INFO: [Physopt 32-619] Estimated Timing Summary | WNS=-1.506 | TNS=-5235.556 |
INFO: [Physopt 32-702] Processed net o_metric_OBUF[0]. Optimizations did not improve timing on the net.
INFO: [Physopt 32-663] Processed net out_m_buf_reg[3][0][0].  Re-placed instance out_m_buf_reg[3][0][0]
INFO: [Physopt 32-735] Processed net out_m_buf_reg[3][0][0]. Optimization improves timing on the net.
INFO: [Physopt 32-619] Estimated Timing Summary | WNS=-1.505 | TNS=-5235.867 |
INFO: [Physopt 32-702] Processed net o_metric_OBUF[1]. Optimizations did not improve timing on the net.
INFO: [Physopt 32-663] Processed net out_m_buf_reg[5][1][1].  Re-placed instance out_m_buf_reg[5][1][1]
INFO: [Physopt 32-735] Processed net out_m_buf_reg[5][1][1]. Optimization improves timing on the net.
INFO: [Physopt 32-619] Estimated Timing Summary | WNS=-1.505 | TNS=-5236.261 |
INFO: [Physopt 32-702] Processed net o_label_OBUF[0]. Optimizations did not improve timing on the net.
INFO: [Physopt 32-663] Processed net out_l_buf_reg[3][0][0].  Re-placed instance out_l_buf_reg[3][0][0]
INFO: [Physopt 32-735] Processed net out_l_buf_reg[3][0][0]. Optimization improves timing on the net.
INFO: [Physopt 32-619] Estimated Timing Summary | WNS=-1.504 | TNS=-5236.583 |
INFO: [Physopt 32-702] Processed net out_m_buf_reg[0][3][7]. Optimizations did not improve timing on the net.
INFO: [Physopt 32-663] Processed net dut/genblk1[0].sort/GEN8.u_sort/r5_m_reg[3]_42[2].  Re-placed instance dut/genblk1[0].sort/GEN8.u_sort/r5_m_reg[3][2]
INFO: [Physopt 32-735] Processed net dut/genblk1[0].sort/GEN8.u_sort/r5_m_reg[3]_42[2]. Optimization improves timing on the net.
INFO: [Physopt 32-619] Estimated Timing Summary | WNS=-1.504 | TNS=-5235.852 |
INFO: [Physopt 32-702] Processed net o_metric_OBUF[7]. Optimizations did not improve timing on the net.
INFO: [Physopt 32-663] Processed net out_m_buf_reg[0][4][7].  Re-placed instance out_m_buf_reg[0][4][7]
INFO: [Physopt 32-735] Processed net out_m_buf_reg[0][4][7]. Optimization improves timing on the net.
INFO: [Physopt 32-619] Estimated Timing Summary | WNS=-1.504 | TNS=-5236.370 |
INFO: [Physopt 32-663] Processed net out_m_buf_reg[5][6][5].  Re-placed instance out_m_buf_reg[5][6][5]
INFO: [Physopt 32-735] Processed net out_m_buf_reg[5][6][5]. Optimization improves timing on the net.
INFO: [Physopt 32-619] Estimated Timing Summary | WNS=-1.503 | TNS=-5236.825 |
INFO: [Physopt 32-663] Processed net out_m_buf_reg[5][0][1].  Re-placed instance out_m_buf_reg[5][0][1]
INFO: [Physopt 32-735] Processed net out_m_buf_reg[5][0][1]. Optimization improves timing on the net.
INFO: [Physopt 32-619] Estimated Timing Summary | WNS=-1.503 | TNS=-5237.217 |
INFO: [Physopt 32-619] Estimated Timing Summary | WNS=-1.503 | TNS=-5237.217 |
Phase 4 Critical Path Optimization | Checksum: 1040b6260

Time (s): cpu = 00:00:08 ; elapsed = 00:00:05 . Memory (MB): peak = 3067.852 ; gain = 0.000
Netlist sorting complete. Time (s): cpu = 00:00:00 ; elapsed = 00:00:00.004 . Memory (MB): peak = 3067.852 ; gain = 0.000
Netlist sorting complete. Time (s): cpu = 00:00:00 ; elapsed = 00:00:00.003 . Memory (MB): peak = 3067.852 ; gain = 0.000
INFO: [Physopt 32-603] Post Physical Optimization Timing Summary | WNS=-1.503 | TNS=-5237.217 |

Summary of Physical Synthesis Optimizations
============================================


-------------------------------------------------------------------------------------------------------------------------------------------------------------
|  Optimization   |  WNS Gain (ns)  |  TNS Gain (ns)  |  Added Cells  |  Removed Cells  |  Optimized Cells/Nets  |  Dont Touch  |  Iterations  |  Elapsed   |
-------------------------------------------------------------------------------------------------------------------------------------------------------------
|  DSP Register   |          0.000  |          0.000  |            0  |              0  |                     0  |           0  |           1  |  00:00:00  |
|  Critical Path  |          0.034  |        -13.785  |            0  |              0  |                    40  |           0  |           2  |  00:00:04  |
|  Total          |          0.034  |        -13.785  |            0  |              0  |                    40  |           0  |           3  |  00:00:04  |
-------------------------------------------------------------------------------------------------------------------------------------------------------------


Netlist sorting complete. Time (s): cpu = 00:00:00 ; elapsed = 00:00:00.002 . Memory (MB): peak = 3067.852 ; gain = 0.000
Ending Physical Synthesis Task | Checksum: 183243619

Time (s): cpu = 00:00:08 ; elapsed = 00:00:06 . Memory (MB): peak = 3067.852 ; gain = 0.000
INFO: [Common 17-83] Releasing license: Implementation
235 Infos, 0 Warnings, 0 Critical Warnings and 0 Errors encountered.
phys_opt_design completed successfully
phys_opt_design: Time (s): cpu = 00:00:11 ; elapsed = 00:00:07 . Memory (MB): peak = 3067.852 ; gain = 0.000
INFO: [Timing 38-480] Writing timing data to binary archive.
Writing XDEF routing.
Writing XDEF routing logical nets.
Writing XDEF routing special nets.
Write XDEF Complete: Time (s): cpu = 00:00:01 ; elapsed = 00:00:00.520 . Memory (MB): peak = 3067.852 ; gain = 0.000
INFO: [Common 17-1381] The checkpoint 'C:/LRMLD/module_library/table_sort/table_sort.runs/impl_1/table_sort_wrap_physopt.dcp' has been generated.
Command: route_design
Attempting to get a license for feature 'Implementation' and/or device 'xcku035'
INFO: [Common 17-349] Got license for feature 'Implementation' and/or device 'xcku035'
Running DRC as a precondition to command route_design
INFO: [DRC 23-27] Running DRC with 2 threads
INFO: [Vivado_Tcl 4-198] DRC finished with 0 Errors
INFO: [Vivado_Tcl 4-199] Please refer to the DRC report (report_drc) for more information.


Starting Routing Task
INFO: [Route 35-254] Multithreading enabled for route_design using a maximum of 2 CPUs

Phase 1 Build RT Design
Checksum: PlaceDB: 508c9cf7 ConstDB: 0 ShapeSum: 801532d9 RouteDB: a144906f
Post Restoration Checksum: NetGraph: b50684c1 NumContArr: 3be6257d Constraints: 5509caba Timing: 0
Phase 1 Build RT Design | Checksum: 145f674f8

Time (s): cpu = 00:01:13 ; elapsed = 00:01:02 . Memory (MB): peak = 3067.852 ; gain = 0.000

Phase 2 Router Initialization

Phase 2.1 Fix Topology Constraints
Phase 2.1 Fix Topology Constraints | Checksum: 145f674f8

Time (s): cpu = 00:01:13 ; elapsed = 00:01:02 . Memory (MB): peak = 3067.852 ; gain = 0.000

Phase 2.2 Pre Route Cleanup
Phase 2.2 Pre Route Cleanup | Checksum: 145f674f8

Time (s): cpu = 00:01:13 ; elapsed = 00:01:02 . Memory (MB): peak = 3067.852 ; gain = 0.000

Phase 2.3 Global Clock Net Routing
 Number of Nodes with overlaps = 0
Phase 2.3 Global Clock Net Routing | Checksum: 183b96043

Time (s): cpu = 00:01:14 ; elapsed = 00:01:03 . Memory (MB): peak = 3067.852 ; gain = 0.000

Phase 2.4 Update Timing
Phase 2.4 Update Timing | Checksum: 1ad702777

Time (s): cpu = 00:01:16 ; elapsed = 00:01:04 . Memory (MB): peak = 3067.852 ; gain = 0.000
INFO: [Route 35-416] Intermediate Timing Summary | WNS=-1.515 | TNS=-4426.082| WHS=-0.070 | THS=-3.199 |


Router Utilization Summary
  Global Vertical Routing Utilization    = 0 %
  Global Horizontal Routing Utilization  = 0 %
  Routable Net Status*
  *Does not include unroutable nets such as driverless and loadless.
  Run report_route_status for detailed report.
  Number of Failed Nets               = 7598
    (Failed Nets is the sum of unrouted and partially routed nets)
  Number of Unrouted Nets             = 7480
  Number of Partially Routed Nets     = 118
  Number of Node Overlaps             = 0

Phase 2 Router Initialization | Checksum: 1ad594435

Time (s): cpu = 00:01:20 ; elapsed = 00:01:06 . Memory (MB): peak = 3067.852 ; gain = 0.000

Phase 3 Initial Routing

Phase 3.1 Global Routing
Phase 3.1 Global Routing | Checksum: 1ad594435

Time (s): cpu = 00:01:20 ; elapsed = 00:01:06 . Memory (MB): peak = 3067.852 ; gain = 0.000
Phase 3 Initial Routing | Checksum: 15bf869c9

Time (s): cpu = 00:01:23 ; elapsed = 00:01:08 . Memory (MB): peak = 3067.852 ; gain = 0.000
INFO: [Route 35-580] Design has 119 pins with tight setup and hold constraints.

The top 5 pins with tight setup and hold constraints:

+====================+===================+==================================================+
| Launch Setup Clock | Launch Hold Clock | Pin                                              |
+====================+===================+==================================================+
| sys_clk_pin        | sys_clk_pin       | dut/genblk1[6].sort/GEN8.u_sort/r3_l_reg[6][0]/D |
| sys_clk_pin        | sys_clk_pin       | dut/genblk1[3].sort/GEN8.u_sort/r2_m_reg[2][4]/D |
| sys_clk_pin        | sys_clk_pin       | dut/genblk1[6].sort/GEN8.u_sort/r4_l_reg[3][0]/D |
| sys_clk_pin        | sys_clk_pin       | dut/genblk1[6].sort/GEN8.u_sort/r3_l_reg[7][3]/D |
| sys_clk_pin        | sys_clk_pin       | dut/genblk1[6].sort/GEN8.u_sort/r3_l_reg[6][3]/D |
+--------------------+-------------------+--------------------------------------------------+

File with complete list of pins: tight_setup_hold_pins.txt


Phase 4 Rip-up And Reroute

Phase 4.1 Global Iteration 0
 Number of Nodes with overlaps = 663
 Number of Nodes with overlaps = 93
 Number of Nodes with overlaps = 27
 Number of Nodes with overlaps = 11
 Number of Nodes with overlaps = 3
 Number of Nodes with overlaps = 1
 Number of Nodes with overlaps = 0
INFO: [Route 35-416] Intermediate Timing Summary | WNS=-1.522 | TNS=-5738.227| WHS=-0.017 | THS=-0.017 |

Phase 4.1 Global Iteration 0 | Checksum: 277e4e316

Time (s): cpu = 00:01:32 ; elapsed = 00:01:14 . Memory (MB): peak = 3067.852 ; gain = 0.000

Phase 4.2 Global Iteration 1
 Number of Nodes with overlaps = 44
 Number of Nodes with overlaps = 10
 Number of Nodes with overlaps = 3
 Number of Nodes with overlaps = 1
 Number of Nodes with overlaps = 0
INFO: [Route 35-416] Intermediate Timing Summary | WNS=-1.511 | TNS=-5715.318| WHS=N/A    | THS=N/A    |

Phase 4.2 Global Iteration 1 | Checksum: 24c15c6cd

Time (s): cpu = 00:01:33 ; elapsed = 00:01:16 . Memory (MB): peak = 3067.852 ; gain = 0.000

Phase 4.3 Global Iteration 2
 Number of Nodes with overlaps = 7
 Number of Nodes with overlaps = 2
 Number of Nodes with overlaps = 0
INFO: [Route 35-416] Intermediate Timing Summary | WNS=-1.543 | TNS=-5715.379| WHS=N/A    | THS=N/A    |

Phase 4.3 Global Iteration 2 | Checksum: 169f3d849

Time (s): cpu = 00:01:34 ; elapsed = 00:01:16 . Memory (MB): peak = 3067.852 ; gain = 0.000
Phase 4 Rip-up And Reroute | Checksum: 169f3d849

Time (s): cpu = 00:01:34 ; elapsed = 00:01:16 . Memory (MB): peak = 3067.852 ; gain = 0.000

Phase 5 Delay and Skew Optimization

Phase 5.1 Delay CleanUp

Phase 5.1.1 Update Timing
Phase 5.1.1 Update Timing | Checksum: 18e8fd57c

Time (s): cpu = 00:01:36 ; elapsed = 00:01:17 . Memory (MB): peak = 3067.852 ; gain = 0.000
INFO: [Route 35-416] Intermediate Timing Summary | WNS=-1.511 | TNS=-5715.318| WHS=0.030  | THS=0.000  |

 Number of Nodes with overlaps = 0
Phase 5.1 Delay CleanUp | Checksum: 151fce15b

Time (s): cpu = 00:01:36 ; elapsed = 00:01:18 . Memory (MB): peak = 3067.852 ; gain = 0.000

Phase 5.2 Clock Skew Optimization
Phase 5.2 Clock Skew Optimization | Checksum: 151fce15b

Time (s): cpu = 00:01:37 ; elapsed = 00:01:18 . Memory (MB): peak = 3067.852 ; gain = 0.000
Phase 5 Delay and Skew Optimization | Checksum: 151fce15b

Time (s): cpu = 00:01:37 ; elapsed = 00:01:18 . Memory (MB): peak = 3067.852 ; gain = 0.000

Phase 6 Post Hold Fix

Phase 6.1 Hold Fix Iter

Phase 6.1.1 Update Timing
Phase 6.1.1 Update Timing | Checksum: 118667f60

Time (s): cpu = 00:01:38 ; elapsed = 00:01:19 . Memory (MB): peak = 3067.852 ; gain = 0.000
INFO: [Route 35-416] Intermediate Timing Summary | WNS=-1.511 | TNS=-5584.900| WHS=0.030  | THS=0.000  |

Phase 6.1 Hold Fix Iter | Checksum: 118667f60

Time (s): cpu = 00:01:38 ; elapsed = 00:01:19 . Memory (MB): peak = 3067.852 ; gain = 0.000
Phase 6 Post Hold Fix | Checksum: 118667f60

Time (s): cpu = 00:01:38 ; elapsed = 00:01:19 . Memory (MB): peak = 3067.852 ; gain = 0.000

Phase 7 Route finalize

Router Utilization Summary
  Global Vertical Routing Utilization    = 0.542782 %
  Global Horizontal Routing Utilization  = 0.406788 %
  Routable Net Status*
  *Does not include unroutable nets such as driverless and loadless.
  Run report_route_status for detailed report.
  Number of Failed Nets               = 0
    (Failed Nets is the sum of unrouted and partially routed nets)
  Number of Unrouted Nets             = 0
  Number of Partially Routed Nets     = 0
  Number of Node Overlaps             = 0

Congestion Report
North Dir 1x1 Area, Max Cong = 47.0339%, No Congested Regions.
South Dir 1x1 Area, Max Cong = 84.3882%, No Congested Regions.
East Dir 1x1 Area, Max Cong = 42.3077%, No Congested Regions.
West Dir 1x1 Area, Max Cong = 51.9231%, No Congested Regions.

------------------------------
Reporting congestion hotspots
------------------------------
Direction: North
----------------
Congested clusters found at Level 0
Effective congestion level: 0 Aspect Ratio: 1 Sparse Ratio: 0
Direction: South
----------------
Congested clusters found at Level 0
Effective congestion level: 0 Aspect Ratio: 1 Sparse Ratio: 0
Direction: East
----------------
Congested clusters found at Level 0
Effective congestion level: 0 Aspect Ratio: 1 Sparse Ratio: 0
Direction: West
----------------
Congested clusters found at Level 0
Effective congestion level: 0 Aspect Ratio: 1 Sparse Ratio: 0

Phase 7 Route finalize | Checksum: 29a4ce0a3

Time (s): cpu = 00:01:40 ; elapsed = 00:01:19 . Memory (MB): peak = 3067.852 ; gain = 0.000

Phase 8 Verifying routed nets

 Verification completed successfully
Phase 8 Verifying routed nets | Checksum: 29a4ce0a3

Time (s): cpu = 00:01:40 ; elapsed = 00:01:19 . Memory (MB): peak = 3067.852 ; gain = 0.000

Phase 9 Depositing Routes
Phase 9 Depositing Routes | Checksum: 29a4ce0a3

Time (s): cpu = 00:01:40 ; elapsed = 00:01:20 . Memory (MB): peak = 3067.852 ; gain = 0.000

Phase 10 Post Router Timing
INFO: [Route 35-57] Estimated Timing Summary | WNS=-1.511 | TNS=-5584.900| WHS=0.030  | THS=0.000  |

WARNING: [Route 35-328] Router estimated timing not met.
Resolution: For a complete and accurate timing signoff, report_timing_summary must be run after route_design. Alternatively, route_design can be run with the -timing_summary option to enable a complete timing signoff at the end of route_design.
Phase 10 Post Router Timing | Checksum: 29a4ce0a3

Time (s): cpu = 00:01:41 ; elapsed = 00:01:21 . Memory (MB): peak = 3067.852 ; gain = 0.000
INFO: [Route 35-16] Router Completed Successfully

Time (s): cpu = 00:01:41 ; elapsed = 00:01:21 . Memory (MB): peak = 3067.852 ; gain = 0.000

Routing Is Done.
INFO: [Common 17-83] Releasing license: Implementation
252 Infos, 1 Warnings, 0 Critical Warnings and 0 Errors encountered.
route_design completed successfully
route_design: Time (s): cpu = 00:01:44 ; elapsed = 00:01:23 . Memory (MB): peak = 3067.852 ; gain = 0.000
INFO: [Timing 38-480] Writing timing data to binary archive.
Writing XDEF routing.
Writing XDEF routing logical nets.
Writing XDEF routing special nets.
Write XDEF Complete: Time (s): cpu = 00:00:01 ; elapsed = 00:00:00.609 . Memory (MB): peak = 3067.852 ; gain = 0.000
INFO: [Common 17-1381] The checkpoint 'C:/LRMLD/module_library/table_sort/table_sort.runs/impl_1/table_sort_wrap_routed.dcp' has been generated.
INFO: [runtcl-4] Executing : report_drc -file table_sort_wrap_drc_routed.rpt -pb table_sort_wrap_drc_routed.pb -rpx table_sort_wrap_drc_routed.rpx
Command: report_drc -file table_sort_wrap_drc_routed.rpt -pb table_sort_wrap_drc_routed.pb -rpx table_sort_wrap_drc_routed.rpx
INFO: [IP_Flow 19-1839] IP Catalog is up to date.
INFO: [DRC 23-27] Running DRC with 2 threads
INFO: [Vivado_Tcl 2-168] The results of DRC are in file C:/LRMLD/module_library/table_sort/table_sort.runs/impl_1/table_sort_wrap_drc_routed.rpt.
report_drc completed successfully
INFO: [runtcl-4] Executing : report_methodology -file table_sort_wrap_methodology_drc_routed.rpt -pb table_sort_wrap_methodology_drc_routed.pb -rpx table_sort_wrap_methodology_drc_routed.rpx
Command: report_methodology -file table_sort_wrap_methodology_drc_routed.rpt -pb table_sort_wrap_methodology_drc_routed.pb -rpx table_sort_wrap_methodology_drc_routed.rpx
INFO: [Timing 38-35] Done setting XDC timing constraints.
INFO: [DRC 23-133] Running Methodology with 2 threads
INFO: [Vivado_Tcl 2-1520] The results of Report Methodology are in file C:/LRMLD/module_library/table_sort/table_sort.runs/impl_1/table_sort_wrap_methodology_drc_routed.rpt.
report_methodology completed successfully
INFO: [runtcl-4] Executing : report_power -file table_sort_wrap_power_routed.rpt -pb table_sort_wrap_power_summary_routed.pb -rpx table_sort_wrap_power_routed.rpx
Command: report_power -file table_sort_wrap_power_routed.rpt -pb table_sort_wrap_power_summary_routed.pb -rpx table_sort_wrap_power_routed.rpx
INFO: [Timing 38-35] Done setting XDC timing constraints.
Running Vector-less Activity Propagation...

Finished Running Vector-less Activity Propagation
264 Infos, 1 Warnings, 0 Critical Warnings and 0 Errors encountered.
report_power completed successfully
INFO: [runtcl-4] Executing : report_route_status -file table_sort_wrap_route_status.rpt -pb table_sort_wrap_route_status.pb
INFO: [runtcl-4] Executing : report_timing_summary -max_paths 10 -report_unconstrained -file table_sort_wrap_timing_summary_routed.rpt -pb table_sort_wrap_timing_summary_routed.pb -rpx table_sort_wrap_timing_summary_routed.rpx -warn_on_violation 
INFO: [Timing 38-91] UpdateTimingParams: Speed grade: -1, Temperature grade: I, Delay Type: min_max.
INFO: [Timing 38-191] Multithreading enabled for timing update using a maximum of 2 CPUs
CRITICAL WARNING: [Timing 38-282] The design failed to meet the timing requirements. Please see the timing summary report for details on the timing violations.
INFO: [runtcl-4] Executing : report_incremental_reuse -file table_sort_wrap_incremental_reuse_routed.rpt
INFO: [Vivado_Tcl 4-1062] Incremental flow is disabled. No incremental reuse Info to report.
INFO: [runtcl-4] Executing : report_clock_utilization -file table_sort_wrap_clock_utilization_routed.rpt
INFO: [runtcl-4] Executing : report_bus_skew -warn_on_violation -file table_sort_wrap_bus_skew_routed.rpt -pb table_sort_wrap_bus_skew_routed.pb -rpx table_sort_wrap_bus_skew_routed.rpx
INFO: [Timing 38-91] UpdateTimingParams: Speed grade: -1, Temperature grade: I, Delay Type: min_max.
INFO: [Timing 38-191] Multithreading enabled for timing update using a maximum of 2 CPUs
INFO: [Common 17-206] Exiting Vivado at Mon May  4 22:20:40 2026...
