Copyright 1986-2022 Xilinx, Inc. All Rights Reserved.
--------------------------------------------------------------------------------------------
| Tool Version : Vivado v.2022.1 (win64) Build 3526262 Mon Apr 18 15:48:16 MDT 2022
| Date         : Mon May  4 22:18:55 2026
| Host         : feduuk running 64-bit major release  (build 9200)
| Command      : report_control_sets -verbose -file table_sort_wrap_control_sets_placed.rpt
| Design       : table_sort_wrap
| Device       : xcku035
--------------------------------------------------------------------------------------------

Control Set Information

Table of Contents
-----------------
1. Summary
2. Histogram
3. Flip-Flop Distribution
4. Detailed Control Set Information

1. Summary
----------

+----------------------------------------------------------+-------+
|                          Status                          | Count |
+----------------------------------------------------------+-------+
| Total control sets                                       |    73 |
|    Minimum number of control sets                        |    73 |
|    Addition due to synthesis replication                 |     0 |
|    Addition due to physical synthesis replication        |     0 |
| Unused register locations in slices containing registers |   143 |
+----------------------------------------------------------+-------+
* Control sets can be merged at opt_design using control_set_merge or merge_equivalent_drivers
** Run report_qor_suggestions for automated merging and remapping suggestions


2. Histogram
------------

+--------------------+-------+
|       Fanout       | Count |
+--------------------+-------+
| Total control sets |    73 |
| >= 0 to < 4        |     3 |
| >= 4 to < 6        |     1 |
| >= 6 to < 8        |     1 |
| >= 8 to < 10       |     1 |
| >= 10 to < 12      |     0 |
| >= 12 to < 14      |     0 |
| >= 14 to < 16      |    65 |
| >= 16              |     2 |
+--------------------+-------+
* Control sets can be remapped at either synth_design or opt_design


3. Flip-Flop Distribution
-------------------------

+--------------+-----------------------+------------------------+-----------------+--------------+
| Clock Enable | Synchronous Set/Reset | Asynchronous Set/Reset | Total Registers | Total Slices |
+--------------+-----------------------+------------------------+-----------------+--------------+
| No           | No                    | No                     |            5378 |          903 |
| No           | No                    | Yes                    |               0 |            0 |
| No           | Yes                   | No                     |               3 |            3 |
| Yes          | No                    | No                     |               0 |            0 |
| Yes          | No                    | Yes                    |               0 |            0 |
| Yes          | Yes                   | No                     |            1832 |          358 |
+--------------+-----------------------+------------------------+-----------------+--------------+


4. Detailed Control Set Information
-----------------------------------

+----------------+-------------------------------------------------------+------------------+------------------+----------------+--------------+
|  Clock Signal  |                     Enable Signal                     | Set/Reset Signal | Slice Load Count | Bel Load Count | Bels / Slice |
+----------------+-------------------------------------------------------+------------------+------------------+----------------+--------------+
|  clk_IBUF_BUFG |                                                       | rst_IBUF_inst/O  |                3 |              3 |         1.00 |
|  clk_IBUF_BUFG | i_valid_IBUF_inst/O                                   | elem_idx         |                2 |              3 |         1.50 |
|  clk_IBUF_BUFG | cos_idx                                               | elem_idx         |                2 |              3 |         1.50 |
|  clk_IBUF_BUFG | dut/genblk1[7].sort/GEN8.u_sort/rd_elem_idx_reg[0][0] | rst_IBUF_inst/O  |                4 |              5 |         1.25 |
|  clk_IBUF_BUFG | i_valid_IBUF_inst/O                                   | rst_IBUF_inst/O  |                2 |              6 |         3.00 |
|  clk_IBUF_BUFG | dut/genblk1[7].sort/GEN8.u_sort/E[0]                  | rst_IBUF_inst/O  |                3 |              9 |         3.00 |
|  clk_IBUF_BUFG | in_metrics[0][7][9]_i_1_n_0                           | rst_IBUF_inst/O  |                4 |             14 |         3.50 |
|  clk_IBUF_BUFG | busy                                                  | rst_IBUF_inst/O  |               10 |             14 |         1.40 |
|  clk_IBUF_BUFG | in_metrics[0][4][9]_i_1_n_0                           | rst_IBUF_inst/O  |                2 |             14 |         7.00 |
|  clk_IBUF_BUFG | in_metrics[1][1][9]_i_1_n_0                           | rst_IBUF_inst/O  |                2 |             14 |         7.00 |
|  clk_IBUF_BUFG | in_metrics[2][1][9]_i_1_n_0                           | rst_IBUF_inst/O  |                3 |             14 |         4.67 |
|  clk_IBUF_BUFG | in_metrics[1][0][9]_i_1_n_0                           | rst_IBUF_inst/O  |                4 |             14 |         3.50 |
|  clk_IBUF_BUFG | in_metrics[1][4][9]_i_1_n_0                           | rst_IBUF_inst/O  |                4 |             14 |         3.50 |
|  clk_IBUF_BUFG | in_metrics[1][5][9]_i_1_n_0                           | rst_IBUF_inst/O  |                4 |             14 |         3.50 |
|  clk_IBUF_BUFG | in_metrics[1][2][9]_i_1_n_0                           | rst_IBUF_inst/O  |                4 |             14 |         3.50 |
|  clk_IBUF_BUFG | in_metrics[1][6][9]_i_1_n_0                           | rst_IBUF_inst/O  |                1 |             14 |        14.00 |
|  clk_IBUF_BUFG | in_metrics[1][7][9]_i_1_n_0                           | rst_IBUF_inst/O  |                5 |             14 |         2.80 |
|  clk_IBUF_BUFG | in_metrics[2][0][9]_i_1_n_0                           | rst_IBUF_inst/O  |                5 |             14 |         2.80 |
|  clk_IBUF_BUFG | in_metrics[0][5][9]_i_1_n_0                           | rst_IBUF_inst/O  |                4 |             14 |         3.50 |
|  clk_IBUF_BUFG | in_metrics[1][3][9]_i_1_n_0                           | rst_IBUF_inst/O  |                2 |             14 |         7.00 |
|  clk_IBUF_BUFG | in_metrics[0][3][9]_i_1_n_0                           | rst_IBUF_inst/O  |                2 |             14 |         7.00 |
|  clk_IBUF_BUFG | in_metrics[0][2][9]_i_1_n_0                           | rst_IBUF_inst/O  |                2 |             14 |         7.00 |
|  clk_IBUF_BUFG | in_metrics[2][2][9]_i_1_n_0                           | rst_IBUF_inst/O  |                1 |             14 |        14.00 |
|  clk_IBUF_BUFG | in_metrics[0][6][9]_i_1_n_0                           | rst_IBUF_inst/O  |                5 |             14 |         2.80 |
|  clk_IBUF_BUFG | in_metrics                                            | rst_IBUF_inst/O  |                2 |             14 |         7.00 |
|  clk_IBUF_BUFG | in_metrics[0][1][9]_i_1_n_0                           | rst_IBUF_inst/O  |                1 |             14 |        14.00 |
|  clk_IBUF_BUFG | in_metrics[4][3][9]_i_1_n_0                           | rst_IBUF_inst/O  |                5 |             14 |         2.80 |
|  clk_IBUF_BUFG | in_metrics[4][4][9]_i_1_n_0                           | rst_IBUF_inst/O  |                5 |             14 |         2.80 |
|  clk_IBUF_BUFG | in_metrics[4][7][9]_i_1_n_0                           | rst_IBUF_inst/O  |                6 |             14 |         2.33 |
|  clk_IBUF_BUFG | in_metrics[3][1][9]_i_1_n_0                           | rst_IBUF_inst/O  |                2 |             14 |         7.00 |
|  clk_IBUF_BUFG | in_metrics[3][3][9]_i_1_n_0                           | rst_IBUF_inst/O  |                2 |             14 |         7.00 |
|  clk_IBUF_BUFG | in_metrics[3][5][9]_i_1_n_0                           | rst_IBUF_inst/O  |                3 |             14 |         4.67 |
|  clk_IBUF_BUFG | in_metrics[4][2][9]_i_1_n_0                           | rst_IBUF_inst/O  |                5 |             14 |         2.80 |
|  clk_IBUF_BUFG | in_metrics[4][6][9]_i_1_n_0                           | rst_IBUF_inst/O  |                6 |             14 |         2.33 |
|  clk_IBUF_BUFG | in_metrics[5][2][9]_i_1_n_0                           | rst_IBUF_inst/O  |                4 |             14 |         3.50 |
|  clk_IBUF_BUFG | in_metrics[5][3][9]_i_1_n_0                           | rst_IBUF_inst/O  |                1 |             14 |        14.00 |
|  clk_IBUF_BUFG | in_metrics[2][4][9]_i_1_n_0                           | rst_IBUF_inst/O  |                2 |             14 |         7.00 |
|  clk_IBUF_BUFG | in_metrics[3][4][9]_i_1_n_0                           | rst_IBUF_inst/O  |                4 |             14 |         3.50 |
|  clk_IBUF_BUFG | in_metrics[3][2][9]_i_1_n_0                           | rst_IBUF_inst/O  |                2 |             14 |         7.00 |
|  clk_IBUF_BUFG | in_metrics[4][0][9]_i_1_n_0                           | rst_IBUF_inst/O  |                5 |             14 |         2.80 |
|  clk_IBUF_BUFG | in_metrics[3][6][9]_i_1_n_0                           | rst_IBUF_inst/O  |                3 |             14 |         4.67 |
|  clk_IBUF_BUFG | in_metrics[5][4][9]_i_1_n_0                           | rst_IBUF_inst/O  |                4 |             14 |         3.50 |
|  clk_IBUF_BUFG | in_metrics[5][5][9]_i_1_n_0                           | rst_IBUF_inst/O  |                3 |             14 |         4.67 |
|  clk_IBUF_BUFG | in_metrics[5][6][9]_i_1_n_0                           | rst_IBUF_inst/O  |                3 |             14 |         4.67 |
|  clk_IBUF_BUFG | in_metrics[6][0][9]_i_1_n_0                           | rst_IBUF_inst/O  |                4 |             14 |         3.50 |
|  clk_IBUF_BUFG | in_metrics[2][6][9]_i_1_n_0                           | rst_IBUF_inst/O  |                4 |             14 |         3.50 |
|  clk_IBUF_BUFG | in_metrics[2][7][9]_i_1_n_0                           | rst_IBUF_inst/O  |                5 |             14 |         2.80 |
|  clk_IBUF_BUFG | in_metrics[5][7][9]_i_1_n_0                           | rst_IBUF_inst/O  |                3 |             14 |         4.67 |
|  clk_IBUF_BUFG | in_metrics[6][1][9]_i_1_n_0                           | rst_IBUF_inst/O  |                6 |             14 |         2.33 |
|  clk_IBUF_BUFG | in_metrics[4][5][9]_i_1_n_0                           | rst_IBUF_inst/O  |                6 |             14 |         2.33 |
|  clk_IBUF_BUFG | in_metrics[4][1][9]_i_1_n_0                           | rst_IBUF_inst/O  |                6 |             14 |         2.33 |
|  clk_IBUF_BUFG | in_metrics[2][5][9]_i_1_n_0                           | rst_IBUF_inst/O  |                1 |             14 |        14.00 |
|  clk_IBUF_BUFG | in_metrics[5][0][9]_i_1_n_0                           | rst_IBUF_inst/O  |                4 |             14 |         3.50 |
|  clk_IBUF_BUFG | in_metrics[5][1][9]_i_1_n_0                           | rst_IBUF_inst/O  |                3 |             14 |         4.67 |
|  clk_IBUF_BUFG | in_metrics[3][0][9]_i_1_n_0                           | rst_IBUF_inst/O  |                2 |             14 |         7.00 |
|  clk_IBUF_BUFG | in_metrics[3][7][9]_i_1_n_0                           | rst_IBUF_inst/O  |                2 |             14 |         7.00 |
|  clk_IBUF_BUFG | in_metrics[6][4][9]_i_1_n_0                           | rst_IBUF_inst/O  |                4 |             14 |         3.50 |
|  clk_IBUF_BUFG | in_metrics[7][6][9]_i_1_n_0                           | rst_IBUF_inst/O  |                2 |             14 |         7.00 |
|  clk_IBUF_BUFG | in_metrics[7][7][9]_i_1_n_0                           | rst_IBUF_inst/O  |                4 |             14 |         3.50 |
|  clk_IBUF_BUFG | in_metrics[7][2][9]_i_1_n_0                           | rst_IBUF_inst/O  |                2 |             14 |         7.00 |
|  clk_IBUF_BUFG | in_metrics[7][3][9]_i_1_n_0                           | rst_IBUF_inst/O  |                3 |             14 |         4.67 |
|  clk_IBUF_BUFG | in_metrics[6][5][9]_i_1_n_0                           | rst_IBUF_inst/O  |                6 |             14 |         2.33 |
|  clk_IBUF_BUFG | in_metrics[2][3][9]_i_1_n_0                           | rst_IBUF_inst/O  |                6 |             14 |         2.33 |
|  clk_IBUF_BUFG | in_metrics[7][1][9]_i_1_n_0                           | rst_IBUF_inst/O  |                2 |             14 |         7.00 |
|  clk_IBUF_BUFG | in_metrics[6][3][9]_i_1_n_0                           | rst_IBUF_inst/O  |                4 |             14 |         3.50 |
|  clk_IBUF_BUFG | in_metrics[6][7][9]_i_1_n_0                           | rst_IBUF_inst/O  |                4 |             14 |         3.50 |
|  clk_IBUF_BUFG | in_metrics[7][5][9]_i_1_n_0                           | rst_IBUF_inst/O  |                4 |             14 |         3.50 |
|  clk_IBUF_BUFG | in_metrics[6][6][9]_i_1_n_0                           | rst_IBUF_inst/O  |                3 |             14 |         4.67 |
|  clk_IBUF_BUFG | in_metrics[7][4][9]_i_1_n_0                           | rst_IBUF_inst/O  |                4 |             14 |         3.50 |
|  clk_IBUF_BUFG | in_metrics[6][2][9]_i_1_n_0                           | rst_IBUF_inst/O  |                4 |             14 |         3.50 |
|  clk_IBUF_BUFG | in_metrics[7][0][9]_i_1_n_0                           | rst_IBUF_inst/O  |                2 |             14 |         7.00 |
|  clk_IBUF_BUFG | dut/genblk1[7].sort/GEN8.u_sort/r5_v_reg_0            | rst_IBUF_inst/O  |              223 |            896 |         4.02 |
|  clk_IBUF_BUFG |                                                       |                  |              903 |           5379 |         5.96 |
+----------------+-------------------------------------------------------+------------------+------------------+----------------+--------------+


