
*** Running vivado
    with args -log wp_comb.vds -m64 -product Vivado -mode batch -messageDb vivado.pb -notrace -source wp_comb.tcl



****** Vivado v2022.1 (64-bit)
  **** SW Build 3526262 on Mon Apr 18 15:48:16 MDT 2022
  **** IP Build 3524634 on Mon Apr 18 20:55:01 MDT 2022
    ** Copyright 1986-2022 Xilinx, Inc. All Rights Reserved.

source wp_comb.tcl -notrace
Command: read_checkpoint -auto_incremental -incremental C:/LRMLD/module_library/comb/comb.srcs/utils_1/imports/synth_1/wp_comb.dcp
INFO: [Vivado 12-5825] Read reference checkpoint from C:/LRMLD/module_library/comb/comb.srcs/utils_1/imports/synth_1/wp_comb.dcp for incremental synthesis
INFO: [Vivado 12-7989] Please ensure there are no constraint changes
Command: synth_design -top wp_comb -part xcku035-fbva676-1-i
Starting synth_design
Attempting to get a license for feature 'Synthesis' and/or device 'xcku035'
INFO: [Common 17-349] Got license for feature 'Synthesis' and/or device 'xcku035'
INFO: [Device 21-403] Loading part xcku035-fbva676-1-i
INFO: [Designutils 20-5440] No compile time benefit to using incremental synthesis; A full resynthesis will be run
INFO: [Designutils 20-4379] Flow is switching to default flow due to incremental criteria not met. If you would like to alter this behaviour and have the flow terminate instead, please set the following parameter config_implementation {autoIncr.Synth.RejectBehavior Terminate}
INFO: [Synth 8-7079] Multithreading enabled for synth_design using a maximum of 2 processes.
INFO: [Synth 8-7078] Launching helper process for spawning children vivado processes
INFO: [Synth 8-7075] Helper process launched with PID 48540
WARNING: [Synth 8-10180] variable 'pair' must explicitly be declared as automatic or static [C:/LRMLD/module_library/unite_lists/unite_lists.srcs/sources_1/imports/module_library/bitonic_sort/bitonic_sort.srcs/sources_1/new/bitonic_sort_fp.sv:57]
WARNING: [Synth 8-9661] initial value of parameter 'TBL' is omitted [C:/LRMLD/module_library/comb/comb.srcs/sources_1/new/comb.sv:18]
WARNING: [Synth 8-9887] parameter declaration becomes local in 'wp_comb' with formal parameter declaration list [C:/LRMLD/module_library/comb/comb.srcs/sources_1/new/wp_comb.sv:56]
---------------------------------------------------------------------------------
Starting RTL Elaboration : Time (s): cpu = 00:00:04 ; elapsed = 00:00:04 . Memory (MB): peak = 1452.383 ; gain = 157.172
---------------------------------------------------------------------------------
INFO: [Synth 8-6157] synthesizing module 'wp_comb' [C:/LRMLD/module_library/comb/comb.srcs/sources_1/new/wp_comb.sv:3]
INFO: [Synth 8-6157] synthesizing module 'comb' [C:/LRMLD/module_library/comb/comb.srcs/sources_1/new/comb.sv:4]
	Parameter L bound to: 12 - type: integer 
	Parameter IS_FSM bound to: 1'b1 
	Parameter N bound to: 12 - type: integer 
	Parameter N1 bound to: 12 - type: integer 
	Parameter N_COS bound to: 8 - type: integer 
	Parameter METRIC_W bound to: 10 - type: integer 
	Parameter LABEL_W bound to: 16 - type: integer 
	Parameter LABEL_W1 bound to: 16 - type: integer 
	Parameter N_U bound to: 4 - type: integer 
	Parameter TBL bound to: 192'b000001001011010101011111001010010100011110100000010011011101100111101001011100100110101000110010100101101111110001111011101110110000111010000100110111111001000011001101111000000010001100010110 
	Parameter N_OUT bound to: 12 - type: integer 
	Parameter FF_P bound to: 5'b11111 
INFO: [Synth 8-6157] synthesizing module 'list_delay' [C:/LRMLD/module_library/comb/comb.srcs/sources_1/new/list_delay.sv:3]
	Parameter DELAY bound to: 3 - type: integer 
	Parameter N_OUT bound to: 12 - type: integer 
	Parameter WIDTH bound to: 10 - type: integer 
INFO: [Synth 8-6157] synthesizing module 'delay_line' [C:/LRMLD/module_library/merge_tree/merge_tree.srcs/sources_1/new/delay_line.sv:15]
	Parameter DELAY bound to: 3 - type: integer 
	Parameter WIDTH bound to: 120 - type: integer 
	Parameter STYLE bound to: register - type: string 
INFO: [Synth 8-6155] done synthesizing module 'delay_line' (0#1) [C:/LRMLD/module_library/merge_tree/merge_tree.srcs/sources_1/new/delay_line.sv:15]
INFO: [Synth 8-6155] done synthesizing module 'list_delay' (0#1) [C:/LRMLD/module_library/comb/comb.srcs/sources_1/new/list_delay.sv:3]
INFO: [Synth 8-6157] synthesizing module 'list_delay__parameterized0' [C:/LRMLD/module_library/comb/comb.srcs/sources_1/new/list_delay.sv:3]
	Parameter DELAY bound to: 3 - type: integer 
	Parameter N_OUT bound to: 12 - type: integer 
	Parameter WIDTH bound to: 32 - type: integer 
INFO: [Synth 8-6157] synthesizing module 'delay_line__parameterized0' [C:/LRMLD/module_library/merge_tree/merge_tree.srcs/sources_1/new/delay_line.sv:15]
	Parameter DELAY bound to: 3 - type: integer 
	Parameter WIDTH bound to: 384 - type: integer 
	Parameter STYLE bound to: register - type: string 
INFO: [Synth 8-6155] done synthesizing module 'delay_line__parameterized0' (0#1) [C:/LRMLD/module_library/merge_tree/merge_tree.srcs/sources_1/new/delay_line.sv:15]
INFO: [Synth 8-6155] done synthesizing module 'list_delay__parameterized0' (0#1) [C:/LRMLD/module_library/comb/comb.srcs/sources_1/new/list_delay.sv:3]
INFO: [Synth 8-6157] synthesizing module 'list_delay__parameterized1' [C:/LRMLD/module_library/comb/comb.srcs/sources_1/new/list_delay.sv:3]
	Parameter DELAY bound to: 2 - type: integer 
	Parameter N_OUT bound to: 12 - type: integer 
	Parameter WIDTH bound to: 10 - type: integer 
INFO: [Synth 8-6157] synthesizing module 'delay_line__parameterized1' [C:/LRMLD/module_library/merge_tree/merge_tree.srcs/sources_1/new/delay_line.sv:15]
	Parameter DELAY bound to: 2 - type: integer 
	Parameter WIDTH bound to: 120 - type: integer 
	Parameter STYLE bound to: register - type: string 
INFO: [Synth 8-6155] done synthesizing module 'delay_line__parameterized1' (0#1) [C:/LRMLD/module_library/merge_tree/merge_tree.srcs/sources_1/new/delay_line.sv:15]
INFO: [Synth 8-6155] done synthesizing module 'list_delay__parameterized1' (0#1) [C:/LRMLD/module_library/comb/comb.srcs/sources_1/new/list_delay.sv:3]
INFO: [Synth 8-6157] synthesizing module 'list_delay__parameterized2' [C:/LRMLD/module_library/comb/comb.srcs/sources_1/new/list_delay.sv:3]
	Parameter DELAY bound to: 2 - type: integer 
	Parameter N_OUT bound to: 12 - type: integer 
	Parameter WIDTH bound to: 32 - type: integer 
INFO: [Synth 8-6157] synthesizing module 'delay_line__parameterized2' [C:/LRMLD/module_library/merge_tree/merge_tree.srcs/sources_1/new/delay_line.sv:15]
	Parameter DELAY bound to: 2 - type: integer 
	Parameter WIDTH bound to: 384 - type: integer 
	Parameter STYLE bound to: register - type: string 
INFO: [Synth 8-6155] done synthesizing module 'delay_line__parameterized2' (0#1) [C:/LRMLD/module_library/merge_tree/merge_tree.srcs/sources_1/new/delay_line.sv:15]
INFO: [Synth 8-6155] done synthesizing module 'list_delay__parameterized2' (0#1) [C:/LRMLD/module_library/comb/comb.srcs/sources_1/new/list_delay.sv:3]
INFO: [Synth 8-6157] synthesizing module 'list_delay__parameterized3' [C:/LRMLD/module_library/comb/comb.srcs/sources_1/new/list_delay.sv:3]
	Parameter DELAY bound to: 1 - type: integer 
	Parameter N_OUT bound to: 12 - type: integer 
	Parameter WIDTH bound to: 10 - type: integer 
INFO: [Synth 8-6157] synthesizing module 'delay_line__parameterized3' [C:/LRMLD/module_library/merge_tree/merge_tree.srcs/sources_1/new/delay_line.sv:15]
	Parameter DELAY bound to: 1 - type: integer 
	Parameter WIDTH bound to: 120 - type: integer 
	Parameter STYLE bound to: register - type: string 
INFO: [Synth 8-6155] done synthesizing module 'delay_line__parameterized3' (0#1) [C:/LRMLD/module_library/merge_tree/merge_tree.srcs/sources_1/new/delay_line.sv:15]
INFO: [Synth 8-6155] done synthesizing module 'list_delay__parameterized3' (0#1) [C:/LRMLD/module_library/comb/comb.srcs/sources_1/new/list_delay.sv:3]
INFO: [Synth 8-6157] synthesizing module 'list_delay__parameterized4' [C:/LRMLD/module_library/comb/comb.srcs/sources_1/new/list_delay.sv:3]
	Parameter DELAY bound to: 1 - type: integer 
	Parameter N_OUT bound to: 12 - type: integer 
	Parameter WIDTH bound to: 32 - type: integer 
INFO: [Synth 8-6157] synthesizing module 'delay_line__parameterized4' [C:/LRMLD/module_library/merge_tree/merge_tree.srcs/sources_1/new/delay_line.sv:15]
	Parameter DELAY bound to: 1 - type: integer 
	Parameter WIDTH bound to: 384 - type: integer 
	Parameter STYLE bound to: register - type: string 
INFO: [Synth 8-6155] done synthesizing module 'delay_line__parameterized4' (0#1) [C:/LRMLD/module_library/merge_tree/merge_tree.srcs/sources_1/new/delay_line.sv:15]
INFO: [Synth 8-6155] done synthesizing module 'list_delay__parameterized4' (0#1) [C:/LRMLD/module_library/comb/comb.srcs/sources_1/new/list_delay.sv:3]
INFO: [Synth 8-6157] synthesizing module 'list_delay__parameterized5' [C:/LRMLD/module_library/comb/comb.srcs/sources_1/new/list_delay.sv:3]
	Parameter DELAY bound to: 0 - type: integer 
	Parameter N_OUT bound to: 12 - type: integer 
	Parameter WIDTH bound to: 10 - type: integer 
INFO: [Synth 8-6157] synthesizing module 'delay_line__parameterized5' [C:/LRMLD/module_library/merge_tree/merge_tree.srcs/sources_1/new/delay_line.sv:15]
	Parameter DELAY bound to: 0 - type: integer 
	Parameter WIDTH bound to: 120 - type: integer 
	Parameter STYLE bound to: register - type: string 
INFO: [Synth 8-6155] done synthesizing module 'delay_line__parameterized5' (0#1) [C:/LRMLD/module_library/merge_tree/merge_tree.srcs/sources_1/new/delay_line.sv:15]
INFO: [Synth 8-6155] done synthesizing module 'list_delay__parameterized5' (0#1) [C:/LRMLD/module_library/comb/comb.srcs/sources_1/new/list_delay.sv:3]
INFO: [Synth 8-6157] synthesizing module 'list_delay__parameterized6' [C:/LRMLD/module_library/comb/comb.srcs/sources_1/new/list_delay.sv:3]
	Parameter DELAY bound to: 0 - type: integer 
	Parameter N_OUT bound to: 12 - type: integer 
	Parameter WIDTH bound to: 32 - type: integer 
INFO: [Synth 8-6157] synthesizing module 'delay_line__parameterized6' [C:/LRMLD/module_library/merge_tree/merge_tree.srcs/sources_1/new/delay_line.sv:15]
	Parameter DELAY bound to: 0 - type: integer 
	Parameter WIDTH bound to: 384 - type: integer 
	Parameter STYLE bound to: register - type: string 
INFO: [Synth 8-6155] done synthesizing module 'delay_line__parameterized6' (0#1) [C:/LRMLD/module_library/merge_tree/merge_tree.srcs/sources_1/new/delay_line.sv:15]
INFO: [Synth 8-6155] done synthesizing module 'list_delay__parameterized6' (0#1) [C:/LRMLD/module_library/comb/comb.srcs/sources_1/new/list_delay.sv:3]
INFO: [Synth 8-6157] synthesizing module 'unite_lists' [C:/LRMLD/module_library/unite_lists/unite_lists.srcs/sources_1/new/unite_lists.sv:3]
	Parameter L bound to: 12 - type: integer 
	Parameter N bound to: 12 - type: integer 
	Parameter N1 bound to: 12 - type: integer 
	Parameter METRIC_W bound to: 10 - type: integer 
	Parameter LABEL_W bound to: 16 - type: integer 
	Parameter LABEL_W1 bound to: 16 - type: integer 
INFO: [Synth 8-6157] synthesizing module 'sum_select_12_bm_ir' [C:/LRMLD/module_library/unite_lists/unite_lists.srcs/sources_1/imports/module_library/sum_select_12/sum_select_12.srcs/sources_1/new/sum_select_12_bm_ir.sv:4]
	Parameter METRIC_W bound to: 10 - type: integer 
	Parameter LABEL_W bound to: 16 - type: integer 
	Parameter LABEL_W1 bound to: 16 - type: integer 
INFO: [Synth 8-6157] synthesizing module 'sum_select' [C:/LRMLD/module_library/unite_lists/unite_lists.srcs/sources_1/imports/module_library/sum_select/sum_select.srcs/sources_1/new/sum_select.sv:2]
	Parameter METRIC_W bound to: 10 - type: integer 
	Parameter LABEL_W bound to: 16 - type: integer 
	Parameter LABEL_W1 bound to: 16 - type: integer 
INFO: [Synth 8-6157] synthesizing module 'comparator' [C:/LRMLD/module_library/unite_lists/unite_lists.srcs/sources_1/imports/module_library/sum_select8/sum_select8.srcs/sources_1/new/comparator.sv:1]
	Parameter DATA_W bound to: 11 - type: integer 
INFO: [Synth 8-6155] done synthesizing module 'comparator' (0#1) [C:/LRMLD/module_library/unite_lists/unite_lists.srcs/sources_1/imports/module_library/sum_select8/sum_select8.srcs/sources_1/new/comparator.sv:1]
WARNING: [Synth 8-7071] port 'o_min' of module 'comparator' is unconnected for instance 'comp1' [C:/LRMLD/module_library/unite_lists/unite_lists.srcs/sources_1/imports/module_library/sum_select/sum_select.srcs/sources_1/new/sum_select.sv:135]
WARNING: [Synth 8-7071] port 'o_max' of module 'comparator' is unconnected for instance 'comp1' [C:/LRMLD/module_library/unite_lists/unite_lists.srcs/sources_1/imports/module_library/sum_select/sum_select.srcs/sources_1/new/sum_select.sv:135]
WARNING: [Synth 8-7023] instance 'comp1' of module 'comparator' has 5 connections declared, but only 3 given [C:/LRMLD/module_library/unite_lists/unite_lists.srcs/sources_1/imports/module_library/sum_select/sum_select.srcs/sources_1/new/sum_select.sv:135]
WARNING: [Synth 8-7071] port 'o_min' of module 'comparator' is unconnected for instance 'comp2' [C:/LRMLD/module_library/unite_lists/unite_lists.srcs/sources_1/imports/module_library/sum_select/sum_select.srcs/sources_1/new/sum_select.sv:141]
WARNING: [Synth 8-7071] port 'o_max' of module 'comparator' is unconnected for instance 'comp2' [C:/LRMLD/module_library/unite_lists/unite_lists.srcs/sources_1/imports/module_library/sum_select/sum_select.srcs/sources_1/new/sum_select.sv:141]
WARNING: [Synth 8-7023] instance 'comp2' of module 'comparator' has 5 connections declared, but only 3 given [C:/LRMLD/module_library/unite_lists/unite_lists.srcs/sources_1/imports/module_library/sum_select/sum_select.srcs/sources_1/new/sum_select.sv:141]
WARNING: [Synth 8-7071] port 'o_min' of module 'comparator' is unconnected for instance 'comp3' [C:/LRMLD/module_library/unite_lists/unite_lists.srcs/sources_1/imports/module_library/sum_select/sum_select.srcs/sources_1/new/sum_select.sv:147]
WARNING: [Synth 8-7071] port 'o_max' of module 'comparator' is unconnected for instance 'comp3' [C:/LRMLD/module_library/unite_lists/unite_lists.srcs/sources_1/imports/module_library/sum_select/sum_select.srcs/sources_1/new/sum_select.sv:147]
WARNING: [Synth 8-7023] instance 'comp3' of module 'comparator' has 5 connections declared, but only 3 given [C:/LRMLD/module_library/unite_lists/unite_lists.srcs/sources_1/imports/module_library/sum_select/sum_select.srcs/sources_1/new/sum_select.sv:147]
WARNING: [Synth 8-7071] port 'o_min' of module 'comparator' is unconnected for instance 'comp4' [C:/LRMLD/module_library/unite_lists/unite_lists.srcs/sources_1/imports/module_library/sum_select/sum_select.srcs/sources_1/new/sum_select.sv:153]
WARNING: [Synth 8-7071] port 'o_max' of module 'comparator' is unconnected for instance 'comp4' [C:/LRMLD/module_library/unite_lists/unite_lists.srcs/sources_1/imports/module_library/sum_select/sum_select.srcs/sources_1/new/sum_select.sv:153]
WARNING: [Synth 8-7023] instance 'comp4' of module 'comparator' has 5 connections declared, but only 3 given [C:/LRMLD/module_library/unite_lists/unite_lists.srcs/sources_1/imports/module_library/sum_select/sum_select.srcs/sources_1/new/sum_select.sv:153]
WARNING: [Synth 8-7071] port 'o_min' of module 'comparator' is unconnected for instance 'comp5' [C:/LRMLD/module_library/unite_lists/unite_lists.srcs/sources_1/imports/module_library/sum_select/sum_select.srcs/sources_1/new/sum_select.sv:159]
WARNING: [Synth 8-7071] port 'o_max' of module 'comparator' is unconnected for instance 'comp5' [C:/LRMLD/module_library/unite_lists/unite_lists.srcs/sources_1/imports/module_library/sum_select/sum_select.srcs/sources_1/new/sum_select.sv:159]
WARNING: [Synth 8-7023] instance 'comp5' of module 'comparator' has 5 connections declared, but only 3 given [C:/LRMLD/module_library/unite_lists/unite_lists.srcs/sources_1/imports/module_library/sum_select/sum_select.srcs/sources_1/new/sum_select.sv:159]
INFO: [Synth 8-155] case statement is not full and has no default [C:/LRMLD/module_library/unite_lists/unite_lists.srcs/sources_1/imports/module_library/sum_select/sum_select.srcs/sources_1/new/sum_select.sv:325]
INFO: [Synth 8-155] case statement is not full and has no default [C:/LRMLD/module_library/unite_lists/unite_lists.srcs/sources_1/imports/module_library/sum_select/sum_select.srcs/sources_1/new/sum_select.sv:325]
INFO: [Synth 8-155] case statement is not full and has no default [C:/LRMLD/module_library/unite_lists/unite_lists.srcs/sources_1/imports/module_library/sum_select/sum_select.srcs/sources_1/new/sum_select.sv:325]
INFO: [Synth 8-6155] done synthesizing module 'sum_select' (0#1) [C:/LRMLD/module_library/unite_lists/unite_lists.srcs/sources_1/imports/module_library/sum_select/sum_select.srcs/sources_1/new/sum_select.sv:2]
INFO: [Synth 8-6157] synthesizing module 'sum_select_8' [C:/LRMLD/module_library/unite_lists/unite_lists.srcs/sources_1/imports/module_library/sum_select8/sum_select8.srcs/sources_1/new/sum_select_8.sv:2]
	Parameter METRIC_W bound to: 10 - type: integer 
	Parameter LABEL_W bound to: 16 - type: integer 
	Parameter LABEL_W1 bound to: 16 - type: integer 
INFO: [Synth 8-6157] synthesizing module 'cas' [C:/LRMLD/module_library/unite_lists/unite_lists.srcs/sources_1/imports/module_library/sum_select8/sum_select8.srcs/sources_1/new/cas.sv:1]
	Parameter METRIC_W bound to: 11 - type: integer 
	Parameter LABEL_W bound to: 3 - type: integer 
INFO: [Synth 8-6155] done synthesizing module 'cas' (0#1) [C:/LRMLD/module_library/unite_lists/unite_lists.srcs/sources_1/imports/module_library/sum_select8/sum_select8.srcs/sources_1/new/cas.sv:1]
INFO: [Synth 8-6155] done synthesizing module 'sum_select_8' (0#1) [C:/LRMLD/module_library/unite_lists/unite_lists.srcs/sources_1/imports/module_library/sum_select8/sum_select8.srcs/sources_1/new/sum_select_8.sv:2]
INFO: [Synth 8-6157] synthesizing module 'min2_frm5' [C:/LRMLD/module_library/unite_lists/unite_lists.srcs/sources_1/imports/module_library/min2_frm_5/min2_frm_5.srcs/sources_1/new/min2_frm5.sv:3]
	Parameter M_W bound to: 10 - type: integer 
INFO: [Synth 8-6157] synthesizing module 'comparator__parameterized0' [C:/LRMLD/module_library/unite_lists/unite_lists.srcs/sources_1/imports/module_library/sum_select8/sum_select8.srcs/sources_1/new/comparator.sv:1]
	Parameter DATA_W bound to: 10 - type: integer 
INFO: [Synth 8-6155] done synthesizing module 'comparator__parameterized0' (0#1) [C:/LRMLD/module_library/unite_lists/unite_lists.srcs/sources_1/imports/module_library/sum_select8/sum_select8.srcs/sources_1/new/comparator.sv:1]
WARNING: [Synth 8-7071] port 'o_min' of module 'comparator' is unconnected for instance 'cmp0' [C:/LRMLD/module_library/unite_lists/unite_lists.srcs/sources_1/imports/module_library/min2_frm_5/min2_frm_5.srcs/sources_1/new/min2_frm5.sv:24]
WARNING: [Synth 8-7071] port 'o_max' of module 'comparator' is unconnected for instance 'cmp0' [C:/LRMLD/module_library/unite_lists/unite_lists.srcs/sources_1/imports/module_library/min2_frm_5/min2_frm_5.srcs/sources_1/new/min2_frm5.sv:24]
WARNING: [Synth 8-7023] instance 'cmp0' of module 'comparator' has 5 connections declared, but only 3 given [C:/LRMLD/module_library/unite_lists/unite_lists.srcs/sources_1/imports/module_library/min2_frm_5/min2_frm_5.srcs/sources_1/new/min2_frm5.sv:24]
WARNING: [Synth 8-7071] port 'o_min' of module 'comparator' is unconnected for instance 'cmp1' [C:/LRMLD/module_library/unite_lists/unite_lists.srcs/sources_1/imports/module_library/min2_frm_5/min2_frm_5.srcs/sources_1/new/min2_frm5.sv:32]
WARNING: [Synth 8-7071] port 'o_max' of module 'comparator' is unconnected for instance 'cmp1' [C:/LRMLD/module_library/unite_lists/unite_lists.srcs/sources_1/imports/module_library/min2_frm_5/min2_frm_5.srcs/sources_1/new/min2_frm5.sv:32]
WARNING: [Synth 8-7023] instance 'cmp1' of module 'comparator' has 5 connections declared, but only 3 given [C:/LRMLD/module_library/unite_lists/unite_lists.srcs/sources_1/imports/module_library/min2_frm_5/min2_frm_5.srcs/sources_1/new/min2_frm5.sv:32]
WARNING: [Synth 8-7071] port 'o_min' of module 'comparator' is unconnected for instance 'cmp2' [C:/LRMLD/module_library/unite_lists/unite_lists.srcs/sources_1/imports/module_library/min2_frm_5/min2_frm_5.srcs/sources_1/new/min2_frm5.sv:40]
WARNING: [Synth 8-7071] port 'o_max' of module 'comparator' is unconnected for instance 'cmp2' [C:/LRMLD/module_library/unite_lists/unite_lists.srcs/sources_1/imports/module_library/min2_frm_5/min2_frm_5.srcs/sources_1/new/min2_frm5.sv:40]
WARNING: [Synth 8-7023] instance 'cmp2' of module 'comparator' has 5 connections declared, but only 3 given [C:/LRMLD/module_library/unite_lists/unite_lists.srcs/sources_1/imports/module_library/min2_frm_5/min2_frm_5.srcs/sources_1/new/min2_frm5.sv:40]
WARNING: [Synth 8-7071] port 'o_min' of module 'comparator' is unconnected for instance 'cmp3' [C:/LRMLD/module_library/unite_lists/unite_lists.srcs/sources_1/imports/module_library/min2_frm_5/min2_frm_5.srcs/sources_1/new/min2_frm5.sv:48]
WARNING: [Synth 8-7071] port 'o_max' of module 'comparator' is unconnected for instance 'cmp3' [C:/LRMLD/module_library/unite_lists/unite_lists.srcs/sources_1/imports/module_library/min2_frm_5/min2_frm_5.srcs/sources_1/new/min2_frm5.sv:48]
WARNING: [Synth 8-7023] instance 'cmp3' of module 'comparator' has 5 connections declared, but only 3 given [C:/LRMLD/module_library/unite_lists/unite_lists.srcs/sources_1/imports/module_library/min2_frm_5/min2_frm_5.srcs/sources_1/new/min2_frm5.sv:48]
WARNING: [Synth 8-7071] port 'o_min' of module 'comparator' is unconnected for instance 'cmp4' [C:/LRMLD/module_library/unite_lists/unite_lists.srcs/sources_1/imports/module_library/min2_frm_5/min2_frm_5.srcs/sources_1/new/min2_frm5.sv:56]
WARNING: [Synth 8-7071] port 'o_max' of module 'comparator' is unconnected for instance 'cmp4' [C:/LRMLD/module_library/unite_lists/unite_lists.srcs/sources_1/imports/module_library/min2_frm_5/min2_frm_5.srcs/sources_1/new/min2_frm5.sv:56]
WARNING: [Synth 8-7023] instance 'cmp4' of module 'comparator' has 5 connections declared, but only 3 given [C:/LRMLD/module_library/unite_lists/unite_lists.srcs/sources_1/imports/module_library/min2_frm_5/min2_frm_5.srcs/sources_1/new/min2_frm5.sv:56]
INFO: [Synth 8-6155] done synthesizing module 'min2_frm5' (0#1) [C:/LRMLD/module_library/unite_lists/unite_lists.srcs/sources_1/imports/module_library/min2_frm_5/min2_frm_5.srcs/sources_1/new/min2_frm5.sv:3]
WARNING: [Synth 8-324] index 2 out of range [C:/LRMLD/module_library/unite_lists/unite_lists.srcs/sources_1/imports/module_library/sum_select_12/sum_select_12.srcs/sources_1/new/sum_select_12_bm_ir.sv:243]
WARNING: [Synth 8-324] index 2 out of range [C:/LRMLD/module_library/unite_lists/unite_lists.srcs/sources_1/imports/module_library/sum_select_12/sum_select_12.srcs/sources_1/new/sum_select_12_bm_ir.sv:243]
INFO: [Synth 8-155] case statement is not full and has no default [C:/LRMLD/module_library/unite_lists/unite_lists.srcs/sources_1/imports/module_library/sum_select_12/sum_select_12.srcs/sources_1/new/sum_select_12_bm_ir.sv:250]
INFO: [Synth 8-155] case statement is not full and has no default [C:/LRMLD/module_library/unite_lists/unite_lists.srcs/sources_1/imports/module_library/sum_select_12/sum_select_12.srcs/sources_1/new/sum_select_12_bm_ir.sv:283]
INFO: [Synth 8-6157] synthesizing module 'bitonic_merge_4_4_ir' [C:/LRMLD/module_library/unite_lists/unite_lists.srcs/sources_1/imports/module_library/sum_select_12/sum_select_12.srcs/sources_1/new/bitonic_merge_4_4_ir.sv:4]
	Parameter M_W bound to: 10 - type: integer 
	Parameter L_W bound to: 32 - type: integer 
INFO: [Synth 8-6157] synthesizing module 'cas__parameterized0' [C:/LRMLD/module_library/unite_lists/unite_lists.srcs/sources_1/imports/module_library/sum_select8/sum_select8.srcs/sources_1/new/cas.sv:1]
	Parameter METRIC_W bound to: 10 - type: integer 
	Parameter LABEL_W bound to: 3 - type: integer 
INFO: [Synth 8-6155] done synthesizing module 'cas__parameterized0' (0#1) [C:/LRMLD/module_library/unite_lists/unite_lists.srcs/sources_1/imports/module_library/sum_select8/sum_select8.srcs/sources_1/new/cas.sv:1]
INFO: [Synth 8-226] default block is never used [C:/LRMLD/module_library/unite_lists/unite_lists.srcs/sources_1/imports/module_library/sum_select_12/sum_select_12.srcs/sources_1/new/bitonic_merge_4_4_ir.sv:143]
INFO: [Synth 8-226] default block is never used [C:/LRMLD/module_library/unite_lists/unite_lists.srcs/sources_1/imports/module_library/sum_select_12/sum_select_12.srcs/sources_1/new/bitonic_merge_4_4_ir.sv:143]
INFO: [Synth 8-226] default block is never used [C:/LRMLD/module_library/unite_lists/unite_lists.srcs/sources_1/imports/module_library/sum_select_12/sum_select_12.srcs/sources_1/new/bitonic_merge_4_4_ir.sv:143]
INFO: [Synth 8-226] default block is never used [C:/LRMLD/module_library/unite_lists/unite_lists.srcs/sources_1/imports/module_library/sum_select_12/sum_select_12.srcs/sources_1/new/bitonic_merge_4_4_ir.sv:143]
INFO: [Synth 8-226] default block is never used [C:/LRMLD/module_library/unite_lists/unite_lists.srcs/sources_1/imports/module_library/sum_select_12/sum_select_12.srcs/sources_1/new/bitonic_merge_4_4_ir.sv:143]
INFO: [Synth 8-226] default block is never used [C:/LRMLD/module_library/unite_lists/unite_lists.srcs/sources_1/imports/module_library/sum_select_12/sum_select_12.srcs/sources_1/new/bitonic_merge_4_4_ir.sv:143]
INFO: [Synth 8-226] default block is never used [C:/LRMLD/module_library/unite_lists/unite_lists.srcs/sources_1/imports/module_library/sum_select_12/sum_select_12.srcs/sources_1/new/bitonic_merge_4_4_ir.sv:143]
INFO: [Synth 8-226] default block is never used [C:/LRMLD/module_library/unite_lists/unite_lists.srcs/sources_1/imports/module_library/sum_select_12/sum_select_12.srcs/sources_1/new/bitonic_merge_4_4_ir.sv:143]
INFO: [Synth 8-6155] done synthesizing module 'bitonic_merge_4_4_ir' (0#1) [C:/LRMLD/module_library/unite_lists/unite_lists.srcs/sources_1/imports/module_library/sum_select_12/sum_select_12.srcs/sources_1/new/bitonic_merge_4_4_ir.sv:4]
INFO: [Synth 8-6155] done synthesizing module 'sum_select_12_bm_ir' (0#1) [C:/LRMLD/module_library/unite_lists/unite_lists.srcs/sources_1/imports/module_library/sum_select_12/sum_select_12.srcs/sources_1/new/sum_select_12_bm_ir.sv:4]
INFO: [Synth 8-6155] done synthesizing module 'unite_lists' (0#1) [C:/LRMLD/module_library/unite_lists/unite_lists.srcs/sources_1/new/unite_lists.sv:3]
INFO: [Synth 8-6157] synthesizing module 'merge_tree' [C:/LRMLD/module_library/merge_tree/merge_tree.srcs/sources_1/new/merge_tree.sv:1]
	Parameter NUM_LISTS bound to: 4 - type: integer 
	Parameter N_INPUTS bound to: 12 - type: integer 
	Parameter METRIC_W bound to: 10 - type: integer 
	Parameter LABEL_W bound to: 32 - type: integer 
	Parameter FF_P bound to: 5'b11111 
INFO: [Synth 8-6157] synthesizing module 'merge_2n_n' [C:/LRMLD/module_library/merge_tree/merge_tree.srcs/sources_1/new/merge_2n_n.sv:1]
	Parameter N_INPUTS bound to: 16 - type: integer 
	Parameter METRIC_W bound to: 10 - type: integer 
	Parameter LABEL_W bound to: 32 - type: integer 
	Parameter FF_P bound to: 5'b11111 
INFO: [Synth 8-6157] synthesizing module 'cas_l' [C:/LRMLD/module_library/merge_tree/merge_tree.srcs/sources_1/new/cas_l.sv:5]
	Parameter METRIC_W bound to: 10 - type: integer 
	Parameter LABEL_W bound to: 32 - type: integer 
	Parameter USE_FF bound to: 1'b1 
INFO: [Synth 8-6155] done synthesizing module 'cas_l' (0#1) [C:/LRMLD/module_library/merge_tree/merge_tree.srcs/sources_1/new/cas_l.sv:5]
INFO: [Synth 8-6157] synthesizing module 'delay_line__parameterized7' [C:/LRMLD/module_library/merge_tree/merge_tree.srcs/sources_1/new/delay_line.sv:15]
	Parameter DELAY bound to: 1'b1 
	Parameter WIDTH bound to: 42 - type: integer 
	Parameter STYLE bound to: auto - type: string 
INFO: [Synth 8-6155] done synthesizing module 'delay_line__parameterized7' (0#1) [C:/LRMLD/module_library/merge_tree/merge_tree.srcs/sources_1/new/delay_line.sv:15]
INFO: [Synth 8-6155] done synthesizing module 'merge_2n_n' (0#1) [C:/LRMLD/module_library/merge_tree/merge_tree.srcs/sources_1/new/merge_2n_n.sv:1]
INFO: [Synth 8-6155] done synthesizing module 'merge_tree' (0#1) [C:/LRMLD/module_library/merge_tree/merge_tree.srcs/sources_1/new/merge_tree.sv:1]
INFO: [Synth 8-6155] done synthesizing module 'comb' (0#1) [C:/LRMLD/module_library/comb/comb.srcs/sources_1/new/comb.sv:4]
INFO: [Synth 8-6155] done synthesizing module 'wp_comb' (0#1) [C:/LRMLD/module_library/comb/comb.srcs/sources_1/new/wp_comb.sv:3]
WARNING: [Synth 8-5856] 3D RAM conc_d_reg  for this pattern/configuration is not supported. This will most likely be implemented in registers
WARNING: [Synth 8-10225] Potential Runtime issue for 3D-RAM or RAM from Record/Structs for RAM  conc_d_reg 
WARNING: [Synth 8-6014] Unused sequential element idx_l_r_reg[0] was removed.  [C:/LRMLD/module_library/unite_lists/unite_lists.srcs/sources_1/imports/module_library/sum_select/sum_select.srcs/sources_1/new/sum_select.sv:128]
WARNING: [Synth 8-3936] Found unconnected internal register 'summ0_d_reg[1]' and it is trimmed from '11' to '10' bits. [C:/LRMLD/module_library/unite_lists/unite_lists.srcs/sources_1/imports/module_library/sum_select/sum_select.srcs/sources_1/new/sum_select.sv:131]
WARNING: [Synth 8-3936] Found unconnected internal register 'summ0_d_reg[0]' and it is trimmed from '11' to '10' bits. [C:/LRMLD/module_library/unite_lists/unite_lists.srcs/sources_1/imports/module_library/sum_select/sum_select.srcs/sources_1/new/sum_select.sv:131]
WARNING: [Synth 8-3936] Found unconnected internal register 'sig_summ_r_reg[0]' and it is trimmed from '11' to '10' bits. [C:/LRMLD/module_library/unite_lists/unite_lists.srcs/sources_1/imports/module_library/sum_select/sum_select.srcs/sources_1/new/sum_select.sv:127]
WARNING: [Synth 8-3936] Found unconnected internal register 'sig_summ_reg[0]' and it is trimmed from '11' to '10' bits. [C:/LRMLD/module_library/unite_lists/unite_lists.srcs/sources_1/imports/module_library/sum_select/sum_select.srcs/sources_1/new/sum_select.sv:76]
WARNING: [Synth 8-87] always_comb on 'o_labels_reg[1]' did not result in combinational logic [C:/LRMLD/module_library/unite_lists/unite_lists.srcs/sources_1/imports/module_library/sum_select/sum_select.srcs/sources_1/new/sum_select.sv:323]
WARNING: [Synth 8-87] always_comb on 'o_labels_reg[2]' did not result in combinational logic [C:/LRMLD/module_library/unite_lists/unite_lists.srcs/sources_1/imports/module_library/sum_select/sum_select.srcs/sources_1/new/sum_select.sv:323]
WARNING: [Synth 8-87] always_comb on 'o_labels_reg[3]' did not result in combinational logic [C:/LRMLD/module_library/unite_lists/unite_lists.srcs/sources_1/imports/module_library/sum_select/sum_select.srcs/sources_1/new/sum_select.sv:323]
WARNING: [Synth 8-5856] 3D RAM conc_d_reg  for this pattern/configuration is not supported. This will most likely be implemented in registers
WARNING: [Synth 8-10225] Potential Runtime issue for 3D-RAM or RAM from Record/Structs for RAM  conc_d_reg 
WARNING: [Synth 8-5856] 3D RAM m_p_reg  for this pattern/configuration is not supported. This will most likely be implemented in registers
WARNING: [Synth 8-10225] Potential Runtime issue for 3D-RAM or RAM from Record/Structs for RAM  m_p_reg 
WARNING: [Synth 8-5856] 3D RAM idx_p_reg  for this pattern/configuration is not supported. This will most likely be implemented in registers
WARNING: [Synth 8-10225] Potential Runtime issue for 3D-RAM or RAM from Record/Structs for RAM  idx_p_reg 
WARNING: [Synth 8-6014] Unused sequential element m_p_reg[3][0] was removed.  [C:/LRMLD/module_library/unite_lists/unite_lists.srcs/sources_1/imports/module_library/sum_select8/sum_select8.srcs/sources_1/new/sum_select_8.sv:64]
WARNING: [Synth 8-6014] Unused sequential element m_p_reg[4][0] was removed.  [C:/LRMLD/module_library/unite_lists/unite_lists.srcs/sources_1/imports/module_library/sum_select8/sum_select8.srcs/sources_1/new/sum_select_8.sv:64]
WARNING: [Synth 8-6014] Unused sequential element m_p_reg[5][0] was removed.  [C:/LRMLD/module_library/unite_lists/unite_lists.srcs/sources_1/imports/module_library/sum_select8/sum_select8.srcs/sources_1/new/sum_select_8.sv:64]
WARNING: [Synth 8-6014] Unused sequential element idx_p_reg[3][0] was removed.  [C:/LRMLD/module_library/unite_lists/unite_lists.srcs/sources_1/imports/module_library/sum_select8/sum_select8.srcs/sources_1/new/sum_select_8.sv:64]
WARNING: [Synth 8-6014] Unused sequential element idx_p_reg[4][0] was removed.  [C:/LRMLD/module_library/unite_lists/unite_lists.srcs/sources_1/imports/module_library/sum_select8/sum_select8.srcs/sources_1/new/sum_select_8.sv:64]
WARNING: [Synth 8-6014] Unused sequential element idx_p_reg[5][0] was removed.  [C:/LRMLD/module_library/unite_lists/unite_lists.srcs/sources_1/imports/module_library/sum_select8/sum_select8.srcs/sources_1/new/sum_select_8.sv:64]
WARNING: [Synth 8-6014] Unused sequential element conc_d_reg[0][0] was removed.  [C:/LRMLD/module_library/unite_lists/unite_lists.srcs/sources_1/imports/module_library/sum_select8/sum_select8.srcs/sources_1/new/sum_select_8.sv:62]
WARNING: [Synth 8-6014] Unused sequential element conc_d_reg[1][0] was removed.  [C:/LRMLD/module_library/unite_lists/unite_lists.srcs/sources_1/imports/module_library/sum_select8/sum_select8.srcs/sources_1/new/sum_select_8.sv:62]
WARNING: [Synth 8-6014] Unused sequential element conc_d_reg[2][0] was removed.  [C:/LRMLD/module_library/unite_lists/unite_lists.srcs/sources_1/imports/module_library/sum_select8/sum_select8.srcs/sources_1/new/sum_select_8.sv:62]
WARNING: [Synth 8-6014] Unused sequential element conc_d_reg[3][0] was removed.  [C:/LRMLD/module_library/unite_lists/unite_lists.srcs/sources_1/imports/module_library/sum_select8/sum_select8.srcs/sources_1/new/sum_select_8.sv:62]
WARNING: [Synth 8-6014] Unused sequential element conc_d_reg[4][0] was removed.  [C:/LRMLD/module_library/unite_lists/unite_lists.srcs/sources_1/imports/module_library/sum_select8/sum_select8.srcs/sources_1/new/sum_select_8.sv:62]
WARNING: [Synth 8-6014] Unused sequential element conc_d_reg[5][0] was removed.  [C:/LRMLD/module_library/unite_lists/unite_lists.srcs/sources_1/imports/module_library/sum_select8/sum_select8.srcs/sources_1/new/sum_select_8.sv:62]
WARNING: [Synth 8-5856] 3D RAM AB_m_0b_r_reg  for this pattern/configuration is not supported. This will most likely be implemented in registers
WARNING: [Synth 8-10225] Potential Runtime issue for 3D-RAM or RAM from Record/Structs for RAM  AB_m_0b_r_reg 
WARNING: [Synth 8-5856] 3D RAM AB_l_0b_r_reg  for this pattern/configuration is not supported. This will most likely be implemented in registers
WARNING: [Synth 8-10225] Potential Runtime issue for 3D-RAM or RAM from Record/Structs for RAM  AB_l_0b_r_reg 
WARNING: [Synth 8-5856] 3D RAM AB_m_0b_d_reg  for this pattern/configuration is not supported. This will most likely be implemented in registers
WARNING: [Synth 8-10225] Potential Runtime issue for 3D-RAM or RAM from Record/Structs for RAM  AB_m_0b_d_reg 
WARNING: [Synth 8-5856] 3D RAM AB_l_0b_d_reg  for this pattern/configuration is not supported. This will most likely be implemented in registers
WARNING: [Synth 8-10225] Potential Runtime issue for 3D-RAM or RAM from Record/Structs for RAM  AB_l_0b_d_reg 
WARNING: [Synth 8-5856] 3D RAM AB_m_a0_r_reg  for this pattern/configuration is not supported. This will most likely be implemented in registers
WARNING: [Synth 8-10225] Potential Runtime issue for 3D-RAM or RAM from Record/Structs for RAM  AB_m_a0_r_reg 
WARNING: [Synth 8-5856] 3D RAM AB_l_a0_r_reg  for this pattern/configuration is not supported. This will most likely be implemented in registers
WARNING: [Synth 8-10225] Potential Runtime issue for 3D-RAM or RAM from Record/Structs for RAM  AB_l_a0_r_reg 
WARNING: [Synth 8-5856] 3D RAM AB_m_a0_d_reg  for this pattern/configuration is not supported. This will most likely be implemented in registers
WARNING: [Synth 8-10225] Potential Runtime issue for 3D-RAM or RAM from Record/Structs for RAM  AB_m_a0_d_reg 
WARNING: [Synth 8-5856] 3D RAM AB_l_a0_d_reg  for this pattern/configuration is not supported. This will most likely be implemented in registers
WARNING: [Synth 8-10225] Potential Runtime issue for 3D-RAM or RAM from Record/Structs for RAM  AB_l_a0_d_reg 
WARNING: [Synth 8-5856] 3D RAM AB_m_00MS_d_reg  for this pattern/configuration is not supported. This will most likely be implemented in registers
WARNING: [Synth 8-10225] Potential Runtime issue for 3D-RAM or RAM from Record/Structs for RAM  AB_m_00MS_d_reg 
WARNING: [Synth 8-5856] 3D RAM AB_l_00MS_d_reg  for this pattern/configuration is not supported. This will most likely be implemented in registers
WARNING: [Synth 8-10225] Potential Runtime issue for 3D-RAM or RAM from Record/Structs for RAM  AB_l_00MS_d_reg 
WARNING: [Synth 8-5856] 3D RAM i_m_r_reg  for this pattern/configuration is not supported. This will most likely be implemented in registers
WARNING: [Synth 8-10225] Potential Runtime issue for 3D-RAM or RAM from Record/Structs for RAM  i_m_r_reg 
WARNING: [Synth 8-5856] 3D RAM i_l_r_reg  for this pattern/configuration is not supported. This will most likely be implemented in registers
WARNING: [Synth 8-10225] Potential Runtime issue for 3D-RAM or RAM from Record/Structs for RAM  i_l_r_reg 
WARNING: [Synth 8-7129] Port clk in module delay_line__parameterized6 is either unconnected or has no load
WARNING: [Synth 8-7129] Port clk in module delay_line__parameterized5 is either unconnected or has no load
---------------------------------------------------------------------------------
Finished RTL Elaboration : Time (s): cpu = 00:00:07 ; elapsed = 00:00:07 . Memory (MB): peak = 1614.703 ; gain = 319.492
---------------------------------------------------------------------------------
---------------------------------------------------------------------------------
Start Handling Custom Attributes
---------------------------------------------------------------------------------
---------------------------------------------------------------------------------
Finished Handling Custom Attributes : Time (s): cpu = 00:00:08 ; elapsed = 00:00:07 . Memory (MB): peak = 1614.703 ; gain = 319.492
---------------------------------------------------------------------------------
---------------------------------------------------------------------------------
Finished RTL Optimization Phase 1 : Time (s): cpu = 00:00:08 ; elapsed = 00:00:07 . Memory (MB): peak = 1614.703 ; gain = 319.492
---------------------------------------------------------------------------------
Netlist sorting complete. Time (s): cpu = 00:00:03 ; elapsed = 00:00:04 . Memory (MB): peak = 1933.867 ; gain = 16.688
INFO: [Project 1-570] Preparing netlist for logic optimization

Processing XDC Constraints
Initializing timing engine
Parsing XDC File [C:/LRMLD/module_library/unite_lists/unite_lists.srcs/constrs_1/imports/new/constraints.xdc]
Finished Parsing XDC File [C:/LRMLD/module_library/unite_lists/unite_lists.srcs/constrs_1/imports/new/constraints.xdc]
INFO: [Project 1-236] Implementation specific constraints were found while reading constraint file [C:/LRMLD/module_library/unite_lists/unite_lists.srcs/constrs_1/imports/new/constraints.xdc]. These constraints will be ignored for synthesis but will be used in implementation. Impacted constraints are listed in the file [.Xil/wp_comb_propImpl.xdc].
Resolution: To avoid this warning, move constraints listed in [.Xil/wp_comb_propImpl.xdc] to another XDC file and exclude this new file from synthesis with the used_in_synthesis property (File Properties dialog in GUI) and re-run elaboration/synthesis.
Completed Processing XDC Constraints

Netlist sorting complete. Time (s): cpu = 00:00:00 ; elapsed = 00:00:00.064 . Memory (MB): peak = 2481.941 ; gain = 1.801
INFO: [Project 1-111] Unisim Transformation Summary:
No Unisim elements were transformed.

Constraint Validation Runtime : Time (s): cpu = 00:00:01 ; elapsed = 00:00:01 . Memory (MB): peak = 2481.957 ; gain = 0.000
INFO: [Designutils 20-5440] No compile time benefit to using incremental synthesis; A full resynthesis will be run
INFO: [Designutils 20-4379] Flow is switching to default flow due to incremental criteria not met. If you would like to alter this behaviour and have the flow terminate instead, please set the following parameter config_implementation {autoIncr.Synth.RejectBehavior Terminate}
---------------------------------------------------------------------------------
Finished Constraint Validation : Time (s): cpu = 00:00:47 ; elapsed = 00:00:44 . Memory (MB): peak = 2484.160 ; gain = 1188.949
---------------------------------------------------------------------------------
---------------------------------------------------------------------------------
Start Loading Part and Timing Information
---------------------------------------------------------------------------------
Loading part: xcku035-fbva676-1-i
INFO: [Synth 8-6742] Reading net delay rules and data
---------------------------------------------------------------------------------
Finished Loading Part and Timing Information : Time (s): cpu = 00:00:47 ; elapsed = 00:00:44 . Memory (MB): peak = 2484.160 ; gain = 1188.949
---------------------------------------------------------------------------------
---------------------------------------------------------------------------------
Start Applying 'set_property' XDC Constraints
---------------------------------------------------------------------------------
---------------------------------------------------------------------------------
Finished applying 'set_property' XDC Constraints : Time (s): cpu = 00:00:47 ; elapsed = 00:00:44 . Memory (MB): peak = 2484.160 ; gain = 1188.949
---------------------------------------------------------------------------------
WARNING: [Synth 8-327] inferring latch for variable 'o_labels_reg[1]' [C:/LRMLD/module_library/unite_lists/unite_lists.srcs/sources_1/imports/module_library/sum_select/sum_select.srcs/sources_1/new/sum_select.sv:323]
WARNING: [Synth 8-327] inferring latch for variable 'o_labels_reg[2]' [C:/LRMLD/module_library/unite_lists/unite_lists.srcs/sources_1/imports/module_library/sum_select/sum_select.srcs/sources_1/new/sum_select.sv:323]
WARNING: [Synth 8-327] inferring latch for variable 'o_labels_reg[3]' [C:/LRMLD/module_library/unite_lists/unite_lists.srcs/sources_1/imports/module_library/sum_select/sum_select.srcs/sources_1/new/sum_select.sv:323]
---------------------------------------------------------------------------------
Finished RTL Optimization Phase 2 : Time (s): cpu = 00:00:51 ; elapsed = 00:00:48 . Memory (MB): peak = 2484.160 ; gain = 1188.949
---------------------------------------------------------------------------------
---------------------------------------------------------------------------------
Start RTL Component Statistics 
---------------------------------------------------------------------------------
Detailed RTL Component Info : 
+---Adders : 
	   2 Input   11 Bit       Adders := 344   
	   2 Input   10 Bit       Adders := 40    
	   2 Input    7 Bit       Adders := 2     
	   2 Input    4 Bit       Adders := 2     
	   2 Input    3 Bit       Adders := 2     
	   2 Input    2 Bit       Adders := 9     
+---Registers : 
	              384 Bit    Registers := 16    
	              192 Bit    Registers := 48    
	              120 Bit    Registers := 64    
	               64 Bit    Registers := 48    
	               42 Bit    Registers := 360   
	               40 Bit    Registers := 48    
	               32 Bit    Registers := 4865  
	               11 Bit    Registers := 936   
	               10 Bit    Registers := 3641  
	                7 Bit    Registers := 2     
	                4 Bit    Registers := 3     
	                3 Bit    Registers := 5058  
	                2 Bit    Registers := 4041  
	                1 Bit    Registers := 21    
+---Muxes : 
	   4 Input  192 Bit        Muxes := 2     
	   2 Input  192 Bit        Muxes := 16    
	   4 Input  120 Bit        Muxes := 6     
	   2 Input  120 Bit        Muxes := 16    
	   2 Input   32 Bit        Muxes := 2304  
	   2 Input   11 Bit        Muxes := 1344  
	   2 Input   10 Bit        Muxes := 2952  
	   2 Input    7 Bit        Muxes := 2     
	   4 Input    6 Bit        Muxes := 7     
	   2 Input    4 Bit        Muxes := 6     
	   2 Input    3 Bit        Muxes := 1331  
	   6 Input    3 Bit        Muxes := 8     
	   4 Input    2 Bit        Muxes := 12    
	   2 Input    2 Bit        Muxes := 9     
	   2 Input    1 Bit        Muxes := 53    
	   8 Input    1 Bit        Muxes := 120   
	   6 Input    1 Bit        Muxes := 16    
---------------------------------------------------------------------------------
Finished RTL Component Statistics 
---------------------------------------------------------------------------------
---------------------------------------------------------------------------------
Start Part Resource Summary
---------------------------------------------------------------------------------
Part Resources:
DSPs: 1700 (col length:120)
BRAMs: 1080 (col length: RAMB18 120 RAMB36 60)
---------------------------------------------------------------------------------
Finished Part Resource Summary
---------------------------------------------------------------------------------
---------------------------------------------------------------------------------
Start Cross Boundary and Area Optimization
---------------------------------------------------------------------------------
INFO: [Synth 8-3886] merging instance 'SS_11/conc_d_reg[0][7][0]' (FD) to 'SS_11/conc_d_reg[0][6][0]'
INFO: [Synth 8-3886] merging instance 'SS_11/conc_d_reg[0][6][0]' (FD) to 'SS_11/conc_d_reg[0][0][0]'
INFO: [Synth 8-3886] merging instance 'SS_11/conc_d_reg[0][1][0]' (FD) to 'SS_11/conc_d_reg[0][3][0]'
INFO: [Synth 8-3886] merging instance 'SS_11/conc_d_reg[0][2][0]' (FD) to 'SS_11/conc_d_reg[0][0][0]'
INFO: [Synth 8-3886] merging instance 'AaB0[2].SS/conc_d_reg[0][7][0]' (FD) to 'AaB0[2].SS/conc_d_reg[0][6][0]'
INFO: [Synth 8-3886] merging instance 'AaB0[2].SS/conc_d_reg[0][6][0]' (FD) to 'AaB0[2].SS/conc_d_reg[0][0][0]'
INFO: [Synth 8-3886] merging instance 'AaB0[2].SS/conc_d_reg[0][1][0]' (FD) to 'AaB0[2].SS/conc_d_reg[0][3][0]'
INFO: [Synth 8-3886] merging instance 'AaB0[2].SS/conc_d_reg[0][2][0]' (FD) to 'AaB0[2].SS/conc_d_reg[0][0][0]'
INFO: [Synth 8-3886] merging instance 'AaB0[1].SS/conc_d_reg[0][7][0]' (FD) to 'AaB0[1].SS/conc_d_reg[0][6][0]'
INFO: [Synth 8-3886] merging instance 'AaB0[1].SS/conc_d_reg[0][6][0]' (FD) to 'AaB0[1].SS/conc_d_reg[0][0][0]'
INFO: [Synth 8-3886] merging instance 'AaB0[1].SS/conc_d_reg[0][1][0]' (FD) to 'AaB0[1].SS/conc_d_reg[0][3][0]'
INFO: [Synth 8-3886] merging instance 'AaB0[1].SS/conc_d_reg[0][2][0]' (FD) to 'AaB0[1].SS/conc_d_reg[0][0][0]'
INFO: [Synth 8-3886] merging instance 'A0Bb[2].SS/conc_d_reg[0][7][0]' (FD) to 'A0Bb[2].SS/conc_d_reg[0][6][0]'
INFO: [Synth 8-3886] merging instance 'A0Bb[2].SS/conc_d_reg[0][6][0]' (FD) to 'A0Bb[2].SS/conc_d_reg[0][0][0]'
INFO: [Synth 8-3886] merging instance 'A0Bb[2].SS/conc_d_reg[0][1][0]' (FD) to 'A0Bb[2].SS/conc_d_reg[0][3][0]'
INFO: [Synth 8-3886] merging instance 'A0Bb[2].SS/conc_d_reg[0][2][0]' (FD) to 'A0Bb[2].SS/conc_d_reg[0][0][0]'
INFO: [Synth 8-3886] merging instance 'A0Bb[1].SS/conc_d_reg[0][7][0]' (FD) to 'A0Bb[1].SS/conc_d_reg[0][6][0]'
INFO: [Synth 8-3886] merging instance 'A0Bb[1].SS/conc_d_reg[0][6][0]' (FD) to 'A0Bb[1].SS/conc_d_reg[0][0][0]'
INFO: [Synth 8-3886] merging instance 'A0Bb[1].SS/conc_d_reg[0][1][0]' (FD) to 'A0Bb[1].SS/conc_d_reg[0][3][0]'
INFO: [Synth 8-3886] merging instance 'A0Bb[1].SS/conc_d_reg[0][2][0]' (FD) to 'A0Bb[1].SS/conc_d_reg[0][0][0]'
INFO: [Synth 8-3886] merging instance 'SS_11/conc_d_reg[0][7][1]' (FD) to 'SS_11/conc_d_reg[0][6][1]'
INFO: [Synth 8-3886] merging instance 'SS_11/conc_d_reg[0][6][1]' (FD) to 'SS_11/conc_d_reg[0][0][1]'
INFO: [Synth 8-3886] merging instance 'SS_11/conc_d_reg[0][1][1]' (FD) to 'SS_11/conc_d_reg[0][3][1]'
INFO: [Synth 8-3886] merging instance 'SS_11/conc_d_reg[0][2][1]' (FD) to 'SS_11/conc_d_reg[0][0][1]'
INFO: [Synth 8-3886] merging instance 'AaB0[2].SS/conc_d_reg[0][7][1]' (FD) to 'AaB0[2].SS/conc_d_reg[0][6][1]'
INFO: [Synth 8-3886] merging instance 'AaB0[2].SS/conc_d_reg[0][6][1]' (FD) to 'AaB0[2].SS/conc_d_reg[0][0][1]'
INFO: [Synth 8-3886] merging instance 'AaB0[2].SS/conc_d_reg[0][1][1]' (FD) to 'AaB0[2].SS/conc_d_reg[0][3][1]'
INFO: [Synth 8-3886] merging instance 'AaB0[2].SS/conc_d_reg[0][2][1]' (FD) to 'AaB0[2].SS/conc_d_reg[0][0][1]'
INFO: [Synth 8-3886] merging instance 'AaB0[1].SS/conc_d_reg[0][7][1]' (FD) to 'AaB0[1].SS/conc_d_reg[0][6][1]'
INFO: [Synth 8-3886] merging instance 'AaB0[1].SS/conc_d_reg[0][6][1]' (FD) to 'AaB0[1].SS/conc_d_reg[0][0][1]'
INFO: [Synth 8-3886] merging instance 'AaB0[1].SS/conc_d_reg[0][1][1]' (FD) to 'AaB0[1].SS/conc_d_reg[0][3][1]'
INFO: [Synth 8-3886] merging instance 'AaB0[1].SS/conc_d_reg[0][2][1]' (FD) to 'AaB0[1].SS/conc_d_reg[0][0][1]'
INFO: [Synth 8-3886] merging instance 'A0Bb[2].SS/conc_d_reg[0][7][1]' (FD) to 'A0Bb[2].SS/conc_d_reg[0][6][1]'
INFO: [Synth 8-3886] merging instance 'A0Bb[2].SS/conc_d_reg[0][6][1]' (FD) to 'A0Bb[2].SS/conc_d_reg[0][0][1]'
INFO: [Synth 8-3886] merging instance 'A0Bb[2].SS/conc_d_reg[0][1][1]' (FD) to 'A0Bb[2].SS/conc_d_reg[0][3][1]'
INFO: [Synth 8-3886] merging instance 'A0Bb[2].SS/conc_d_reg[0][2][1]' (FD) to 'A0Bb[2].SS/conc_d_reg[0][0][1]'
INFO: [Synth 8-3886] merging instance 'A0Bb[1].SS/conc_d_reg[0][7][1]' (FD) to 'A0Bb[1].SS/conc_d_reg[0][6][1]'
INFO: [Synth 8-3886] merging instance 'A0Bb[1].SS/conc_d_reg[0][6][1]' (FD) to 'A0Bb[1].SS/conc_d_reg[0][0][1]'
INFO: [Synth 8-3886] merging instance 'A0Bb[1].SS/conc_d_reg[0][1][1]' (FD) to 'A0Bb[1].SS/conc_d_reg[0][3][1]'
INFO: [Synth 8-3886] merging instance 'A0Bb[1].SS/conc_d_reg[0][2][1]' (FD) to 'A0Bb[1].SS/conc_d_reg[0][0][1]'
INFO: [Synth 8-3886] merging instance 'SS_11/conc_d_reg[0][7][2]' (FD) to 'SS_11/conc_d_reg[0][6][2]'
INFO: [Synth 8-3886] merging instance 'SS_11/conc_d_reg[0][6][2]' (FD) to 'SS_11/conc_d_reg[0][0][2]'
INFO: [Synth 8-3886] merging instance 'SS_11/conc_d_reg[0][1][2]' (FD) to 'SS_11/conc_d_reg[0][3][2]'
INFO: [Synth 8-3886] merging instance 'SS_11/conc_d_reg[0][2][2]' (FD) to 'SS_11/conc_d_reg[0][0][2]'
INFO: [Synth 8-3886] merging instance 'AaB0[2].SS/conc_d_reg[0][7][2]' (FD) to 'AaB0[2].SS/conc_d_reg[0][6][2]'
INFO: [Synth 8-3886] merging instance 'AaB0[2].SS/conc_d_reg[0][6][2]' (FD) to 'AaB0[2].SS/conc_d_reg[0][0][2]'
INFO: [Synth 8-3886] merging instance 'AaB0[2].SS/conc_d_reg[0][1][2]' (FD) to 'AaB0[2].SS/conc_d_reg[0][3][2]'
INFO: [Synth 8-3886] merging instance 'AaB0[2].SS/conc_d_reg[0][2][2]' (FD) to 'AaB0[2].SS/conc_d_reg[0][0][2]'
INFO: [Synth 8-3886] merging instance 'AaB0[1].SS/conc_d_reg[0][7][2]' (FD) to 'AaB0[1].SS/conc_d_reg[0][6][2]'
INFO: [Synth 8-3886] merging instance 'AaB0[1].SS/conc_d_reg[0][6][2]' (FD) to 'AaB0[1].SS/conc_d_reg[0][0][2]'
INFO: [Synth 8-3886] merging instance 'AaB0[1].SS/conc_d_reg[0][1][2]' (FD) to 'AaB0[1].SS/conc_d_reg[0][3][2]'
INFO: [Synth 8-3886] merging instance 'AaB0[1].SS/conc_d_reg[0][2][2]' (FD) to 'AaB0[1].SS/conc_d_reg[0][0][2]'
INFO: [Synth 8-3886] merging instance 'A0Bb[2].SS/conc_d_reg[0][7][2]' (FD) to 'A0Bb[2].SS/conc_d_reg[0][6][2]'
INFO: [Synth 8-3886] merging instance 'A0Bb[2].SS/conc_d_reg[0][6][2]' (FD) to 'A0Bb[2].SS/conc_d_reg[0][0][2]'
INFO: [Synth 8-3886] merging instance 'A0Bb[2].SS/conc_d_reg[0][1][2]' (FD) to 'A0Bb[2].SS/conc_d_reg[0][3][2]'
INFO: [Synth 8-3886] merging instance 'A0Bb[2].SS/conc_d_reg[0][2][2]' (FD) to 'A0Bb[2].SS/conc_d_reg[0][0][2]'
INFO: [Synth 8-3886] merging instance 'A0Bb[1].SS/conc_d_reg[0][7][2]' (FD) to 'A0Bb[1].SS/conc_d_reg[0][6][2]'
INFO: [Synth 8-3886] merging instance 'A0Bb[1].SS/conc_d_reg[0][6][2]' (FD) to 'A0Bb[1].SS/conc_d_reg[0][0][2]'
INFO: [Synth 8-3886] merging instance 'A0Bb[1].SS/conc_d_reg[0][1][2]' (FD) to 'A0Bb[1].SS/conc_d_reg[0][3][2]'
INFO: [Synth 8-3886] merging instance 'A0Bb[1].SS/conc_d_reg[0][2][2]' (FD) to 'A0Bb[1].SS/conc_d_reg[0][0][2]'
INFO: [Synth 8-3886] merging instance 'SS_11/conc_d_reg[0][7][3]' (FD) to 'SS_11/conc_d_reg[0][6][3]'
INFO: [Synth 8-3886] merging instance 'SS_11/conc_d_reg[0][6][3]' (FD) to 'SS_11/conc_d_reg[0][0][3]'
INFO: [Synth 8-3886] merging instance 'SS_11/conc_d_reg[0][1][3]' (FD) to 'SS_11/conc_d_reg[0][3][3]'
INFO: [Synth 8-3886] merging instance 'SS_11/conc_d_reg[0][2][3]' (FD) to 'SS_11/conc_d_reg[0][0][3]'
INFO: [Synth 8-3886] merging instance 'AaB0[2].SS/conc_d_reg[0][7][3]' (FD) to 'AaB0[2].SS/conc_d_reg[0][6][3]'
INFO: [Synth 8-3886] merging instance 'AaB0[2].SS/conc_d_reg[0][6][3]' (FD) to 'AaB0[2].SS/conc_d_reg[0][0][3]'
INFO: [Synth 8-3886] merging instance 'AaB0[2].SS/conc_d_reg[0][1][3]' (FD) to 'AaB0[2].SS/conc_d_reg[0][3][3]'
INFO: [Synth 8-3886] merging instance 'AaB0[2].SS/conc_d_reg[0][2][3]' (FD) to 'AaB0[2].SS/conc_d_reg[0][0][3]'
INFO: [Synth 8-3886] merging instance 'AaB0[1].SS/conc_d_reg[0][7][3]' (FD) to 'AaB0[1].SS/conc_d_reg[0][6][3]'
INFO: [Synth 8-3886] merging instance 'AaB0[1].SS/conc_d_reg[0][6][3]' (FD) to 'AaB0[1].SS/conc_d_reg[0][0][3]'
INFO: [Synth 8-3886] merging instance 'AaB0[1].SS/conc_d_reg[0][1][3]' (FD) to 'AaB0[1].SS/conc_d_reg[0][3][3]'
INFO: [Synth 8-3886] merging instance 'AaB0[1].SS/conc_d_reg[0][2][3]' (FD) to 'AaB0[1].SS/conc_d_reg[0][0][3]'
INFO: [Synth 8-3886] merging instance 'A0Bb[2].SS/conc_d_reg[0][7][3]' (FD) to 'A0Bb[2].SS/conc_d_reg[0][6][3]'
INFO: [Synth 8-3886] merging instance 'A0Bb[2].SS/conc_d_reg[0][6][3]' (FD) to 'A0Bb[2].SS/conc_d_reg[0][0][3]'
INFO: [Synth 8-3886] merging instance 'A0Bb[2].SS/conc_d_reg[0][1][3]' (FD) to 'A0Bb[2].SS/conc_d_reg[0][3][3]'
INFO: [Synth 8-3886] merging instance 'A0Bb[2].SS/conc_d_reg[0][2][3]' (FD) to 'A0Bb[2].SS/conc_d_reg[0][0][3]'
INFO: [Synth 8-3886] merging instance 'A0Bb[1].SS/conc_d_reg[0][7][3]' (FD) to 'A0Bb[1].SS/conc_d_reg[0][6][3]'
INFO: [Synth 8-3886] merging instance 'A0Bb[1].SS/conc_d_reg[0][6][3]' (FD) to 'A0Bb[1].SS/conc_d_reg[0][0][3]'
INFO: [Synth 8-3886] merging instance 'A0Bb[1].SS/conc_d_reg[0][1][3]' (FD) to 'A0Bb[1].SS/conc_d_reg[0][3][3]'
INFO: [Synth 8-3886] merging instance 'A0Bb[1].SS/conc_d_reg[0][2][3]' (FD) to 'A0Bb[1].SS/conc_d_reg[0][0][3]'
INFO: [Synth 8-3886] merging instance 'SS_11/conc_d_reg[0][7][4]' (FD) to 'SS_11/conc_d_reg[0][6][4]'
INFO: [Synth 8-3886] merging instance 'SS_11/conc_d_reg[0][6][4]' (FD) to 'SS_11/conc_d_reg[0][0][4]'
INFO: [Synth 8-3886] merging instance 'SS_11/conc_d_reg[0][1][4]' (FD) to 'SS_11/conc_d_reg[0][3][4]'
INFO: [Synth 8-3886] merging instance 'SS_11/conc_d_reg[0][2][4]' (FD) to 'SS_11/conc_d_reg[0][0][4]'
INFO: [Synth 8-3886] merging instance 'AaB0[2].SS/conc_d_reg[0][7][4]' (FD) to 'AaB0[2].SS/conc_d_reg[0][6][4]'
INFO: [Synth 8-3886] merging instance 'AaB0[2].SS/conc_d_reg[0][6][4]' (FD) to 'AaB0[2].SS/conc_d_reg[0][0][4]'
INFO: [Synth 8-3886] merging instance 'AaB0[2].SS/conc_d_reg[0][1][4]' (FD) to 'AaB0[2].SS/conc_d_reg[0][3][4]'
INFO: [Synth 8-3886] merging instance 'AaB0[2].SS/conc_d_reg[0][2][4]' (FD) to 'AaB0[2].SS/conc_d_reg[0][0][4]'
INFO: [Synth 8-3886] merging instance 'AaB0[1].SS/conc_d_reg[0][7][4]' (FD) to 'AaB0[1].SS/conc_d_reg[0][6][4]'
INFO: [Synth 8-3886] merging instance 'AaB0[1].SS/conc_d_reg[0][6][4]' (FD) to 'AaB0[1].SS/conc_d_reg[0][0][4]'
INFO: [Synth 8-3886] merging instance 'AaB0[1].SS/conc_d_reg[0][1][4]' (FD) to 'AaB0[1].SS/conc_d_reg[0][3][4]'
INFO: [Synth 8-3886] merging instance 'AaB0[1].SS/conc_d_reg[0][2][4]' (FD) to 'AaB0[1].SS/conc_d_reg[0][0][4]'
INFO: [Synth 8-3886] merging instance 'A0Bb[2].SS/conc_d_reg[0][7][4]' (FD) to 'A0Bb[2].SS/conc_d_reg[0][6][4]'
INFO: [Synth 8-3886] merging instance 'A0Bb[2].SS/conc_d_reg[0][6][4]' (FD) to 'A0Bb[2].SS/conc_d_reg[0][0][4]'
INFO: [Synth 8-3886] merging instance 'A0Bb[2].SS/conc_d_reg[0][1][4]' (FD) to 'A0Bb[2].SS/conc_d_reg[0][3][4]'
INFO: [Synth 8-3886] merging instance 'A0Bb[2].SS/conc_d_reg[0][2][4]' (FD) to 'A0Bb[2].SS/conc_d_reg[0][0][4]'
INFO: [Synth 8-3886] merging instance 'A0Bb[1].SS/conc_d_reg[0][7][4]' (FD) to 'A0Bb[1].SS/conc_d_reg[0][6][4]'
INFO: [Synth 8-3886] merging instance 'A0Bb[1].SS/conc_d_reg[0][6][4]' (FD) to 'A0Bb[1].SS/conc_d_reg[0][0][4]'
INFO: [Synth 8-3886] merging instance 'A0Bb[1].SS/conc_d_reg[0][1][4]' (FD) to 'A0Bb[1].SS/conc_d_reg[0][3][4]'
INFO: [Synth 8-3886] merging instance 'A0Bb[1].SS/conc_d_reg[0][2][4]' (FD) to 'A0Bb[1].SS/conc_d_reg[0][0][4]'
INFO: [Common 17-14] Message 'Synth 8-3886' appears 100 times and further instances of the messages will be disabled. Use the Tcl command set_msg_config to change the current settings.
INFO: [Common 17-14] Message 'Synth 8-3886' appears 100 times and further instances of the messages will be disabled. Use the Tcl command set_msg_config to change the current settings.
INFO: [Synth 8-3333] propagating constant 1 across sequential element (SS_11/\idx_l_r_reg[7][2] )
INFO: [Synth 8-3333] propagating constant 0 across sequential element (SS_11/\idx_l_r_reg[1][2] )
INFO: [Synth 8-3333] propagating constant 1 across sequential element (\AaB0[2].SS /\idx_l_r_reg[7][2] )
INFO: [Synth 8-3333] propagating constant 0 across sequential element (\AaB0[2].SS /\idx_l_r_reg[1][2] )
INFO: [Synth 8-3333] propagating constant 1 across sequential element (\AaB0[1].SS /\idx_l_r_reg[7][2] )
INFO: [Synth 8-3333] propagating constant 0 across sequential element (\AaB0[1].SS /\idx_l_r_reg[1][2] )
INFO: [Synth 8-3333] propagating constant 1 across sequential element (\A0Bb[2].SS /\idx_l_r_reg[7][2] )
INFO: [Synth 8-3333] propagating constant 0 across sequential element (\A0Bb[2].SS /\idx_l_r_reg[1][2] )
INFO: [Synth 8-3333] propagating constant 1 across sequential element (\A0Bb[1].SS /\idx_l_r_reg[7][2] )
INFO: [Synth 8-3333] propagating constant 0 across sequential element (\A0Bb[1].SS /\idx_l_r_reg[1][2] )
INFO: [Synth 8-3333] propagating constant 0 across sequential element (SS_00/\idx_p_reg[0][1][1] )
INFO: [Synth 8-3333] propagating constant 1 across sequential element (SS_00/\idx_p_reg[0][3][1] )
INFO: [Synth 8-3333] propagating constant 0 across sequential element (SS_00/\idx_p_reg[0][5][1] )
INFO: [Synth 8-3333] propagating constant 1 across sequential element (SS_00/\idx_p_reg[0][7][1] )
INFO: [Synth 8-3333] propagating constant 0 across sequential element (SS_00/\idx_p_reg[0][4][1] )
INFO: [Synth 8-3333] propagating constant 1 across sequential element (SS_00/\idx_p_reg[0][6][1] )
INFO: [Synth 8-3333] propagating constant 0 across sequential element (SS_00/\idx_p_reg[0][0][1] )
INFO: [Synth 8-3333] propagating constant 1 across sequential element (SS_00/\idx_p_reg[0][2][1] )
INFO: [Synth 8-3333] propagating constant 0 across sequential element (SS_00/\idx_p_reg[0][1][2] )
INFO: [Synth 8-3333] propagating constant 0 across sequential element (SS_00/\idx_p_reg[0][3][2] )
INFO: [Synth 8-3333] propagating constant 1 across sequential element (SS_00/\idx_p_reg[0][5][2] )
INFO: [Synth 8-3333] propagating constant 1 across sequential element (SS_00/\idx_p_reg[0][7][2] )
INFO: [Synth 8-3333] propagating constant 1 across sequential element (SS_00/\idx_p_reg[0][4][2] )
INFO: [Synth 8-3333] propagating constant 1 across sequential element (SS_00/\idx_p_reg[0][6][2] )
INFO: [Synth 8-3333] propagating constant 0 across sequential element (SS_00/\idx_p_reg[0][0][2] )
INFO: [Synth 8-3333] propagating constant 0 across sequential element (SS_00/\idx_p_reg[0][2][2] )
INFO: [Synth 8-3333] propagating constant 0 across sequential element (\ss_idx_r_reg[0][2] )
INFO: [Synth 8-3333] propagating constant 0 across sequential element (\ss_idx_r_reg[0][0] )
INFO: [Synth 8-3333] propagating constant 0 across sequential element (SS_11/\l_slots_r_reg[0][2] )
INFO: [Synth 8-3333] propagating constant 0 across sequential element (\AaB0[2].SS /\l_slots_r_reg[0][2] )
INFO: [Synth 8-3333] propagating constant 0 across sequential element (\AaB0[1].SS /\l_slots_r_reg[0][2] )
INFO: [Synth 8-3333] propagating constant 0 across sequential element (\A0Bb[2].SS /\l_slots_r_reg[0][2] )
INFO: [Synth 8-3333] propagating constant 0 across sequential element (\A0Bb[1].SS /\l_slots_r_reg[0][2] )
INFO: [Synth 8-3333] propagating constant 0 across sequential element (SS_00/\idx_p_reg[1][3][2] )
INFO: [Synth 8-3333] propagating constant 1 across sequential element (SS_00/\idx_p_reg[1][7][2] )
INFO: [Synth 8-3333] propagating constant 0 across sequential element (SS_00/\idx_p_reg[1][2][2] )
INFO: [Synth 8-3333] propagating constant 0 across sequential element (SS_00/\idx_p_reg[1][1][2] )
INFO: [Synth 8-3333] propagating constant 1 across sequential element (SS_00/\idx_p_reg[1][6][2] )
INFO: [Synth 8-3333] propagating constant 1 across sequential element (SS_00/\idx_p_reg[1][5][2] )
INFO: [Synth 8-3333] propagating constant 1 across sequential element (SS_00/\idx_p_reg[1][4][2] )
INFO: [Synth 8-3333] propagating constant 0 across sequential element (SS_00/\idx_p_reg[1][0][2] )
INFO: [Synth 8-3333] propagating constant 0 across sequential element (SS_11/\l_m1_r_reg[0][2] )
INFO: [Synth 8-3333] propagating constant 0 across sequential element (\AaB0[2].SS /\l_m1_r_reg[0][2] )
INFO: [Synth 8-3333] propagating constant 0 across sequential element (\A0Bb[2].SS /\l_m1_r_reg[0][2] )
INFO: [Synth 8-3333] propagating constant 0 across sequential element (\AaB0[1].SS /\l_m1_r_reg[0][2] )
INFO: [Synth 8-3333] propagating constant 0 across sequential element (\A0Bb[1].SS /\l_m1_r_reg[0][2] )
INFO: [Synth 8-3333] propagating constant 0 across sequential element (SS_00/\idx_p_reg[2][3][2] )
INFO: [Synth 8-3333] propagating constant 1 across sequential element (SS_00/\idx_p_reg[2][7][2] )
INFO: [Synth 8-3333] propagating constant 0 across sequential element (SS_00/\idx_p_reg[2][1][2] )
INFO: [Synth 8-3333] propagating constant 1 across sequential element (SS_00/\idx_p_reg[2][5][2] )
INFO: [Synth 8-3333] propagating constant 0 across sequential element (SS_00/\idx_p_reg[2][2][2] )
INFO: [Synth 8-3333] propagating constant 1 across sequential element (SS_00/\idx_p_reg[2][6][2] )
INFO: [Synth 8-3333] propagating constant 1 across sequential element (SS_00/\idx_p_reg[2][4][2] )
INFO: [Synth 8-3333] propagating constant 0 across sequential element (SS_00/\idx_p_reg[2][0][2] )
INFO: [Common 17-14] Message 'Synth 8-3886' appears 100 times and further instances of the messages will be disabled. Use the Tcl command set_msg_config to change the current settings.
INFO: [Synth 8-4471] merging register 'elem_idx_reg[3:0]' into 'elem_idx_reg[3:0]' [C:/LRMLD/module_library/comb/comb.srcs/sources_1/new/wp_comb.sv:78]
---------------------------------------------------------------------------------
Finished Cross Boundary and Area Optimization : Time (s): cpu = 00:01:17 ; elapsed = 00:01:43 . Memory (MB): peak = 2484.160 ; gain = 1188.949
---------------------------------------------------------------------------------
---------------------------------------------------------------------------------
Start Applying XDC Timing Constraints
---------------------------------------------------------------------------------
---------------------------------------------------------------------------------
Finished Applying XDC Timing Constraints : Time (s): cpu = 00:01:24 ; elapsed = 00:01:52 . Memory (MB): peak = 2484.160 ; gain = 1188.949
---------------------------------------------------------------------------------
---------------------------------------------------------------------------------
Start Timing Optimization
---------------------------------------------------------------------------------
---------------------------------------------------------------------------------
Finished Timing Optimization : Time (s): cpu = 00:01:37 ; elapsed = 00:02:04 . Memory (MB): peak = 2484.160 ; gain = 1188.949
---------------------------------------------------------------------------------
---------------------------------------------------------------------------------
Start Technology Mapping
---------------------------------------------------------------------------------
---------------------------------------------------------------------------------
Finished Technology Mapping : Time (s): cpu = 00:02:02 ; elapsed = 00:02:33 . Memory (MB): peak = 2484.160 ; gain = 1188.949
---------------------------------------------------------------------------------
---------------------------------------------------------------------------------
Start IO Insertion
---------------------------------------------------------------------------------
---------------------------------------------------------------------------------
Start Flattening Before IO Insertion
---------------------------------------------------------------------------------
---------------------------------------------------------------------------------
Finished Flattening Before IO Insertion
---------------------------------------------------------------------------------
---------------------------------------------------------------------------------
Start Final Netlist Cleanup
---------------------------------------------------------------------------------
---------------------------------------------------------------------------------
Finished Final Netlist Cleanup
---------------------------------------------------------------------------------
---------------------------------------------------------------------------------
Finished IO Insertion : Time (s): cpu = 00:02:36 ; elapsed = 00:03:08 . Memory (MB): peak = 2555.785 ; gain = 1260.574
---------------------------------------------------------------------------------
---------------------------------------------------------------------------------
Start Renaming Generated Instances
---------------------------------------------------------------------------------
---------------------------------------------------------------------------------
Finished Renaming Generated Instances : Time (s): cpu = 00:02:36 ; elapsed = 00:03:09 . Memory (MB): peak = 2555.785 ; gain = 1260.574
---------------------------------------------------------------------------------
---------------------------------------------------------------------------------
Start Rebuilding User Hierarchy
---------------------------------------------------------------------------------
---------------------------------------------------------------------------------
Finished Rebuilding User Hierarchy : Time (s): cpu = 00:03:08 ; elapsed = 00:03:41 . Memory (MB): peak = 2573.688 ; gain = 1278.477
---------------------------------------------------------------------------------
---------------------------------------------------------------------------------
Start Renaming Generated Ports
---------------------------------------------------------------------------------
---------------------------------------------------------------------------------
Finished Renaming Generated Ports : Time (s): cpu = 00:03:09 ; elapsed = 00:03:41 . Memory (MB): peak = 2573.688 ; gain = 1278.477
---------------------------------------------------------------------------------
---------------------------------------------------------------------------------
Start Handling Custom Attributes
---------------------------------------------------------------------------------
---------------------------------------------------------------------------------
Finished Handling Custom Attributes : Time (s): cpu = 00:03:14 ; elapsed = 00:03:46 . Memory (MB): peak = 2573.688 ; gain = 1278.477
---------------------------------------------------------------------------------
---------------------------------------------------------------------------------
Start Renaming Generated Nets
---------------------------------------------------------------------------------
---------------------------------------------------------------------------------
Finished Renaming Generated Nets : Time (s): cpu = 00:03:15 ; elapsed = 00:03:47 . Memory (MB): peak = 2573.688 ; gain = 1278.477
---------------------------------------------------------------------------------
---------------------------------------------------------------------------------
Start ROM, RAM, DSP, Shift Register and Retiming Reporting
---------------------------------------------------------------------------------

Static Shift Register Report:
+------------+--------------------------------------------------------------------------------------------------------------------+--------+-------+--------------+--------------------+-------------------+--------+---------+
|Module Name | RTL Name                                                                                                           | Length | Width | Reset Signal | Pull out first Reg | Pull out last Reg | SRL16E | SRLC32E | 
+------------+--------------------------------------------------------------------------------------------------------------------+--------+-------+--------------+--------------------+-------------------+--------+---------+
|wp_comb     | dut/FSM.COSSET[0].unite_lists/genblk1_1.dut/A0Bb[2].SS/conc_d_reg[2][4][15]                                        | 5      | 3744  | NO           | NO                 | YES               | 3744   | 0       | 
|wp_comb     | dut/FSM.COSSET[0].unite_lists/genblk1_1.dut/SS_00/s0_d_reg[5][10]                                                  | 6      | 8     | NO           | NO                 | YES               | 8      | 0       | 
|wp_comb     | dut/FSM.COSSET[0].unite_lists/genblk1_1.dut/SS_00/s0_d_reg[5][9]                                                   | 6      | 80    | NO           | NO                 | NO                | 80     | 0       | 
|wp_comb     | dut/FSM.COSSET[0].unite_lists/genblk1_1.dut/SS_00/m_p_reg[5][7][10]                                                | 3      | 4160  | NO           | NO                 | YES               | 4160   | 0       | 
|wp_comb     | dut/FSM.COSSET[0].unite_lists/genblk1_1.dut/SS_00/m_p_reg[5][7][9]                                                 | 3      | 80    | NO           | NO                 | NO                | 80     | 0       | 
|wp_comb     | dut/FSM.COSSET[0].unite_lists/genblk1_1.dut/merge_board/ld_reg[0][31]                                              | 4      | 3056  | NO           | NO                 | YES               | 3056   | 0       | 
|wp_comb     | dut/FSM.COSSET[0].unite_lists/genblk1_1.dut/AB_m_0b_r_reg[0][0][9]                                                 | 4      | 400   | NO           | YES                | YES               | 400    | 0       | 
|wp_comb     | dut/FSM.COSSET[0].merge_tree/gen_layer[1].gen_node[0].merge_inst/genblk2[1].valid_pipe_reg[5]                      | 11     | 8     | NO           | NO                 | YES               | 8      | 0       | 
|wp_comb     | dut/FSM.COSSET[0].merge_tree/gen_layer[1].gen_node[0].merge_inst/genblk2[1].genblk1[0].delay_line_dut/dreg_reg[41] | 5      | 336   | NO           | NO                 | NO                | 336    | 0       | 
|wp_comb     | dut/FSM.COSSET[2].unite_lists/genblk1_1.dut/valid_d_reg[10]                                                        | 12     | 1     | NO           | NO                 | YES               | 1      | 0       | 
+------------+--------------------------------------------------------------------------------------------------------------------+--------+-------+--------------+--------------------+-------------------+--------+---------+

---------------------------------------------------------------------------------
Finished ROM, RAM, DSP, Shift Register and Retiming Reporting
---------------------------------------------------------------------------------
---------------------------------------------------------------------------------
Start Writing Synthesis Report
---------------------------------------------------------------------------------

Report BlackBoxes: 
+-+--------------+----------+
| |BlackBox name |Instances |
+-+--------------+----------+
+-+--------------+----------+

Report Cell Usage: 
+------+-------+-------+
|      |Cell   |Count  |
+------+-------+-------+
|1     |BUFG   |     12|
|2     |CARRY8 |   2384|
|3     |LUT1   |    145|
|4     |LUT2   |   6660|
|5     |LUT3   |  76525|
|6     |LUT4   |  15007|
|7     |LUT5   |  12809|
|8     |LUT6   |  16604|
|9     |MUXF7  |   2524|
|10    |MUXF8  |    166|
|11    |SRL16E |  11873|
|12    |FDRE   | 153189|
|13    |FDSE   |   2320|
|14    |LD     |   3840|
|15    |IBUF   |     55|
|16    |OBUF   |     43|
+------+-------+-------+
---------------------------------------------------------------------------------
Finished Writing Synthesis Report : Time (s): cpu = 00:03:15 ; elapsed = 00:03:48 . Memory (MB): peak = 2573.688 ; gain = 1278.477
---------------------------------------------------------------------------------
Synthesis finished with 0 errors, 0 critical warnings and 3 warnings.
Synthesis Optimization Runtime : Time (s): cpu = 00:02:34 ; elapsed = 00:03:17 . Memory (MB): peak = 2573.688 ; gain = 409.020
Synthesis Optimization Complete : Time (s): cpu = 00:03:16 ; elapsed = 00:03:49 . Memory (MB): peak = 2573.688 ; gain = 1278.477
INFO: [Project 1-571] Translating synthesized netlist
Netlist sorting complete. Time (s): cpu = 00:00:04 ; elapsed = 00:00:04 . Memory (MB): peak = 2905.324 ; gain = 7.203
INFO: [Netlist 29-17] Analyzing 8981 Unisim elements for replacement
INFO: [Netlist 29-28] Unisim Transformation completed in 1 CPU seconds
INFO: [Project 1-570] Preparing netlist for logic optimization
INFO: [Opt 31-138] Pushed 0 inverter(s) to 0 load pin(s).
Netlist sorting complete. Time (s): cpu = 00:00:00 ; elapsed = 00:00:00.089 . Memory (MB): peak = 3108.535 ; gain = 0.000
INFO: [Project 1-111] Unisim Transformation Summary:
  A total of 3907 instances were transformed.
  BUFG => BUFGCE: 12 instances
  IBUF => IBUF (IBUFCTRL, INBUF): 55 instances
  LD => LDCE: 3840 instances

Synth Design complete, checksum: 6c51084e
INFO: [Common 17-83] Releasing license: Synthesis
257 Infos, 92 Warnings, 0 Critical Warnings and 0 Errors encountered.
synth_design completed successfully
synth_design: Time (s): cpu = 00:04:04 ; elapsed = 00:04:39 . Memory (MB): peak = 3108.535 ; gain = 1813.324
INFO: [Common 17-1381] The checkpoint 'C:/LRMLD/module_library/comb/comb.runs/synth_1/wp_comb.dcp' has been generated.
write_checkpoint: Time (s): cpu = 00:00:24 ; elapsed = 00:00:18 . Memory (MB): peak = 3108.535 ; gain = 0.000
INFO: [runtcl-4] Executing : report_utilization -file wp_comb_utilization_synth.rpt -pb wp_comb_utilization_synth.pb
INFO: [Common 17-206] Exiting Vivado at Mon May  4 02:44:45 2026...
