Copyright 1986-2022 Xilinx, Inc. All Rights Reserved.
------------------------------------------------------------------------------------
| Tool Version : Vivado v.2022.1 (win64) Build 3526262 Mon Apr 18 15:48:16 MDT 2022
| Date         : Mon May  4 23:33:29 2026
| Host         : feduuk running 64-bit major release  (build 9200)
| Command      : report_control_sets -verbose -file wp_make_control_sets_placed.rpt
| Design       : wp_make
| Device       : xcku035
------------------------------------------------------------------------------------

Control Set Information

Table of Contents
-----------------
1. Summary
2. Histogram
3. Flip-Flop Distribution
4. Detailed Control Set Information

1. Summary
----------

+----------------------------------------------------------+-------+
|                          Status                          | Count |
+----------------------------------------------------------+-------+
| Total control sets                                       |    36 |
|    Minimum number of control sets                        |    36 |
|    Addition due to synthesis replication                 |     0 |
|    Addition due to physical synthesis replication        |     0 |
| Unused register locations in slices containing registers |     6 |
+----------------------------------------------------------+-------+
* Control sets can be merged at opt_design using control_set_merge or merge_equivalent_drivers
** Run report_qor_suggestions for automated merging and remapping suggestions


2. Histogram
------------

+--------------------+-------+
|       Fanout       | Count |
+--------------------+-------+
| Total control sets |    36 |
| >= 0 to < 4        |     3 |
| >= 4 to < 6        |     0 |
| >= 6 to < 8        |     1 |
| >= 8 to < 10       |    29 |
| >= 10 to < 12      |     0 |
| >= 12 to < 14      |     0 |
| >= 14 to < 16      |     0 |
| >= 16              |     3 |
+--------------------+-------+
* Control sets can be remapped at either synth_design or opt_design


3. Flip-Flop Distribution
-------------------------

+--------------+-----------------------+------------------------+-----------------+--------------+
| Clock Enable | Synchronous Set/Reset | Asynchronous Set/Reset | Total Registers | Total Slices |
+--------------+-----------------------+------------------------+-----------------+--------------+
| No           | No                    | No                     |            2894 |          596 |
| No           | No                    | Yes                    |               0 |            0 |
| No           | Yes                   | No                     |             171 |           38 |
| Yes          | No                    | No                     |             416 |          135 |
| Yes          | No                    | Yes                    |               0 |            0 |
| Yes          | Yes                   | No                     |              93 |           26 |
+--------------+-----------------------+------------------------+-----------------+--------------+


4. Detailed Control Set Information
-----------------------------------

+----------------+------------------------------------------------------+-------------------------------+------------------+----------------+--------------+
|  Clock Signal  |                     Enable Signal                    |        Set/Reset Signal       | Slice Load Count | Bel Load Count | Bels / Slice |
+----------------+------------------------------------------------------+-------------------------------+------------------+----------------+--------------+
|  clk_IBUF_BUFG | i_valid_IBUF_inst/O                                  | rst_IBUF_inst/O               |                1 |              3 |         3.00 |
|  clk_IBUF_BUFG |                                                      | rst_IBUF_inst/O               |                3 |              3 |         1.00 |
|  clk_IBUF_BUFG | dut/dut/genblk1[7].sort/GEN4.u_sort/rd_sub_reg[1][0] | rst_IBUF_inst/O               |                1 |              3 |         3.00 |
|  clk_IBUF_BUFG | dut/dut/genblk1[7].sort/GEN4.u_sort/active_reg[0]    | rst_IBUF_inst/O               |                2 |              7 |         3.50 |
|  clk_IBUF_BUFG |                                                      | dut/mismath_reg_n_0_[6][0][5] |                1 |              8 |         8.00 |
|  clk_IBUF_BUFG |                                                      | dut/mismath_reg_n_0_[7][0][1] |                5 |              8 |         1.60 |
|  clk_IBUF_BUFG |                                                      | dut/mismath_reg_n_0_[7][0][6] |                1 |              8 |         8.00 |
|  clk_IBUF_BUFG |                                                      | dut/mismath_reg_n_0_[7][0][4] |                2 |              8 |         4.00 |
|  clk_IBUF_BUFG |                                                      | dut/mismath_reg_n_0_[7][0][5] |                2 |              8 |         4.00 |
|  clk_IBUF_BUFG |                                                      | dut/mismath_reg_n_0_[7][2][6] |                1 |              8 |         8.00 |
|  clk_IBUF_BUFG |                                                      | dut/mismath_reg_n_0_[7][0][0] |                4 |              8 |         2.00 |
|  clk_IBUF_BUFG |                                                      | dut/mismath_reg_n_0_[5][0][4] |                2 |              8 |         4.00 |
|  clk_IBUF_BUFG |                                                      | dut/mismath_reg_n_0_[7][0][7] |                3 |              8 |         2.67 |
|  clk_IBUF_BUFG |                                                      | dut/mismath_reg_n_0_[3][0][3] |                2 |              8 |         4.00 |
|  clk_IBUF_BUFG |                                                      | dut/abs_llr                   |                2 |              8 |         4.00 |
|  clk_IBUF_BUFG |                                                      | dut/abs_llr[1][7]_i_1_n_0     |                2 |              8 |         4.00 |
|  clk_IBUF_BUFG |                                                      | dut/abs_llr[5][7]_i_1_n_0     |                2 |              8 |         4.00 |
|  clk_IBUF_BUFG |                                                      | dut/abs_llr[0][7]_i_1_n_0     |                3 |              8 |         2.67 |
|  clk_IBUF_BUFG |                                                      | dut/abs_llr[3][7]_i_1_n_0     |                2 |              8 |         4.00 |
|  clk_IBUF_BUFG |                                                      | dut/abs_llr[4][7]_i_1_n_0     |                2 |              8 |         4.00 |
|  clk_IBUF_BUFG |                                                      | dut/abs_llr[6][7]_i_1_n_0     |                1 |              8 |         8.00 |
|  clk_IBUF_BUFG |                                                      | dut/abs_llr[2][7]_i_1_n_0     |                2 |              8 |         4.00 |
|  clk_IBUF_BUFG |                                                      | dut/mismath_reg_n_0_[7][1][7] |                3 |              8 |         2.67 |
|  clk_IBUF_BUFG | llr_buffer                                           | rst_IBUF_inst/O               |                2 |              8 |         4.00 |
|  clk_IBUF_BUFG | llr_buffer[1][7]_i_1_n_0                             | rst_IBUF_inst/O               |                2 |              8 |         4.00 |
|  clk_IBUF_BUFG | llr_buffer[2][7]_i_1_n_0                             | rst_IBUF_inst/O               |                3 |              8 |         2.67 |
|  clk_IBUF_BUFG | llr_buffer[3][7]_i_1_n_0                             | rst_IBUF_inst/O               |                2 |              8 |         4.00 |
|  clk_IBUF_BUFG | llr_buffer[6][7]_i_1_n_0                             | rst_IBUF_inst/O               |                1 |              8 |         8.00 |
|  clk_IBUF_BUFG | llr_buffer[4][7]_i_1_n_0                             | rst_IBUF_inst/O               |                3 |              8 |         2.67 |
|  clk_IBUF_BUFG | llr_buffer[5][7]_i_1_n_0                             | rst_IBUF_inst/O               |                4 |              8 |         2.00 |
|  clk_IBUF_BUFG | process_start                                        | rst_IBUF_inst/O               |                2 |              8 |         4.00 |
|  clk_IBUF_BUFG |                                                      | dut/mismath_reg_n_0_[7][0][3] |                2 |              8 |         4.00 |
|  clk_IBUF_BUFG |                                                      | dut/mismath_reg_n_0_[7][0][2] |                3 |              8 |         2.67 |
|  clk_IBUF_BUFG | active                                               | rst_IBUF_inst/O               |                9 |             16 |         1.78 |
|  clk_IBUF_BUFG | dut/dut/genblk1[7].sort/GEN4.u_sort/E[0]             |                               |              135 |            416 |         3.08 |
|  clk_IBUF_BUFG |                                                      |                               |              596 |           2895 |         4.86 |
+----------------+------------------------------------------------------+-------------------------------+------------------+----------------+--------------+


