Copyright 1986-2022 Xilinx, Inc. All Rights Reserved.
-----------------------------------------------------------------------------------------------
| Tool Version : Vivado v.2022.1 (win64) Build 3526262 Mon Apr 18 15:48:16 MDT 2022
| Date         : Sat May  2 23:24:44 2026
| Host         : feduuk running 64-bit major release  (build 9200)
| Command      : report_control_sets -verbose -file merge_tree_wrapper_control_sets_placed.rpt
| Design       : merge_tree_wrapper
| Device       : xcku035
-----------------------------------------------------------------------------------------------

Control Set Information

Table of Contents
-----------------
1. Summary
2. Histogram
3. Flip-Flop Distribution
4. Detailed Control Set Information

1. Summary
----------

+----------------------------------------------------------+-------+
|                          Status                          | Count |
+----------------------------------------------------------+-------+
| Total control sets                                       |    71 |
|    Minimum number of control sets                        |    71 |
|    Addition due to synthesis replication                 |     0 |
|    Addition due to physical synthesis replication        |     0 |
| Unused register locations in slices containing registers |   136 |
+----------------------------------------------------------+-------+
* Control sets can be merged at opt_design using control_set_merge or merge_equivalent_drivers
** Run report_qor_suggestions for automated merging and remapping suggestions


2. Histogram
------------

+--------------------+-------+
|       Fanout       | Count |
+--------------------+-------+
| Total control sets |    71 |
| >= 0 to < 4        |     3 |
| >= 4 to < 6        |     1 |
| >= 6 to < 8        |     1 |
| >= 8 to < 10       |     0 |
| >= 10 to < 12      |     0 |
| >= 12 to < 14      |     0 |
| >= 14 to < 16      |     0 |
| >= 16              |    66 |
+--------------------+-------+
* Control sets can be remapped at either synth_design or opt_design


3. Flip-Flop Distribution
-------------------------

+--------------+-----------------------+------------------------+-----------------+--------------+
| Clock Enable | Synchronous Set/Reset | Asynchronous Set/Reset | Total Registers | Total Slices |
+--------------+-----------------------+------------------------+-----------------+--------------+
| No           | No                    | No                     |            6423 |          984 |
| No           | No                    | Yes                    |               0 |            0 |
| No           | Yes                   | No                     |               3 |            3 |
| Yes          | No                    | No                     |            1690 |          310 |
| Yes          | No                    | Yes                    |               0 |            0 |
| Yes          | Yes                   | No                     |              16 |            8 |
+--------------+-----------------------+------------------------+-----------------+--------------+


4. Detailed Control Set Information
-----------------------------------

+----------------+----------------------------------------------+------------------+------------------+----------------+--------------+
|  Clock Signal  |                 Enable Signal                | Set/Reset Signal | Slice Load Count | Bel Load Count | Bels / Slice |
+----------------+----------------------------------------------+------------------+------------------+----------------+--------------+
|  clk_IBUF_BUFG |                                              | rst_IBUF_inst/O  |                3 |              3 |         1.00 |
|  clk_IBUF_BUFG | i_valid_IBUF_inst/O                          | elem_idx         |                3 |              3 |         1.00 |
|  clk_IBUF_BUFG | dut/gen_layer[2].gen_node[0].merge_inst/E[0] | rst_IBUF_inst/O  |                1 |              3 |         3.00 |
|  clk_IBUF_BUFG | list_idx[3]_i_1_n_0                          | elem_idx         |                2 |              4 |         2.00 |
|  clk_IBUF_BUFG | i_valid_IBUF_inst/O                          | rst_IBUF_inst/O  |                2 |              6 |         3.00 |
|  clk_IBUF_BUFG | i_m_buf[1][0][9]_i_1_n_0                     |                  |                5 |             26 |         5.20 |
|  clk_IBUF_BUFG | i_m_buf[0][6][9]_i_1_n_0                     |                  |                8 |             26 |         3.25 |
|  clk_IBUF_BUFG | i_m_buf[0][2][9]_i_1_n_0                     |                  |               12 |             26 |         2.17 |
|  clk_IBUF_BUFG | i_m_buf[1][7][9]_i_1_n_0                     |                  |                8 |             26 |         3.25 |
|  clk_IBUF_BUFG | i_m_buf[4][3][9]_i_1_n_0                     |                  |               10 |             26 |         2.60 |
|  clk_IBUF_BUFG | i_m_buf[3][3][9]_i_1_n_0                     |                  |                7 |             26 |         3.71 |
|  clk_IBUF_BUFG | i_m_buf[2][1][9]_i_1_n_0                     |                  |                7 |             26 |         3.71 |
|  clk_IBUF_BUFG | i_m_buf[0][3][9]_i_1_n_0                     |                  |                7 |             26 |         3.71 |
|  clk_IBUF_BUFG | i_m_buf[2][0][9]_i_1_n_0                     |                  |               10 |             26 |         2.60 |
|  clk_IBUF_BUFG | i_m_buf[3][6][9]_i_1_n_0                     |                  |                9 |             26 |         2.89 |
|  clk_IBUF_BUFG | i_m_buf[0][4][9]_i_1_n_0                     |                  |                6 |             26 |         4.33 |
|  clk_IBUF_BUFG | i_m_buf[2][7][9]_i_1_n_0                     |                  |                8 |             26 |         3.25 |
|  clk_IBUF_BUFG | i_m_buf[4][5][9]_i_1_n_0                     |                  |               10 |             26 |         2.60 |
|  clk_IBUF_BUFG | i_m_buf[5][0][9]_i_1_n_0                     |                  |               13 |             26 |         2.00 |
|  clk_IBUF_BUFG | i_m_buf[5][1][9]_i_1_n_0                     |                  |               10 |             26 |         2.60 |
|  clk_IBUF_BUFG | i_m_buf[5][5][9]_i_1_n_0                     |                  |                8 |             26 |         3.25 |
|  clk_IBUF_BUFG | i_m_buf[1][1][9]_i_1_n_0                     |                  |                6 |             26 |         4.33 |
|  clk_IBUF_BUFG | i_m_buf[2][5][9]_i_1_n_0                     |                  |                7 |             26 |         3.71 |
|  clk_IBUF_BUFG | i_m_buf[1][4][9]_i_1_n_0                     |                  |                5 |             26 |         5.20 |
|  clk_IBUF_BUFG | i_m_buf[3][7][9]_i_1_n_0                     |                  |                8 |             26 |         3.25 |
|  clk_IBUF_BUFG | i_m_buf[4][7][9]_i_1_n_0                     |                  |                7 |             26 |         3.71 |
|  clk_IBUF_BUFG | i_m_buf[5][4][9]_i_1_n_0                     |                  |               11 |             26 |         2.36 |
|  clk_IBUF_BUFG | i_m_buf[4][1][9]_i_1_n_0                     |                  |               10 |             26 |         2.60 |
|  clk_IBUF_BUFG | i_m_buf[6][1][9]_i_1_n_0                     |                  |                6 |             26 |         4.33 |
|  clk_IBUF_BUFG | i_m_buf[6][2][9]_i_1_n_0                     |                  |                7 |             26 |         3.71 |
|  clk_IBUF_BUFG | i_m_buf[6][0][9]_i_1_n_0                     |                  |                4 |             26 |         6.50 |
|  clk_IBUF_BUFG | i_m_buf[5][3][9]_i_1_n_0                     |                  |               11 |             26 |         2.36 |
|  clk_IBUF_BUFG | i_m_buf[5][7][9]_i_1_n_0                     |                  |                9 |             26 |         2.89 |
|  clk_IBUF_BUFG | i_m_buf[6][4][9]_i_1_n_0                     |                  |               10 |             26 |         2.60 |
|  clk_IBUF_BUFG | i_m_buf[6][5][9]_i_1_n_0                     |                  |               11 |             26 |         2.36 |
|  clk_IBUF_BUFG | i_m_buf[6][6][9]_i_1_n_0                     |                  |                7 |             26 |         3.71 |
|  clk_IBUF_BUFG | i_m_buf[4][0][9]_i_1_n_0                     |                  |               11 |             26 |         2.36 |
|  clk_IBUF_BUFG | i_m_buf[5][2][9]_i_1_n_0                     |                  |                7 |             26 |         3.71 |
|  clk_IBUF_BUFG | i_m_buf[5][6][9]_i_1_n_0                     |                  |                4 |             26 |         6.50 |
|  clk_IBUF_BUFG | i_m_buf[6][3][9]_i_1_n_0                     |                  |                5 |             26 |         5.20 |
|  clk_IBUF_BUFG | i_m_buf[6][7][9]_i_1_n_0                     |                  |                6 |             26 |         4.33 |
|  clk_IBUF_BUFG | i_m_buf[0][5][9]_i_1_n_0                     |                  |               10 |             26 |         2.60 |
|  clk_IBUF_BUFG | i_m_buf[1][3][9]_i_1_n_0                     |                  |                5 |             26 |         5.20 |
|  clk_IBUF_BUFG | i_m_buf[3][4][9]_i_1_n_0                     |                  |                5 |             26 |         5.20 |
|  clk_IBUF_BUFG | i_m_buf[3][0][9]_i_1_n_0                     |                  |                9 |             26 |         2.89 |
|  clk_IBUF_BUFG | i_m_buf[2][4][9]_i_1_n_0                     |                  |                8 |             26 |         3.25 |
|  clk_IBUF_BUFG | i_m_buf[1][6][9]_i_1_n_0                     |                  |               10 |             26 |         2.60 |
|  clk_IBUF_BUFG | i_m_buf[3][1][9]_i_1_n_0                     |                  |                8 |             26 |         3.25 |
|  clk_IBUF_BUFG | i_m_buf[0][7][9]_i_1_n_0                     |                  |                7 |             26 |         3.71 |
|  clk_IBUF_BUFG | i_m_buf[0][1][9]_i_1_n_0                     |                  |                3 |             26 |         8.67 |
|  clk_IBUF_BUFG | i_m_buf[3][2][9]_i_1_n_0                     |                  |               12 |             26 |         2.17 |
|  clk_IBUF_BUFG | i_m_buf[4][2][9]_i_1_n_0                     |                  |               10 |             26 |         2.60 |
|  clk_IBUF_BUFG | i_m_buf[4][4][9]_i_1_n_0                     |                  |               12 |             26 |         2.17 |
|  clk_IBUF_BUFG | i_m_buf[3][5][9]_i_1_n_0                     |                  |                6 |             26 |         4.33 |
|  clk_IBUF_BUFG | i_m_buf[1][2][9]_i_1_n_0                     |                  |                7 |             26 |         3.71 |
|  clk_IBUF_BUFG | i_m_buf[1][5][9]_i_1_n_0                     |                  |                8 |             26 |         3.25 |
|  clk_IBUF_BUFG | i_m_buf[2][2][9]_i_1_n_0                     |                  |                6 |             26 |         4.33 |
|  clk_IBUF_BUFG | i_m_buf                                      |                  |                6 |             26 |         4.33 |
|  clk_IBUF_BUFG | i_m_buf[2][6][9]_i_1_n_0                     |                  |                9 |             26 |         2.89 |
|  clk_IBUF_BUFG | i_m_buf[4][6][9]_i_1_n_0                     |                  |                5 |             26 |         5.20 |
|  clk_IBUF_BUFG | i_m_buf[2][3][9]_i_1_n_0                     |                  |               10 |             26 |         2.60 |
|  clk_IBUF_BUFG | i_m_buf[7][5][9]_i_1_n_0                     |                  |                9 |             26 |         2.89 |
|  clk_IBUF_BUFG | i_m_buf[7][3][9]_i_1_n_0                     |                  |               10 |             26 |         2.60 |
|  clk_IBUF_BUFG | i_m_buf[7][1][9]_i_1_n_0                     |                  |                7 |             26 |         3.71 |
|  clk_IBUF_BUFG | i_m_buf[7][2][9]_i_1_n_0                     |                  |                9 |             26 |         2.89 |
|  clk_IBUF_BUFG | i_m_buf[7][6][9]_i_1_n_0                     |                  |                7 |             26 |         3.71 |
|  clk_IBUF_BUFG | i_m_buf[7][4][9]_i_1_n_0                     |                  |                7 |             26 |         3.71 |
|  clk_IBUF_BUFG | i_m_buf[7][0][9]_i_1_n_0                     |                  |               11 |             26 |         2.36 |
|  clk_IBUF_BUFG | i_m_buf[7][7][9]_i_1_n_0                     |                  |                7 |             26 |         3.71 |
|  clk_IBUF_BUFG | o_metric[9]_i_1_n_0                          |                  |               14 |             26 |         1.86 |
|  clk_IBUF_BUFG |                                              |                  |              984 |           6788 |         6.90 |
+----------------+----------------------------------------------+------------------+------------------+----------------+--------------+


