Copyright 1986-2022 Xilinx, Inc. All Rights Reserved.
-------------------------------------------------------------------------------------------------------------------------------------------------------
| Tool Version     : Vivado v.2022.1 (win64) Build 3526262 Mon Apr 18 15:48:16 MDT 2022
| Date             : Mon May  4 18:59:28 2026
| Host             : feduuk running 64-bit major release  (build 9200)
| Command          : report_power -file wp_top_comb_power_routed.rpt -pb wp_top_comb_power_summary_routed.pb -rpx wp_top_comb_power_routed.rpx
| Design           : wp_top_comb
| Device           : xcku035-fbva676-1-i
| Design State     : routed
| Grade            : industrial
| Process          : typical
| Characterization : Production
-------------------------------------------------------------------------------------------------------------------------------------------------------

Power Report

Table of Contents
-----------------
1. Summary
1.1 On-Chip Components
1.2 Power Supply Summary
1.3 Confidence Level
2. Settings
2.1 Environment
2.2 Clock Constraints
3. Detailed Reports
3.1 By Hierarchy

1. Summary
----------

+--------------------------+--------------+
| Total On-Chip Power (W)  | 2.815        |
| Design Power Budget (W)  | Unspecified* |
| Power Budget Margin (W)  | NA           |
| Dynamic (W)              | 2.312        |
| Device Static (W)        | 0.503        |
| Effective TJA (C/W)      | 1.9          |
| Max Ambient (C)          | 94.8         |
| Junction Temperature (C) | 30.2         |
| Confidence Level         | Low          |
| Setting File             | ---          |
| Simulation Activity File | ---          |
| Design Nets Matched      | NA           |
+--------------------------+--------------+
* Specify Design Power Budget using, set_operating_conditions -design_power_budget <value in Watts>


1.1 On-Chip Components
----------------------

+-------------------------+-----------+----------+-----------+-----------------+
| On-Chip                 | Power (W) | Used     | Available | Utilization (%) |
+-------------------------+-----------+----------+-----------+-----------------+
| Clocks                  |     0.880 |        3 |       --- |             --- |
| CLB Logic               |     0.584 |    70820 |       --- |             --- |
|   LUT as Logic          |     0.325 |    30883 |    203128 |           15.20 |
|   LUT as Shift Register |     0.231 |     1738 |    112800 |            1.54 |
|   Register              |     0.028 |    33906 |    406256 |            8.35 |
|   CARRY8                |    <0.001 |      420 |     30300 |            1.39 |
|   F7/F8 Muxes           |    <0.001 |       74 |    242400 |            0.03 |
|   Others                |     0.000 |      512 |       --- |             --- |
| Signals                 |     0.669 |    40039 |       --- |             --- |
| I/O                     |     0.179 |      162 |       312 |           51.92 |
| Static Power            |     0.503 |          |           |                 |
| Total                   |     2.815 |          |           |                 |
+-------------------------+-----------+----------+-----------+-----------------+


1.2 Power Supply Summary
------------------------

+------------+-------------+-----------+-------------+------------+-------------+-------------+------------+
| Source     | Voltage (V) | Total (A) | Dynamic (A) | Static (A) | Powerup (A) | Budget (A)  | Margin (A) |
+------------+-------------+-----------+-------------+------------+-------------+-------------+------------+
| Vccint     |       0.950 |     2.412 |       2.245 |      0.167 |       NA    | Unspecified | NA         |
| Vccaux     |       1.800 |     0.097 |       0.000 |      0.097 |       NA    | Unspecified | NA         |
| Vccaux_io  |       1.800 |     0.136 |       0.072 |      0.065 |       NA    | Unspecified | NA         |
| Vccint_io  |       0.950 |     0.028 |       0.010 |      0.018 |       NA    | Unspecified | NA         |
| Vcco33     |       3.300 |     0.003 |       0.003 |      0.000 |       NA    | Unspecified | NA         |
| Vcco25     |       2.500 |     0.000 |       0.000 |      0.000 |       NA    | Unspecified | NA         |
| Vcco18     |       1.800 |     0.018 |       0.018 |      0.000 |       NA    | Unspecified | NA         |
| Vcco15     |       1.500 |     0.000 |       0.000 |      0.000 |       NA    | Unspecified | NA         |
| Vcco135    |       1.350 |     0.000 |       0.000 |      0.000 |       NA    | Unspecified | NA         |
| Vcco12     |       1.200 |     0.000 |       0.000 |      0.000 |       NA    | Unspecified | NA         |
| Vcco10     |       1.000 |     0.000 |       0.000 |      0.000 |       NA    | Unspecified | NA         |
| Vccbram    |       0.950 |     0.012 |       0.000 |      0.012 |       NA    | Unspecified | NA         |
| MGTAVcc    |       1.000 |     0.000 |       0.000 |      0.000 |       NA    | Unspecified | NA         |
| MGTAVtt    |       1.200 |     0.000 |       0.000 |      0.000 |       NA    | Unspecified | NA         |
| MGTVccaux  |       1.800 |     0.000 |       0.000 |      0.000 |       NA    | Unspecified | NA         |
| Vccadc     |       1.800 |     0.014 |       0.000 |      0.014 |       NA    | Unspecified | NA         |
| MGTYVccaux |       1.800 |     0.000 |       0.000 |      0.000 |       NA    | Unspecified | NA         |
| MGTYAVcc   |       1.000 |     0.000 |       0.000 |      0.000 |       NA    | Unspecified | NA         |
| MGTYAVtt   |       1.200 |     0.000 |       0.000 |      0.000 |       NA    | Unspecified | NA         |
+------------+-------------+-----------+-------------+------------+-------------+-------------+------------+


1.3 Confidence Level
--------------------

+-----------------------------+------------+--------------------------------------------------------+------------------------------------------------------------------------------------------------------------+
| User Input Data             | Confidence | Details                                                | Action                                                                                                     |
+-----------------------------+------------+--------------------------------------------------------+------------------------------------------------------------------------------------------------------------+
| Design implementation state | High       | Design is routed                                       |                                                                                                            |
| Clock nodes activity        | High       | User specified more than 95% of clocks                 |                                                                                                            |
| I/O nodes activity          | Low        | More than 75% of inputs are missing user specification | Provide missing input activity with simulation results or by editing the "By Resource Type -> I/Os" view   |
| Internal nodes activity     | Medium     | User specified less than 25% of internal nodes         | Provide missing internal nodes activity with simulation results or by editing the "By Resource Type" views |
| Device models               | High       | Device models are Production                           |                                                                                                            |
|                             |            |                                                        |                                                                                                            |
| Overall confidence level    | Low        |                                                        |                                                                                                            |
+-----------------------------+------------+--------------------------------------------------------+------------------------------------------------------------------------------------------------------------+


2. Settings
-----------

2.1 Environment
---------------

+-----------------------+--------------------------+
| Ambient Temp (C)      | 25.0                     |
| ThetaJA (C/W)         | 1.9                      |
| Airflow (LFM)         | 250                      |
| Heat Sink             | medium (Medium Profile)  |
| ThetaSA (C/W)         | 3.4                      |
| Board Selection       | medium (10"x10")         |
| # of Board Layers     | 12to15 (12 to 15 Layers) |
| Board Temperature (C) | 25.0                     |
+-----------------------+--------------------------+


2.2 Clock Constraints
---------------------

+-------------+--------+-----------------+
| Clock       | Domain | Constraint (ns) |
+-------------+--------+-----------------+
| sys_clk_pin | clk    |             1.0 |
+-------------+--------+-----------------+


3. Detailed Reports
-------------------

3.1 By Hierarchy
----------------

+-------------------------------------------+-----------+
| Name                                      | Power (W) |
+-------------------------------------------+-----------+
| wp_top_comb                               |     2.312 |
|   clk_IBUF_inst                           |     0.011 |
|   dut                                     |     1.901 |
|     COSSET[0].unite_lists                 |     0.109 |
|       genblk1_0.dut                       |     0.107 |
|     COSSET[1].unite_lists                 |     0.106 |
|       genblk1_0.dut                       |     0.104 |
|     COSSET[2].unite_lists                 |     0.115 |
|       genblk1_0.dut                       |     0.113 |
|     COSSET[3].unite_lists                 |     0.107 |
|       genblk1_0.dut                       |     0.105 |
|     COSSET[4].unite_lists                 |     0.110 |
|       genblk1_0.dut                       |     0.108 |
|     COSSET[5].unite_lists                 |     0.108 |
|       genblk1_0.dut                       |     0.106 |
|     COSSET[6].unite_lists                 |     0.107 |
|       genblk1_0.dut                       |     0.105 |
|     COSSET[7].unite_lists                 |     0.106 |
|       genblk1_0.dut                       |     0.104 |
|     merge_tree                            |     1.033 |
|       gen_layer[0].gen_node[0].merge_inst |     0.094 |
|       gen_layer[0].gen_node[1].merge_inst |     0.113 |
|       gen_layer[0].gen_node[2].merge_inst |     0.093 |
|       gen_layer[0].gen_node[3].merge_inst |     0.110 |
|       gen_layer[1].gen_node[0].merge_inst |     0.147 |
|       gen_layer[1].gen_node[1].merge_inst |     0.187 |
|       gen_layer[2].gen_node[0].merge_inst |     0.176 |
+-------------------------------------------+-----------+


